 ILU

 Timestamp is 53738981 (Wed May 14 17:19:29 2014)

 Preferred load address is 10000000

 Start         Length     Name                   Class
 0001:00000000 00015170H .text                   CODE
 0002:00000000 00000164H .idata$5                DATA
 0002:00000164 00000004H .CRT$XCA                DATA
 0002:00000168 00000004H .CRT$XCZ                DATA
 0002:0000016c 00000004H .CRT$XIA                DATA
 0002:00000170 00000010H .CRT$XIC                DATA
 0002:00000180 00000004H .CRT$XIZ                DATA
 0002:00000184 00000004H .CRT$XPA                DATA
 0002:00000188 00000004H .CRT$XPZ                DATA
 0002:0000018c 00000004H .CRT$XTA                DATA
 0002:00000190 00000004H .CRT$XTZ                DATA
 0002:000001a0 00008bd8H .rdata                  DATA
 0002:00008d78 0000004eH .rdata$debug            DATA
 0002:00008dd0 0000000cH .rdata$sxdata           DATA
 0002:00008ddc 00000004H .rtc$IAA                DATA
 0002:00008de0 00000004H .rtc$IZZ                DATA
 0002:00008de4 00000004H .rtc$TAA                DATA
 0002:00008de8 00000004H .rtc$TZZ                DATA
 0002:00008df0 000001ccH .xdata$x                DATA
 0002:00008fbc 00000028H .idata$2                DATA
 0002:00008fe4 00000014H .idata$3                DATA
 0002:00008ff8 00000164H .idata$4                DATA
 0002:0000915c 00000642H .idata$6                DATA
 0002:000097a0 00000554H .edata                  DATA
 0003:00000000 00001304H .data                   DATA
 0003:00001320 00000f20H .bss                    DATA

  Address         Publics by Value              Rva+Base       Lib:Object

 0000:00000000       __except_list              00000000     <absolute>
 0000:00000003       ___safe_se_handler_count   00000003     <absolute>
 0000:00000000       ___ImageBase               10000000     <linker-defined>
 0001:00000000       _iluErrorString@4          10001000 f   ilu_error.obj
 0001:00000070       _iluSetLanguage@4          10001070 f   ilu_error.obj
 0001:000000d0       _iluPixelize@4             100010d0 f   ilu_filter.obj
 0001:00000c40       ?Filter@@YAPAEPAUILimage@@PBHHH@Z 10001c40 f   ilu_filter.obj
 0001:000016d0       _iluEdgeDetectP@0          100026d0 f   ilu_filter.obj
 0001:000018a0       _iluEdgeDetectS@0          100028a0 f   ilu_filter.obj
 0001:00001a70       _iluBlurAvg@4              10002a70 f   ilu_filter.obj
 0001:00001b80       _iluBlurGaussian@4         10002b80 f   ilu_filter.obj
 0001:00001c90       _iluEmboss@0               10002c90 f   ilu_filter.obj
 0001:00001d80       _iluEdgeDetectE@0          10002d80 f   ilu_filter.obj
 0001:00001e70       _iluScaleAlpha@4           10002e70 f   ilu_filter.obj
 0001:00001fb0       _iluScaleColours@12        10002fb0 f   ilu_filter.obj
 0001:00002550       _iluGammaCorrect@4         10003550 f   ilu_filter.obj
 0001:00002760       ?iApplyMatrix@@YAXPAUILimage@@QAY03M@Z 10003760 f   ilu_filter.obj
 0001:00002970       _iluSaturate1f@4           10003970 f   ilu_filter.obj
 0001:000029b0       _iluSaturate4f@16          100039b0 f   ilu_filter.obj
 0001:00002a60       _iluAlienify@0             10003a60 f   ilu_filter.obj
 0001:00002cc0       ?iIntExtImg@@YAXPAUILimage@@0M@Z 10003cc0 f   ilu_filter.obj
 0001:00002d30       _iluContrast@4             10003d30 f   ilu_filter.obj
 0001:00002e10       _iluSharpen@8              10003e10 f   ilu_filter.obj
 0001:00002ed0       _iluConvolution@12         10003ed0 f   ilu_filter.obj
 0001:00002fb0       ?filter@@YANN@Z            10003fb0 f   ilu_filter_rcg.obj
 0001:00002ff0       ?box_filter@@YANN@Z        10003ff0 f   ilu_filter_rcg.obj
 0001:00003020       ?triangle_filter@@YANN@Z   10004020 f   ilu_filter_rcg.obj
 0001:00003050       ?bell_filter@@YANN@Z       10004050 f   ilu_filter_rcg.obj
 0001:000030b0       ?B_spline_filter@@YANN@Z   100040b0 f   ilu_filter_rcg.obj
 0001:00003110       ?Lanczos3_filter@@YANN@Z   10004110 f   ilu_filter_rcg.obj
 0001:000031c0       ?Mitchell_filter@@YANN@Z   100041c0 f   ilu_filter_rcg.obj
 0001:00003250       ?calc_x_contrib@@YAHPAUCLIST@@NNHHP6ANN@ZH@Z 10004250 f   ilu_filter_rcg.obj
 0001:00003450       ?zoom@@YAHPAUILimage@@0P6ANN@ZN@Z 10004450 f   ilu_filter_rcg.obj
 0001:00003b30       ?iluScaleAdvanced@@YAIIII@Z 10004b30 f   ilu_filter_rcg.obj
 0001:00003cb0       _DllMain@12                10004cb0 f   ilu_main.obj
 0001:00003cc0       _iluInit@0                 10004cc0 f   ilu_main.obj
 0001:00003cf0       _iluLoadImage@4            10004cf0 f   ilu_main.obj
 0001:00003d40       ?iluCrop2D@@YAEIIII@Z      10004d40 f   ilu_manip.obj
 0001:00003e90       ?iluCrop3D@@YAEIIIIII@Z    10004e90 f   ilu_manip.obj
 0001:00004040       _iluCrop@24                10005040 f   ilu_manip.obj
 0001:00004090       _iluEnlargeCanvas@12       10005090 f   ilu_manip.obj
 0001:000042c0       _iluFlipImage@0            100052c0 f   ilu_manip.obj
 0001:00004300       _iluMirror@0               10005300 f   ilu_manip.obj
 0001:00004310       _iluInvertAlpha@0          10005310 f   ilu_manip.obj
 0001:000044f0       _iluNegative@0             100054f0 f   ilu_manip.obj
 0001:000046f0       _iluWave@4                 100056f0 f   ilu_manip.obj
 0001:000048a0       _iluSwapColours@0          100058a0 f   ilu_manip.obj
 0001:000049e0       _iluColoursUsed@0          100059e0 f   ilu_manip.obj
 0001:00004c70       _iluCompareImage@4         10005c70 f   ilu_manip.obj
 0001:00004d80       _iluReplaceColour@16       10005d80 f   ilu_manip.obj
 0001:00005020       _iluEqualize@0             10006020 f   ilu_manip.obj
 0001:000053f0       ?iBuildMipmaps@@YAEPAUILimage@@III@Z 100063f0 f   ilu_mipmap.obj
 0001:00005470       _iluBuildMipmaps@0         10006470 f   ilu_mipmap.obj
 0001:000054d0       _iluNoisify@4              100064d0 f   ilu_noise.obj
 0001:00005790       _iluRegionfv@8             10006790 f   ilu_region.obj
 0001:00005830       _iluRegioniv@8             10006830 f   ilu_region.obj
 0001:000058d0       ?MakeEdgeRec@@YAXUILpointi@@0HPAUEdge@@QAPAU2@@Z 100068d0 f   ilu_region.obj
 0001:00005940       ?BuildEdgeList@@YAXIPAUILpointi@@PAPAUEdge@@@Z 10006940 f   ilu_region.obj
 0001:00005a60       ?FillScan@@YAXHPAUEdge@@@Z 10006a60 f   ilu_region.obj
 0001:00005ae0       ?ResortActiveList@@YAXPAUEdge@@@Z 10006ae0 f   ilu_region.obj
 0001:00005b30       ?iScanFill@@YAPAEXZ        10006b30 f   ilu_region.obj
 0001:00005e00       _iluRotate@4               10006e00 f   ilu_rotate.obj
 0001:00005f50       _iluRotate3D@16            10006f50 f   ilu_rotate.obj
 0001:00005f70       _iluRotate_@8              10006f70 f   ilu_rotate.obj
 0001:00006fa0       _iluRotate3D_@20           10007fa0 f   ilu_rotate.obj
 0001:00006fb0       _iluEnlargeImage@12        10007fb0 f   ilu_scale.obj
 0001:000070a0       _iluScale@12               100080a0 f   ilu_scale.obj
 0001:000072c0       _iluScale_@16              100082c0 f   ilu_scale.obj
 0001:00007410       ?iluScale1D_@@YAPAUILimage@@PAU1@0I@Z 10008410 f   ilu_scale.obj
 0001:00007a70       ?iluScale2D_@@YAPAUILimage@@PAU1@0II@Z 10008a70 f   ilu_scale2d.obj
 0001:00007b40       ?iluScale2DNear_@@YAPAUILimage@@PAU1@0II@Z 10008b40 f   ilu_scale2d.obj
 0001:00007f90       ?iluScale2DLinear_@@YAPAUILimage@@PAU1@0II@Z 10008f90 f   ilu_scale2d.obj
 0001:000086a0       ?iluScale2DBilinear_@@YAPAUILimage@@PAU1@0II@Z 100096a0 f   ilu_scale2d.obj
 0001:00009880       ?iluScale3D_@@YAPAUILimage@@PAU1@0III@Z 1000a880 f   ilu_scale3d.obj
 0001:00009930       ?iluScale3DNear_@@YAPAUILimage@@PAU1@0III@Z 1000a930 f   ilu_scale3d.obj
 0001:00009f30       _iluGetString@4            1000af30 f   ilu_states.obj
 0001:00009f70       _iluGetIntegerv@8          1000af70 f   ilu_states.obj
 0001:00009fb0       _iluGetInteger@4           1000afb0 f   ilu_states.obj
 0001:00009ff0       _iluImageParameter@8       1000aff0 f   ilu_states.obj
 0001:0000a050       _iluDeleteImage@4          1000b050 f   ilu_utilities.obj
 0001:0000a070       _iluGenImage@0             1000b070 f   ilu_utilities.obj
 0001:0000a0a0       _iluGetImageInfo@4         1000b0a0 f   ilu_utilities.obj
 0001:0000a166       @__security_check_cookie@4 1000b166 f   libcmt:secchk.obj
 0001:0000a180       _ceil                      1000b180 f   libcmt:_ceil_pentium4_.obj
 0001:0000a1c0       __ceil_pentium4            1000b1c0 f   libcmt:_ceil_pentium4_.obj
 0001:0000a29d       _free                      1000b29d f   libcmt:free.obj
 0001:0000a2d7       _rand                      1000b2d7 f   libcmt:rand.obj
 0001:0000a2f8       __CRT_INIT@12              1000b2f8 f   libcmt:dllcrt0.obj
 0001:0000a552       __DllMainCRTStartup@12     1000b552 f   libcmt:dllcrt0.obj
 0001:0000a575       ___report_gsfailure        1000b575 f   libcmt:gs_report.obj
 0001:0000a67b       ___libm_error_support      1000b67b f   libcmt:_libm_error_.obj
 0001:0000a947       __sse2_mathfcns_init       1000b947 f   libcmt:_mathfcns_.obj
 0001:0000a957       __ceil_default             1000b957 f   libcmt:_ceil_.obj
 0001:0000aa2f       __get_errno_from_oserr     1000ba2f f   libcmt:dosmap.obj
 0001:0000aa71       __errno                    1000ba71 f   libcmt:dosmap.obj
 0001:0000aa84       __heap_init                1000ba84 f   libcmt:heapinit.obj
 0001:0000aaa2       __heap_term                1000baa2 f   libcmt:heapinit.obj
 0001:0000aab6       __encoded_null             1000bab6 f   libcmt:tidtable.obj
 0001:0000aabf       ___crtTlsAlloc@4           1000babf f   libcmt:tidtable.obj
 0001:0000aac8       ___set_flsgetvalue         1000bac8 f   libcmt:tidtable.obj
 0001:0000aafc       __mtterm                   1000bafc f   libcmt:tidtable.obj
 0001:0000ab39       __initptd                  1000bb39 f   libcmt:tidtable.obj
 0001:0000abed       __getptd_noexit            1000bbed f   libcmt:tidtable.obj
 0001:0000ac66       __getptd                   1000bc66 f   libcmt:tidtable.obj
 0001:0000ac80       __freefls@4                1000bc80 f   libcmt:tidtable.obj
 0001:0000adaf       __freeptd                  1000bdaf f   libcmt:tidtable.obj
 0001:0000ae1d       __mtinit                   1000be1d f   libcmt:tidtable.obj
 0001:0000af98       __malloc_crt               1000bf98 f   libcmt:crtheap.obj
 0001:0000afdf       __calloc_crt               1000bfdf f   libcmt:crtheap.obj
 0001:0000b02b       __realloc_crt              1000c02b f   libcmt:crtheap.obj
 0001:0000b079       ___crtCorExitProcess       1000c079 f   libcmt:crt0dat.obj
 0001:0000b0a4       ___crtExitProcess          1000c0a4 f   libcmt:crt0dat.obj
 0001:0000b0bc       __lockexit                 1000c0bc f   libcmt:crt0dat.obj
 0001:0000b0c5       __unlockexit               1000c0c5 f   libcmt:crt0dat.obj
 0001:0000b0ce       __init_pointers            1000c0ce f   libcmt:crt0dat.obj
 0001:0000b101       __initterm_e               1000c101 f   libcmt:crt0dat.obj
 0001:0000b125       __cinit                    1000c125 f   libcmt:crt0dat.obj
 0001:0000b2fc       __exit                     1000c2fc f   libcmt:crt0dat.obj
 0001:0000b312       __cexit                    1000c312 f   libcmt:crt0dat.obj
 0001:0000b321       __amsg_exit                1000c321 f   libcmt:crt0dat.obj
 0001:0000b33f       __ioinit                   1000c33f f   libcmt:ioinit.obj
 0001:0000b584       __ioterm                   1000c584 f   libcmt:ioinit.obj
 0001:0000b5d7       __setenvp                  1000c5d7 f   libcmt:stdenvp.obj
 0001:0000b84d       __setargv                  1000c84d f   libcmt:stdargv.obj
 0001:0000b908       ___crtGetEnvironmentStringsA 1000c908 f   libcmt:a_env.obj
 0001:0000b99f       __RTC_Initialize           1000c99f f   libcmt:_initsect_.obj
 0001:0000b9c5       __RTC_Terminate            1000c9c5 f   libcmt:_initsect_.obj
 0001:0000b9f0       __SEH_prolog4              1000c9f0 f   libcmt:sehprolg4.obj
 0001:0000ba35       __SEH_epilog4              1000ca35 f   libcmt:sehprolg4.obj
 0001:0000ba50       __except_handler4          1000ca50 f   libcmt:chandler4.obj
 0001:0000bbdf       __XcptFilter               1000cbdf f   libcmt:winxfltr.obj
 0001:0000bd29       ___CppXcptFilter           1000cd29 f   libcmt:winxfltr.obj
 0001:0000bd49       ___security_init_cookie    1000cd49 f   libcmt:gs_support.obj
 0001:0000bde4       __crt_debugger_hook        1000cde4 f   libcmt:dbghook.obj
 0001:0000bdec       __matherr                  1000cdec f   libcmt:_matherr_.obj
 0001:0000bdef       __cfltcvt_init             1000cdef f   libcmt:_fpinit_.obj
 0001:0000be4f       __fpmath                   1000ce4f f   libcmt:_fpinit_.obj
 0001:0000be68       ___sse2_available_init     1000ce68 f   libcmt:cpu_disp.obj
 0001:0000be78       __raise_exc_ex             1000ce78 f   libcmt:_fpexcept_.obj
 0001:0000c154       __raise_exc                1000d154 f   libcmt:_fpexcept_.obj
 0001:0000c177       __handle_exc               1000d177 f   libcmt:_fpexcept_.obj
 0001:0000c35b       __set_errno_from_matherr   1000d35b f   libcmt:_fpexcept_.obj
 0001:0000c388       __errcode                  1000d388 f   libcmt:_fpexcept_.obj
 0001:0000c3bc       __umatherr                 1000d3bc f   libcmt:_fpexcept_.obj
 0001:0000c45c       __handle_qnan1             1000d45c f   libcmt:_fpexcept_.obj
 0001:0000c4b1       __except1                  1000d4b1 f   libcmt:_fpexcept_.obj
 0001:0000c57b       __frnd                     1000d57b f   libcmt:_frnd_.obj
 0001:0000c58f       __set_exp                  1000d58f f   libcmt:_util_.obj
 0001:0000c5bc       __sptype                   1000d5bc f   libcmt:_util_.obj
 0001:0000c622       __decomp                   1000d622 f   libcmt:_util_.obj
 0001:0000c6e5       __statfp                   1000d6e5 f   libcmt:_fpctrl_.obj
 0001:0000c6f5       __clrfp                    1000d6f5 f   libcmt:_fpctrl_.obj
 0001:0000c706       __ctrlfp                   1000d706 f   libcmt:_fpctrl_.obj
 0001:0000c731       __set_statfp               1000d731 f   libcmt:_fpctrl_.obj
 0001:0000c789       ___set_fpsr_sse2           1000d789 f   libcmt:_fpctrl_.obj
 0001:0000c7fb       __initp_misc_invarg        1000d7fb f   libcmt:invarg.obj
 0001:0000c80a       __call_reportfault         1000d80a f   libcmt:invarg.obj
 0001:0000c933       __invoke_watson            1000d933 f   libcmt:invarg.obj
 0001:0000c958       __invalid_parameter        1000d958 f   libcmt:invarg.obj
 0001:0000c985       __invalid_parameter_noinfo 1000d985 f   libcmt:invarg.obj
 0001:0000c995       __mtinitlocks              1000d995 f   libcmt:mlock.obj
 0001:0000c9df       __mtdeletelocks            1000d9df f   libcmt:mlock.obj
 0001:0000ca36       __unlock                   1000da36 f   libcmt:mlock.obj
 0001:0000ca4d       __mtinitlocknum            1000da4d f   libcmt:mlock.obj
 0001:0000cb0f       __lock                     1000db0f f   libcmt:mlock.obj
 0001:0000cb42       ___addlocaleref            1000db42 f   libcmt:localref.obj
 0001:0000cbd1       ___removelocaleref         1000dbd1 f   libcmt:localref.obj
 0001:0000cc6a       ___freetlocinfo            1000dc6a f   libcmt:localref.obj
 0001:0000cdb5       __updatetlocinfoEx_nolock  1000ddb5 f   libcmt:localref.obj
 0001:0000ce02       ___updatetlocinfo          1000de02 f   libcmt:localref.obj
 0001:0000d09e       ___updatetmbcinfo          1000e09e f   libcmt:mbctype.obj
 0001:0000d142       ??0_LocaleUpdate@@QAE@PAUlocaleinfo_struct@@@Z 1000e142 f i libcmt:mbctype.obj
 0001:0000d245       __setmbcp_nolock           1000e245 f   libcmt:mbctype.obj
 0001:0000d42e       __setmbcp                  1000e42e f   libcmt:mbctype.obj
 0001:0000d5c8       ___initmbctable            1000e5c8 f   libcmt:mbctype.obj
 0001:0000d5e6       _malloc                    1000e5e6 f   libcmt:malloc.obj
 0001:0000d67a       __calloc_impl              1000e67a f   libcmt:calloc_impl.obj
 0001:0000d6fc       _realloc                   1000e6fc f   libcmt:realloc.obj
 0001:0000d7a9       ?terminate@@YAXXZ          1000e7a9 f   libcmt:hooks.obj
 0001:0000d7e2       __initp_eh_hooks           1000e7e2 f   libcmt:hooks.obj
 0001:0000d7f3       __initp_misc_winsig        1000e7f3 f   libcmt:winsig.obj
 0001:0000d848       ___get_sigabrt             1000e848 f   libcmt:winsig.obj
 0001:0000d855       _raise                     1000e855 f   libcmt:winsig.obj
 0001:0000d9f8       __initp_misc_rand_s        1000e9f8 f   libcmt:rand_s.obj
 0001:0000da07       __initp_misc_purevirt      1000ea07 f   libcmt:inithelp.obj
 0001:0000da16       __initp_heap_handler       1000ea16 f   libcmt:handler.obj
 0001:0000da25       __callnewh                 1000ea25 f   libcmt:handler.obj
 0001:0000db03       ___onexitinit              1000eb03 f   libcmt:onexit.obj
 0001:0000db34       __onexit                   1000eb34 f   libcmt:onexit.obj
 0001:0000db70       _atexit                    1000eb70 f   libcmt:onexit.obj
 0001:0000db87       __initp_misc_cfltcvt_tab   1000eb87 f   libcmt:cmiscdat.obj
 0001:0000dbb0       __ValidateImageBase        1000ebb0 f   libcmt:pesect.obj
 0001:0000dbf0       __FindPESection            1000ebf0 f   libcmt:pesect.obj
 0001:0000dc40       __IsNonwritableInCurrentImage 1000ec40 f   libcmt:pesect.obj
 0001:0000dcfc       __GET_RTERRMSG             1000ecfc f   libcmt:crt0msg.obj
 0001:0000dd22       __NMSG_WRITE               1000ed22 f   libcmt:crt0msg.obj
 0001:0000ded1       __FF_MSGBANNER             1000eed1 f   libcmt:crt0msg.obj
 0001:0000df0a       _strcpy_s                  1000ef0a f   libcmt:strcpy_s.obj
 0001:0000df70       _strlen                    1000ef70 f   libcmt:strlen.obj
 0001:0000e04e       __ismbblead                1000f04e f   libcmt:ismbbyte.obj
 0001:0000e070       __local_unwind4            1000f070 f   libcmt:exsup4.obj
 0001:0000e146       __seh_longjmp_unwind4@4    1000f146 f   libcmt:exsup4.obj
 0001:0000e162       @_EH4_CallFilterFunc@8     1000f162 f   libcmt:exsup4.obj
 0001:0000e179       @_EH4_TransferToHandler@8  1000f179 f   libcmt:exsup4.obj
 0001:0000e192       @_EH4_GlobalUnwind2@8      1000f192 f   libcmt:exsup4.obj
 0001:0000e1ab       @_EH4_LocalUnwind@16       1000f1ab f   libcmt:exsup4.obj
 0001:0000e1c2       __forcdecpt_l              1000f1c2 f   libcmt:cvt.obj
 0001:0000e236       __cropzeros_l              1000f236 f   libcmt:cvt.obj
 0001:0000e2b8       __positive                 1000f2b8 f   libcmt:cvt.obj
 0001:0000e2d4       __fassign_l                1000f2d4 f   libcmt:cvt.obj
 0001:0000e316       __fassign                  1000f316 f   libcmt:cvt.obj
 0001:0000e34f       __forcdecpt                1000f34f f   libcmt:cvt.obj
 0001:0000e362       __cropzeros                1000f362 f   libcmt:cvt.obj
 0001:0000e4d6       __cftoe_l                  1000f4d6 f   libcmt:cvt.obj
 0001:0000e59d       __cftoe                    1000f59d f   libcmt:cvt.obj
 0001:0000e5bd       __cftoa_l                  1000f5bd f   libcmt:cvt.obj
 0001:0000ea36       __cftof_l                  1000fa36 f   libcmt:cvt.obj
 0001:0000eaf7       __cftog_l                  1000faf7 f   libcmt:cvt.obj
 0001:0000ebe4       __cfltcvt_l                1000fbe4 f   libcmt:cvt.obj
 0001:0000ec6c       __cfltcvt                  1000fc6c f   libcmt:cvt.obj
 0001:0000ec8f       __setdefaultprecision      1000fc8f f   libcmt:fp8.obj
 0001:0000ecc0       _memset                    1000fcc0 f   libcmt:memset.obj
 0001:0000ed3a       ___free_lc_time            1000fd3a f   libcmt:inittime.obj
 0001:0000f0b1       ___free_lconv_num          100100b1 f   libcmt:initnum.obj
 0001:0000f11a       ___free_lconv_mon          1001011a f   libcmt:initmon.obj
 0001:0000f218       __freea                    10010218 f i libcmt:a_map.obj
 0001:0000f41f       ___crtLCMapStringA         1001041f f   libcmt:a_map.obj
 0001:0000f54c       ___crtGetStringTypeA       1001054c f   libcmt:a_str.obj
 0001:0000f58c       __msize                    1001058c f   libcmt:msize.obj
 0001:0000f5bf       _abort                     100105bf f   libcmt:abort.obj
 0001:0000f600       _memcpy                    10010600 f   libcmt:memcpy.obj
 0001:0000f961       __fptrap                   10010961 f   libcmt:crt0fp.obj
 0001:0000f96a       ___crtMessageBoxW          1001096a f   libcmt:crtmboxw.obj
 0001:0000fad6       _wcscat_s                  10010ad6 f   libcmt:wcscat_s.obj
 0001:0000fb4b       _wcsncpy_s                 10010b4b f   libcmt:wcsncpy_s.obj
 0001:0000fc18       _wcslen                    10010c18 f   libcmt:wcslen.obj
 0001:0000fc33       _wcscpy_s                  10010c33 f   libcmt:wcscpy_s.obj
 0001:0000fc96       __set_error_mode           10010c96 f   libcmt:errmode.obj
 0001:0000fce0       __global_unwind2           10010ce0 f   libcmt:exsup.obj
 0001:0000fd45       __local_unwind2            10010d45 f   libcmt:exsup.obj
 0001:0000fdc9       __abnormal_termination     10010dc9 f   libcmt:exsup.obj
 0001:0000fdec       __NLG_Notify1              10010dec f   libcmt:exsup.obj
 0001:0000fdf5       __NLG_Notify               10010df5 f   libcmt:exsup.obj
 0001:0000fe0c       __NLG_Dispatch2            10010e0c     libcmt:exsup.obj
 0001:0000fe0c       __NLG_Dispatch             10010e0c     libcmt:exsup.obj
 0001:0000fe14       __NLG_Call                 10010e14 f   libcmt:exsup.obj
 0001:0000fe16       __NLG_Return2              10010e16     libcmt:exsup.obj
 0001:0000fe20       _strrchr                   10010e20 f   libcmt:strrchr.obj
 0001:0000fe4d       __isdigit_l                10010e4d f i libcmt:_ctype.obj
 0001:0000fe9e       _isdigit                   10010e9e f i libcmt:_ctype.obj
 0001:0000fecc       __tolower_l                10010ecc f   libcmt:tolower.obj
 0001:0000ffe1       _tolower                   10010fe1 f   libcmt:tolower.obj
 0001:0001000d       __atodbl_l                 1001100d f   libcmt:atodbl.obj
 0001:000100b5       __atoflt_l                 100110b5 f   libcmt:atodbl.obj
 0001:00010160       _memmove                   10011160 f   libcmt:memmove.obj
 0001:000104c1       __fptostr                  100114c1 f   libcmt:_fptostr.obj
 0001:00010574       ___dtold                   10011574 f   libcmt:_cfout_.obj
 0001:00010627       __fltout2                  10011627 f   libcmt:_cfout_.obj
 0001:000106c0       __alldvrm                  100116c0 f   libcmt:lldvrm.obj
 0001:000107a0       __aullshr                  100117a0 f   libcmt:ullshr.obj
 0001:000107bf       __controlfp_s              100117bf f   libcmt:_contrlfp_.obj
 0001:0001081e       __VEC_memzero              1001181e f   libcmt:p4_memset.obj
 0001:000108e0       __alloca_probe_16          100118e0 f   libcmt:alloca16.obj
 0001:000108f6       __alloca_probe_8           100118f6     libcmt:alloca16.obj
 0001:0001090c       __VEC_memcpy               1001190c f   libcmt:p4_memcpy.obj
 0001:00010a0f       __isctype_l                10011a0f f   libcmt:isctype.obj
 0001:00010ac7       __isleadbyte_l             10011ac7 f i libcmt:_wctype.obj
 0001:00010aff       __ld12tod                  10011aff f   libcmt:_intrncvt_.obj
 0001:00011050       __ld12tof                  10012050 f   libcmt:_intrncvt_.obj
 0001:000115a1       ___strgtold12_l            100125a1 f   libcmt:_strgtold_.obj
 0001:00011c7d       _$I10_OUTPUT               10012c7d f   libcmt:_x10fout_.obj
 0001:000126a3       __control87                100136a3 f i libcmt:_ieee87_.obj
 0001:000129c0       __alloca_probe             100139c0     libcmt:chkstk.obj
 0001:000129c0       __chkstk                   100139c0 f   libcmt:chkstk.obj
 0001:000129f0       _strcspn                   100139f0 f   libcmt:strcspn.obj
 0001:00012a40       _strcmp                    10013a40 f   libcmt:strcmp.obj
 0001:00012ad0       _strpbrk                   10013ad0 f   libcmt:strpbrk.obj
 0001:00012b10       ___mtold12                 10013b10 f   libcmt:_mantold_.obj
 0001:00012d00       ___ascii_strnicmp          10013d00 f   libcmt:_strnicm.obj
 0001:00012d70       __aulldvrm                 10013d70 f   libcmt:ulldvrm.obj
 0001:00012e10       __allmul                   10013e10 f   libcmt:llmul.obj
 0001:00012e44       _RtlUnwind@16              10013e44 f   kernel32:KERNEL32.dll
 0001:00012e50       _cos                       10013e50 f   libcmt:_cos_.obj
 0001:00012e90       __CIcos                    10013e90 f   libcmt:_cos_.obj
 0001:00012ecb       __CIcos_default            10013ecb f   libcmt:_cos_.obj
 0001:00012edf       __cos_default              10013edf     libcmt:_cos_.obj
 0001:00012f80       __ftol2_sse                10013f80 f   libcmt:ftol2.obj
 0001:00012f89       __ftol2_pentium4           10013f89 f   libcmt:ftol2.obj
 0001:00012f9c       __ftol2_sse_excpt          10013f9c f   libcmt:ftol2.obj
 0001:00012fb6       __ftol2                    10013fb6 f   libcmt:ftol2.obj
 0001:00013030       _sin                       10014030 f   libcmt:_sin_.obj
 0001:00013070       __CIsin                    10014070 f   libcmt:_sin_.obj
 0001:000130ab       __CIsin_default            100140ab f   libcmt:_sin_.obj
 0001:000130bf       __sin_default              100140bf     libcmt:_sin_.obj
 0001:00013160       _fmod                      10014160 f   libcmt:_87fmod_.obj
 0001:0001316a       __CIfmod                   1001416a f   libcmt:_87fmod_.obj
 0001:00013190       _pow                       10014190 f   libcmt:_pow_.obj
 0001:000131d0       __CIpow                    100141d0 f   libcmt:_pow_.obj
 0001:0001320b       __CIpow_default            1001420b f   libcmt:_pow_.obj
 0001:00013224       __pow_default              10014224     libcmt:_pow_.obj
 0001:00013420       __CIsqrt                   10014420 f   libcmt:_sqrt_.obj
 0001:00013434       _sqrt                      10014434     libcmt:_sqrt_.obj
 0001:000134e0       _floor                     100144e0 f   libcmt:_floor_pentium4_.obj
 0001:00013520       __floor_pentium4           10014520 f   libcmt:_floor_pentium4_.obj
 0001:00013610       __CIcos_pentium4           10014610 f   libcmt:_cos_pentium4_.obj
 0001:00013628       __cos_pentium4             10014628     libcmt:_cos_pentium4_.obj
 0001:000137c0       __trandisp1                100147c0 f   libcmt:_87disp_.obj
 0001:00013827       __trandisp2                10014827 f   libcmt:_87disp_.obj
 0001:000138b3       __rttospopde               100148b3     libcmt:_87disp_.obj
 0001:000138b8       __rttospop                 100148b8     libcmt:_87disp_.obj
 0001:000138ba       __rtnospop                 100148ba     libcmt:_87disp_.obj
 0001:000138bc       __rttosnpop                100148bc     libcmt:_87disp_.obj
 0001:000138bd       __rtnospopde               100148bd     libcmt:_87disp_.obj
 0001:000138c4       __rtzeropop                100148c4     libcmt:_87disp_.obj
 0001:000138c6       __rtzeronpop               100148c6     libcmt:_87disp_.obj
 0001:000138cb       __rtonepop                 100148cb     libcmt:_87disp_.obj
 0001:000138cd       __rtonenpop                100148cd     libcmt:_87disp_.obj
 0001:000138d2       __tosnan1                  100148d2     libcmt:_87disp_.obj
 0001:000138fd       __nosnan2                  100148fd     libcmt:_87disp_.obj
 0001:000138ff       __tosnan2                  100148ff     libcmt:_87disp_.obj
 0001:00013927       __nan2                     10014927     libcmt:_87disp_.obj
 0001:00013966       __rtindfpop                10014966     libcmt:_87disp_.obj
 0001:00013968       __rtindfnpop               10014968     libcmt:_87disp_.obj
 0001:00013979       __rttosnpopde              10014979     libcmt:_87disp_.obj
 0001:00013983       __rtchsifneg               10014983     libcmt:_87disp_.obj
 0001:00013990       __twoToTOS                 10014990 f   libcmt:_common_.obj
 0001:000139a5       __load_CW                  100149a5 f   libcmt:_common_.obj
 0001:000139bc       __convertTOStoQNaN         100149bc f   libcmt:_common_.obj
 0001:000139d5       __fload_withFB             100149d5 f   libcmt:_common_.obj
 0001:00013a18       __checkTOS_withFB          10014a18 f   libcmt:_common_.obj
 0001:00013a2e       __fast_exit                10014a2e f   libcmt:_common_.obj
 0001:00013a3b       __math_exit                10014a3b f   libcmt:_common_.obj
 0001:00013a65       __check_overflow_exit      10014a65 f   libcmt:_common_.obj
 0001:00013a79       __check_range_exit         10014a79 f   libcmt:_common_.obj
 0001:00013b20       __startTwoArgErrorHandling 10014b20 f   libcmt:_genexcep_.obj
 0001:00013b37       __startOneArgErrorHandling 10014b37 f   libcmt:_genexcep_.obj
 0001:00013b80       __CIsin_pentium4           10014b80 f   libcmt:_sin_pentium4_.obj
 0001:00013b98       __sin_pentium4             10014b98     libcmt:_sin_pentium4_.obj
 0001:00013d50       __cintrindisp2             10014d50 f   libcmt:_87cdisp_.obj
 0001:00013d8e       __cintrindisp1             10014d8e f   libcmt:_87cdisp_.obj
 0001:00013dcb       __ctrandisp2               10014dcb f   libcmt:_87cdisp_.obj
 0001:00013f5a       __ctrandisp1               10014f5a f   libcmt:_87cdisp_.obj
 0001:00013f8d       __fload                    10014f8d f   libcmt:_87cdisp_.obj
 0001:00013fd0       __CIpow_pentium4           10014fd0 f   libcmt:_pow_pentium4_.obj
 0001:00013fe9       __pow_pentium4             10014fe9     libcmt:_pow_pentium4_.obj
 0001:00014b41       __fFEXP                    10015b41     libcmt:_87tran_.obj
 0001:00014b98       __rtinfpopse               10015b98     libcmt:_87tran_.obj
 0001:00014b9a       __rtinfnpopse              10015b9a     libcmt:_87tran_.obj
 0001:00014baa       __fFLN                     10015baa     libcmt:_87tran_.obj
 0001:00014c5f       __rtinfpop                 10015c5f     libcmt:_87tran_.obj
 0001:00014c61       __rtinfnpop                10015c61     libcmt:_87tran_.obj
 0001:00014c7e       __ffexpm1                  10015c7e     libcmt:_87tran_.obj
 0001:00014d27       __d_inttype                10015d27 f   libcmt:_powhlp_.obj
 0001:00014d91       __powhlp                   10015d91 f   libcmt:_powhlp_.obj
 0001:00014ebc       __floor_default            10015ebc f   libcmt:_floor_.obj
 0001:00014f94       __87except                 10015f94 f   libcmt:_87except_.obj
 0001:000150d3       __fpclass                  100160d3 f   libcmt:_ieeemisc_.obj
 0002:00000000       __imp__TlsFree@4           10017000     kernel32:KERNEL32.dll
 0002:00000004       __imp__HeapSize@12         10017004     kernel32:KERNEL32.dll
 0002:00000008       __imp__GetStringTypeW@16   10017008     kernel32:KERNEL32.dll
 0002:0000000c       __imp__MultiByteToWideChar@24 1001700c     kernel32:KERNEL32.dll
 0002:00000010       __imp__LCMapStringW@24     10017010     kernel32:KERNEL32.dll
 0002:00000014       __imp__RtlUnwind@16        10017014     kernel32:KERNEL32.dll
 0002:00000018       __imp__GetModuleFileNameW@12 10017018     kernel32:KERNEL32.dll
 0002:0000001c       __imp__WriteFile@20        1001701c     kernel32:KERNEL32.dll
 0002:00000020       __imp__LoadLibraryW@4      10017020     kernel32:KERNEL32.dll
 0002:00000024       __imp__HeapReAlloc@16      10017024     kernel32:KERNEL32.dll
 0002:00000028       __imp__HeapAlloc@12        10017028     kernel32:KERNEL32.dll
 0002:0000002c       __imp__IsValidCodePage@4   1001702c     kernel32:KERNEL32.dll
 0002:00000030       __imp__GetOEMCP@0          10017030     kernel32:KERNEL32.dll
 0002:00000034       __imp__GetACP@0            10017034     kernel32:KERNEL32.dll
 0002:00000038       __imp__GetCPInfo@8         10017038     kernel32:KERNEL32.dll
 0002:0000003c       __imp__EnterCriticalSection@4 1001703c     kernel32:KERNEL32.dll
 0002:00000040       __imp__LeaveCriticalSection@4 10017040     kernel32:KERNEL32.dll
 0002:00000044       __imp__RaiseException@16   10017044     kernel32:KERNEL32.dll
 0002:00000048       __imp__GetSystemTimeAsFileTime@4 10017048     kernel32:KERNEL32.dll
 0002:0000004c       __imp__GetCurrentProcessId@0 1001704c     kernel32:KERNEL32.dll
 0002:00000050       __imp__GetTickCount@0      10017050     kernel32:KERNEL32.dll
 0002:00000054       __imp__QueryPerformanceCounter@4 10017054     kernel32:KERNEL32.dll
 0002:00000058       __imp__GetEnvironmentStringsW@0 10017058     kernel32:KERNEL32.dll
 0002:0000005c       __imp__WideCharToMultiByte@32 1001705c     kernel32:KERNEL32.dll
 0002:00000060       __imp__GetLastError@0      10017060     kernel32:KERNEL32.dll
 0002:00000064       __imp__HeapFree@12         10017064     kernel32:KERNEL32.dll
 0002:00000068       __imp__GetCurrentThreadId@0 10017068     kernel32:KERNEL32.dll
 0002:0000006c       __imp__DecodePointer@4     1001706c     kernel32:KERNEL32.dll
 0002:00000070       __imp__GetCommandLineA@0   10017070     kernel32:KERNEL32.dll
 0002:00000074       __imp__TerminateProcess@8  10017074     kernel32:KERNEL32.dll
 0002:00000078       __imp__GetCurrentProcess@0 10017078     kernel32:KERNEL32.dll
 0002:0000007c       __imp__UnhandledExceptionFilter@4 1001707c     kernel32:KERNEL32.dll
 0002:00000080       __imp__SetUnhandledExceptionFilter@4 10017080     kernel32:KERNEL32.dll
 0002:00000084       __imp__IsDebuggerPresent@0 10017084     kernel32:KERNEL32.dll
 0002:00000088       __imp__EncodePointer@4     10017088     kernel32:KERNEL32.dll
 0002:0000008c       __imp__IsProcessorFeaturePresent@4 1001708c     kernel32:KERNEL32.dll
 0002:00000090       __imp__HeapCreate@12       10017090     kernel32:KERNEL32.dll
 0002:00000094       __imp__HeapDestroy@4       10017094     kernel32:KERNEL32.dll
 0002:00000098       __imp__TlsAlloc@0          10017098     kernel32:KERNEL32.dll
 0002:0000009c       __imp__TlsGetValue@4       1001709c     kernel32:KERNEL32.dll
 0002:000000a0       __imp__TlsSetValue@8       100170a0     kernel32:KERNEL32.dll
 0002:000000a4       __imp__InterlockedIncrement@4 100170a4     kernel32:KERNEL32.dll
 0002:000000a8       __imp__GetModuleHandleW@4  100170a8     kernel32:KERNEL32.dll
 0002:000000ac       __imp__SetLastError@4      100170ac     kernel32:KERNEL32.dll
 0002:000000b0       __imp__InterlockedDecrement@4 100170b0     kernel32:KERNEL32.dll
 0002:000000b4       __imp__GetProcAddress@8    100170b4     kernel32:KERNEL32.dll
 0002:000000b8       __imp__Sleep@4             100170b8     kernel32:KERNEL32.dll
 0002:000000bc       __imp__ExitProcess@4       100170bc     kernel32:KERNEL32.dll
 0002:000000c0       __imp__SetHandleCount@4    100170c0     kernel32:KERNEL32.dll
 0002:000000c4       __imp__GetStdHandle@4      100170c4     kernel32:KERNEL32.dll
 0002:000000c8       __imp__InitializeCriticalSectionAndSpinCount@8 100170c8     kernel32:KERNEL32.dll
 0002:000000cc       __imp__GetFileType@4       100170cc     kernel32:KERNEL32.dll
 0002:000000d0       __imp__GetStartupInfoW@4   100170d0     kernel32:KERNEL32.dll
 0002:000000d4       __imp__DeleteCriticalSection@4 100170d4     kernel32:KERNEL32.dll
 0002:000000d8       __imp__GetModuleFileNameA@12 100170d8     kernel32:KERNEL32.dll
 0002:000000dc       __imp__FreeEnvironmentStringsW@4 100170dc     kernel32:KERNEL32.dll
 0002:000000e0       \177KERNEL32_NULL_THUNK_DATA 100170e0     kernel32:KERNEL32.dll
 0002:000000e4       __imp__ilGetData@0         100170e4     resil:ResIL.dll
 0002:000000e8       __imp__iGetIntegervImage@12 100170e8     resil:ResIL.dll
 0002:000000ec       __imp__ilResizeImage@24    100170ec     resil:ResIL.dll
 0002:000000f0       __imp__ilClearImage_@4     100170f0     resil:ResIL.dll
 0002:000000f4       __imp__ilGetClear@12       100170f4     resil:ResIL.dll
 0002:000000f8       __imp__iFlipBuffer@16      100170f8     resil:ResIL.dll
 0002:000000fc       __imp__ilIsImage@4         100170fc     resil:ResIL.dll
 0002:00000100       __imp__ilGetBppPal@4       10017100     resil:ResIL.dll
 0002:00000104       __imp__iConvertImage@12    10017104     resil:ResIL.dll
 0002:00000108       __imp__ilConvertPal@4      10017108     resil:ResIL.dll
 0002:0000010c       __imp__ilClearImage@0      1001710c     resil:ResIL.dll
 0002:00000110       __imp__ilGetCurName@0      10017110     resil:ResIL.dll
 0002:00000114       __imp__ilBindImage@4       10017114     resil:ResIL.dll
 0002:00000118       __imp__iMirror@0           10017118     resil:ResIL.dll
 0002:0000011c       __imp__ilDeleteImages@8    1001711c     resil:ResIL.dll
 0002:00000120       __imp__ilLoadImage@4       10017120     resil:ResIL.dll
 0002:00000124       __imp__ilGenImages@8       10017124     resil:ResIL.dll
 0002:00000128       __imp__ilTexImage@28       10017128     resil:ResIL.dll
 0002:0000012c       __imp__icalloc@8           1001712c     resil:ResIL.dll
 0002:00000130       __imp__ilGetInteger@4      10017130     resil:ResIL.dll
 0002:00000134       __imp__ilSetCurImage@4     10017134     resil:ResIL.dll
 0002:00000138       __imp__ilCopyImageAttr@8   10017138     resil:ResIL.dll
 0002:0000013c       __imp__ialloc@4            1001713c     resil:ResIL.dll
 0002:00000140       __imp__ilCopyPixels@36     10017140     resil:ResIL.dll
 0002:00000144       __imp__ilNewImage@20       10017144     resil:ResIL.dll
 0002:00000148       __imp__ilCloseImage@4      10017148     resil:ResIL.dll
 0002:0000014c       __imp__ifree@4             1001714c     resil:ResIL.dll
 0002:00000150       __imp__ilGetCurImage@0     10017150     resil:ResIL.dll
 0002:00000154       __imp__ilConvertImage@8    10017154     resil:ResIL.dll
 0002:00000158       __imp__ilGetPalBaseType@4  10017158     resil:ResIL.dll
 0002:0000015c       __imp__ilSetError@4        1001715c     resil:ResIL.dll
 0002:00000160       \177ResIL_NULL_THUNK_DATA  10017160     resil:ResIL.dll
 0002:00000164       ___xc_a                    10017164     libcmt:crt0init.obj
 0002:00000168       ___xc_z                    10017168     libcmt:crt0init.obj
 0002:0000016c       ___xi_a                    1001716c     libcmt:crt0init.obj
 0002:00000180       ___xi_z                    10017180     libcmt:crt0init.obj
 0002:00000184       ___xp_a                    10017184     libcmt:crt0init.obj
 0002:00000188       ___xp_z                    10017188     libcmt:crt0init.obj
 0002:0000018c       ___xt_a                    1001718c     libcmt:crt0init.obj
 0002:00000190       ___xt_z                    10017190     libcmt:crt0init.obj
 0002:00000208       __pRawDllMain              10017208     libcmt:dllcrt0.obj
 0002:00000208       __pDefaultRawDllMain       10017208     libcmt:dllcrt0.obj
 0002:00000280       ??_C@_03IIINPABG@tan?$AA@  10017280     libcmt:_libm_error_.obj
 0002:00000284       ??_C@_03LALBNOCG@cos?$AA@  10017284     libcmt:_libm_error_.obj
 0002:00000288       ??_C@_03BLEJJJBH@sin?$AA@  10017288     libcmt:_libm_error_.obj
 0002:0000028c       ??_C@_04EHEDPDJG@modf?$AA@ 1001728c     libcmt:_libm_error_.obj
 0002:00000294       ??_C@_05PBJFFIGL@floor?$AA@ 10017294     libcmt:_libm_error_.obj
 0002:0000029c       ??_C@_04GFPJNGEK@ceil?$AA@ 1001729c     libcmt:_libm_error_.obj
 0002:000002a4       ??_C@_04MLLJIGOK@atan?$AA@ 100172a4     libcmt:_libm_error_.obj
 0002:000002ac       ??_C@_05EOHGHCHD@exp10?$AA@ 100172ac     libcmt:_libm_error_.obj
 0002:000002b4       ??_C@_04PDIFKINK@acos?$AA@ 100172b4     libcmt:_libm_error_.obj
 0002:000002bc       ??_C@_04FIHNOPOL@asin?$AA@ 100172bc     libcmt:_libm_error_.obj
 0002:000002c4       ??_C@_03MGHMBJCF@log?$AA@  100172c4     libcmt:_libm_error_.obj
 0002:000002c8       ??_C@_05HGHHAHAP@log10?$AA@ 100172c8     libcmt:_libm_error_.obj
 0002:000002d0       ??_C@_03KHJOGHMM@exp?$AA@  100172d0     libcmt:_libm_error_.obj
 0002:000002d4       ??_C@_03JGHBODFD@pow?$AA@  100172d4     libcmt:_libm_error_.obj
 0002:000002d8       ??_C@_1BK@DBDEIDLH@?$AAK?$AAE?$AAR?$AAN?$AAE?$AAL?$AA3?$AA2?$AA?4?$AAD?$AAL?$AAL?$AA?$AA@ 100172d8     libcmt:tidtable.obj
 0002:000002f4       ??_C@_07PEJMOBNF@FlsFree?$AA@ 100172f4     libcmt:tidtable.obj
 0002:000002fc       ??_C@_0M@JCPCPOEF@FlsSetValue?$AA@ 100172fc     libcmt:tidtable.obj
 0002:00000308       ??_C@_0M@GDNOONDI@FlsGetValue?$AA@ 10017308     libcmt:tidtable.obj
 0002:00000314       ??_C@_08KNHFBNJ@FlsAlloc?$AA@ 10017314     libcmt:tidtable.obj
 0002:00000320       ??_C@_0P@MIGLKIOC@CorExitProcess?$AA@ 10017320     libcmt:crt0dat.obj
 0002:00000330       ??_C@_1BI@BGOHAHKC@?$AAm?$AAs?$AAc?$AAo?$AAr?$AAe?$AAe?$AA?4?$AAd?$AAl?$AAl?$AA?$AA@ 10017330     libcmt:crt0dat.obj
 0002:00000348       __XcptActTab               10017348     libcmt:winxfltr.obj
 0002:000003d8       __First_FPE_Indx           100173d8     libcmt:winxfltr.obj
 0002:000003dc       __Num_FPE                  100173dc     libcmt:winxfltr.obj
 0002:000003e0       __XcptActTabSize           100173e0     libcmt:winxfltr.obj
 0002:000003e4       __XcptActTabCount          100173e4     libcmt:winxfltr.obj
 0002:000003e8       __FPinit                   100173e8     libcmt:_fpinit_.obj
 0002:000003ec       ??_C@_0L@KDOEJCKC@_nextafter?$AA@ 100173ec     libcmt:_fpexcept_.obj
 0002:000003f8       ??_C@_05JGDBENOH@_logb?$AA@ 100173f8     libcmt:_fpexcept_.obj
 0002:00000400       ??_C@_03ONILCKOB@_yn?$AA@  10017400     libcmt:_fpexcept_.obj
 0002:00000404       ??_C@_03NAKIGLHK@_y1?$AA@  10017404     libcmt:_fpexcept_.obj
 0002:00000408       ??_C@_03MJLDFKDL@_y0?$AA@  10017408     libcmt:_fpexcept_.obj
 0002:0000040c       ??_C@_05GKKHEGJL@frexp?$AA@ 1001740c     libcmt:_fpexcept_.obj
 0002:00000414       ??_C@_04KEPJIHGP@fmod?$AA@ 10017414     libcmt:_fpexcept_.obj
 0002:0000041c       ??_C@_06MEIMCGCF@_hypot?$AA@ 1001741c     libcmt:_fpexcept_.obj
 0002:00000424       ??_C@_05KBKMEMPO@_cabs?$AA@ 10017424     libcmt:_fpexcept_.obj
 0002:0000042c       ??_C@_05CEJMAHNP@ldexp?$AA@ 1001742c     libcmt:_fpexcept_.obj
 0002:00000434       ??_C@_04ODHECPBC@fabs?$AA@ 10017434     libcmt:_fpexcept_.obj
 0002:0000043c       ??_C@_04EIAKFFMI@sqrt?$AA@ 1001743c     libcmt:_fpexcept_.obj
 0002:00000444       ??_C@_05KNGEOGJB@atan2?$AA@ 10017444     libcmt:_fpexcept_.obj
 0002:0000044c       ??_C@_04FJHINJAO@tanh?$AA@ 1001744c     libcmt:_fpexcept_.obj
 0002:00000454       ??_C@_04HPJJNFIM@cosh?$AA@ 10017454     libcmt:_fpexcept_.obj
 0002:0000045c       ??_C@_04COOMCNPB@sinh?$AA@ 1001745c     libcmt:_fpexcept_.obj
 0002:00000464       ??_C@_1BC@GDGBMEMK@?$AAH?$AAH?$AA?3?$AAm?$AAm?$AA?3?$AAs?$AAs?$AA?$AA@ 10017464     libcmt:nlsdata2.obj
 0002:00000478       ??_C@_1CI@KNAKOEBC@?$AAd?$AAd?$AAd?$AAd?$AA?0?$AA?5?$AAM?$AAM?$AAM?$AAM?$AA?5?$AAd?$AAd?$AA?0?$AA?5?$AAy?$AAy?$AAy?$AAy?$AA?$AA@ 10017478     libcmt:nlsdata2.obj
 0002:000004a0       ??_C@_1BC@IEBCMHCM@?$AAM?$AAM?$AA?1?$AAd?$AAd?$AA?1?$AAy?$AAy?$AA?$AA@ 100174a0     libcmt:nlsdata2.obj
 0002:000004b4       ??_C@_15CLMNNGEL@?$AAP?$AAM?$AA?$AA@ 100174b4     libcmt:nlsdata2.obj
 0002:000004bc       ??_C@_15ODEHAHHF@?$AAA?$AAM?$AA?$AA@ 100174bc     libcmt:nlsdata2.obj
 0002:000004c4       ??_C@_1BC@FEMKIFH@?$AAD?$AAe?$AAc?$AAe?$AAm?$AAb?$AAe?$AAr?$AA?$AA@ 100174c4     libcmt:nlsdata2.obj
 0002:000004d8       ??_C@_1BC@BGLIFPF@?$AAN?$AAo?$AAv?$AAe?$AAm?$AAb?$AAe?$AAr?$AA?$AA@ 100174d8     libcmt:nlsdata2.obj
 0002:000004ec       ??_C@_1BA@EPANDLNG@?$AAO?$AAc?$AAt?$AAo?$AAb?$AAe?$AAr?$AA?$AA@ 100174ec     libcmt:nlsdata2.obj
 0002:000004fc       ??_C@_1BE@DKAAMBJL@?$AAS?$AAe?$AAp?$AAt?$AAe?$AAm?$AAb?$AAe?$AAr?$AA?$AA@ 100174fc     libcmt:nlsdata2.obj
 0002:00000510       ??_C@_1O@PAHLKOAC@?$AAA?$AAu?$AAg?$AAu?$AAs?$AAt?$AA?$AA@ 10017510     libcmt:nlsdata2.obj
 0002:00000520       ??_C@_19BIFMLPCD@?$AAJ?$AAu?$AAl?$AAy?$AA?$AA@ 10017520     libcmt:nlsdata2.obj
 0002:0000052c       ??_C@_19EPFLPGAP@?$AAJ?$AAu?$AAn?$AAe?$AA?$AA@ 1001752c     libcmt:nlsdata2.obj
 0002:00000538       ??_C@_1M@GJNLMHFD@?$AAA?$AAp?$AAr?$AAi?$AAl?$AA?$AA@ 10017538     libcmt:nlsdata2.obj
 0002:00000544       ??_C@_1M@IKEENEDF@?$AAM?$AAa?$AAr?$AAc?$AAh?$AA?$AA@ 10017544     libcmt:nlsdata2.obj
 0002:00000550       ??_C@_1BC@JGDDFFAM@?$AAF?$AAe?$AAb?$AAr?$AAu?$AAa?$AAr?$AAy?$AA?$AA@ 10017550     libcmt:nlsdata2.obj
 0002:00000564       ??_C@_1BA@EFMEIEBA@?$AAJ?$AAa?$AAn?$AAu?$AAa?$AAr?$AAy?$AA?$AA@ 10017564     libcmt:nlsdata2.obj
 0002:00000574       ??_C@_17EGKACKIF@?$AAD?$AAe?$AAc?$AA?$AA@ 10017574     libcmt:nlsdata2.obj
 0002:0000057c       ??_C@_17BBDMLCIG@?$AAN?$AAo?$AAv?$AA?$AA@ 1001757c     libcmt:nlsdata2.obj
 0002:00000584       ??_C@_17FNLKOI@?$AAO?$AAc?$AAt?$AA?$AA@ 10017584     libcmt:nlsdata2.obj
 0002:0000058c       ??_C@_17HCHCOKMG@?$AAS?$AAe?$AAp?$AA?$AA@ 1001758c     libcmt:nlsdata2.obj
 0002:00000594       ??_C@_17ICPELBCN@?$AAA?$AAu?$AAg?$AA?$AA@ 10017594     libcmt:nlsdata2.obj
 0002:0000059c       ??_C@_17IJPCKHK@?$AAJ?$AAu?$AAl?$AA?$AA@ 1001759c     libcmt:nlsdata2.obj
 0002:000005a4       ??_C@_17KCJGOCPB@?$AAJ?$AAu?$AAn?$AA?$AA@ 100175a4     libcmt:nlsdata2.obj
 0002:000005ac       ??_C@_17PNNKMEED@?$AAM?$AAa?$AAy?$AA?$AA@ 100175ac     libcmt:nlsdata2.obj
 0002:000005b4       ??_C@_17LFPOIHDD@?$AAA?$AAp?$AAr?$AA?$AA@ 100175b4     libcmt:nlsdata2.obj
 0002:000005bc       ??_C@_17CKNLEDEC@?$AAM?$AAa?$AAr?$AA?$AA@ 100175bc     libcmt:nlsdata2.obj
 0002:000005c4       ??_C@_17LMDJEKJN@?$AAF?$AAe?$AAb?$AA?$AA@ 100175c4     libcmt:nlsdata2.obj
 0002:000005cc       ??_C@_17DKNBKCHM@?$AAJ?$AAa?$AAn?$AA?$AA@ 100175cc     libcmt:nlsdata2.obj
 0002:000005d4       ??_C@_1BC@ENMNNPAJ@?$AAS?$AAa?$AAt?$AAu?$AAr?$AAd?$AAa?$AAy?$AA?$AA@ 100175d4     libcmt:nlsdata2.obj
 0002:000005e8       ??_C@_1O@PDICJHAG@?$AAF?$AAr?$AAi?$AAd?$AAa?$AAy?$AA?$AA@ 100175e8     libcmt:nlsdata2.obj
 0002:000005f8       ??_C@_1BC@HHMNLIHE@?$AAT?$AAh?$AAu?$AAr?$AAs?$AAd?$AAa?$AAy?$AA?$AA@ 100175f8     libcmt:nlsdata2.obj
 0002:0000060c       ??_C@_1BE@EBOGMDOH@?$AAW?$AAe?$AAd?$AAn?$AAe?$AAs?$AAd?$AAa?$AAy?$AA?$AA@ 1001760c     libcmt:nlsdata2.obj
 0002:00000620       ??_C@_1BA@ENFBFFEK@?$AAT?$AAu?$AAe?$AAs?$AAd?$AAa?$AAy?$AA?$AA@ 10017620     libcmt:nlsdata2.obj
 0002:00000630       ??_C@_1O@MMNBFLIA@?$AAM?$AAo?$AAn?$AAd?$AAa?$AAy?$AA?$AA@ 10017630     libcmt:nlsdata2.obj
 0002:00000640       ??_C@_1O@IHNHDHPB@?$AAS?$AAu?$AAn?$AAd?$AAa?$AAy?$AA?$AA@ 10017640     libcmt:nlsdata2.obj
 0002:00000650       ??_C@_17GGIBDPIH@?$AAS?$AAa?$AAt?$AA?$AA@ 10017650     libcmt:nlsdata2.obj
 0002:00000658       ??_C@_17HFOLPPLP@?$AAF?$AAr?$AAi?$AA?$AA@ 10017658     libcmt:nlsdata2.obj
 0002:00000660       ??_C@_17PDPHAADD@?$AAT?$AAh?$AAu?$AA?$AA@ 10017660     libcmt:nlsdata2.obj
 0002:00000668       ??_C@_17CJEDCEPE@?$AAW?$AAe?$AAd?$AA?$AA@ 10017668     libcmt:nlsdata2.obj
 0002:00000670       ??_C@_17BMKGEGOJ@?$AAT?$AAu?$AAe?$AA?$AA@ 10017670     libcmt:nlsdata2.obj
 0002:00000678       ??_C@_17KBOMKBF@?$AAM?$AAo?$AAn?$AA?$AA@ 10017678     libcmt:nlsdata2.obj
 0002:00000680       ??_C@_17MBGCMIPB@?$AAS?$AAu?$AAn?$AA?$AA@ 10017680     libcmt:nlsdata2.obj
 0002:00000688       ??_C@_08JCCMCCIL@HH?3mm?3ss?$AA@ 10017688     libcmt:nlsdata2.obj
 0002:00000694       ??_C@_0BE@CKGJFCPC@dddd?0?5MMMM?5dd?0?5yyyy?$AA@ 10017694     libcmt:nlsdata2.obj
 0002:000006a8       ??_C@_08BPBNCDIB@MM?1dd?1yy?$AA@ 100176a8     libcmt:nlsdata2.obj
 0002:000006b4       ??_C@_02CJNFDJBF@PM?$AA@   100176b4     libcmt:nlsdata2.obj
 0002:000006b8       ??_C@_02DEDBPAFC@AM?$AA@   100176b8     libcmt:nlsdata2.obj
 0002:000006bc       ??_C@_08EDHMEBNP@December?$AA@ 100176bc     libcmt:nlsdata2.obj
 0002:000006c8       ??_C@_08HCHEGEOA@November?$AA@ 100176c8     libcmt:nlsdata2.obj
 0002:000006d4       ??_C@_07JJNFCEND@October?$AA@ 100176d4     libcmt:nlsdata2.obj
 0002:000006dc       ??_C@_09BHHEALKD@September?$AA@ 100176dc     libcmt:nlsdata2.obj
 0002:000006e8       ??_C@_06LBBHFDDG@August?$AA@ 100176e8     libcmt:nlsdata2.obj
 0002:000006f0       ??_C@_04MIEPOIFP@July?$AA@ 100176f0     libcmt:nlsdata2.obj
 0002:000006f8       ??_C@_04CNLMGBGM@June?$AA@ 100176f8     libcmt:nlsdata2.obj
 0002:00000700       ??_C@_05DMJDNLEJ@April?$AA@ 10017700     libcmt:nlsdata2.obj
 0002:00000708       ??_C@_05HPCKOFNC@March?$AA@ 10017708     libcmt:nlsdata2.obj
 0002:00000710       ??_C@_08GNJGEPFN@February?$AA@ 10017710     libcmt:nlsdata2.obj
 0002:0000071c       ??_C@_07CGJPFGJA@January?$AA@ 1001771c     libcmt:nlsdata2.obj
 0002:00000724       ??_C@_03MKABNOCG@Dec?$AA@  10017724     libcmt:nlsdata2.obj
 0002:00000728       ??_C@_03JPJOFNIA@Nov?$AA@  10017728     libcmt:nlsdata2.obj
 0002:0000072c       ??_C@_03BMAOKBAD@Oct?$AA@  1001772c     libcmt:nlsdata2.obj
 0002:00000730       ??_C@_03GGCAPAJC@Sep?$AA@  10017730     libcmt:nlsdata2.obj
 0002:00000734       ??_C@_03IFJFEIGA@Aug?$AA@  10017734     libcmt:nlsdata2.obj
 0002:00000738       ??_C@_03LBGABGKK@Jul?$AA@  10017738     libcmt:nlsdata2.obj
 0002:0000073c       ??_C@_03IDFGHECI@Jun?$AA@  1001773c     libcmt:nlsdata2.obj
 0002:00000740       ??_C@_03CNMDKL@May?$AA@    10017740     libcmt:nlsdata2.obj
 0002:00000744       ??_C@_03LEOLGMJP@Apr?$AA@  10017744     libcmt:nlsdata2.obj
 0002:00000748       ??_C@_03ODNJBKGA@Mar?$AA@  10017748     libcmt:nlsdata2.obj
 0002:0000074c       ??_C@_03HJBDCHOM@Feb?$AA@  1001774c     libcmt:nlsdata2.obj
 0002:00000750       ??_C@_03JIHJHPIE@Jan?$AA@  10017750     libcmt:nlsdata2.obj
 0002:00000754       ??_C@_08INBOOONO@Saturday?$AA@ 10017754     libcmt:nlsdata2.obj
 0002:00000760       ??_C@_06JECMNKMI@Friday?$AA@ 10017760     libcmt:nlsdata2.obj
 0002:00000768       ??_C@_08HACCIKIA@Thursday?$AA@ 10017768     libcmt:nlsdata2.obj
 0002:00000774       ??_C@_09DLIGFAKA@Wednesday?$AA@ 10017774     libcmt:nlsdata2.obj
 0002:00000780       ??_C@_07BAAGCFCM@Tuesday?$AA@ 10017780     libcmt:nlsdata2.obj
 0002:00000788       ??_C@_06JLEDEDGH@Monday?$AA@ 10017788     libcmt:nlsdata2.obj
 0002:00000790       ??_C@_06OOPIFAJ@Sunday?$AA@ 10017790     libcmt:nlsdata2.obj
 0002:00000798       ??_C@_03FEFJNEK@Sat?$AA@   10017798     libcmt:nlsdata2.obj
 0002:0000079c       ??_C@_03IDIOELNC@Fri?$AA@  1001779c     libcmt:nlsdata2.obj
 0002:000007a0       ??_C@_03IOFIKPDN@Thu?$AA@  100177a0     libcmt:nlsdata2.obj
 0002:000007a4       ??_C@_03MHOMLAJA@Wed?$AA@  100177a4     libcmt:nlsdata2.obj
 0002:000007a8       ??_C@_03NAGEINEP@Tue?$AA@  100177a8     libcmt:nlsdata2.obj
 0002:000007ac       ??_C@_03PDAGKDH@Mon?$AA@   100177ac     libcmt:nlsdata2.obj
 0002:000007b0       ??_C@_03KOEHGMDN@Sun?$AA@  100177b0     libcmt:nlsdata2.obj
 0002:000007b4       ??_C@_1BO@BKOMIGKJ@?$AAr?$AAu?$AAn?$AAt?$AAi?$AAm?$AAe?$AA?5?$AAe?$AAr?$AAr?$AAo?$AAr?$AA?5?$AA?$AA@ 100177b4     libcmt:crt0msg.obj
 0002:000007d4       ??_C@_15JNBOKNOG@?$AA?$AN?$AA?6?$AA?$AA@ 100177d4     libcmt:crt0msg.obj
 0002:000007dc       ??_C@_1BM@JBBEPPHI@?$AAT?$AAL?$AAO?$AAS?$AAS?$AA?5?$AAe?$AAr?$AAr?$AAo?$AAr?$AA?$AN?$AA?6?$AA?$AA@ 100177dc     libcmt:crt0msg.obj
 0002:000007f8       ??_C@_1BK@KMOMNAAI@?$AAS?$AAI?$AAN?$AAG?$AA?5?$AAe?$AAr?$AAr?$AAo?$AAr?$AA?$AN?$AA?6?$AA?$AA@ 100177f8     libcmt:crt0msg.obj
 0002:00000814       ??_C@_1BO@BFCDCGC@?$AAD?$AAO?$AAM?$AAA?$AAI?$AAN?$AA?5?$AAe?$AAr?$AAr?$AAo?$AAr?$AA?$AN?$AA?6?$AA?$AA@ 10017814     libcmt:crt0msg.obj
 0002:00000838       ??_C@_1BOO@KGEDBGAJ@?$AAR?$AA6?$AA0?$AA3?$AA3?$AA?$AN?$AA?6?$AA?9?$AA?5?$AAA?$AAt?$AAt?$AAe?$AAm?$AAp?$AAt?$AA?5?$AAt?$AAo?$AA?5?$AAu?$AAs?$AAe?$AA?5?$AAM?$AAS?$AAI?$AAL?$AA?5?$AAc?$AAo?$AAd@ 10017838     libcmt:crt0msg.obj
 0002:00000a28       ??_C@_1GG@GOPILAJP@?$AAR?$AA6?$AA0?$AA3?$AA2?$AA?$AN?$AA?6?$AA?9?$AA?5?$AAn?$AAo?$AAt?$AA?5?$AAe?$AAn?$AAo?$AAu?$AAg?$AAh?$AA?5?$AAs?$AAp?$AAa?$AAc?$AAe?$AA?5?$AAf?$AAo?$AAr?$AA?5?$AAl?$AAo@ 10017a28     libcmt:crt0msg.obj
 0002:00000a90       ??_C@_1MG@ENCOOIDF@?$AAR?$AA6?$AA0?$AA3?$AA1?$AA?$AN?$AA?6?$AA?9?$AA?5?$AAA?$AAt?$AAt?$AAe?$AAm?$AAp?$AAt?$AA?5?$AAt?$AAo?$AA?5?$AAi?$AAn?$AAi?$AAt?$AAi?$AAa?$AAl?$AAi?$AAz?$AAe?$AA?5?$AAt@ 10017a90     libcmt:crt0msg.obj
 0002:00000b58       ??_C@_1DO@BMFCDCD@?$AAR?$AA6?$AA0?$AA3?$AA0?$AA?$AN?$AA?6?$AA?9?$AA?5?$AAC?$AAR?$AAT?$AA?5?$AAn?$AAo?$AAt?$AA?5?$AAi?$AAn?$AAi?$AAt?$AAi?$AAa?$AAl?$AAi?$AAz?$AAe?$AAd?$AA?$AN?$AA?6?$AA?$AA@ 10017b58     libcmt:crt0msg.obj
 0002:00000b98       ??_C@_1EK@HHFLMAOL@?$AAR?$AA6?$AA0?$AA2?$AA8?$AA?$AN?$AA?6?$AA?9?$AA?5?$AAu?$AAn?$AAa?$AAb?$AAl?$AAe?$AA?5?$AAt?$AAo?$AA?5?$AAi?$AAn?$AAi?$AAt?$AAi?$AAa?$AAl?$AAi?$AAz?$AAe?$AA?5?$AAh?$AAe@ 10017b98     libcmt:crt0msg.obj
 0002:00000be8       ??_C@_1GK@MFGOKLAG@?$AAR?$AA6?$AA0?$AA2?$AA7?$AA?$AN?$AA?6?$AA?9?$AA?5?$AAn?$AAo?$AAt?$AA?5?$AAe?$AAn?$AAo?$AAu?$AAg?$AAh?$AA?5?$AAs?$AAp?$AAa?$AAc?$AAe?$AA?5?$AAf?$AAo?$AAr?$AA?5?$AAl?$AAo@ 10017be8     libcmt:crt0msg.obj
 0002:00000c58       ??_C@_1GK@MCAAGJMO@?$AAR?$AA6?$AA0?$AA2?$AA6?$AA?$AN?$AA?6?$AA?9?$AA?5?$AAn?$AAo?$AAt?$AA?5?$AAe?$AAn?$AAo?$AAu?$AAg?$AAh?$AA?5?$AAs?$AAp?$AAa?$AAc?$AAe?$AA?5?$AAf?$AAo?$AAr?$AA?5?$AAs?$AAt@ 10017c58     libcmt:crt0msg.obj
 0002:00000cc8       ??_C@_1EM@MAADIHMB@?$AAR?$AA6?$AA0?$AA2?$AA5?$AA?$AN?$AA?6?$AA?9?$AA?5?$AAp?$AAu?$AAr?$AAe?$AA?5?$AAv?$AAi?$AAr?$AAt?$AAu?$AAa?$AAl?$AA?5?$AAf?$AAu?$AAn?$AAc?$AAt?$AAi?$AAo?$AAn?$AA?5?$AAc@ 10017cc8     libcmt:crt0msg.obj
 0002:00000d18       ??_C@_1GK@FHCKBEFA@?$AAR?$AA6?$AA0?$AA2?$AA4?$AA?$AN?$AA?6?$AA?9?$AA?5?$AAn?$AAo?$AAt?$AA?5?$AAe?$AAn?$AAo?$AAu?$AAg?$AAh?$AA?5?$AAs?$AAp?$AAa?$AAc?$AAe?$AA?5?$AAf?$AAo?$AAr?$AA?5?$AA_?$AAo@ 10017d18     libcmt:crt0msg.obj
 0002:00000d88       ??_C@_1FC@ECHBIFBC@?$AAR?$AA6?$AA0?$AA1?$AA9?$AA?$AN?$AA?6?$AA?9?$AA?5?$AAu?$AAn?$AAa?$AAb?$AAl?$AAe?$AA?5?$AAt?$AAo?$AA?5?$AAo?$AAp?$AAe?$AAn?$AA?5?$AAc?$AAo?$AAn?$AAs?$AAo?$AAl?$AAe?$AA?5@ 10017d88     libcmt:crt0msg.obj
 0002:00000de0       ??_C@_1EC@JIBHAOPH@?$AAR?$AA6?$AA0?$AA1?$AA8?$AA?$AN?$AA?6?$AA?9?$AA?5?$AAu?$AAn?$AAe?$AAx?$AAp?$AAe?$AAc?$AAt?$AAe?$AAd?$AA?5?$AAh?$AAe?$AAa?$AAp?$AA?5?$AAe?$AAr?$AAr?$AAo?$AAr?$AA?$AN?$AA?6@ 10017de0     libcmt:crt0msg.obj
 0002:00000e28       ??_C@_1FK@BEOGODMC@?$AAR?$AA6?$AA0?$AA1?$AA7?$AA?$AN?$AA?6?$AA?9?$AA?5?$AAu?$AAn?$AAe?$AAx?$AAp?$AAe?$AAc?$AAt?$AAe?$AAd?$AA?5?$AAm?$AAu?$AAl?$AAt?$AAi?$AAt?$AAh?$AAr?$AAe?$AAa?$AAd?$AA?5@ 10017e28     libcmt:crt0msg.obj
 0002:00000e88       ??_C@_1FI@LOGNIKDM@?$AAR?$AA6?$AA0?$AA1?$AA6?$AA?$AN?$AA?6?$AA?9?$AA?5?$AAn?$AAo?$AAt?$AA?5?$AAe?$AAn?$AAo?$AAu?$AAg?$AAh?$AA?5?$AAs?$AAp?$AAa?$AAc?$AAe?$AA?5?$AAf?$AAo?$AAr?$AA?5?$AAt?$AAh@ 10017e88     libcmt:crt0msg.obj
 0002:00000ee0       ??_C@_1EG@BEHAGFJD@?$AAR?$AA6?$AA0?$AA1?$AA0?$AA?$AN?$AA?6?$AA?9?$AA?5?$AAa?$AAb?$AAo?$AAr?$AAt?$AA?$CI?$AA?$CJ?$AA?5?$AAh?$AAa?$AAs?$AA?5?$AAb?$AAe?$AAe?$AAn?$AA?5?$AAc?$AAa?$AAl?$AAl?$AAe?$AAd@ 10017ee0     libcmt:crt0msg.obj
 0002:00000f28       ??_C@_1FI@HONFMGBI@?$AAR?$AA6?$AA0?$AA0?$AA9?$AA?$AN?$AA?6?$AA?9?$AA?5?$AAn?$AAo?$AAt?$AA?5?$AAe?$AAn?$AAo?$AAu?$AAg?$AAh?$AA?5?$AAs?$AAp?$AAa?$AAc?$AAe?$AA?5?$AAf?$AAo?$AAr?$AA?5?$AAe?$AAn@ 10017f28     libcmt:crt0msg.obj
 0002:00000f80       ??_C@_1FE@LLNEDJMD@?$AAR?$AA6?$AA0?$AA0?$AA8?$AA?$AN?$AA?6?$AA?9?$AA?5?$AAn?$AAo?$AAt?$AA?5?$AAe?$AAn?$AAo?$AAu?$AAg?$AAh?$AA?5?$AAs?$AAp?$AAa?$AAc?$AAe?$AA?5?$AAf?$AAo?$AAr?$AA?5?$AAa?$AAr@ 10017f80     libcmt:crt0msg.obj
 0002:00000fd8       ??_C@_1FK@PGACCAFB@?$AAR?$AA6?$AA0?$AA0?$AA2?$AA?$AN?$AA?6?$AA?9?$AA?5?$AAf?$AAl?$AAo?$AAa?$AAt?$AAi?$AAn?$AAg?$AA?5?$AAp?$AAo?$AAi?$AAn?$AAt?$AA?5?$AAs?$AAu?$AAp?$AAp?$AAo?$AAr?$AAt?$AA?5@ 10017fd8     libcmt:crt0msg.obj
 0002:000010e8       ??_C@_1EK@MBDPDCGA@?$AAM?$AAi?$AAc?$AAr?$AAo?$AAs?$AAo?$AAf?$AAt?$AA?5?$AAV?$AAi?$AAs?$AAu?$AAa?$AAl?$AA?5?$AAC?$AA?$CL?$AA?$CL?$AA?5?$AAR?$AAu?$AAn?$AAt?$AAi?$AAm?$AAe?$AA?5?$AAL?$AAi?$AAb@ 100180e8     libcmt:crt0msg.obj
 0002:00001134       ??_C@_15IABLJNFO@?$AA?6?$AA?6?$AA?$AA@ 10018134     libcmt:crt0msg.obj
 0002:0000113c       ??_C@_17LGKOMLJ@?$AA?4?$AA?4?$AA?4?$AA?$AA@ 1001813c     libcmt:crt0msg.obj
 0002:00001144       ??_C@_1CO@EAEJAADC@?$AA?$DM?$AAp?$AAr?$AAo?$AAg?$AAr?$AAa?$AAm?$AA?5?$AAn?$AAa?$AAm?$AAe?$AA?5?$AAu?$AAn?$AAk?$AAn?$AAo?$AAw?$AAn?$AA?$DO?$AA?$AA@ 10018144     libcmt:crt0msg.obj
 0002:00001174       ??_C@_1DE@JNGNBFGO@?$AAR?$AAu?$AAn?$AAt?$AAi?$AAm?$AAe?$AA?5?$AAE?$AAr?$AAr?$AAo?$AAr?$AA?$CB?$AA?6?$AA?6?$AAP?$AAr?$AAo?$AAg?$AAr?$AAa?$AAm?$AA?3?$AA?5?$AA?$AA@ 10018174     libcmt:crt0msg.obj
 0002:000011a8       ??_C@_05KLBDPFGC@e?$CL000?$AA@ 100181a8     libcmt:cvt.obj
 0002:000011b0       ___newctype                100181b0     libcmt:ctype.obj
 0002:000014b0       __wctype                   100184b0     libcmt:ctype.obj
 0002:000016b8       ___newclmap                100186b8     libcmt:ctype.obj
 0002:00001838       ___newcumap                10018838     libcmt:ctype.obj
 0002:000019b8       ??_C@_0BI@DFKBFLJE@GetProcessWindowStation?$AA@ 100189b8     libcmt:crtmboxw.obj
 0002:000019d0       ??_C@_0BK@DEKFELLI@GetUserObjectInformationW?$AA@ 100189d0     libcmt:crtmboxw.obj
 0002:000019ec       ??_C@_0BD@HHGDFDBJ@GetLastActivePopup?$AA@ 100189ec     libcmt:crtmboxw.obj
 0002:00001a00       ??_C@_0BA@HNOPNCHB@GetActiveWindow?$AA@ 10018a00     libcmt:crtmboxw.obj
 0002:00001a10       ??_C@_0M@DLDCCGNP@MessageBoxW?$AA@ 10018a10     libcmt:crtmboxw.obj
 0002:00001a1c       ??_C@_1BG@GOEBHBDC@?$AAU?$AAS?$AAE?$AAR?$AA3?$AA2?$AA?4?$AAD?$AAL?$AAL?$AA?$AA@ 10018a1c     libcmt:crtmboxw.obj
 0002:00001ab8       ??_C@_06IMKFLFPG@1?$CDQNAN?$AA@ 10018ab8     libcmt:_x10fout_.obj
 0002:00001ac0       ??_C@_05DNEBIAHO@1?$CDINF?$AA@ 10018ac0     libcmt:_x10fout_.obj
 0002:00001ac8       ??_C@_05PHHOCPM@1?$CDIND?$AA@ 10018ac8     libcmt:_x10fout_.obj
 0002:00001ad0       ??_C@_06PGGFOGJG@1?$CDSNAN?$AA@ 10018ad0     libcmt:_x10fout_.obj
 0002:00001ad8       ??_C@_1CA@HMNFICHN@?$AAe?$AAr?$AAr?$AAe?$AAu?$AAr?$AA?5?$AAi?$AAn?$AAc?$AAo?$AAn?$AAn?$AAu?$AAe?$AA?$AA@ 10018ad8     ilu_error.obj
 0002:00001af8       ??_C@_1BK@BGAHMHKP@?$AAp?$AAa?$AAs?$AA?5?$AAd?$AA?8?$AAe?$AAr?$AAr?$AAe?$AAu?$AAr?$AA?$AA@ 10018af8     ilu_error.obj
 0002:00001b14       ??_C@_1DO@ONPCADDD@?$AAe?$AAx?$AAr?$AA?5?$AA?3?$AA?5?$AAe?$AAr?$AAr?$AAe?$AAu?$AAr?$AA?5?$AAd?$AAa?$AAn?$AAs?$AA?5?$AAl?$AAa?$AA?5?$AAl?$AAi?$AAb?$AAr?$AAa?$AAi?$AAr?$AAi?$AAe?$AA?$AA@ 10018b14     ilu_error.obj
 0002:00001b54       ??_C@_1DO@PNIGBAC@?$AAj?$AAp?$AA2?$AA?5?$AA?3?$AA?5?$AAe?$AAr?$AAr?$AAe?$AAu?$AAr?$AA?5?$AAd?$AAa?$AAn?$AAs?$AA?5?$AAl?$AAa?$AA?5?$AAl?$AAi?$AAb?$AAr?$AAa?$AAi?$AAr?$AAi?$AAe?$AA?$AA@ 10018b54     ilu_error.obj
 0002:00001b94       ??_C@_1DO@FINPDFIG@?$AAm?$AAn?$AAg?$AA?5?$AA?3?$AA?5?$AAe?$AAr?$AAr?$AAe?$AAu?$AAr?$AA?5?$AAd?$AAa?$AAn?$AAs?$AA?5?$AAl?$AAa?$AA?5?$AAl?$AAi?$AAb?$AAr?$AAa?$AAi?$AAr?$AAi?$AAe?$AA?$AA@ 10018b94     ilu_error.obj
 0002:00001bd8       ??_C@_1EA@BDIOGCDK@?$AAt?$AAi?$AAf?$AAf?$AA?5?$AA?3?$AA?5?$AAe?$AAr?$AAr?$AAe?$AAu?$AAr?$AA?5?$AAd?$AAa?$AAn?$AAs?$AA?5?$AAl?$AAa?$AA?5?$AAl?$AAi?$AAb?$AAr?$AAa?$AAi?$AAr?$AAi?$AAe?$AA?$AA@ 10018bd8     ilu_error.obj
 0002:00001c18       ??_C@_1DO@FBNBGIHN@?$AAp?$AAn?$AAg?$AA?5?$AA?3?$AA?5?$AAe?$AAr?$AAr?$AAe?$AAu?$AAr?$AA?5?$AAd?$AAa?$AAn?$AAs?$AA?5?$AAl?$AAa?$AA?5?$AAl?$AAi?$AAb?$AAr?$AAa?$AAi?$AAr?$AAi?$AAe?$AA?$AA@ 10018c18     ilu_error.obj
 0002:00001c58       ??_C@_1EA@MJACECEO@?$AAj?$AAp?$AAe?$AAg?$AA?5?$AA?3?$AA?5?$AAe?$AAr?$AAr?$AAe?$AAu?$AAr?$AA?5?$AAd?$AAa?$AAn?$AAs?$AA?5?$AAl?$AAa?$AA?5?$AAl?$AAi?$AAb?$AAr?$AAa?$AAi?$AAr?$AAi?$AAe?$AA?$AA@ 10018c58     ilu_error.obj
 0002:00001c98       ??_C@_1DO@MHPEPJN@?$AAg?$AAi?$AAf?$AA?5?$AA?3?$AA?5?$AAe?$AAr?$AAr?$AAe?$AAu?$AAr?$AA?5?$AAd?$AAa?$AAn?$AAs?$AA?5?$AAl?$AAa?$AA?5?$AAl?$AAi?$AAb?$AAr?$AAa?$AAi?$AAr?$AAi?$AAe?$AA?$AA@ 10018c98     ilu_error.obj
 0002:00001cd8       ??_C@_1EK@KJFAALIO@?$AAe?$AAr?$AAr?$AAe?$AAu?$AAr?$AA?5?$AAl?$AAo?$AAr?$AAs?$AA?5?$AAd?$AAe?$AA?5?$AAl?$AAa?$AA?5?$AAl?$AAe?$AAc?$AAt?$AAu?$AAr?$AAe?$AA?5?$AAd?$AAu?$AA?5?$AAf?$AAi?$AAc@ 10018cd8     ilu_error.obj
 0002:00001d24       ??_C@_1CK@JPEODEBM@?$AAm?$AAa?$AAu?$AAv?$AAa?$AAi?$AAs?$AAe?$AAs?$AA?5?$AAd?$AAi?$AAm?$AAe?$AAn?$AAs?$AAi?$AAo?$AAn?$AAs?$AA?$AA@ 10018d24     ilu_error.obj
 0002:00001d50       ??_C@_1CI@GAJKGMML@?$AAc?$AAo?$AAn?$AAv?$AAe?$AAr?$AAs?$AAi?$AAo?$AAn?$AA?5?$AAi?$AAn?$AAv?$AAa?$AAl?$AAi?$AAd?$AAe?$AA?$AA@ 10018d50     ilu_error.obj
 0002:00001d78       ??_C@_1CO@KKPEJJLG@?$AA?i?$AAq?$AAu?$AAi?$AAv?$AAa?$AAl?$AAe?$AAn?$AAt?$AA?5?$AAh?$AAo?$AAr?$AAs?$AA?9?$AAf?$AAo?$AAr?$AAm?$AAa?$AAt?$AA?$AA@ 10018d78     ilu_error.obj
 0002:00001da8       ??_C@_1CM@LKLKDFAK@?$AAf?$AAi?$AAc?$AAh?$AAi?$AAe?$AAr?$AA?5?$AAd?$AA?i?$AAj?$AA?$OA?$AA?5?$AAe?$AAx?$AAi?$AAs?$AAt?$AAa?$AAn?$AAt?$AA?$AA@ 10018da8     ilu_error.obj
 0002:00001dd4       ??_C@_1CG@MDGPOGHK@?$AAe?$AAx?$AAt?$AAe?$AAn?$AAs?$AAi?$AAo?$AAn?$AA?5?$AAi?$AAn?$AAv?$AAa?$AAl?$AAi?$AAd?$AAe?$AA?$AA@ 10018dd4     ilu_error.obj
 0002:00001dfc       ??_C@_1DM@PNFDLHBH@?$AAn?$AAe?$AA?5?$AAp?$AAe?$AAu?$AAt?$AA?5?$AAp?$AAa?$AAs?$AA?5?$AAo?$AAu?$AAv?$AAr?$AAi?$AAr?$AA?5?$AAl?$AAe?$AA?5?$AAf?$AAi?$AAc?$AAh?$AAi?$AAe?$AAr?$AA?$AA@ 10018dfc     ilu_error.obj
 0002:00001e38       ??_C@_1CG@HDAOAOHG@?$AAp?$AAa?$AAr?$AAa?$AAm?$AA?h?$AAt?$AAr?$AAe?$AA?5?$AAi?$AAn?$AAv?$AAa?$AAl?$AAi?$AAd?$AAe?$AA?$AA@ 10018e38     ilu_error.obj
 0002:00001e60       ??_C@_1DI@OFDPAFNA@?$AAe?$AAn?$AA?9?$AAt?$AA?j?$AAt?$AAe?$AA?5?$AAd?$AAe?$AA?5?$AAf?$AAi?$AAc?$AAh?$AAi?$AAe?$AAr?$AA?5?$AAi?$AAn?$AAv?$AAa?$AAl?$AAi?$AAd?$AAe?$AA?$AA@ 10018e60     ilu_error.obj
 0002:00001e98       ??_C@_1DG@CBNKDHNN@?$AAv?$AAa?$AAl?$AAe?$AAu?$AAr?$AA?5?$AAd?$AAe?$AA?5?$AAf?$AAi?$AAc?$AAh?$AAi?$AAe?$AAr?$AA?5?$AAi?$AAl?$AAl?$AA?i?$AAg?$AAa?$AAl?$AAe?$AA?$AA@ 10018e98     ilu_error.obj
 0002:00001ed0       ??_C@_1CG@OAHIJIBB@?$AAo?$AAp?$AA?i?$AAr?$AAa?$AAt?$AAi?$AAo?$AAn?$AA?5?$AAi?$AAl?$AAl?$AA?i?$AAg?$AAa?$AAl?$AAe?$AA?$AA@ 10018ed0     ilu_error.obj
 0002:00001ef8       ??_C@_1CA@NALAPLOH@?$AAv?$AAa?$AAl?$AAe?$AAu?$AAr?$AA?5?$AAi?$AAl?$AAl?$AA?i?$AAg?$AAa?$AAl?$AAe?$AA?$AA@ 10018ef8     ilu_error.obj
 0002:00001f18       ??_C@_1BO@NHKDJNKP@?$AAe?$AAr?$AAr?$AAe?$AAu?$AAr?$AA?5?$AAi?$AAn?$AAt?$AAe?$AAr?$AAn?$AAe?$AA?$AA@ 10018f18     ilu_error.obj
 0002:00001f38       ??_C@_1CI@NEFCBCMC@?$AAf?$AAo?$AAr?$AAm?$AAa?$AAt?$AA?5?$AAn?$AAo?$AAn?$AA?5?$AAs?$AAu?$AAp?$AAp?$AAo?$AAr?$AAt?$AA?i?$AA?$AA@ 10018f38     ilu_error.obj
 0002:00001f60       ??_C@_1CO@KFPCDAPJ@?$AAd?$AA?i?$AAp?$AAa?$AAs?$AAs?$AAe?$AAm?$AAe?$AAn?$AAt?$AA?5?$AAd?$AAe?$AA?5?$AAm?$AA?i?$AAm?$AAo?$AAi?$AAr?$AAe?$AA?$AA@ 10018f60     ilu_error.obj
 0002:00001f90       ??_C@_1CK@NDELFGJH@?$AA?i?$AAn?$AAu?$AAm?$AA?i?$AAr?$AAa?$AAt?$AAi?$AAo?$AAn?$AA?5?$AAi?$AAn?$AAv?$AAa?$AAl?$AAi?$AAd?$AAe?$AA?$AA@ 10018f90     ilu_error.obj
 0002:00001fbc       ??_C@_1CG@IOJFFCEB@?$AAU?$AAn?$AAb?$AAe?$AAk?$AAa?$AAn?$AAn?$AAt?$AAe?$AAr?$AA?5?$AAF?$AAe?$AAh?$AAl?$AAe?$AAr?$AA?$AA@ 10018fbc     ilu_error.obj
 0002:00001fe4       ??_C@_1BI@BCDJAAKE@?$AAK?$AAe?$AAi?$AAn?$AA?5?$AAF?$AAe?$AAh?$AAl?$AAe?$AAr?$AA?$AA@ 10018fe4     ilu_error.obj
 0002:00001ffc       ??_C@_1DK@EPDNFEGH@?$AAF?$AAe?$AAh?$AAl?$AAe?$AAr?$AA?5?$AAi?$AAn?$AA?5?$AAd?$AAe?$AAr?$AA?5?$AAe?$AAx?$AAr?$AA?5?$AAB?$AAi?$AAb?$AAl?$AAi?$AAo?$AAt?$AAh?$AAe?$AAk?$AA?$AA@ 10018ffc     ilu_error.obj
 0002:00002038       ??_C@_1DK@LBMGMJF@?$AAF?$AAe?$AAh?$AAl?$AAe?$AAr?$AA?5?$AAi?$AAn?$AA?5?$AAd?$AAe?$AAr?$AA?5?$AAj?$AAp?$AA2?$AA?5?$AAB?$AAi?$AAb?$AAl?$AAi?$AAo?$AAt?$AAh?$AAe?$AAk?$AA?$AA@ 10019038     ilu_error.obj
 0002:00002074       ??_C@_1DK@OHDPOMJ@?$AAF?$AAe?$AAh?$AAl?$AAe?$AAr?$AA?5?$AAi?$AAn?$AA?5?$AAd?$AAe?$AAr?$AA?5?$AAm?$AAn?$AAg?$AA?5?$AAB?$AAi?$AAb?$AAl?$AAi?$AAo?$AAt?$AAh?$AAe?$AAk?$AA?$AA@ 10019074     ilu_error.obj
 0002:000020b0       ??_C@_1DM@KNFIOOOK@?$AAF?$AAe?$AAh?$AAl?$AAe?$AAr?$AA?5?$AAi?$AAn?$AA?5?$AAd?$AAe?$AAr?$AA?5?$AAt?$AAi?$AAf?$AAf?$AA?5?$AAB?$AAi?$AAb?$AAl?$AAi?$AAo?$AAt?$AAh?$AAe?$AAk?$AA?$AA@ 100190b0     ilu_error.obj
 0002:000020ec       ??_C@_1DK@ILAKLDOC@?$AAF?$AAe?$AAh?$AAl?$AAe?$AAr?$AA?5?$AAi?$AAn?$AA?5?$AAd?$AAe?$AAr?$AA?5?$AAp?$AAn?$AAg?$AA?5?$AAB?$AAi?$AAb?$AAl?$AAi?$AAo?$AAt?$AAh?$AAe?$AAk?$AA?$AA@ 100190ec     ilu_error.obj
 0002:00002128       ??_C@_1DM@ILGDMDND@?$AAF?$AAe?$AAh?$AAl?$AAe?$AAr?$AA?5?$AAi?$AAn?$AA?5?$AAd?$AAe?$AAr?$AA?5?$AAj?$AAp?$AAe?$AAg?$AA?5?$AAB?$AAi?$AAb?$AAl?$AAi?$AAo?$AAt?$AAh?$AAe?$AAk?$AA?$AA@ 10019128     ilu_error.obj
 0002:00002164       ??_C@_1DK@KNNAHDBM@?$AAF?$AAe?$AAh?$AAl?$AAe?$AAr?$AA?5?$AAi?$AAn?$AA?5?$AAd?$AAe?$AAr?$AA?5?$AAg?$AAi?$AAf?$AA?5?$AAB?$AAi?$AAb?$AAl?$AAi?$AAo?$AAt?$AAh?$AAe?$AAk?$AA?$AA@ 10019164     ilu_error.obj
 0002:000021a0       ??_C@_1DI@GMKKLKGH@?$AAF?$AAe?$AAh?$AAl?$AAe?$AAr?$AA?5?$AAb?$AAe?$AAi?$AAm?$AA?5?$AAL?$AAe?$AAs?$AAe?$AAn?$AA?5?$AAd?$AAe?$AAr?$AA?5?$AAD?$AAa?$AAt?$AAe?$AAi?$AA?$AA@ 100191a0     ilu_error.obj
 0002:000021d8       ??_C@_1DA@IJILAKCO@?$AAU?$AAn?$AAz?$AAu?$AAl?$AA?d?$AAs?$AAs?$AAi?$AAg?$AAe?$AA?5?$AAA?$AAb?$AAm?$AAe?$AAs?$AAs?$AAu?$AAn?$AAg?$AAe?$AAn?$AA?$AA@ 100191d8     ilu_error.obj
 0002:00002208       ??_C@_1DA@BDALIJHE@?$AAU?$AAn?$AAg?$AA?$PM?$AAl?$AAt?$AAi?$AAg?$AAe?$AA?5?$AAK?$AAo?$AAn?$AAv?$AAe?$AAr?$AAt?$AAi?$AAe?$AAr?$AAu?$AAn?$AAg?$AA?$AA@ 10019208     ilu_error.obj
 0002:00002238       ??_C@_1CA@FPDJBJPA@?$AAS?$AAt?$AAa?$AAc?$AAk?$AA?5?$AAU?$AAn?$AAt?$AAe?$AAr?$AAl?$AAa?$AAu?$AAf?$AA?$AA@ 10019238     ilu_error.obj
 0002:00002258       ??_C@_1BO@KLEFMMLO@?$AAS?$AAt?$AAa?$AAc?$AAk?$AA?5?$AA?$NM?$AAb?$AAe?$AAr?$AAl?$AAa?$AAu?$AAf?$AA?$AA@ 10019258     ilu_error.obj
 0002:00002278       ??_C@_1DI@NCGFKKOJ@?$AAD?$AAi?$AAe?$AA?5?$AAD?$AAa?$AAt?$AAe?$AAi?$AA?5?$AAe?$AAx?$AAi?$AAs?$AAt?$AAi?$AAe?$AAr?$AAt?$AA?5?$AAb?$AAe?$AAr?$AAe?$AAi?$AAt?$AAs?$AA?$AA@ 10019278     ilu_error.obj
 0002:000022b0       ??_C@_1CO@MBCEOOLD@?$AAU?$AAn?$AAg?$AA?$PM?$AAl?$AAt?$AAi?$AAg?$AAe?$AAr?$AA?5?$AAE?$AAr?$AAw?$AAe?$AAi?$AAt?$AAe?$AAr?$AAu?$AAn?$AAg?$AA?$AA@ 100192b0     ilu_error.obj
 0002:000022e0       ??_C@_1EG@GLCHFCHI@?$AAD?$AAa?$AAt?$AAe?$AAi?$AA?5?$AAk?$AAo?$AAn?$AAn?$AAt?$AAe?$AA?5?$AAn?$AAi?$AAc?$AAh?$AAt?$AA?5?$AAg?$AAe?$AA?v?$AAf?$AAf?$AAn?$AAe?$AAt?$AA?5?$AAw?$AAe?$AAr?$AAd@ 100192e0     ilu_error.obj
 0002:00002328       ??_C@_1CO@HIHMMEBB@?$AAU?$AAn?$AAz?$AAu?$AAl?$AA?d?$AAs?$AAs?$AAi?$AAg?$AAe?$AAr?$AA?5?$AAP?$AAa?$AAr?$AAa?$AAm?$AAe?$AAt?$AAe?$AAr?$AA?$AA@ 10019328     ilu_error.obj
 0002:00002358       ??_C@_1DE@MFBPMMOI@?$AAU?$AAn?$AAz?$AAu?$AAl?$AA?d?$AAs?$AAs?$AAi?$AAg?$AAe?$AAr?$AA?5?$AAD?$AAa?$AAt?$AAe?$AAi?$AA?9?$AAH?$AAe?$AAa?$AAd?$AAe?$AAr?$AA?$AA@ 10019358     ilu_error.obj
 0002:0000238c       ??_C@_1DA@IPDPLFIL@?$AAU?$AAn?$AAz?$AAu?$AAl?$AA?d?$AAs?$AAs?$AAi?$AAg?$AAe?$AAr?$AA?5?$AAD?$AAa?$AAt?$AAe?$AAi?$AA?9?$AAW?$AAe?$AAr?$AAt?$AA?$AA@ 1001938c     ilu_error.obj
 0002:000023bc       ??_C@_1CM@EJAODAH@?$AAU?$AAn?$AAz?$AAu?$AAl?$AA?d?$AAs?$AAs?$AAi?$AAg?$AAe?$AA?5?$AAO?$AAp?$AAe?$AAr?$AAa?$AAt?$AAi?$AAo?$AAn?$AA?$AA@ 100193bc     ilu_error.obj
 0002:000023e8       ??_C@_1CA@OBNPBHAH@?$AAU?$AAn?$AAg?$AA?$PM?$AAl?$AAt?$AAi?$AAg?$AAe?$AAr?$AA?5?$AAW?$AAe?$AAr?$AAt?$AA?$AA@ 100193e8     ilu_error.obj
 0002:00002408       ??_C@_1CA@PEHIKCPH@?$AAI?$AAn?$AAt?$AAe?$AAr?$AAn?$AAe?$AAr?$AA?5?$AAF?$AAe?$AAh?$AAl?$AAe?$AAr?$AA?$AA@ 10019408     ilu_error.obj
 0002:00002428       ??_C@_1EO@HGBJJHBF@?$AAD?$AAa?$AAs?$AA?5?$AAF?$AAo?$AAr?$AAm?$AAa?$AAt?$AA?5?$AAw?$AAi?$AAr?$AAd?$AA?5?$AAn?$AAo?$AAc?$AAh?$AA?5?$AAn?$AAi?$AAc?$AAh?$AAt?$AA?5?$AAu?$AAn?$AAt?$AAe?$AAr@ 10019428     ilu_error.obj
 0002:00002478       ??_C@_1DA@HGGGFNED@?$AAK?$AAe?$AAi?$AAn?$AA?5?$AAS?$AAp?$AAe?$AAi?$AAc?$AAh?$AAe?$AAr?$AA?5?$AAv?$AAe?$AAr?$AAf?$AA?$PM?$AAg?$AAb?$AAa?$AAr?$AA?$AA@ 10019478     ilu_error.obj
 0002:000024a8       ??_C@_1CM@PBABIAKF@?$AAU?$AAn?$AAg?$AA?$PM?$AAl?$AAt?$AAi?$AAg?$AAe?$AAr?$AA?5?$AAE?$AAn?$AAu?$AAm?$AAe?$AAr?$AAa?$AAt?$AAo?$AAr?$AA?$AA@ 100194a8     ilu_error.obj
 0002:000024d4       ??_C@_1DC@POGNHGDF@?$AAe?$AAr?$AAr?$AAo?$AAr?$AA?5?$AAe?$AAn?$AA?5?$AAl?$AAa?$AA?5?$AAl?$AAi?$AAb?$AAr?$AAe?$AAr?$AA?m?$AAa?$AA?5?$AAe?$AAx?$AAr?$AA?$AA@ 100194d4     ilu_error.obj
 0002:00002508       ??_C@_1DC@FAAKLOMJ@?$AAe?$AAr?$AAr?$AAo?$AAr?$AA?5?$AAe?$AAn?$AA?5?$AAl?$AAa?$AA?5?$AAl?$AAi?$AAb?$AAr?$AAe?$AAr?$AA?m?$AAa?$AA?5?$AAj?$AAp?$AA2?$AA?$AA@ 10019508     ilu_error.obj
 0002:0000253c       ??_C@_1DC@JPMACLKL@?$AAe?$AAr?$AAr?$AAo?$AAr?$AA?5?$AAe?$AAn?$AA?5?$AAl?$AAa?$AA?5?$AAl?$AAi?$AAb?$AAr?$AAe?$AAr?$AA?m?$AAa?$AA?5?$AAm?$AAn?$AAg?$AA?$AA@ 1001953c     ilu_error.obj
 0002:00002570       ??_C@_1DE@OFCANLOD@?$AAe?$AAr?$AAr?$AAo?$AAr?$AA?5?$AAe?$AAn?$AA?5?$AAl?$AAa?$AA?5?$AAl?$AAi?$AAb?$AAr?$AAe?$AAr?$AA?m?$AAa?$AA?5?$AAt?$AAi?$AAf?$AAf?$AA?$AA@ 10019570     ilu_error.obj
 0002:000025a4       ??_C@_1DC@HIHOAPFB@?$AAe?$AAr?$AAr?$AAo?$AAr?$AA?5?$AAe?$AAn?$AA?5?$AAl?$AAa?$AA?5?$AAl?$AAi?$AAb?$AAr?$AAe?$AAr?$AA?m?$AAa?$AA?5?$AAp?$AAn?$AAg?$AA?$AA@ 100195a4     ilu_error.obj
 0002:000025d8       ??_C@_1DE@IBJLFFHD@?$AAe?$AAr?$AAr?$AAo?$AAr?$AA?5?$AAe?$AAn?$AA?5?$AAl?$AAa?$AA?5?$AAl?$AAi?$AAb?$AAr?$AAe?$AAr?$AA?m?$AAa?$AA?5?$AAj?$AAp?$AAe?$AAg?$AA?$AA@ 100195d8     ilu_error.obj
 0002:0000260c       ??_C@_1DC@KLLJGALO@?$AAe?$AAr?$AAr?$AAo?$AAr?$AA?5?$AAe?$AAn?$AA?5?$AAl?$AAa?$AA?5?$AAl?$AAi?$AAb?$AAr?$AAe?$AAr?$AA?m?$AAa?$AA?5?$AAg?$AAi?$AAf?$AA?$AA@ 1001960c     ilu_error.obj
 0002:00002640       ??_C@_1DO@OPNGPCHO@?$AAe?$AAr?$AAr?$AAo?$AAr?$AA?5?$AAd?$AAe?$AA?5?$AAl?$AAe?$AAc?$AAt?$AAu?$AAr?$AAa?$AA?5?$AAe?$AAn?$AA?5?$AAe?$AAl?$AA?5?$AAf?$AAi?$AAc?$AAh?$AAe?$AAr?$AAo?$AA?$AA@ 10019640     ilu_error.obj
 0002:00002680       ??_C@_1EC@FFNPLEMJ@?$AAn?$AA?z?$AAm?$AAe?$AAr?$AAo?$AA?5?$AAd?$AAe?$AA?5?$AAd?$AAi?$AAm?$AAe?$AAn?$AAs?$AAi?$AAo?$AAn?$AAe?$AAs?$AA?5?$AAi?$AAn?$AAc?$AAo?$AAr?$AAr?$AAe?$AAc?$AAt?$AAo@ 10019680     ilu_error.obj
 0002:000026c4       ??_C@_1CM@OMLIENAF@?$AAc?$AAo?$AAn?$AAv?$AAe?$AAr?$AAs?$AAi?$AA?s?$AAn?$AA?5?$AAi?$AAn?$AAc?$AAo?$AAr?$AAr?$AAe?$AAc?$AAt?$AAa?$AA?$AA@ 100196c4     ilu_error.obj
 0002:000026f0       ??_C@_1EA@NBAJPDEI@?$AAd?$AAe?$AAs?$AAb?$AAo?$AAr?$AAd?$AAa?$AAm?$AAi?$AAe?$AAn?$AAt?$AAo?$AA?5?$AAi?$AAn?$AAf?$AAe?$AAr?$AAi?$AAo?$AAr?$AA?5?$AAd?$AAe?$AA?5?$AAp?$AAi?$AAl?$AAa?$AA?$AA@ 100196f0     ilu_error.obj
 0002:00002730       ??_C@_1EA@IMCEODEG@?$AAd?$AAe?$AAs?$AAb?$AAo?$AAr?$AAd?$AAa?$AAm?$AAi?$AAe?$AAn?$AAt?$AAo?$AA?5?$AAs?$AAu?$AAp?$AAe?$AAr?$AAi?$AAo?$AAr?$AA?5?$AAd?$AAe?$AA?5?$AAp?$AAi?$AAl?$AAa?$AA?$AA@ 10019730     ilu_error.obj
 0002:00002770       ??_C@_1DM@OFODONCM@?$AAf?$AAo?$AAr?$AAm?$AAa?$AAt?$AAo?$AA?5?$AAd?$AAe?$AA?5?$AAs?$AAa?$AAl?$AAi?$AAd?$AAa?$AA?5?$AAe?$AAq?$AAu?$AAi?$AAv?$AAa?$AAl?$AAe?$AAn?$AAt?$AAe?$AA?$AA@ 10019770     ilu_error.obj
 0002:000027ac       ??_C@_1CK@FMNLDLFO@?$AAe?$AAl?$AA?5?$AAf?$AAi?$AAc?$AAh?$AAe?$AAr?$AAo?$AA?5?$AAy?$AAa?$AA?5?$AAe?$AAx?$AAi?$AAs?$AAt?$AAe?$AA?$AA@ 100197ac     ilu_error.obj
 0002:000027d8       ??_C@_1CM@OICMKPO@?$AAe?$AAx?$AAt?$AAe?$AAn?$AAs?$AAi?$AA?s?$AAn?$AA?5?$AAd?$AAe?$AAs?$AAc?$AAo?$AAn?$AAo?$AAc?$AAi?$AAd?$AAa?$AA?$AA@ 100197d8     ilu_error.obj
 0002:00002804       ??_C@_1DK@OBJNJFBI@?$AAn?$AAo?$AA?5?$AAs?$AAe?$AA?5?$AAp?$AAu?$AAe?$AAd?$AAe?$AA?5?$AAa?$AAb?$AAr?$AAi?$AAr?$AA?5?$AAe?$AAl?$AA?5?$AAf?$AAi?$AAc?$AAh?$AAe?$AAr?$AAo?$AA?$AA@ 10019804     ilu_error.obj
 0002:00002840       ??_C@_1CK@FNEFMPJI@?$AAp?$AAa?$AAr?$AA?a?$AAm?$AAe?$AAt?$AAr?$AAo?$AA?5?$AAi?$AAn?$AAc?$AAo?$AAr?$AAr?$AAe?$AAc?$AAt?$AAo?$AA?$AA@ 10019840     ilu_error.obj
 0002:0000286c       ??_C@_1CI@CHEAKFPN@?$AAc?$AAa?$AAb?$AAe?$AAc?$AAe?$AAr?$AAa?$AA?5?$AAi?$AAn?$AAc?$AAo?$AAr?$AAr?$AAe?$AAc?$AAt?$AAa?$AA?$AA@ 1001986c     ilu_error.obj
 0002:00002894       ??_C@_1DO@DKFFDHIG@?$AAv?$AAa?$AAl?$AAo?$AAr?$AA?5?$AAd?$AAe?$AA?5?$AAf?$AAi?$AAc?$AAh?$AAe?$AAr?$AAo?$AA?5?$AAi?$AAl?$AAe?$AAg?$AAa?$AAI?$AAL?$AA_?$AAT?$AAE?$AAX?$AAT?$AA?$CI?$AA?$AA@ 10019894     ilu_error.obj
 0002:000028d4       ??_C@_1DA@HAELOPGN@?$AAo?$AAp?$AAe?$AAr?$AAa?$AAc?$AAi?$AA?s?$AAn?$AA?5?$AAi?$AAl?$AAe?$AAg?$AAa?$AAI?$AAL?$AA_?$AAT?$AAE?$AAX?$AAT?$AA?$CI?$AA?$AA@ 100198d4     ilu_error.obj
 0002:00002904       ??_C@_1CC@HCELJPEA@?$AAv?$AAa?$AAl?$AAo?$AAr?$AA?5?$AAi?$AAn?$AAc?$AAo?$AAr?$AAr?$AAe?$AAc?$AAt?$AAo?$AA?$AA@ 10019904     ilu_error.obj
 0002:00002928       ??_C@_1BM@GDFBBKPK@?$AAe?$AAr?$AAr?$AAo?$AAr?$AA?5?$AAi?$AAn?$AAt?$AAe?$AAr?$AAn?$AAo?$AA?$AA@ 10019928     ilu_error.obj
 0002:00002944       ??_C@_1DK@CBIAJMI@?$AAf?$AAo?$AAr?$AAm?$AAa?$AAt?$AAo?$AA?5?$AAn?$AAo?$AA?5?$AAs?$AAo?$AAp?$AAo?$AAr?$AAt?$AAa?$AAd?$AAo?$AA?5?$AAt?$AAo?$AAd?$AAa?$AAv?$AA?m?$AAa?$AA?$AA@ 10019944     ilu_error.obj
 0002:00002980       ??_C@_1DI@LBBCEEKH@?$AAn?$AAo?$AA?5?$AAq?$AAu?$AAe?$AAd?$AAa?$AA?5?$AAm?$AAe?$AAm?$AAo?$AAr?$AAi?$AAa?$AA?5?$AAd?$AAi?$AAs?$AAp?$AAo?$AAn?$AAi?$AAb?$AAl?$AAe?$AA?$AA@ 10019980     ilu_error.obj
 0002:000029b8       ??_C@_1CM@HFICKFIC@?$AAe?$AAn?$AAu?$AAm?$AAe?$AAr?$AAa?$AAd?$AAo?$AAr?$AA?5?$AAi?$AAn?$AAc?$AAo?$AAr?$AAr?$AAe?$AAc?$AAt?$AAo?$AA?$AA@ 100199b8     ilu_error.obj
 0002:000029e4       ??_C@_1CG@LCKCFJMA@?$AA?d?$AA?$LI?$AA?$IN?$AA?f?$AC?$NM?$AB?$HN?$AA?c?$AA?$IB?$AA?$KK?$AA?c?5?$BK?$AA?$KI?$AA?c?$AB?$JC?$AA?$KJ?$AA?c?$AB?$JC?$AA?$LM?$AA?$AA@ 100199e4     ilu_error.obj
 0002:00002a0c       ??_C@_1CA@OMFFKEBF@?$AA?c?5?$BK?$AA?$KI?$AA?c?$AB?$JC?$AA?$KJ?$AA?c?$AB?$JC?$AA?$LM?$AA?g?5?$BO?$AA?$KB?$AA?c?$AA?$IB?5?$BE?$AA?$AA@ 10019a0c     ilu_error.obj
 0002:00002a2c       ??_C@_1DI@LLHNDEOK@?$AAe?$AAx?$AAr?$AA?c?$AB?$JC?$AA?$KJ?$AA?c?5?$BK?$AA?$KE?$AA?c?$AB?$JC?5?$BD?$AA?c?$AB?$JC?$AA?$KJ?$AA?c?$AB?$JC?$AA?$KK?$AA?c?5?$BK?$AA?$KI?$AA?c?$AB?$JC?$AA?$KJ?$AA?c?$AB?$JC?$AA?$LM?$AA?$AA@ 10019a2c     ilu_error.obj
 0002:00002a64       ??_C@_1DI@KDPIOCJD@?$AAj?$AAp?$AA2?$AA?c?$AB?$JC?$AA?$KJ?$AA?c?5?$BK?$AA?$KE?$AA?c?$AB?$JC?5?$BD?$AA?c?$AB?$JC?$AA?$KJ?$AA?c?$AB?$JC?$AA?$KK?$AA?c?5?$BK?$AA?$KI?$AA?c?$AB?$JC?$AA?$KJ?$AA?c?$AB?$JC?$AA?$LM?$AA?$AA@ 10019a64     ilu_error.obj
 0002:00002a9c       ??_C@_1DI@HHKGBBGL@?$AAm?$AAn?$AAg?$AA?c?$AB?$JC?$AA?$KJ?$AA?c?5?$BK?$AA?$KE?$AA?c?$AB?$JC?5?$BD?$AA?c?$AB?$JC?$AA?$KJ?$AA?c?$AB?$JC?$AA?$KK?$AA?c?5?$BK?$AA?$KI?$AA?c?$AB?$JC?$AA?$KJ?$AA?c?$AB?$JC?$AA?$LM?$AA?$AA@ 10019a9c     ilu_error.obj
 0002:00002ad4       ??_C@_1DK@BPLJJBJB@?$AAt?$AAi?$AAf?$AAf?$AA?c?$AB?$JC?$AA?$KJ?$AA?c?5?$BK?$AA?$KE?$AA?c?$AB?$JC?5?$BD?$AA?c?$AB?$JC?$AA?$KJ?$AA?c?$AB?$JC?$AA?$KK?$AA?c?5?$BK?$AA?$KI?$AA?c?$AB?$JC?$AA?$KJ?$AA?c?$AB?$JC?$AA?$LM?$AA?$AA@ 10019ad4     ilu_error.obj
 0002:00002b10       ??_C@_1DI@PCOPOIGJ@?$AAp?$AAn?$AAg?$AA?c?$AB?$JC?$AA?$KJ?$AA?c?5?$BK?$AA?$KE?$AA?c?$AB?$JC?5?$BD?$AA?c?$AB?$JC?$AA?$KJ?$AA?c?$AB?$JC?$AA?$KK?$AA?c?5?$BK?$AA?$KI?$AA?c?$AB?$JC?$AA?$KJ?$AA?c?$AB?$JC?$AA?$LM?$AA?$AA@ 10019b10     ilu_error.obj
 0002:00002b48       ??_C@_1DK@KOJIJMNO@?$AAj?$AAp?$AAe?$AAg?$AA?c?$AB?$JC?$AA?$KJ?$AA?c?5?$BK?$AA?$KE?$AA?c?$AB?$JC?5?$BD?$AA?c?$AB?$JC?$AA?$KJ?$AA?c?$AB?$JC?$AA?$KK?$AA?c?5?$BK?$AA?$KI?$AA?c?$AB?$JC?$AA?$KJ?$AA?c?$AB?$JC?$AA?$LM?$AA?$AA@ 10019b48     ilu_error.obj
 0002:00002b84       ??_C@_1DI@MNJAAIHC@?$AAg?$AAi?$AAf?$AA?c?$AB?$JC?$AA?$KJ?$AA?c?5?$BK?$AA?$KE?$AA?c?$AB?$JC?5?$BD?$AA?c?$AB?$JC?$AA?$KJ?$AA?c?$AB?$JC?$AA?$KK?$AA?c?5?$BK?$AA?$KI?$AA?c?$AB?$JC?$AA?$KJ?$AA?c?$AB?$JC?$AA?$LM?$AA?$AA@ 10019b84     ilu_error.obj
 0002:00002bc0       ??_C@_1EE@EKCBBPOD@?$AA?c?$AB?$JC?5?$CC?$AA?c?5?$BK?$AA?$KB?$AA?c?5?$BK?$AA?$KE?$AA?c?$AB?$JC?$AA?$KL?$AA?h?$AA?$KK?$AA?$KN?$AA?c?$AA?$IB?$AA?$LP?$AA?h?$AA?$LO?$AA?$LM?$AA?c?$AA?$IB?$AA?$LP?$AA?c?5?$BK?$AA?$KI?$AA?c?$AB?$JC?$AA?$KJ?$AA?c?$AB?$JC@ 10019bc0     ilu_error.obj
 0002:00002c04       ??_C@_1CG@BLBKCOJL@?$AA?d?$AA?$LI?$AA?$IN?$AA?f?$AA?$KN?$AA?$KD?$AA?c?$AA?$IB?$AA?$KK?$AA?c?5?$BK?$AA?$LF?$AA?c?5?$BK?$AA?$KE?$AA?c?5?$BK?$AA?$LK?$AA?$AA@ 10019c04     ilu_error.obj
 0002:00002c2c       ??_C@_1CA@FEANMDFM@?$AA?g?5?$BO?$AA?$KB?$AA?e?$AB?$GA?$AA?$LJ?$AA?c?$AA?$IB?$AA?$KK?$AA?e?$AA?$KE?50?$AA?f?$AA?$IP?5?3?$AA?$AA@ 10019c2c     ilu_error.obj
 0002:00002c50       ??_C@_1EE@LPMPICCB@?$AA?c?5?$BK?$AA?$LJ?$AA?c?5?$BK?$AA?$LP?$AA?c?$AB?$JC?$AB?$JC?$AA?c?5?$BK?$AA?$KP?$AA?c?5?$BK?$AA?$KC?$AA?c?$AB?$JC?$AA?$LD?$AA?c?$AB?$JC?5?$KM?$AA?c?$AB?$JC?$AA?$LM?$AA?c?$AB?$JC?5?$CC?$AA?c?$AB?$JC?$AA?$KN?$AA?c?$AB?$JC@ 10019c50     ilu_error.obj
 0002:00002c98       ??_C@_1EE@FPCBADOL@?$AA?c?5?$BK?$AA?$LJ?$AA?c?5?$BK?$AA?$LP?$AA?c?$AB?$JC?$AB?$JC?$AA?c?5?$BK?$AA?$KP?$AA?c?5?$BK?$AA?$KK?$AA?c?$AB?$JC?$AA?$LM?$AA?c?$AB?$JC?$AA?$JA?$AA?c?$AB?$JC?$AA?$LM?$AA?c?$AB?$JC?5?$CC?$AA?c?$AB?$JC?$AA?$KN?$AA?c?$AB?$JC@ 10019c98     ilu_error.obj
 0002:00002cdc       ??_C@_1DI@BHNMGBLJ@?$AA?g?$AA?$KN?50?$AA?d?$AA?$LO?$AA?$KB?$AA?c?$AB?$JC?5?$CC?$AA?c?5?$BK?$AA?$KJ?$AA?c?$AB?$JC?$AA?$LM?$AA?c?$AB?$JC?$AB?$HO?$AA?c?$AB?$JC?$AB?$JC?$AA?c?$AB?$JC?$AC?F?$AA?e?$AA?$KE?5?$BD?$AA?$AA@ 10019cdc     ilu_error.obj
 0002:00002d18       ??_C@_1FG@EECEGNDK@?$AA?c?$AB?$JC?5?$CC?$AA?c?5?$BK?$AA?$KB?$AA?c?5?$BK?$AA?$KE?$AA?c?$AB?$JC?$AA?$KL?$AA?c?$AA?$IB?$AA?$KP?$AA?f?5?$BE?$AA?$KC?$AA?c?$AA?$IB?$AA?$KL?$AA?e?$AA?$KN?$AC?$NM?$AA?e?$ABS?$AA?$KI?$AA?c?$AA?$IB?5?$BE?$AA?c?$AA?$IB@ 10019d18     ilu_error.obj
 0002:00002d70       ??_C@_1CG@HLODKLIA@?$AA?g?5?$BO?$AA?$KB?$AA?e?$AB?$GA?$AA?$LJ?$AA?c?$AA?$IB?$AA?$KK?$AA?f?59?$AA?$KB?$AA?e?$AA?$LM?$AA?$LF?$AA?e?$AA?$KN?$AA?$JA?$AA?$AA@ 10019d70     ilu_error.obj
 0002:00002d98       ??_C@_1DO@BPLLCEAF@?$AA?c?$AB?$JC?5?$CC?$AA?c?5?$BK?$AA?$KB?$AA?c?5?$BK?$AA?$KE?$AA?c?$AB?$JC?$AA?$KL?$AA?c?$AA?$IB?$ABR?$AA?i?5?$BD?59?$AA?c?$AA?$IB?5?$BI?$AA?c?$AA?$IB?$AA?$LO?$AA?c?$AA?$IB?5?3?$AA?c?5?$BK?5?$BM?$AA?$AA@ 10019d98     ilu_error.obj
 0002:00002dd8       ??_C@_1CM@EKIFNCCF@?$AA?g?5?$BO?$AA?$KB?$AA?e?$AB?$GA?$AA?$LJ?$AA?c?$AA?$IB?$AA?$KK?$AA?c?$AB?$JC?5?$BI?$AA?c?$AB?$JC?$AA?$KJ?$AA?c?$AB?$JC?$AA?$KB?$AA?c?5?$BK?$AA?$LP?$AA?$AA@ 10019dd8     ilu_error.obj
 0002:00002e04       ??_C@_1DO@BCPNLNCK@?$AA?g?5?$BO?$AA?$KB?$AA?e?$AB?$GA?$AA?$LJ?$AA?c?$AA?$IB?$AA?$KK?$AA?c?$AB?$JC?5?$CC?$AA?c?5?$BK?$AA?$KB?$AA?c?5?$BK?$AA?$KE?$AA?c?$AB?$JC?$AA?$KL?$AA?c?$AB?$JC?$AC?$NM?$AA?c?$AB?$JC?$AB?$JC?$AA?c?$AB?$JC?5?$KM?$AA?$AA@ 10019e04     ilu_error.obj
 0002:00002e44       ??_C@_1DI@JNECJNFE@?$AA?d?$AA?$LI?$AA?$IN?$AA?f?$AA?$KN?$AA?$KD?$AA?c?$AA?$IB?$AA?$KK?$AA?c?$AB?$JC?5?$CC?$AA?c?5?$BK?$AA?$KB?$AA?c?5?$BK?$AA?$KE?$AA?c?$AB?$JC?$AA?$KL?$AA?c?$AA?$IB?$AA?$KO?$AA?e?5?$KM?$AA?$KE?$AA?$AA@ 10019e44     ilu_error.obj
 0002:00002e7c       ??_C@_1DO@KCFEDEHI@?$AA?d?$AA?$LI?$AA?$IN?$AA?f?$AA?$KN?$AA?$KD?$AA?c?$AA?$IB?$AA?$KK?$AA?c?5?$BK?$AA?$KK?$AA?c?$AB?$JC?$ABa?$AA?c?$AB?$JC?$AA?$KM?$AA?c?$AB?$JC?$AA?$LM?$AA?c?5?$BK?$AA?$LH?$AA?c?$AB?$JC?$AA?$KH?$AA?c?$AB?$JC?$AA?$LD?$AA?$AA@ 10019e7c     ilu_error.obj
 0002:00002ebc       ??_C@_1BK@LBIDONEM@?$AA?g?5?$BO?$AA?$KB?$AA?e?$AB?$GA?$AA?$LJ?$AA?c?$AA?$IB?$AA?$KK?$AA?e?5?$KM?$AA?$KE?$AA?$AA@ 10019ebc     ilu_error.obj
 0002:00002ed8       ??_C@_1CA@EPOLEDJJ@?$AA?e?5?5?5?$CG?$AA?i?$AB?$JC?$AA?$KI?$AA?c?5?$BK?$AA?$KI?$AA?c?$AB?$JC?$AA?$KJ?$AA?c?$AB?$JC?$AA?$LM?$AA?$AA@ 10019ed8     ilu_error.obj
 0002:00002ef8       ??_C@_1GO@FMPNMKGJ@?$AA?c?$AA?$IB?$AA?$LO?$AA?c?$AA?$IB?$AA?$KA?$AA?c?5?$BK?$AA?$LF?$AA?c?$AB?$JC?$AA?$JN?$AA?c?$AB?$JC?$AA?$LM?$AA?c?$AB?$JC?$AC?F?$AA?c?$AA?$IB?5?$CC?$AA?c?5?$BK?$ABR?$AA?c?$AA?$IB?$AA?$KG?$AA?c?$AA?$IB?5?$BO?$AA?c?$AA?$IB@ 10019ef8     ilu_error.obj
 0002:00002f68       ??_C@_1CA@PNGDEOJD@?$AA?c?$AB?$JC?$AA?$KB?$AA?c?$AB?$JC?$AA?$KC?$AA?c?$AB?$JC?$AA?$KK?$AA?d?$AA?$LI?$AA?$IN?$AA?h?$AA?$LG?$AA?$LD?$AA?$AA@ 10019f68     ilu_error.obj
 0002:00002f88       ??_C@_1CG@DPLCGFID@?$AA?g?5?$BO?$AA?$KB?$AA?e?$AB?$GA?$AA?$LJ?$AA?c?$AA?$IB?$AA?$KK?$AA?e?$AC?F?5?$BE?$AA?f?$ABR?$CB?$CC?$AA?e?5?$KM?$AA?$KE?$AA?$AA@ 10019f88     ilu_error.obj
 0002:00002fb0       ??_C@_1BM@PJCGNPCB@?$AAu?$AAn?$AAk?$AAn?$AAo?$AAw?$AAn?$AA?5?$AAe?$AAr?$AAr?$AAo?$AAr?$AA?$AA@ 10019fb0     ilu_error.obj
 0002:00002fcc       ??_C@_1BC@IIGBHFMG@?$AAn?$AAo?$AA?5?$AAe?$AAr?$AAr?$AAo?$AAr?$AA?$AA@ 10019fcc     ilu_error.obj
 0002:00002fe0       ??_C@_1CE@COEBJKLC@?$AAe?$AAx?$AAr?$AA?5?$AAl?$AAi?$AAb?$AAr?$AAa?$AAr?$AAy?$AA?5?$AAe?$AAr?$AAr?$AAo?$AAr?$AA?$AA@ 10019fe0     ilu_error.obj
 0002:00003004       ??_C@_1CE@IIFHDMKA@?$AAj?$AAp?$AA2?$AA?5?$AAl?$AAi?$AAb?$AAr?$AAa?$AAr?$AAy?$AA?5?$AAe?$AAr?$AAr?$AAo?$AAr?$AA?$AA@ 1001a004     ilu_error.obj
 0002:00003028       ??_C@_1CE@DNFDKFOC@?$AAm?$AAn?$AAg?$AA?5?$AAl?$AAi?$AAb?$AAr?$AAa?$AAr?$AAy?$AA?5?$AAe?$AAr?$AAr?$AAo?$AAr?$AA?$AA@ 1001a028     ilu_error.obj
 0002:0000304c       ??_C@_1CG@BMLLHHIC@?$AAt?$AAi?$AAf?$AAf?$AA?5?$AAl?$AAi?$AAb?$AAr?$AAa?$AAr?$AAy?$AA?5?$AAe?$AAr?$AAr?$AAo?$AAr?$AA?$AA@ 1001a04c     ilu_error.obj
 0002:00003074       ??_C@_1CE@BJCPKJC@?$AAp?$AAn?$AAg?$AA?5?$AAl?$AAi?$AAb?$AAr?$AAa?$AAr?$AAy?$AA?5?$AAe?$AAr?$AAr?$AAo?$AAr?$AA?$AA@ 1001a074     ilu_error.obj
[...]
 0002:00003b04       ??_C@_1CM@GEOCLFPM@?$AAo?$AAu?$AAt?$AA?5?$AAf?$AAo?$AAr?$AAm?$AAa?$AAt?$AA?5?$AAe?$AAq?$AAu?$AAi?$AAv?$AAa?$AAl?$AAe?$AAn?$AAt?$AA?$AA@ 1001ab04     ilu_error.obj
 0002:00003b30       ??_C@_1CM@PMHKHBHM@?$AA?X?$AA?$KH?$AA?Y?5?$BO?$AA?Y?5?$CG?$AA?Y?5?$BO?$AA?Y?$AA?$IB?$AA?5?$AA?Y?5?$CG?$AA?Y?$AC?F?$AA?X?$AA?$KM?$AA?Y?$AC?F?$AA?X?$AA?$KP?$AA?$AA@ 1001ab30     ilu_error.obj
 0002:00003b60       ??_C@_1EC@ELNGHLII@?$AA?X?$AA?$KH?$AA?Y?5?$CG?$AA?X?$AA?$KK?$AA?X?$AA?$KP?$AA?X?$AA?$KH?$AA?X?$AA?$KP?$AA?5?$AA?X?$AA?$KH?$AA?Y?5?$BO?$AA?Y?5?$CG?$AA?Y?5?$BO?$AA?Y?$AA?$IB?$AA?5?$AA?X?$AA?$KO?$AA?X?$AA?$KH?$AA?X?$AA?$LH?$AA?X?$AA?$KG@ 1001ab60     ilu_error.obj
 0002:00003ba4       ??_C@_1DO@BCOLGLII@?$AA?Y?5?$BO?$AA?X?$AA?$KH?$AA?Y?$AB?$GA?$AA?Y?5?$CG?$AA?Y?$AB?$JC?$AA?Y?5?5?$AA?5?$AA?Y?$AA?$IB?$AA?X?$AA?$KK?$AA?X?$AA?$KN?$AA?5?$AA?X?$AA?$KH?$AA?Y?5?$BO?$AA?Y?5?$CG?$AA?Y?5?$BO?$AA?Y?$AA?$IB?$AA?$AA@ 1001aba4     ilu_error.obj
 0002:00003be8       ??_C@_1FE@FFAJOFFI@?$AA?X?$AA?$KH?$AA?Y?5?$BO?$AA?X?$AA?$KI?$AA?X?$AA?$KH?$AA?X?$AA?$LB?$AA?Y?5?$CG?$AA?X?$AA?$KK?$AA?X?$AA?$LB?$AA?$CI?$AA?X?$AA?$KH?$AA?Y?5?$BO?$AA?Y?5?$CG?$AA?X?$AA?$LJ?$AA?X?$AA?$KH?$AA?Y?5?$CG?$AA?Y?5?$BO?$AA?$CJ@ 1001abe8     ilu_error.obj
 0002:00003c3c       ??_C@_1DG@PEEOMHCO@?$AA?X?$AA?$LB?$AA?X?$AA?$KD?$AA?X?$AA?$LD?$AA?5?$AA?X?$AA?$KH?$AA?Y?5?$BO?$AA?Y?5?$CG?$AA?Y?5?$BO?$AA?Y?$AA?$IB?$AA?5?$AA?X?$AA?$KO?$AA?X?$AA?$KH?$AA?X?$AA?$LH?$AA?X?$AA?$KG?$AA?$AA@ 1001ac3c     ilu_error.obj
 0002:00003c78       ??_C@_1FK@DBCJCMKH@?$AA?X?$AA?$LB?$AA?Y?5?$BK?$AA?Y?5?$CG?$AA?5?$AA?$CI?$AA?Y?5?$BK?$AA?Y?$AB?$GA?$AA?Y?5?$CG?$AA?X?$AA?$KJ?$AA?$CJ?$AA?5?$AA?X?$AA?$KH?$AA?Y?5?$BO?$AA?Y?5?$CG?$AA?Y?5?$BO?$AA?Y?$AA?$IB?$AA?5?$AA?X?$AA?$LK?$AA?Y@ 1001ac78     ilu_error.obj
 0002:00003cd4       ??_C@_1DK@BIMPKKKL@?$AA?X?$AA?$LJ?$AA?Y?5?$CG?$AA?Y?5?$BO?$AA?Y?$AB?$GA?$AA?X?$AA?$KJ?$AA?5?$AA?X?$AA?$LK?$AA?Y?$AB?$GA?$AA?X?$AA?$LB?$AA?5?$AA?X?$AA?$LE?$AA?X?$AA?$LB?$AA?X?$AA?$LJ?$AA?Y?$AB?$GA?$AA?X?$AA?$KJ?$AA?$AA@ 1001acd4     ilu_error.obj
 0002:00003d10       ??_C@_1CI@CEMFKKII@?$AA?Y?5?$BK?$AA?Y?$AB?$GA?$AA?Y?5?$CG?$AA?X?$AA?$KJ?$AA?5?$AA?X?$AA?$KO?$AA?X?$AA?$KH?$AA?X?$AA?$LH?$AA?X?$AA?$KG?$AA?X?$AA?$KJ?$AA?$AA@ 1001ad10     ilu_error.obj
 0002:00003d38       ??_C@_1CE@MCMENKPJ@?$AA?X?$AA?$KO?$AA?X?$AA?$LH?$AA?X?$AA?$KD?$AA?5?$AA?X?$AA?$KP?$AA?X?$AA?$KH?$AA?X?$AA?$KO?$AA?Y?5?$BO?$AA?Y?$AB?$GA?$AA?$AA@ 1001ad38     ilu_error.obj
 0002:00003d60       ??_C@_1EM@PFABACPB@?$AA?Y?5?5?$AA?X?$AA?$LD?$AA?Y?5?$BK?$AA?5?$AA?X?$AA?$KH?$AA?Y?5?$BO?$AA?X?$AA?$LF?$AA?Y?$AC?F?$AA?X?$AA?$LB?$AA?X?$AA?$KJ?$AA?5?$AA?X?$AA?$LK?$AA?Y?$AB?$GA?$AA?X?$AA?$LB?$AA?5?$AA?Y?5?$CG?$AA?X?$AA?$KP?$AA?X@ 1001ad60     ilu_error.obj
 0002:00003db0       ??_C@_1EC@EDNINNFE@?$AA?X?$AA?$KO?$AA?X?$AA?$KH?$AA?X?$AA?$LB?$AA?X?$AA?$KM?$AA?5?$AA?X?$AA?$KN?$AA?X?$AA?$KP?$AA?Y?$AC?F?$AA?X?$AA?$KP?$AA?5?$AA?X?$AA?$KH?$AA?Y?5?$BO?$AA?X?$AA?$LA?$AA?X?$AA?$KH?$AA?Y?$AB?$JC?$AA?X?$AA?$LB?$AA?X?$AA?$KJ@ 1001adb0     ilu_error.obj
 0002:00003df4       ??_C@_1CG@FMMCPAGB@?$AAe?$AAn?$AAu?$AAm?$AAe?$AAr?$AAa?$AAn?$AAt?$AA?5?$AA?X?$AA?$KO?$AA?X?$AA?$KH?$AA?X?$AA?$LH?$AA?X?$AA?$KG?$AA?$AA@ 1001adf4     ilu_error.obj
 0002:00003e20       ?IL_PI@@3NB                1001ae20     ilu_internal.obj
 0002:00003e28       ?IL_DEGCONV@@3NB           1001ae28     ilu_internal.obj
 0002:00003f50       ??_C@_1GA@KHDKGBOD@?$AAD?$AAe?$AAv?$AAe?$AAl?$AAo?$AAp?$AAe?$AAr?$AA?8?$AAs?$AA?5?$AAI?$AAm?$AAa?$AAg?$AAe?$AA?5?$AAL?$AAi?$AAb?$AAr?$AAa?$AAr?$AAy?$AA?5?$AAU?$AAt?$AAi?$AAl?$AAi?$AAt@ 1001af50     ilu_states.obj
 0002:00003fb0       ??_C@_1CC@FLLNLNFB@?$AAA?$AAb?$AAy?$AAs?$AAm?$AAa?$AAl?$AA?5?$AAS?$AAo?$AAf?$AAt?$AAw?$AAa?$AAr?$AAe?$AA?$AA@ 1001afb0     ilu_states.obj
 0002:00003fd8       __real@41f0000000000000    1001afd8      CIL library: CIL module
 0002:00003fe0       __real@4f800000            1001afe0      CIL library: CIL module
 0002:00003fe8       __real@3fe0000000000000    1001afe8      CIL library: CIL module
 0002:00003ff0       __real@3ff0000000000000    1001aff0      CIL library: CIL module
 0002:00003ff8       __real@43870000            1001aff8      CIL library: CIL module
 0002:00003ffc       __real@43340000            1001affc      CIL library: CIL module
 0002:00004000       __real@42b40000            1001b000      CIL library: CIL module
 0002:00004008       __real@0000000000000000    1001b008      CIL library: CIL module
 0002:00004010       __real@4066800000000000    1001b010      CIL library: CIL module
 0002:00004018       __real@4076800000000000    1001b018      CIL library: CIL module
 0002:00004020       __real@403e000000000000    1001b020      CIL library: CIL module
 0002:00004028       __real@402e000000000000    1001b028      CIL library: CIL module
 0002:00004030       __real@4024000000000000    1001b030      CIL library: CIL module
 0002:00004038       __real@401c000000000000    1001b038      CIL library: CIL module
 0002:00004040       __real@4025555555555555    1001b040      CIL library: CIL module
 0002:00004048       __real@c034000000000000    1001b048      CIL library: CIL module
 0002:00004050       __real@4028000000000000    1001b050      CIL library: CIL module
 0002:00004058       __real@c002aaaaaaaaaaab    1001b058      CIL library: CIL module
 0002:00004060       __real@4000000000000000    1001b060      CIL library: CIL module
 0002:00004068       __real@4018000000000000    1001b068      CIL library: CIL module
 0002:00004070       __real@4015555555555555    1001b070      CIL library: CIL module
 0002:00004078       __real@c028000000000000    1001b078      CIL library: CIL module
 0002:00004080       __real@3fc5555555555555    1001b080      CIL library: CIL module
 0002:00004088       __real@3fe5555555555555    1001b088      CIL library: CIL module
 0002:00004090       __real@3ff8000000000000    1001b090      CIL library: CIL module
 0002:00004098       __real@3fe8000000000000    1001b098      CIL library: CIL module
 0002:000040a0       __real@bfe0000000000000    1001b0a0      CIL library: CIL module
 0002:000040a8       __real@4008000000000000    1001b0a8      CIL library: CIL module
 0002:000040b0       __real@40efffe000000000    1001b0b0      CIL library: CIL module
 0002:000040b8       __real@406fe00000000000    1001b0b8      CIL library: CIL module
 0002:000040c0       __real@3e9e00d2            1001b0c0      CIL library: CIL module
 0002:000040c4       __real@3f1c01a3            1001b0c4      CIL library: CIL module
 0002:000040c8       __real@3da7ef9e            1001b0c8      CIL library: CIL module
 0002:000040cc       __real@34000000            1001b0cc      CIL library: CIL module
 0002:000040d0       __real@bf800000            1001b0d0      CIL library: CIL module
 0002:000040d8       __real@405fc00000000000    1001b0d8      CIL library: CIL module
 0002:000040e0       __real@40dfffc000000000    1001b0e0      CIL library: CIL module
 0002:000040e8       __real@41e0000000000000    1001b0e8      CIL library: CIL module
 0002:000040f0       __OP_FMODjmptab            1001b0f0     libcmt:_87fmod_.obj
 0002:00004a40       __indefinite               1001ba40     libcmt:_87disp_.obj
 0002:00004a4a       __piby2                    1001ba4a     libcmt:_87disp_.obj
 0002:00004a78       __DEFAULT_CW_in_mem        1001ba78     libcmt:_common_.obj
 0002:00004a7a       __pi_by_2_to_61            1001ba7a     libcmt:_common_.obj
 0002:00008cd0       __infinity                 1001fcd0     libcmt:_87tran_.obj
 0002:00008cda       __minfinity                1001fcda     libcmt:_87tran_.obj
 0002:00008ce4       __logemax                  1001fce4     libcmt:_87tran_.obj
 0002:00008d0a       __OP_EXPjmptab             1001fd0a     libcmt:_87tran_.obj
 0002:00008d30       __load_config_used         1001fd30     libcmt:loadcfg.obj
 0002:00008dd0       ___safe_se_handler_table   1001fdd0     <linker-defined>
 0002:00008ddc       ___rtc_iaa                 1001fddc     libcmt:_initsect_.obj
 0002:00008de0       ___rtc_izz                 1001fde0     libcmt:_initsect_.obj
 0002:00008de4       ___rtc_taa                 1001fde4     libcmt:_initsect_.obj
 0002:00008de8       ___rtc_tzz                 1001fde8     libcmt:_initsect_.obj
 0002:00008fbc       __IMPORT_DESCRIPTOR_ResIL  1001ffbc     resil:ResIL.dll
 0002:00008fd0       __IMPORT_DESCRIPTOR_KERNEL32 1001ffd0     kernel32:KERNEL32.dll
 0002:00008fe4       __NULL_IMPORT_DESCRIPTOR   1001ffe4     resil:ResIL.dll
 0003:00000000       ___security_cookie         10021000     libcmt:gs_cookie.obj
 0003:00000004       ___security_cookie_complement 10021004     libcmt:gs_cookie.obj
 0003:00000180       ___flsindex                10021180     libcmt:tidtable.obj
 0003:00000184       ___getvalueindex           10021184     libcmt:tidtable.obj
 0003:00000188       ___badioinfo               10021188     libcmt:ioinit.obj
 0003:000001d0       __matherr_flag             100211d0     libcmt:_matherr_.obj
 0003:000001d4       __fltused                  100211d4     libcmt:_fpinit_.obj
 0003:000001d8       __ldused                   100211d8     libcmt:_fpinit_.obj
 0003:000002c8       __d_inf                    100212c8     libcmt:_util_.obj
 0003:000002d0       __d_ind                    100212d0     libcmt:_util_.obj
 0003:000002d8       __d_max                    100212d8     libcmt:_util_.obj
 0003:000002e0       __d_min                    100212e0     libcmt:_util_.obj
 0003:000002e8       __d_mzero                  100212e8     libcmt:_util_.obj
 0003:00000430       ___clocalestr              10021430     libcmt:nlsdata2.obj
 0003:00000438       ___lc_time_c               10021438     libcmt:nlsdata2.obj
 0003:000005a0       ___initiallocinfo          100215a0     libcmt:nlsdata2.obj
 0003:00000678       ___ptlocinfo               10021678     libcmt:nlsdata2.obj
 0003:00000680       ___initialmbcinfo          10021680     libcmt:mbctype.obj
 0003:000008a0       __mbctype                  100218a0     libcmt:mbctype.obj
 0003:000009a8       __mbcasemap                100219a8     libcmt:mbctype.obj
 0003:00000aa8       ___ptmbcinfo               10021aa8     libcmt:mbctype.obj
 0003:00000ba0       __cfltcvt_tab              10021ba0     libcmt:cmiscdat.obj
 0003:00000bd0       ___lconv_static_decimal    10021bd0     libcmt:lconv.obj
 0003:00000bd4       ___lconv_static_W_decimal  10021bd4     libcmt:lconv.obj
 0003:00000bd8       ___lconv_c                 10021bd8     libcmt:lconv.obj
 0003:00000c28       ___lconv                   10021c28     libcmt:lconv.obj
 0003:00000c2c       ___globallocalestatus      10021c2c     libcmt:glstatus.obj
 0003:00000c30       __pctype                   10021c30     libcmt:ctype.obj
 0003:00000c34       __pwctype                  10021c34     libcmt:ctype.obj
 0003:00000c38       ___abort_behavior          10021c38     libcmt:abort.obj
 0003:00000c40       __NLG_Destination          10021c40     libcmt:exsup.obj
 0003:00000c90       ___mb_cur_max              10021c90     libcmt:nlsdata1.obj
 0003:00000c94       ___decimal_point           10021c94     libcmt:nlsdata1.obj
 0003:00000c98       ___decimal_point_length    10021c98     libcmt:nlsdata1.obj
 0003:00000ca0       __pow10pos                 10021ca0     libcmt:_constpow_.obj
 0003:00000e00       __pow10neg                 10021e00     libcmt:_constpow_.obj
 0003:00000f60       ?_iluVendor@@3PB_WB        10021f60     ilu_states.obj
 0003:00000f64       ?_iluVersion@@3PB_WB       10021f64     ilu_states.obj
 0003:00000f68       ?iluFilter@@3IA            10021f68     ilu_states.obj
 0003:00000f6c       ?iluPlacement@@3IA         10021f6c     ilu_states.obj
 0003:00000f70       ?iluErrorStringsArabic@@3PAPB_WA 10021f70     ilu_error.obj
 0003:00000fb8       ?iluLibErrorStringsArabic@@3PAPB_WA 10021fb8     ilu_error.obj
 0003:00000fd4       ?iluMiscErrorStringsArabic@@3PAPB_WA 10021fd4     ilu_error.obj
 0003:00000fdc       ?iluLibErrorStringsDutch@@3PAPB_WA 10021fdc     ilu_error.obj
 0003:00000ff8       ?iluErrorStringsDutch@@3PAPB_WA 10021ff8     ilu_error.obj
 0003:00001040       ?iluMiscErrorStringsDutch@@3PAPB_WA 10022040     ilu_error.obj
 0003:00001048       ?iluErrorStringsEnglish@@3PAPB_WA 10022048     ilu_error.obj
 0003:00001090       ?iluLibErrorStringsEnglish@@3PAPB_WA 10022090     ilu_error.obj
 0003:000010ac       ?iluMiscErrorStringsEnglish@@3PAPB_WA 100220ac     ilu_error.obj
 0003:000010b4       ?iluLibErrorStringsJapanese@@3PAPB_WA 100220b4     ilu_error.obj
 0003:000010d0       ?iluErrorStringsJapanese@@3PAPB_WA 100220d0     ilu_error.obj
 0003:00001118       ?iluMiscErrorStringsJapanese@@3PAPB_WA 10022118     ilu_error.obj
 0003:00001120       ?iluErrorStringsSpanish@@3PAPB_WA 10022120     ilu_error.obj
 0003:00001168       ?iluLibErrorStringsSpanish@@3PAPB_WA 10022168     ilu_error.obj
 0003:00001184       ?iluMiscErrorStringsSpanish@@3PAPB_WA 10022184     ilu_error.obj
 0003:0000118c       ?iluLibErrorStringsGerman@@3PAPB_WA 1002218c     ilu_error.obj
 0003:000011a8       ?iluErrorStringsGerman@@3PAPB_WA 100221a8     ilu_error.obj
 0003:000011f0       ?iluMiscErrorStringsGerman@@3PAPB_WA 100221f0     ilu_error.obj
 0003:000011f8       ?iluErrorStringsFrench@@3PAPB_WA 100221f8     ilu_error.obj
 0003:00001240       ?iluLibErrorStringsFrench@@3PAPB_WA 10022240     ilu_error.obj
 0003:0000125c       ?iluMiscErrorStringsFrench@@3PAPB_WA 1002225c     ilu_error.obj
 0003:00001264       ?iluErrorStrings@@3PAPAPB_WA 10022264     ilu_error.obj
 0003:00001280       ?iluLibErrorStrings@@3PAPAPB_WA 10022280     ilu_error.obj
 0003:0000129c       ?iluMiscErrorStrings@@3PAPAPB_WA 1002229c     ilu_error.obj
 0003:000012e0       __half                     100222e0     libcmt:_pow_.obj
 0003:00001324       __aenvptr                  10022324     libcmt:dllcrt0.obj
 0003:00001328       __wenvptr                  10022328     libcmt:dllcrt0.obj
 0003:0000132c       ___error_mode              1002232c     libcmt:dllcrt0.obj
 0003:00001330       ___app_type                10022330     libcmt:dllcrt0.obj
 0003:00001660       __crtheap                  10022660     libcmt:heapinit.obj
 0003:00001664       _gpFlsAlloc                10022664     libcmt:tidtable.obj
 0003:00001668       _gpFlsGetValue             10022668     libcmt:tidtable.obj
 0003:0000166c       _gpFlsSetValue             1002266c     libcmt:tidtable.obj
 0003:00001670       _gpFlsFree                 10022670     libcmt:tidtable.obj
 0003:00001674       __maxwait                  10022674     libcmt:crtheap.obj
 0003:00001678       __umaskval                 10022678     libcmt:crt0dat.obj
 0003:0000167c       ___argc                    1002267c     libcmt:crt0dat.obj
 0003:00001680       ___argv                    10022680     libcmt:crt0dat.obj
 0003:00001684       ___wargv                   10022684     libcmt:crt0dat.obj
 0003:00001688       __environ                  10022688     libcmt:crt0dat.obj
 0003:0000168c       ___initenv                 1002268c     libcmt:crt0dat.obj
 0003:00001690       __wenviron                 10022690     libcmt:crt0dat.obj
 0003:00001694       ___winitenv                10022694     libcmt:crt0dat.obj
 0003:00001698       __pgmptr                   10022698     libcmt:crt0dat.obj
 0003:0000169c       __wpgmptr                  1002269c     libcmt:crt0dat.obj
 0003:000016a0       __exitflag                 100226a0     libcmt:crt0dat.obj
 0003:000016a4       __C_Termination_Done       100226a4     libcmt:crt0dat.obj
 0003:000016a8       __C_Exit_Done              100226a8     libcmt:crt0dat.obj
 0003:000017b8       ___fastflag                100227b8     libcmt:_fpinit_.obj
 0003:000017bc       ___pInvalidArgHandler      100227bc     libcmt:invarg.obj
 0003:00001914       ___mbulinfo                10022914     libcmt:mbctype.obj
 0003:00001920       ___mbcodepage              10022920     libcmt:mbctype.obj
 0003:00001924       ___ismbcodepage            10022924     libcmt:mbctype.obj
 0003:00001928       ___mblcid                  10022928     libcmt:mbctype.obj
 0003:0000192c       ?__pInconsistency@@3P6AXXZA 1002292c     libcmt:hooks.obj
 0003:00001948       ___pPurecall               10022948     libcmt:inithelp.obj
 0003:0000194c       ?_pnhHeap@@3P6AHI@ZA       1002294c     libcmt:handler.obj
 0003:00001f78       ___lconv_static_null       10022f78     libcmt:lconv.obj
 0003:00001f7c       ___lconv_static_W_null     10022f7c     libcmt:lconv.obj
 0003:00001f80       __newmode                  10022f80     libcmt:_newmode.obj
 0003:00001f98       __outputformat             10022f98     libcmt:outputformat.obj
 0003:00001f9c       ___locale_changed          10022f9c     libcmt:setlocal.obj
 0003:00001fa0       ?iluMiscErrors@@3PAPB_WA   10022fa0     ilu_error.obj
 0003:00001fa4       ?iluLibErrors@@3PAPB_WA    10022fa4     ilu_error.obj
 0003:00001fa8       ?iluErrors@@3PAPB_WA       10022fa8     ilu_error.obj
 0003:000020e0       ?iluCurImage@@3PAUILimage@@A 100230e0     ilu_internal.obj
 0003:000020e4       ?RegionPointsi@@3PAUILpointi@@A 100230e4     ilu_region.obj
 0003:000020e8       ?RegionPointsf@@3PAUILpointf@@A 100230e8     ilu_region.obj
 0003:000020ec       ?PointNum@@3IA             100230ec     ilu_region.obj
 0003:000020f0       ?iRegionMask@@3PAEA        100230f0     ilu_region.obj
 0003:000020f4       ___sse2_available          100230f4     <common>
 0003:000020f8       __debugger_hook_dummy      100230f8     <common>
 0003:000020fc       __pDestructExceptionObject 100230fc     <common>
 0003:00002100       __nhandle                  10023100     <common>
 0003:00002120       ___pioinfo                 10023120     <common>
 0003:00002220       ___env_initialized         10023220     <common>
 0003:00002224       ___onexitend               10023224     <common>
 0003:00002228       ___onexitbegin             10023228     <common>
 0003:0000222c       ___mbctype_initialized     1002322c     <common>
 0003:00002230       ___dyn_tls_init_callback   10023230     <common>
 0003:00002234       ___use_sse2_mathfcns       10023234     <common>
 0003:00002238       __pmatherr                 10023238     <common>
 0003:0000223c       __acmdln                   1002323c     <common>

 entry point at        0001:0000a552

 Static symbols

 0001:0000a45c       ___DllMainCRTStartup       1000b45c f   libcmt:dllcrt0.obj
 0001:0000b1bc       _doexit                    1000c1bc f   libcmt:crt0dat.obj
 0001:0000b6b3       _parse_cmdline             1000c6b3 f   libcmt:stdargv.obj
 0001:0000ce7b       ?CPtoLCID@@YAHH@Z          1000de7b f   libcmt:mbctype.obj
 0001:0000ceaa       ?setSBCS@@YAXPAUthreadmbcinfostruct@@@Z 1000deaa f   libcmt:mbctype.obj
 0001:0000cf0e       ?setSBUpLow@@YAXPAUthreadmbcinfostruct@@@Z 1000df0e f   libcmt:mbctype.obj
 0001:0000d1c9       ?getSystemCP@@YAHH@Z       1000e1c9 f   libcmt:mbctype.obj
 0001:0000d811       _siglookup                 1000e811 f   libcmt:winsig.obj
 0001:0000da4d       __onexit_nolock            1000ea4d f   libcmt:onexit.obj
 0001:0000dffb       ?x_ismbbtype_l@@YAHPAUlocaleinfo_struct@@IHH@Z 1000effb f   libcmt:ismbbyte.obj
 0001:0000e100       __unwind_handler4          1000f100 f   libcmt:exsup4.obj
 0001:0000e330       __shift                    1000f330 f   libcmt:cvt.obj
 0001:0000e375       __cftoe2_l                 1000f375 f   libcmt:cvt.obj
 0001:0000e933       __cftof2_l                 1000f933 f   libcmt:cvt.obj
 0001:0000f238       ?__crtLCMapStringA_stat@@YAHPAUlocaleinfo_struct@@KKPBDHPADHHH@Z 10010238 f   libcmt:a_map.obj
 0001:0000f465       ?__crtGetStringTypeA_stat@@YAHPAUlocaleinfo_struct@@KPBDHPAGHHH@Z 10010465 f   libcmt:a_str.obj
 0001:0000fd00       __unwind_handler           10010d00 f   libcmt:exsup.obj
 0001:00012575       __hw_cw                    10013575 f   libcmt:_ieee87_.obj
 0001:00012603       ___hw_cw_sse2              10013603 f   libcmt:_ieee87_.obj
