 ILUT

 Timestamp is 53738984 (Wed May 14 17:19:32 2014)

 Preferred load address is 10000000

 Start         Length     Name                   Class
 0001:00000000 0000642aH .text                   CODE
 0002:00000000 000001acH .idata$5                DATA
 0002:000001ac 00000004H .CRT$XCA                DATA
 0002:000001b0 00000004H .CRT$XCZ                DATA
 0002:000001b4 00000004H .CRT$XIA                DATA
 0002:000001b8 0000000cH .CRT$XIC                DATA
 0002:000001c4 00000004H .CRT$XIZ                DATA
 0002:000001c8 00000004H .CRT$XPA                DATA
 0002:000001cc 00000004H .CRT$XPZ                DATA
 0002:000001d0 00000004H .CRT$XTA                DATA
 0002:000001d4 00000004H .CRT$XTZ                DATA
 0002:000001e0 00001890H .rdata                  DATA
 0002:00001a70 0000004fH .rdata$debug            DATA
 0002:00001ac0 0000000cH .rdata$sxdata           DATA
 0002:00001acc 00000004H .rtc$IAA                DATA
 0002:00001ad0 00000004H .rtc$IZZ                DATA
 0002:00001ad4 00000004H .rtc$TAA                DATA
 0002:00001ad8 00000004H .rtc$TZZ                DATA
 0002:00001ae0 000001acH .xdata$x                DATA
 0002:00001c8c 00000064H .idata$2                DATA
 0002:00001cf0 00000014H .idata$3                DATA
 0002:00001d04 000001acH .idata$4                DATA
 0002:00001eb0 0000075eH .idata$6                DATA
 0002:00002610 00000369H .edata                  DATA
 0003:00000000 00000b38H .data                   DATA
 0003:00000b40 0000123cH .bss                    DATA

  Address         Publics by Value              Rva+Base       Lib:Object

 0000:00000000       __except_list              00000000     <absolute>
 0000:00000003       ___safe_se_handler_count   00000003     <absolute>
 0000:00000000       ___ImageBase               10000000     <linker-defined>
 0001:00000000       _DllMain@12                10001000 f   ilut_main.obj
 0001:00000010       _ilutInit@0                10001010 f   ilut_main.obj
 0001:00000080       _ilutGetString@4           10001080 f   ilut_states.obj
 0001:000000c0       _ilutEnable@4              100010c0 f   ilut_states.obj
 0001:000000e0       _ilutDisable@4             100010e0 f   ilut_states.obj
 0001:00000100       ?ilutAble@@YAEIE@Z         10001100 f   ilut_states.obj
 0001:000001b0       _ilutIsEnabled@4           100011b0 f   ilut_states.obj
 0001:00000270       _ilutIsDisabled@4          10001270 f   ilut_states.obj
 0001:00000290       _ilutGetBooleanv@8         10001290 f   ilut_states.obj
 0001:00000360       _ilutGetBoolean@4          10001360 f   ilut_states.obj
 0001:00000380       _ilutGetIntegerv@8         10001380 f   ilut_states.obj
 0001:00000630       _ilutGetInteger@4          10001630 f   ilut_states.obj
 0001:00000660       _ilutSetInteger@8          10001660 f   ilut_states.obj
 0001:00000820       _ilutPushAttrib@4          10001820 f   ilut_states.obj
 0001:000008b0       _ilutPopAttrib@0           100018b0 f   ilut_states.obj
 0001:000008e0       _ilutRenderer@4            100018e0 f   ilut_states.obj
 0001:00000920       _ilutConvertSliceToHBitmap@8 10001920 f   ilut_win32.obj
 0001:00000ed0       _ilutConvertToHBitmap@4    10001ed0 f   ilut_win32.obj
 0001:00000ef0       ?iGetPaddedData@@YGPAEPAUILimage@@@Z 10001ef0 f   ilut_win32.obj
 0001:00001040       _ilutFreePaddedData@4      10002040 f   ilut_win32.obj
 0001:00001050       _ilutGetPaddedData@0       10002050 f   ilut_win32.obj
 0001:00001060       _ilutGetBmpInfo@4          10002060 f   ilut_win32.obj
 0001:00001100       _ilutWinLoadImage@8        10002100 f   ilut_win32.obj
 0001:00001130       _ilutWinSaveImage@8        10002130 f   ilut_win32.obj
 0001:00001180       _ilutGetHPal@0             10002180 f   ilut_win32.obj
 0001:00001290       _ilutSetHBitmap@4          10002290 f   ilut_win32.obj
 0001:00001460       _ilutSetHPal@4             10002460 f   ilut_win32.obj
 0001:00001540       _ilutSetWinClipboard@0     10002540 f   ilut_win32.obj
 0001:00001670       _ilutGetWinClipboard@0     10002670 f   ilut_win32.obj
 0001:00001770       _ilutWinPrint@20           10002770 f   ilut_win32.obj
 0001:000017c0       _ilutLoadResource@16       100027c0 f   ilut_win32.obj
 0001:00001820       _ilutWinLoadUrl@4          10002820 f   ilut_win32.obj
 0001:00001ab0       @__security_check_cookie@4 10002ab0 f   libcmt:secchk.obj
 0001:00001abf       ??0_LocaleUpdate@@QAE@PAUlocaleinfo_struct@@@Z 10002abf f i libcmt:tolower.obj
 0001:00001b46       __tolower_l                10002b46 f   libcmt:tolower.obj
 0001:00001c5b       _tolower                   10002c5b f   libcmt:tolower.obj
 0001:00001c87       __CRT_INIT@12              10002c87 f   libcmt:dllcrt0.obj
 0001:00001ee1       __DllMainCRTStartup@12     10002ee1 f   libcmt:dllcrt0.obj
 0001:00001f07       ___report_gsfailure        10002f07 f   libcmt:gs_report.obj
 0001:00002230       ___updatetmbcinfo          10003230 f   libcmt:mbctype.obj
 0001:00002350       __setmbcp_nolock           10003350 f   libcmt:mbctype.obj
 0001:00002539       __setmbcp                  10003539 f   libcmt:mbctype.obj
 0001:000026d3       ___initmbctable            100036d3 f   libcmt:mbctype.obj
 0001:000026f1       ___addlocaleref            100036f1 f   libcmt:localref.obj
 0001:00002780       ___removelocaleref         10003780 f   libcmt:localref.obj
 0001:00002819       ___freetlocinfo            10003819 f   libcmt:localref.obj
 0001:00002964       __updatetlocinfoEx_nolock  10003964 f   libcmt:localref.obj
 0001:000029b1       ___updatetlocinfo          100039b1 f   libcmt:localref.obj
 0001:00002a2a       __encoded_null             10003a2a f   libcmt:tidtable.obj
 0001:00002a33       ___crtTlsAlloc@4           10003a33 f   libcmt:tidtable.obj
 0001:00002a3c       ___set_flsgetvalue         10003a3c f   libcmt:tidtable.obj
 0001:00002a70       __mtterm                   10003a70 f   libcmt:tidtable.obj
 0001:00002aad       __initptd                  10003aad f   libcmt:tidtable.obj
 0001:00002b61       __getptd_noexit            10003b61 f   libcmt:tidtable.obj
 0001:00002bda       __getptd                   10003bda f   libcmt:tidtable.obj
 0001:00002bf4       __freefls@4                10003bf4 f   libcmt:tidtable.obj
 0001:00002d23       __freeptd                  10003d23 f   libcmt:tidtable.obj
 0001:00002d91       __mtinit                   10003d91 f   libcmt:tidtable.obj
 0001:00002f0c       __freea                    10003f0c f i libcmt:a_map.obj
 0001:00003113       ___crtLCMapStringA         10004113 f   libcmt:a_map.obj
 0001:00003159       __get_errno_from_oserr     10004159 f   libcmt:dosmap.obj
 0001:0000319b       __errno                    1000419b f   libcmt:dosmap.obj
 0001:000031ae       __isleadbyte_l             100041ae f i libcmt:_wctype.obj
 0001:000031e6       __isctype_l                100041e6 f   libcmt:isctype.obj
 0001:0000329e       _free                      1000429e f   libcmt:free.obj
 0001:000032d8       __malloc_crt               100042d8 f   libcmt:crtheap.obj
 0001:0000331d       __calloc_crt               1000431d f   libcmt:crtheap.obj
 0001:00003369       __realloc_crt              10004369 f   libcmt:crtheap.obj
 0001:000033b7       ___crtCorExitProcess       100043b7 f   libcmt:crt0dat.obj
 0001:000033e2       ___crtExitProcess          100043e2 f   libcmt:crt0dat.obj
 0001:000033fa       __lockexit                 100043fa f   libcmt:crt0dat.obj
 0001:00003403       __unlockexit               10004403 f   libcmt:crt0dat.obj
 0001:0000340c       __init_pointers            1000440c f   libcmt:crt0dat.obj
 0001:0000343f       __initterm_e               1000443f f   libcmt:crt0dat.obj
 0001:00003463       __cinit                    10004463 f   libcmt:crt0dat.obj
 0001:0000363a       __exit                     1000463a f   libcmt:crt0dat.obj
 0001:00003650       __cexit                    10004650 f   libcmt:crt0dat.obj
 0001:0000365f       __amsg_exit                1000465f f   libcmt:crt0dat.obj
 0001:0000367d       __ioinit                   1000467d f   libcmt:ioinit.obj
 0001:000038c2       __ioterm                   100048c2 f   libcmt:ioinit.obj
 0001:00003915       __setenvp                  10004915 f   libcmt:stdenvp.obj
 0001:00003b8b       __setargv                  10004b8b f   libcmt:stdargv.obj
 0001:00003c46       ___crtGetEnvironmentStringsA 10004c46 f   libcmt:a_env.obj
 0001:00003cdd       __RTC_Initialize           10004cdd f   libcmt:_initsect_.obj
 0001:00003d03       __RTC_Terminate            10004d03 f   libcmt:_initsect_.obj
 0001:00003d29       __heap_init                10004d29 f   libcmt:heapinit.obj
 0001:00003d47       __heap_term                10004d47 f   libcmt:heapinit.obj
 0001:00003d60       __SEH_prolog4              10004d60 f   libcmt:sehprolg4.obj
 0001:00003da5       __SEH_epilog4              10004da5 f   libcmt:sehprolg4.obj
 0001:00003dc0       __except_handler4          10004dc0 f   libcmt:chandler4.obj
 0001:00003f4f       __XcptFilter               10004f4f f   libcmt:winxfltr.obj
 0001:00004099       ___CppXcptFilter           10005099 f   libcmt:winxfltr.obj
 0001:000040b9       ___security_init_cookie    100050b9 f   libcmt:gs_support.obj
 0001:00004154       __crt_debugger_hook        10005154 f   libcmt:dbghook.obj
 0001:00004160       _memset                    10005160 f   libcmt:memset.obj
 0001:000042c1       ___crtGetStringTypeA       100052c1 f   libcmt:a_str.obj
 0001:00004301       __mtinitlocks              10005301 f   libcmt:mlock.obj
 0001:0000434b       __mtdeletelocks            1000534b f   libcmt:mlock.obj
 0001:000043a2       __unlock                   100053a2 f   libcmt:mlock.obj
 0001:000043b9       __mtinitlocknum            100053b9 f   libcmt:mlock.obj
 0001:0000447b       __lock                     1000547b f   libcmt:mlock.obj
 0001:000044ae       ___free_lc_time            100054ae f   libcmt:inittime.obj
 0001:00004825       ___free_lconv_num          10005825 f   libcmt:initnum.obj
 0001:0000488e       ___free_lconv_mon          1000588e f   libcmt:initmon.obj
 0001:0000498c       _malloc                    1000598c f   libcmt:malloc.obj
 0001:00004a20       __alloca_probe_16          10005a20 f   libcmt:alloca16.obj
 0001:00004a36       __alloca_probe_8           10005a36     libcmt:alloca16.obj
 0001:00004a4c       __initp_misc_invarg        10005a4c f   libcmt:invarg.obj
 0001:00004a5b       __call_reportfault         10005a5b f   libcmt:invarg.obj
 0001:00004b84       __invoke_watson            10005b84 f   libcmt:invarg.obj
 0001:00004ba9       __invalid_parameter        10005ba9 f   libcmt:invarg.obj
 0001:00004bd6       __invalid_parameter_noinfo 10005bd6 f   libcmt:invarg.obj
 0001:00004bf0       _strcspn                   10005bf0 f   libcmt:strcspn.obj
 0001:00004c36       _strcpy_s                  10005c36 f   libcmt:strcpy_s.obj
 0001:00004ca0       _strcmp                    10005ca0 f   libcmt:strcmp.obj
 0001:00004d30       _memcpy                    10005d30 f   libcmt:memcpy.obj
 0001:000050a0       _strlen                    100060a0 f   libcmt:strlen.obj
 0001:00005130       _strpbrk                   10006130 f   libcmt:strpbrk.obj
 0001:00005170       __calloc_impl              10006170 f   libcmt:calloc_impl.obj
 0001:000051f2       _realloc                   100061f2 f   libcmt:realloc.obj
 0001:0000529f       ?terminate@@YAXXZ          1000629f f   libcmt:hooks.obj
 0001:000052d8       __initp_eh_hooks           100062d8 f   libcmt:hooks.obj
 0001:000052e9       __initp_misc_winsig        100062e9 f   libcmt:winsig.obj
 0001:0000533e       ___get_sigabrt             1000633e f   libcmt:winsig.obj
 0001:0000534b       _raise                     1000634b f   libcmt:winsig.obj
 0001:000054ee       __initp_misc_rand_s        100064ee f   libcmt:rand_s.obj
 0001:000054fd       __initp_misc_purevirt      100064fd f   libcmt:inithelp.obj
 0001:0000550c       __initp_heap_handler       1000650c f   libcmt:handler.obj
 0001:0000551b       __callnewh                 1000651b f   libcmt:handler.obj
 0001:000055f9       ___onexitinit              100065f9 f   libcmt:onexit.obj
 0001:0000562a       __onexit                   1000662a f   libcmt:onexit.obj
 0001:00005666       _atexit                    10006666 f   libcmt:onexit.obj
 0001:0000567d       __initp_misc_cfltcvt_tab   1000667d f   libcmt:cmiscdat.obj
 0001:000056a0       __ValidateImageBase        100066a0 f   libcmt:pesect.obj
 0001:000056e0       __FindPESection            100066e0 f   libcmt:pesect.obj
 0001:00005730       __IsNonwritableInCurrentImage 10006730 f   libcmt:pesect.obj
 0001:000057ec       __GET_RTERRMSG             100067ec f   libcmt:crt0msg.obj
 0001:00005812       __NMSG_WRITE               10006812 f   libcmt:crt0msg.obj
 0001:000059c1       __FF_MSGBANNER             100069c1 f   libcmt:crt0msg.obj
 0001:00005a4d       __ismbblead                10006a4d f   libcmt:ismbbyte.obj
 0001:00005a70       __local_unwind4            10006a70 f   libcmt:exsup4.obj
 0001:00005b46       __seh_longjmp_unwind4@4    10006b46 f   libcmt:exsup4.obj
 0001:00005b62       @_EH4_CallFilterFunc@8     10006b62 f   libcmt:exsup4.obj
 0001:00005b79       @_EH4_TransferToHandler@8  10006b79 f   libcmt:exsup4.obj
 0001:00005b92       @_EH4_GlobalUnwind2@8      10006b92 f   libcmt:exsup4.obj
 0001:00005bab       @_EH4_LocalUnwind@16       10006bab f   libcmt:exsup4.obj
 0001:00005bc2       __VEC_memzero              10006bc2 f   libcmt:p4_memset.obj
 0001:00005c7c       ___sse2_available_init     10006c7c f   libcmt:cpu_disp.obj
 0001:00005c90       __chkstk                   10006c90 f   libcmt:chkstk.obj
 0001:00005c90       __alloca_probe             10006c90     libcmt:chkstk.obj
 0001:00005cbb       __VEC_memcpy               10006cbb f   libcmt:p4_memcpy.obj
 0001:00005dbe       __msize                    10006dbe f   libcmt:msize.obj
 0001:00005df1       _abort                     10006df1 f   libcmt:abort.obj
 0001:00005e24       __fptrap                   10006e24 f   libcmt:crt0fp.obj
 0001:00005e2d       ___crtMessageBoxW          10006e2d f   libcmt:crtmboxw.obj
 0001:00005f99       _wcscat_s                  10006f99 f   libcmt:wcscat_s.obj
 0001:0000600e       _wcsncpy_s                 1000700e f   libcmt:wcsncpy_s.obj
 0001:000060db       _wcslen                    100070db f   libcmt:wcslen.obj
 0001:000060f6       _wcscpy_s                  100070f6 f   libcmt:wcscpy_s.obj
 0001:00006159       __set_error_mode           10007159 f   libcmt:errmode.obj
 0001:000061a0       __global_unwind2           100071a0 f   libcmt:exsup.obj
 0001:00006205       __local_unwind2            10007205 f   libcmt:exsup.obj
 0001:00006289       __abnormal_termination     10007289 f   libcmt:exsup.obj
 0001:000062ac       __NLG_Notify1              100072ac f   libcmt:exsup.obj
 0001:000062b5       __NLG_Notify               100072b5 f   libcmt:exsup.obj
 0001:000062cc       __NLG_Dispatch             100072cc     libcmt:exsup.obj
 0001:000062cc       __NLG_Dispatch2            100072cc     libcmt:exsup.obj
 0001:000062d4       __NLG_Call                 100072d4 f   libcmt:exsup.obj
 0001:000062d6       __NLG_Return2              100072d6     libcmt:exsup.obj
 0001:000062e0       ___ascii_strnicmp          100072e0 f   libcmt:_strnicm.obj
 0001:00006350       __aulldvrm                 10007350 f   libcmt:ulldvrm.obj
 0001:000063f0       __allmul                   100073f0 f   libcmt:llmul.obj
 0001:00006424       _RtlUnwind@16              10007424 f   kernel32:KERNEL32.dll
 0002:00000000       __imp__GetDIBits@28        10008000     Gdi32:GDI32.dll
 0002:00000004       __imp__CreatePalette@4     10008004     Gdi32:GDI32.dll
 0002:00000008       __imp__DeleteObject@4      10008008     Gdi32:GDI32.dll
 0002:0000000c       __imp__SelectObject@8      1000800c     Gdi32:GDI32.dll
 0002:00000010       __imp__GetPaletteEntries@16 10008010     Gdi32:GDI32.dll
 0002:00000014       __imp__CreateCompatibleDC@4 10008014     Gdi32:GDI32.dll
 0002:00000018       __imp__CreateCompatibleBitmap@12 10008018     Gdi32:GDI32.dll
 0002:0000001c       __imp__SetDIBits@28        1000801c     Gdi32:GDI32.dll
 0002:00000020       \177GDI32_NULL_THUNK_DATA  10008020     Gdi32:GDI32.dll
 0002:00000024       __imp__HeapSize@12         10008024     kernel32:KERNEL32.dll
 0002:00000028       __imp__IsProcessorFeaturePresent@4 10008028     kernel32:KERNEL32.dll
 0002:0000002c       __imp__RtlUnwind@16        1000802c     kernel32:KERNEL32.dll
 0002:00000030       __imp__GetModuleFileNameW@12 10008030     kernel32:KERNEL32.dll
 0002:00000034       __imp__FindResourceW@12    10008034     kernel32:KERNEL32.dll
 0002:00000038       __imp__LoadResource@8      10008038     kernel32:KERNEL32.dll
 0002:0000003c       __imp__GlobalSize@4        1000803c     kernel32:KERNEL32.dll
 0002:00000040       __imp__GlobalLock@4        10008040     kernel32:KERNEL32.dll
 0002:00000044       __imp__SizeofResource@8    10008044     kernel32:KERNEL32.dll
 0002:00000048       __imp__GlobalUnlock@4      10008048     kernel32:KERNEL32.dll
 0002:0000004c       __imp__LockResource@4      1000804c     kernel32:KERNEL32.dll
 0002:00000050       __imp__GetCurrentThreadId@0 10008050     kernel32:KERNEL32.dll
 0002:00000054       __imp__DecodePointer@4     10008054     kernel32:KERNEL32.dll
 0002:00000058       __imp__GetCommandLineA@0   10008058     kernel32:KERNEL32.dll
 0002:0000005c       __imp__TerminateProcess@8  1000805c     kernel32:KERNEL32.dll
 0002:00000060       __imp__GetCurrentProcess@0 10008060     kernel32:KERNEL32.dll
 0002:00000064       __imp__UnhandledExceptionFilter@4 10008064     kernel32:KERNEL32.dll
 0002:00000068       __imp__SetUnhandledExceptionFilter@4 10008068     kernel32:KERNEL32.dll
 0002:0000006c       __imp__IsDebuggerPresent@0 1000806c     kernel32:KERNEL32.dll
 0002:00000070       __imp__GetCPInfo@8         10008070     kernel32:KERNEL32.dll
 0002:00000074       __imp__InterlockedIncrement@4 10008074     kernel32:KERNEL32.dll
 0002:00000078       __imp__InterlockedDecrement@4 10008078     kernel32:KERNEL32.dll
 0002:0000007c       __imp__GetACP@0            1000807c     kernel32:KERNEL32.dll
 0002:00000080       __imp__GetOEMCP@0          10008080     kernel32:KERNEL32.dll
 0002:00000084       __imp__IsValidCodePage@4   10008084     kernel32:KERNEL32.dll
 0002:00000088       __imp__EncodePointer@4     10008088     kernel32:KERNEL32.dll
 0002:0000008c       __imp__TlsAlloc@0          1000808c     kernel32:KERNEL32.dll
 0002:00000090       __imp__TlsGetValue@4       10008090     kernel32:KERNEL32.dll
 0002:00000094       __imp__TlsSetValue@8       10008094     kernel32:KERNEL32.dll
 0002:00000098       __imp__TlsFree@4           10008098     kernel32:KERNEL32.dll
 0002:0000009c       __imp__GetModuleHandleW@4  1000809c     kernel32:KERNEL32.dll
 0002:000000a0       __imp__SetLastError@4      100080a0     kernel32:KERNEL32.dll
 0002:000000a4       __imp__GetLastError@0      100080a4     kernel32:KERNEL32.dll
 0002:000000a8       __imp__GetProcAddress@8    100080a8     kernel32:KERNEL32.dll
 0002:000000ac       __imp__WideCharToMultiByte@32 100080ac     kernel32:KERNEL32.dll
 0002:000000b0       __imp__LCMapStringW@24     100080b0     kernel32:KERNEL32.dll
 0002:000000b4       __imp__MultiByteToWideChar@24 100080b4     kernel32:KERNEL32.dll
 0002:000000b8       __imp__HeapFree@12         100080b8     kernel32:KERNEL32.dll
 0002:000000bc       __imp__Sleep@4             100080bc     kernel32:KERNEL32.dll
 0002:000000c0       __imp__ExitProcess@4       100080c0     kernel32:KERNEL32.dll
 0002:000000c4       __imp__SetHandleCount@4    100080c4     kernel32:KERNEL32.dll
 0002:000000c8       __imp__GetStdHandle@4      100080c8     kernel32:KERNEL32.dll
 0002:000000cc       __imp__InitializeCriticalSectionAndSpinCount@8 100080cc     kernel32:KERNEL32.dll
 0002:000000d0       __imp__GetFileType@4       100080d0     kernel32:KERNEL32.dll
 0002:000000d4       __imp__GetStartupInfoW@4   100080d4     kernel32:KERNEL32.dll
 0002:000000d8       __imp__DeleteCriticalSection@4 100080d8     kernel32:KERNEL32.dll
 0002:000000dc       __imp__GetModuleFileNameA@12 100080dc     kernel32:KERNEL32.dll
 0002:000000e0       __imp__FreeEnvironmentStringsW@4 100080e0     kernel32:KERNEL32.dll
 0002:000000e4       __imp__GetEnvironmentStringsW@0 100080e4     kernel32:KERNEL32.dll
 0002:000000e8       __imp__HeapCreate@12       100080e8     kernel32:KERNEL32.dll
 0002:000000ec       __imp__HeapDestroy@4       100080ec     kernel32:KERNEL32.dll
 0002:000000f0       __imp__QueryPerformanceCounter@4 100080f0     kernel32:KERNEL32.dll
 0002:000000f4       __imp__GetTickCount@0      100080f4     kernel32:KERNEL32.dll
 0002:000000f8       __imp__GetCurrentProcessId@0 100080f8     kernel32:KERNEL32.dll
 0002:000000fc       __imp__GetSystemTimeAsFileTime@4 100080fc     kernel32:KERNEL32.dll
 0002:00000100       __imp__GetStringTypeW@16   10008100     kernel32:KERNEL32.dll
 0002:00000104       __imp__LeaveCriticalSection@4 10008104     kernel32:KERNEL32.dll
 0002:00000108       __imp__EnterCriticalSection@4 10008108     kernel32:KERNEL32.dll
 0002:0000010c       __imp__HeapAlloc@12        1000810c     kernel32:KERNEL32.dll
 0002:00000110       __imp__HeapReAlloc@16      10008110     kernel32:KERNEL32.dll
 0002:00000114       __imp__LoadLibraryW@4      10008114     kernel32:KERNEL32.dll
 0002:00000118       __imp__WriteFile@20        10008118     kernel32:KERNEL32.dll
 0002:0000011c       \177KERNEL32_NULL_THUNK_DATA 1000811c     kernel32:KERNEL32.dll
 0002:00000120       __imp__ilTexImage@28       10008120     resil:ResIL.dll
 0002:00000124       __imp__iConvertPal@8       10008124     resil:ResIL.dll
 0002:00000128       __imp__iBindImageTemp@0    10008128     resil:ResIL.dll
 0002:0000012c       __imp__ilClosePal@4        1000812c     resil:ResIL.dll
 0002:00000130       __imp__ilSaveImage@4       10008130     resil:ResIL.dll
 0002:00000134       __imp__ilBindImage@4       10008134     resil:ResIL.dll
 0002:00000138       __imp__ilGetCurName@0      10008138     resil:ResIL.dll
 0002:0000013c       __imp__ilConvertPal@4      1000813c     resil:ResIL.dll
 0002:00000140       __imp__iConvertImage@12    10008140     resil:ResIL.dll
 0002:00000144       __imp__iGetFlipped@4       10008144     resil:ResIL.dll
 0002:00000148       __imp__ilLoadImage@4       10008148     resil:ResIL.dll
 0002:0000014c       __imp__ilLoadL@12          1000814c     resil:ResIL.dll
 0002:00000150       __imp__ilGetCurImage@0     10008150     resil:ResIL.dll
 0002:00000154       __imp__ifree@4             10008154     resil:ResIL.dll
 0002:00000158       __imp__ilCloseImage@4      10008158     resil:ResIL.dll
 0002:0000015c       __imp__ilTypeFromExt@4     1000815c     resil:ResIL.dll
 0002:00000160       __imp__ilSetError@4        10008160     resil:ResIL.dll
 0002:00000164       __imp__ialloc@4            10008164     resil:ResIL.dll
 0002:00000168       __imp__ilSetCurImage@4     10008168     resil:ResIL.dll
 0002:0000016c       \177ResIL_NULL_THUNK_DATA  1000816c     resil:ResIL.dll
 0002:00000170       __imp__GetDC@4             10008170     User32:USER32.dll
 0002:00000174       __imp__OpenClipboard@4     10008174     User32:USER32.dll
 0002:00000178       __imp__EmptyClipboard@0    10008178     User32:USER32.dll
 0002:0000017c       __imp__ReleaseDC@8         1000817c     User32:USER32.dll
 0002:00000180       __imp__CloseClipboard@0    10008180     User32:USER32.dll
 0002:00000184       __imp__IsClipboardFormatAvailable@4 10008184     User32:USER32.dll
 0002:00000188       __imp__SetClipboardData@8  10008188     User32:USER32.dll
 0002:0000018c       __imp__GetForegroundWindow@0 1000818c     User32:USER32.dll
 0002:00000190       __imp__GetClipboardData@4  10008190     User32:USER32.dll
 0002:00000194       \177USER32_NULL_THUNK_DATA 10008194     User32:USER32.dll
 0002:00000198       __imp__InternetOpenUrlW@24 10008198     Wininet:WININET.dll
 0002:0000019c       __imp__InternetCloseHandle@4 1000819c     Wininet:WININET.dll
 0002:000001a0       __imp__InternetOpenW@20    100081a0     Wininet:WININET.dll
 0002:000001a4       __imp__InternetReadFile@16 100081a4     Wininet:WININET.dll
 0002:000001a8       \177WININET_NULL_THUNK_DATA 100081a8     Wininet:WININET.dll
 0002:000001ac       ___xc_a                    100081ac     libcmt:crt0init.obj
 0002:000001b0       ___xc_z                    100081b0     libcmt:crt0init.obj
 0002:000001b4       ___xi_a                    100081b4     libcmt:crt0init.obj
 0002:000001c4       ___xi_z                    100081c4     libcmt:crt0init.obj
 0002:000001c8       ___xp_a                    100081c8     libcmt:crt0init.obj
 0002:000001cc       ___xp_z                    100081cc     libcmt:crt0init.obj
 0002:000001d0       ___xt_a                    100081d0     libcmt:crt0init.obj
 0002:000001d4       ___xt_z                    100081d4     libcmt:crt0init.obj
 0002:000001fc       __pRawDllMain              100081fc     libcmt:dllcrt0.obj
 0002:000001fc       __pDefaultRawDllMain       100081fc     libcmt:dllcrt0.obj
 0002:00000208       ??_C@_1BC@GDGBMEMK@?$AAH?$AAH?$AA?3?$AAm?$AAm?$AA?3?$AAs?$AAs?$AA?$AA@ 10008208     libcmt:nlsdata2.obj
 0002:0000021c       ??_C@_1CI@KNAKOEBC@?$AAd?$AAd?$AAd?$AAd?$AA?0?$AA?5?$AAM?$AAM?$AAM?$AAM?$AA?5?$AAd?$AAd?$AA?0?$AA?5?$AAy?$AAy?$AAy?$AAy?$AA?$AA@ 1000821c     libcmt:nlsdata2.obj
 0002:00000244       ??_C@_1BC@IEBCMHCM@?$AAM?$AAM?$AA?1?$AAd?$AAd?$AA?1?$AAy?$AAy?$AA?$AA@ 10008244     libcmt:nlsdata2.obj
 0002:00000258       ??_C@_15CLMNNGEL@?$AAP?$AAM?$AA?$AA@ 10008258     libcmt:nlsdata2.obj
 0002:00000260       ??_C@_15ODEHAHHF@?$AAA?$AAM?$AA?$AA@ 10008260     libcmt:nlsdata2.obj
 0002:00000268       ??_C@_1BC@FEMKIFH@?$AAD?$AAe?$AAc?$AAe?$AAm?$AAb?$AAe?$AAr?$AA?$AA@ 10008268     libcmt:nlsdata2.obj
 0002:0000027c       ??_C@_1BC@BGLIFPF@?$AAN?$AAo?$AAv?$AAe?$AAm?$AAb?$AAe?$AAr?$AA?$AA@ 1000827c     libcmt:nlsdata2.obj
 0002:00000290       ??_C@_1BA@EPANDLNG@?$AAO?$AAc?$AAt?$AAo?$AAb?$AAe?$AAr?$AA?$AA@ 10008290     libcmt:nlsdata2.obj
 0002:000002a0       ??_C@_1BE@DKAAMBJL@?$AAS?$AAe?$AAp?$AAt?$AAe?$AAm?$AAb?$AAe?$AAr?$AA?$AA@ 100082a0     libcmt:nlsdata2.obj
 0002:000002b4       ??_C@_1O@PAHLKOAC@?$AAA?$AAu?$AAg?$AAu?$AAs?$AAt?$AA?$AA@ 100082b4     libcmt:nlsdata2.obj
 0002:000002c4       ??_C@_19BIFMLPCD@?$AAJ?$AAu?$AAl?$AAy?$AA?$AA@ 100082c4     libcmt:nlsdata2.obj
 0002:000002d0       ??_C@_19EPFLPGAP@?$AAJ?$AAu?$AAn?$AAe?$AA?$AA@ 100082d0     libcmt:nlsdata2.obj
 0002:000002dc       ??_C@_1M@GJNLMHFD@?$AAA?$AAp?$AAr?$AAi?$AAl?$AA?$AA@ 100082dc     libcmt:nlsdata2.obj
 0002:000002e8       ??_C@_1M@IKEENEDF@?$AAM?$AAa?$AAr?$AAc?$AAh?$AA?$AA@ 100082e8     libcmt:nlsdata2.obj
 0002:000002f4       ??_C@_1BC@JGDDFFAM@?$AAF?$AAe?$AAb?$AAr?$AAu?$AAa?$AAr?$AAy?$AA?$AA@ 100082f4     libcmt:nlsdata2.obj
 0002:00000308       ??_C@_1BA@EFMEIEBA@?$AAJ?$AAa?$AAn?$AAu?$AAa?$AAr?$AAy?$AA?$AA@ 10008308     libcmt:nlsdata2.obj
 0002:00000318       ??_C@_17EGKACKIF@?$AAD?$AAe?$AAc?$AA?$AA@ 10008318     libcmt:nlsdata2.obj
 0002:00000320       ??_C@_17BBDMLCIG@?$AAN?$AAo?$AAv?$AA?$AA@ 10008320     libcmt:nlsdata2.obj
 0002:00000328       ??_C@_17FNLKOI@?$AAO?$AAc?$AAt?$AA?$AA@ 10008328     libcmt:nlsdata2.obj
 0002:00000330       ??_C@_17HCHCOKMG@?$AAS?$AAe?$AAp?$AA?$AA@ 10008330     libcmt:nlsdata2.obj
 0002:00000338       ??_C@_17ICPELBCN@?$AAA?$AAu?$AAg?$AA?$AA@ 10008338     libcmt:nlsdata2.obj
 0002:00000340       ??_C@_17IJPCKHK@?$AAJ?$AAu?$AAl?$AA?$AA@ 10008340     libcmt:nlsdata2.obj
 0002:00000348       ??_C@_17KCJGOCPB@?$AAJ?$AAu?$AAn?$AA?$AA@ 10008348     libcmt:nlsdata2.obj
 0002:00000350       ??_C@_17PNNKMEED@?$AAM?$AAa?$AAy?$AA?$AA@ 10008350     libcmt:nlsdata2.obj
 0002:00000358       ??_C@_17LFPOIHDD@?$AAA?$AAp?$AAr?$AA?$AA@ 10008358     libcmt:nlsdata2.obj
 0002:00000360       ??_C@_17CKNLEDEC@?$AAM?$AAa?$AAr?$AA?$AA@ 10008360     libcmt:nlsdata2.obj
 0002:00000368       ??_C@_17LMDJEKJN@?$AAF?$AAe?$AAb?$AA?$AA@ 10008368     libcmt:nlsdata2.obj
 0002:00000370       ??_C@_17DKNBKCHM@?$AAJ?$AAa?$AAn?$AA?$AA@ 10008370     libcmt:nlsdata2.obj
 0002:00000378       ??_C@_1BC@ENMNNPAJ@?$AAS?$AAa?$AAt?$AAu?$AAr?$AAd?$AAa?$AAy?$AA?$AA@ 10008378     libcmt:nlsdata2.obj
 0002:0000038c       ??_C@_1O@PDICJHAG@?$AAF?$AAr?$AAi?$AAd?$AAa?$AAy?$AA?$AA@ 1000838c     libcmt:nlsdata2.obj
 0002:0000039c       ??_C@_1BC@HHMNLIHE@?$AAT?$AAh?$AAu?$AAr?$AAs?$AAd?$AAa?$AAy?$AA?$AA@ 1000839c     libcmt:nlsdata2.obj
 0002:000003b0       ??_C@_1BE@EBOGMDOH@?$AAW?$AAe?$AAd?$AAn?$AAe?$AAs?$AAd?$AAa?$AAy?$AA?$AA@ 100083b0     libcmt:nlsdata2.obj
 0002:000003c4       ??_C@_1BA@ENFBFFEK@?$AAT?$AAu?$AAe?$AAs?$AAd?$AAa?$AAy?$AA?$AA@ 100083c4     libcmt:nlsdata2.obj
 0002:000003d4       ??_C@_1O@MMNBFLIA@?$AAM?$AAo?$AAn?$AAd?$AAa?$AAy?$AA?$AA@ 100083d4     libcmt:nlsdata2.obj
 0002:000003e4       ??_C@_1O@IHNHDHPB@?$AAS?$AAu?$AAn?$AAd?$AAa?$AAy?$AA?$AA@ 100083e4     libcmt:nlsdata2.obj
 0002:000003f4       ??_C@_17GGIBDPIH@?$AAS?$AAa?$AAt?$AA?$AA@ 100083f4     libcmt:nlsdata2.obj
 0002:000003fc       ??_C@_17HFOLPPLP@?$AAF?$AAr?$AAi?$AA?$AA@ 100083fc     libcmt:nlsdata2.obj
 0002:00000404       ??_C@_17PDPHAADD@?$AAT?$AAh?$AAu?$AA?$AA@ 10008404     libcmt:nlsdata2.obj
 0002:0000040c       ??_C@_17CJEDCEPE@?$AAW?$AAe?$AAd?$AA?$AA@ 1000840c     libcmt:nlsdata2.obj
 0002:00000414       ??_C@_17BMKGEGOJ@?$AAT?$AAu?$AAe?$AA?$AA@ 10008414     libcmt:nlsdata2.obj
 0002:0000041c       ??_C@_17KBOMKBF@?$AAM?$AAo?$AAn?$AA?$AA@ 1000841c     libcmt:nlsdata2.obj
 0002:00000424       ??_C@_17MBGCMIPB@?$AAS?$AAu?$AAn?$AA?$AA@ 10008424     libcmt:nlsdata2.obj
 0002:0000042c       ??_C@_08JCCMCCIL@HH?3mm?3ss?$AA@ 1000842c     libcmt:nlsdata2.obj
 0002:00000438       ??_C@_0BE@CKGJFCPC@dddd?0?5MMMM?5dd?0?5yyyy?$AA@ 10008438     libcmt:nlsdata2.obj
 0002:0000044c       ??_C@_08BPBNCDIB@MM?1dd?1yy?$AA@ 1000844c     libcmt:nlsdata2.obj
 0002:00000458       ??_C@_02CJNFDJBF@PM?$AA@   10008458     libcmt:nlsdata2.obj
 0002:0000045c       ??_C@_02DEDBPAFC@AM?$AA@   1000845c     libcmt:nlsdata2.obj
 0002:00000460       ??_C@_08EDHMEBNP@December?$AA@ 10008460     libcmt:nlsdata2.obj
 0002:0000046c       ??_C@_08HCHEGEOA@November?$AA@ 1000846c     libcmt:nlsdata2.obj
 0002:00000478       ??_C@_07JJNFCEND@October?$AA@ 10008478     libcmt:nlsdata2.obj
 0002:00000480       ??_C@_09BHHEALKD@September?$AA@ 10008480     libcmt:nlsdata2.obj
 0002:0000048c       ??_C@_06LBBHFDDG@August?$AA@ 1000848c     libcmt:nlsdata2.obj
 0002:00000494       ??_C@_04MIEPOIFP@July?$AA@ 10008494     libcmt:nlsdata2.obj
 0002:0000049c       ??_C@_04CNLMGBGM@June?$AA@ 1000849c     libcmt:nlsdata2.obj
 0002:000004a4       ??_C@_05DMJDNLEJ@April?$AA@ 100084a4     libcmt:nlsdata2.obj
 0002:000004ac       ??_C@_05HPCKOFNC@March?$AA@ 100084ac     libcmt:nlsdata2.obj
 0002:000004b4       ??_C@_08GNJGEPFN@February?$AA@ 100084b4     libcmt:nlsdata2.obj
 0002:000004c0       ??_C@_07CGJPFGJA@January?$AA@ 100084c0     libcmt:nlsdata2.obj
 0002:000004c8       ??_C@_03MKABNOCG@Dec?$AA@  100084c8     libcmt:nlsdata2.obj
 0002:000004cc       ??_C@_03JPJOFNIA@Nov?$AA@  100084cc     libcmt:nlsdata2.obj
 0002:000004d0       ??_C@_03BMAOKBAD@Oct?$AA@  100084d0     libcmt:nlsdata2.obj
 0002:000004d4       ??_C@_03GGCAPAJC@Sep?$AA@  100084d4     libcmt:nlsdata2.obj
 0002:000004d8       ??_C@_03IFJFEIGA@Aug?$AA@  100084d8     libcmt:nlsdata2.obj
 0002:000004dc       ??_C@_03LBGABGKK@Jul?$AA@  100084dc     libcmt:nlsdata2.obj
 0002:000004e0       ??_C@_03IDFGHECI@Jun?$AA@  100084e0     libcmt:nlsdata2.obj
 0002:000004e4       ??_C@_03CNMDKL@May?$AA@    100084e4     libcmt:nlsdata2.obj
 0002:000004e8       ??_C@_03LEOLGMJP@Apr?$AA@  100084e8     libcmt:nlsdata2.obj
 0002:000004ec       ??_C@_03ODNJBKGA@Mar?$AA@  100084ec     libcmt:nlsdata2.obj
 0002:000004f0       ??_C@_03HJBDCHOM@Feb?$AA@  100084f0     libcmt:nlsdata2.obj
 0002:000004f4       ??_C@_03JIHJHPIE@Jan?$AA@  100084f4     libcmt:nlsdata2.obj
 0002:000004f8       ??_C@_08INBOOONO@Saturday?$AA@ 100084f8     libcmt:nlsdata2.obj
 0002:00000504       ??_C@_06JECMNKMI@Friday?$AA@ 10008504     libcmt:nlsdata2.obj
 0002:0000050c       ??_C@_08HACCIKIA@Thursday?$AA@ 1000850c     libcmt:nlsdata2.obj
 0002:00000518       ??_C@_09DLIGFAKA@Wednesday?$AA@ 10008518     libcmt:nlsdata2.obj
 0002:00000524       ??_C@_07BAAGCFCM@Tuesday?$AA@ 10008524     libcmt:nlsdata2.obj
 0002:0000052c       ??_C@_06JLEDEDGH@Monday?$AA@ 1000852c     libcmt:nlsdata2.obj
 0002:00000534       ??_C@_06OOPIFAJ@Sunday?$AA@ 10008534     libcmt:nlsdata2.obj
 0002:0000053c       ??_C@_03FEFJNEK@Sat?$AA@   1000853c     libcmt:nlsdata2.obj
 0002:00000540       ??_C@_03IDIOELNC@Fri?$AA@  10008540     libcmt:nlsdata2.obj
 0002:00000544       ??_C@_03IOFIKPDN@Thu?$AA@  10008544     libcmt:nlsdata2.obj
 0002:00000548       ??_C@_03MHOMLAJA@Wed?$AA@  10008548     libcmt:nlsdata2.obj
 0002:0000054c       ??_C@_03NAGEINEP@Tue?$AA@  1000854c     libcmt:nlsdata2.obj
 0002:00000550       ??_C@_03PDAGKDH@Mon?$AA@   10008550     libcmt:nlsdata2.obj
 0002:00000554       ??_C@_03KOEHGMDN@Sun?$AA@  10008554     libcmt:nlsdata2.obj
 0002:00000558       ??_C@_1BK@DBDEIDLH@?$AAK?$AAE?$AAR?$AAN?$AAE?$AAL?$AA3?$AA2?$AA?4?$AAD?$AAL?$AAL?$AA?$AA@ 10008558     libcmt:tidtable.obj
 0002:00000574       ??_C@_07PEJMOBNF@FlsFree?$AA@ 10008574     libcmt:tidtable.obj
 0002:0000057c       ??_C@_0M@JCPCPOEF@FlsSetValue?$AA@ 1000857c     libcmt:tidtable.obj
 0002:00000588       ??_C@_0M@GDNOONDI@FlsGetValue?$AA@ 10008588     libcmt:tidtable.obj
 0002:00000594       ??_C@_08KNHFBNJ@FlsAlloc?$AA@ 10008594     libcmt:tidtable.obj
 0002:00000620       ??_C@_0P@MIGLKIOC@CorExitProcess?$AA@ 10008620     libcmt:crt0dat.obj
 0002:00000630       ??_C@_1BI@BGOHAHKC@?$AAm?$AAs?$AAc?$AAo?$AAr?$AAe?$AAe?$AA?4?$AAd?$AAl?$AAl?$AA?$AA@ 10008630     libcmt:crt0dat.obj
 0002:00000648       __XcptActTab               10008648     libcmt:winxfltr.obj
 0002:000006d8       __First_FPE_Indx           100086d8     libcmt:winxfltr.obj
 0002:000006dc       __Num_FPE                  100086dc     libcmt:winxfltr.obj
 0002:000006e0       __XcptActTabSize           100086e0     libcmt:winxfltr.obj
 0002:000006e4       __XcptActTabCount          100086e4     libcmt:winxfltr.obj
 0002:000006e8       ___newctype                100086e8     libcmt:ctype.obj
 0002:000009e8       __wctype                   100089e8     libcmt:ctype.obj
 0002:00000bf0       ___newclmap                10008bf0     libcmt:ctype.obj
 0002:00000d70       ___newcumap                10008d70     libcmt:ctype.obj
 0002:00000ef0       ??_C@_1BO@BKOMIGKJ@?$AAr?$AAu?$AAn?$AAt?$AAi?$AAm?$AAe?$AA?5?$AAe?$AAr?$AAr?$AAo?$AAr?$AA?5?$AA?$AA@ 10008ef0     libcmt:crt0msg.obj
 0002:00000f10       ??_C@_15JNBOKNOG@?$AA?$AN?$AA?6?$AA?$AA@ 10008f10     libcmt:crt0msg.obj
 0002:00000f18       ??_C@_1BM@JBBEPPHI@?$AAT?$AAL?$AAO?$AAS?$AAS?$AA?5?$AAe?$AAr?$AAr?$AAo?$AAr?$AA?$AN?$AA?6?$AA?$AA@ 10008f18     libcmt:crt0msg.obj
 0002:00000f34       ??_C@_1BK@KMOMNAAI@?$AAS?$AAI?$AAN?$AAG?$AA?5?$AAe?$AAr?$AAr?$AAo?$AAr?$AA?$AN?$AA?6?$AA?$AA@ 10008f34     libcmt:crt0msg.obj
 0002:00000f50       ??_C@_1BO@BFCDCGC@?$AAD?$AAO?$AAM?$AAA?$AAI?$AAN?$AA?5?$AAe?$AAr?$AAr?$AAo?$AAr?$AA?$AN?$AA?6?$AA?$AA@ 10008f50     libcmt:crt0msg.obj
 0002:00000f70       ??_C@_1BOO@KGEDBGAJ@?$AAR?$AA6?$AA0?$AA3?$AA3?$AA?$AN?$AA?6?$AA?9?$AA?5?$AAA?$AAt?$AAt?$AAe?$AAm?$AAp?$AAt?$AA?5?$AAt?$AAo?$AA?5?$AAu?$AAs?$AAe?$AA?5?$AAM?$AAS?$AAI?$AAL?$AA?5?$AAc?$AAo?$AAd@ 10008f70     libcmt:crt0msg.obj
 0002:00001160       ??_C@_1GG@GOPILAJP@?$AAR?$AA6?$AA0?$AA3?$AA2?$AA?$AN?$AA?6?$AA?9?$AA?5?$AAn?$AAo?$AAt?$AA?5?$AAe?$AAn?$AAo?$AAu?$AAg?$AAh?$AA?5?$AAs?$AAp?$AAa?$AAc?$AAe?$AA?5?$AAf?$AAo?$AAr?$AA?5?$AAl?$AAo@ 10009160     libcmt:crt0msg.obj
 0002:000011c8       ??_C@_1MG@ENCOOIDF@?$AAR?$AA6?$AA0?$AA3?$AA1?$AA?$AN?$AA?6?$AA?9?$AA?5?$AAA?$AAt?$AAt?$AAe?$AAm?$AAp?$AAt?$AA?5?$AAt?$AAo?$AA?5?$AAi?$AAn?$AAi?$AAt?$AAi?$AAa?$AAl?$AAi?$AAz?$AAe?$AA?5?$AAt@ 100091c8     libcmt:crt0msg.obj
 0002:00001290       ??_C@_1DO@BMFCDCD@?$AAR?$AA6?$AA0?$AA3?$AA0?$AA?$AN?$AA?6?$AA?9?$AA?5?$AAC?$AAR?$AAT?$AA?5?$AAn?$AAo?$AAt?$AA?5?$AAi?$AAn?$AAi?$AAt?$AAi?$AAa?$AAl?$AAi?$AAz?$AAe?$AAd?$AA?$AN?$AA?6?$AA?$AA@ 10009290     libcmt:crt0msg.obj
 0002:000012d0       ??_C@_1EK@HHFLMAOL@?$AAR?$AA6?$AA0?$AA2?$AA8?$AA?$AN?$AA?6?$AA?9?$AA?5?$AAu?$AAn?$AAa?$AAb?$AAl?$AAe?$AA?5?$AAt?$AAo?$AA?5?$AAi?$AAn?$AAi?$AAt?$AAi?$AAa?$AAl?$AAi?$AAz?$AAe?$AA?5?$AAh?$AAe@ 100092d0     libcmt:crt0msg.obj
 0002:00001320       ??_C@_1GK@MFGOKLAG@?$AAR?$AA6?$AA0?$AA2?$AA7?$AA?$AN?$AA?6?$AA?9?$AA?5?$AAn?$AAo?$AAt?$AA?5?$AAe?$AAn?$AAo?$AAu?$AAg?$AAh?$AA?5?$AAs?$AAp?$AAa?$AAc?$AAe?$AA?5?$AAf?$AAo?$AAr?$AA?5?$AAl?$AAo@ 10009320     libcmt:crt0msg.obj
 0002:00001390       ??_C@_1GK@MCAAGJMO@?$AAR?$AA6?$AA0?$AA2?$AA6?$AA?$AN?$AA?6?$AA?9?$AA?5?$AAn?$AAo?$AAt?$AA?5?$AAe?$AAn?$AAo?$AAu?$AAg?$AAh?$AA?5?$AAs?$AAp?$AAa?$AAc?$AAe?$AA?5?$AAf?$AAo?$AAr?$AA?5?$AAs?$AAt@ 10009390     libcmt:crt0msg.obj
 0002:00001400       ??_C@_1EM@MAADIHMB@?$AAR?$AA6?$AA0?$AA2?$AA5?$AA?$AN?$AA?6?$AA?9?$AA?5?$AAp?$AAu?$AAr?$AAe?$AA?5?$AAv?$AAi?$AAr?$AAt?$AAu?$AAa?$AAl?$AA?5?$AAf?$AAu?$AAn?$AAc?$AAt?$AAi?$AAo?$AAn?$AA?5?$AAc@ 10009400     libcmt:crt0msg.obj
 0002:00001450       ??_C@_1GK@FHCKBEFA@?$AAR?$AA6?$AA0?$AA2?$AA4?$AA?$AN?$AA?6?$AA?9?$AA?5?$AAn?$AAo?$AAt?$AA?5?$AAe?$AAn?$AAo?$AAu?$AAg?$AAh?$AA?5?$AAs?$AAp?$AAa?$AAc?$AAe?$AA?5?$AAf?$AAo?$AAr?$AA?5?$AA_?$AAo@ 10009450     libcmt:crt0msg.obj
 0002:000014c0       ??_C@_1FC@ECHBIFBC@?$AAR?$AA6?$AA0?$AA1?$AA9?$AA?$AN?$AA?6?$AA?9?$AA?5?$AAu?$AAn?$AAa?$AAb?$AAl?$AAe?$AA?5?$AAt?$AAo?$AA?5?$AAo?$AAp?$AAe?$AAn?$AA?5?$AAc?$AAo?$AAn?$AAs?$AAo?$AAl?$AAe?$AA?5@ 100094c0     libcmt:crt0msg.obj
 0002:00001518       ??_C@_1EC@JIBHAOPH@?$AAR?$AA6?$AA0?$AA1?$AA8?$AA?$AN?$AA?6?$AA?9?$AA?5?$AAu?$AAn?$AAe?$AAx?$AAp?$AAe?$AAc?$AAt?$AAe?$AAd?$AA?5?$AAh?$AAe?$AAa?$AAp?$AA?5?$AAe?$AAr?$AAr?$AAo?$AAr?$AA?$AN?$AA?6@ 10009518     libcmt:crt0msg.obj
 0002:00001560       ??_C@_1FK@BEOGODMC@?$AAR?$AA6?$AA0?$AA1?$AA7?$AA?$AN?$AA?6?$AA?9?$AA?5?$AAu?$AAn?$AAe?$AAx?$AAp?$AAe?$AAc?$AAt?$AAe?$AAd?$AA?5?$AAm?$AAu?$AAl?$AAt?$AAi?$AAt?$AAh?$AAr?$AAe?$AAa?$AAd?$AA?5@ 10009560     libcmt:crt0msg.obj
 0002:000015c0       ??_C@_1FI@LOGNIKDM@?$AAR?$AA6?$AA0?$AA1?$AA6?$AA?$AN?$AA?6?$AA?9?$AA?5?$AAn?$AAo?$AAt?$AA?5?$AAe?$AAn?$AAo?$AAu?$AAg?$AAh?$AA?5?$AAs?$AAp?$AAa?$AAc?$AAe?$AA?5?$AAf?$AAo?$AAr?$AA?5?$AAt?$AAh@ 100095c0     libcmt:crt0msg.obj
 0002:00001618       ??_C@_1EG@BEHAGFJD@?$AAR?$AA6?$AA0?$AA1?$AA0?$AA?$AN?$AA?6?$AA?9?$AA?5?$AAa?$AAb?$AAo?$AAr?$AAt?$AA?$CI?$AA?$CJ?$AA?5?$AAh?$AAa?$AAs?$AA?5?$AAb?$AAe?$AAe?$AAn?$AA?5?$AAc?$AAa?$AAl?$AAl?$AAe?$AAd@ 10009618     libcmt:crt0msg.obj
 0002:00001660       ??_C@_1FI@HONFMGBI@?$AAR?$AA6?$AA0?$AA0?$AA9?$AA?$AN?$AA?6?$AA?9?$AA?5?$AAn?$AAo?$AAt?$AA?5?$AAe?$AAn?$AAo?$AAu?$AAg?$AAh?$AA?5?$AAs?$AAp?$AAa?$AAc?$AAe?$AA?5?$AAf?$AAo?$AAr?$AA?5?$AAe?$AAn@ 10009660     libcmt:crt0msg.obj
 0002:000016b8       ??_C@_1FE@LLNEDJMD@?$AAR?$AA6?$AA0?$AA0?$AA8?$AA?$AN?$AA?6?$AA?9?$AA?5?$AAn?$AAo?$AAt?$AA?5?$AAe?$AAn?$AAo?$AAu?$AAg?$AAh?$AA?5?$AAs?$AAp?$AAa?$AAc?$AAe?$AA?5?$AAf?$AAo?$AAr?$AA?5?$AAa?$AAr@ 100096b8     libcmt:crt0msg.obj
 0002:00001710       ??_C@_1FK@PGACCAFB@?$AAR?$AA6?$AA0?$AA0?$AA2?$AA?$AN?$AA?6?$AA?9?$AA?5?$AAf?$AAl?$AAo?$AAa?$AAt?$AAi?$AAn?$AAg?$AA?5?$AAp?$AAo?$AAi?$AAn?$AAt?$AA?5?$AAs?$AAu?$AAp?$AAp?$AAo?$AAr?$AAt?$AA?5@ 10009710     libcmt:crt0msg.obj
 0002:00001820       ??_C@_1EK@MBDPDCGA@?$AAM?$AAi?$AAc?$AAr?$AAo?$AAs?$AAo?$AAf?$AAt?$AA?5?$AAV?$AAi?$AAs?$AAu?$AAa?$AAl?$AA?5?$AAC?$AA?$CL?$AA?$CL?$AA?5?$AAR?$AAu?$AAn?$AAt?$AAi?$AAm?$AAe?$AA?5?$AAL?$AAi?$AAb@ 10009820     libcmt:crt0msg.obj
 0002:0000186c       ??_C@_15IABLJNFO@?$AA?6?$AA?6?$AA?$AA@ 1000986c     libcmt:crt0msg.obj
 0002:00001874       ??_C@_17LGKOMLJ@?$AA?4?$AA?4?$AA?4?$AA?$AA@ 10009874     libcmt:crt0msg.obj
 0002:0000187c       ??_C@_1CO@EAEJAADC@?$AA?$DM?$AAp?$AAr?$AAo?$AAg?$AAr?$AAa?$AAm?$AA?5?$AAn?$AAa?$AAm?$AAe?$AA?5?$AAu?$AAn?$AAk?$AAn?$AAo?$AAw?$AAn?$AA?$DO?$AA?$AA@ 1000987c     libcmt:crt0msg.obj
 0002:000018ac       ??_C@_1DE@JNGNBFGO@?$AAR?$AAu?$AAn?$AAt?$AAi?$AAm?$AAe?$AA?5?$AAE?$AAr?$AAr?$AAo?$AAr?$AA?$CB?$AA?6?$AA?6?$AAP?$AAr?$AAo?$AAg?$AAr?$AAa?$AAm?$AA?3?$AA?5?$AA?$AA@ 100098ac     libcmt:crt0msg.obj
 0002:000018e0       ??_C@_0BI@DFKBFLJE@GetProcessWindowStation?$AA@ 100098e0     libcmt:crtmboxw.obj
 0002:000018f8       ??_C@_0BK@DEKFELLI@GetUserObjectInformationW?$AA@ 100098f8     libcmt:crtmboxw.obj
 0002:00001914       ??_C@_0BD@HHGDFDBJ@GetLastActivePopup?$AA@ 10009914     libcmt:crtmboxw.obj
 0002:00001928       ??_C@_0BA@HNOPNCHB@GetActiveWindow?$AA@ 10009928     libcmt:crtmboxw.obj
 0002:00001938       ??_C@_0M@DLDCCGNP@MessageBoxW?$AA@ 10009938     libcmt:crtmboxw.obj
 0002:00001944       ??_C@_1BG@GOEBHBDC@?$AAU?$AAS?$AAE?$AAR?$AA3?$AA2?$AA?4?$AAD?$AAL?$AAL?$AA?$AA@ 10009944     libcmt:crtmboxw.obj
 0002:00001960       ??_C@_1GO@EKIKNOBL@?$AAD?$AAe?$AAv?$AAe?$AAl?$AAo?$AAp?$AAe?$AAr?$AA?8?$AAs?$AA?5?$AAI?$AAm?$AAa?$AAg?$AAe?$AA?5?$AAL?$AAi?$AAb?$AAr?$AAa?$AAr?$AAy?$AA?5?$AAU?$AAt?$AAi?$AAl?$AAi?$AAt@ 10009960     ilut_states.obj
 0002:000019d0       ??_C@_1CC@FLLNLNFB@?$AAA?$AAb?$AAy?$AAs?$AAm?$AAa?$AAl?$AA?5?$AAS?$AAo?$AAf?$AAt?$AAw?$AAa?$AAr?$AAe?$AA?$AA@ 100099d0     ilut_states.obj
 0002:000019f4       ??_C@_1DE@LHOEMOEC@?$AAD?$AAe?$AAv?$AAe?$AAl?$AAo?$AAp?$AAe?$AAr?$AA?8?$AAs?$AA?5?$AAI?$AAm?$AAa?$AAg?$AAe?$AA?5?$AAL?$AAi?$AAb?$AAr?$AAa?$AAr?$AAy?$AA?$AA@ 100099f4     ilut_win32.obj
 0002:00001a28       __load_config_used         10009a28     libcmt:loadcfg.obj
 0002:00001ac0       ___safe_se_handler_table   10009ac0     <linker-defined>
 0002:00001acc       ___rtc_iaa                 10009acc     libcmt:_initsect_.obj
 0002:00001ad0       ___rtc_izz                 10009ad0     libcmt:_initsect_.obj
 0002:00001ad4       ___rtc_taa                 10009ad4     libcmt:_initsect_.obj
 0002:00001ad8       ___rtc_tzz                 10009ad8     libcmt:_initsect_.obj
 0002:00001c8c       __IMPORT_DESCRIPTOR_ResIL  10009c8c     resil:ResIL.dll
 0002:00001ca0       __IMPORT_DESCRIPTOR_KERNEL32 10009ca0     kernel32:KERNEL32.dll
 0002:00001cb4       __IMPORT_DESCRIPTOR_USER32 10009cb4     User32:USER32.dll
 0002:00001cc8       __IMPORT_DESCRIPTOR_WININET 10009cc8     Wininet:WININET.dll
 0002:00001cdc       __IMPORT_DESCRIPTOR_GDI32  10009cdc     Gdi32:GDI32.dll
 0002:00001cf0       __NULL_IMPORT_DESCRIPTOR   10009cf0     resil:ResIL.dll
 0003:00000000       ___security_cookie         1000b000     libcmt:gs_cookie.obj
 0003:00000004       ___security_cookie_complement 1000b004     libcmt:gs_cookie.obj
 0003:00000008       ___initialmbcinfo          1000b008     libcmt:mbctype.obj
 0003:00000228       __mbctype                  1000b228     libcmt:mbctype.obj
 0003:00000330       __mbcasemap                1000b330     libcmt:mbctype.obj
 0003:00000430       ___ptmbcinfo               1000b430     libcmt:mbctype.obj
 0003:00000528       ___globallocalestatus      1000b528     libcmt:glstatus.obj
 0003:0000052c       ___clocalestr              1000b52c     libcmt:nlsdata2.obj
 0003:00000530       ___lc_time_c               1000b530     libcmt:nlsdata2.obj
 0003:00000698       ___initiallocinfo          1000b698     libcmt:nlsdata2.obj
 0003:00000770       ___ptlocinfo               1000b770     libcmt:nlsdata2.obj
 0003:00000774       ___flsindex                1000b774     libcmt:tidtable.obj
 0003:00000778       ___getvalueindex           1000b778     libcmt:tidtable.obj
 0003:000008f8       ___badioinfo               1000b8f8     libcmt:ioinit.obj
 0003:00000a60       ___lconv_static_decimal    1000ba60     libcmt:lconv.obj
 0003:00000a64       ___lconv_static_W_decimal  1000ba64     libcmt:lconv.obj
 0003:00000a68       ___lconv_c                 1000ba68     libcmt:lconv.obj
 0003:00000ab8       ___lconv                   1000bab8     libcmt:lconv.obj
 0003:00000abc       __pctype                   1000babc     libcmt:ctype.obj
 0003:00000ac0       __pwctype                  1000bac0     libcmt:ctype.obj
 0003:00000ad0       ___mb_cur_max              1000bad0     libcmt:nlsdata1.obj
 0003:00000ad4       ___decimal_point           1000bad4     libcmt:nlsdata1.obj
 0003:00000ad8       ___decimal_point_length    1000bad8     libcmt:nlsdata1.obj
 0003:00000ae0       __cfltcvt_tab              1000bae0     libcmt:cmiscdat.obj
 0003:00000b10       ___abort_behavior          1000bb10     libcmt:abort.obj
 0003:00000b20       __NLG_Destination          1000bb20     libcmt:exsup.obj
 0003:00000b30       ?_ilutVendor@@3PB_WB       1000bb30     ilut_states.obj
 0003:00000b34       ?_ilutVersion@@3PB_WB      1000bb34     ilut_states.obj
 0003:00000b44       __aenvptr                  1000bb44     libcmt:dllcrt0.obj
 0003:00000b48       __wenvptr                  1000bb48     libcmt:dllcrt0.obj
 0003:00000b4c       ___error_mode              1000bb4c     libcmt:dllcrt0.obj
 0003:00000b50       ___app_type                1000bb50     libcmt:dllcrt0.obj
 0003:00000e80       ___mbulinfo                1000be80     libcmt:mbctype.obj
 0003:00000e8c       ___mbcodepage              1000be8c     libcmt:mbctype.obj
 0003:00000e90       ___ismbcodepage            1000be90     libcmt:mbctype.obj
 0003:00000e94       ___mblcid                  1000be94     libcmt:mbctype.obj
 0003:00000e98       _gpFlsAlloc                1000be98     libcmt:tidtable.obj
 0003:00000e9c       _gpFlsGetValue             1000be9c     libcmt:tidtable.obj
 0003:00000ea0       _gpFlsSetValue             1000bea0     libcmt:tidtable.obj
 0003:00000ea4       _gpFlsFree                 1000bea4     libcmt:tidtable.obj
 0003:00000ea8       ___locale_changed          1000bea8     libcmt:setlocal.obj
 0003:00000eac       __maxwait                  1000beac     libcmt:crtheap.obj
 0003:00000eb0       __umaskval                 1000beb0     libcmt:crt0dat.obj
 0003:00000eb4       ___argc                    1000beb4     libcmt:crt0dat.obj
 0003:00000eb8       ___argv                    1000beb8     libcmt:crt0dat.obj
 0003:00000ebc       ___wargv                   1000bebc     libcmt:crt0dat.obj
 0003:00000ec0       __environ                  1000bec0     libcmt:crt0dat.obj
 0003:00000ec4       ___initenv                 1000bec4     libcmt:crt0dat.obj
 0003:00000ec8       __wenviron                 1000bec8     libcmt:crt0dat.obj
 0003:00000ecc       ___winitenv                1000becc     libcmt:crt0dat.obj
 0003:00000ed0       __pgmptr                   1000bed0     libcmt:crt0dat.obj
 0003:00000ed4       __wpgmptr                  1000bed4     libcmt:crt0dat.obj
 0003:00000ed8       __exitflag                 1000bed8     libcmt:crt0dat.obj
 0003:00000edc       __C_Termination_Done       1000bedc     libcmt:crt0dat.obj
 0003:00000ee0       __C_Exit_Done              1000bee0     libcmt:crt0dat.obj
 0003:00000ff0       __crtheap                  1000bff0     libcmt:heapinit.obj
 0003:00001148       ___lconv_static_null       1000c148     libcmt:lconv.obj
 0003:0000114c       ___lconv_static_W_null     1000c14c     libcmt:lconv.obj
 0003:00001150       ___pInvalidArgHandler      1000c150     libcmt:invarg.obj
 0003:00001154       ?__pInconsistency@@3P6AXXZA 1000c154     libcmt:hooks.obj
 0003:00001170       ___pPurecall               1000c170     libcmt:inithelp.obj
 0003:00001174       ?_pnhHeap@@3P6AHI@ZA       1000c174     libcmt:handler.obj
 0003:000017a0       __newmode                  1000c7a0     libcmt:_newmode.obj
 0003:000017b8       ?ilutStates@@3PAUILUT_STATES@@A 1000c7b8     ilut_states.obj
 0003:00001c38       ?ilutCurImage@@3PAUILimage@@A 1000cc38     ilut_internal.obj
 0003:00001c3c       ?ilutCurrentPos@@3IA       1000cc3c     ilut_states.obj
 0003:00001c40       ___sse2_available          1000cc40     <common>
 0003:00001c44       __debugger_hook_dummy      1000cc44     <common>
 0003:00001c48       __pDestructExceptionObject 1000cc48     <common>
 0003:00001c4c       __nhandle                  1000cc4c     <common>
 0003:00001c60       ___pioinfo                 1000cc60     <common>
 0003:00001d60       ___env_initialized         1000cd60     <common>
 0003:00001d64       ___onexitend               1000cd64     <common>
 0003:00001d68       ___onexitbegin             1000cd68     <common>
 0003:00001d6c       ___mbctype_initialized     1000cd6c     <common>
 0003:00001d70       __FPinit                   1000cd70     <common>
 0003:00001d74       ___dyn_tls_init_callback   1000cd74     <common>
 0003:00001d78       __acmdln                   1000cd78     <common>

 entry point at        0001:00001ee1

 Static symbols

 0001:00001deb       ___DllMainCRTStartup       10002deb f   libcmt:dllcrt0.obj
 0001:0000200d       ?CPtoLCID@@YAHH@Z          1000300d f   libcmt:mbctype.obj
 0001:0000203c       ?setSBCS@@YAXPAUthreadmbcinfostruct@@@Z 1000303c f   libcmt:mbctype.obj
 0001:000020a0       ?setSBUpLow@@YAXPAUthreadmbcinfostruct@@@Z 100030a0 f   libcmt:mbctype.obj
 0001:000022d4       ?getSystemCP@@YAHH@Z       100032d4 f   libcmt:mbctype.obj
 0001:00002f2c       ?__crtLCMapStringA_stat@@YAHPAUlocaleinfo_struct@@KKPBDHPADHHH@Z 10003f2c f   libcmt:a_map.obj
 0001:000034fa       _doexit                    100044fa f   libcmt:crt0dat.obj
 0001:000039f1       _parse_cmdline             100049f1 f   libcmt:stdargv.obj
 0001:000041da       ?__crtGetStringTypeA_stat@@YAHPAUlocaleinfo_struct@@KPBDHPAGHHH@Z 100051da f   libcmt:a_str.obj
 0001:00005307       _siglookup                 10006307 f   libcmt:winsig.obj
 0001:00005543       __onexit_nolock            10006543 f   libcmt:onexit.obj
 0001:000059fa       ?x_ismbbtype_l@@YAHPAUlocaleinfo_struct@@IHH@Z 100069fa f   libcmt:ismbbyte.obj
 0001:00005b00       __unwind_handler4          10006b00 f   libcmt:exsup4.obj
 0001:000061c0       __unwind_handler           100071c0 f   libcmt:exsup.obj
