 ResIL

 Timestamp is 5373897d (Wed May 14 17:19:25 2014)

 Preferred load address is 10000000

 Start         Length     Name                   Class
 0001:00000000 0012c24fH .text                   CODE
 0002:00000000 00000160H .idata$5                DATA
 0002:00000160 00000004H .CRT$XCA                DATA
 0002:00000164 00000004H .CRT$XCZ                DATA
 0002:00000168 00000004H .CRT$XIA                DATA
 0002:0000016c 00000014H .CRT$XIC                DATA
 0002:00000180 00000004H .CRT$XIZ                DATA
 0002:00000184 00000004H .CRT$XPA                DATA
 0002:00000188 00000008H .CRT$XPX                DATA
 0002:00000190 00000004H .CRT$XPXA               DATA
 0002:00000194 00000004H .CRT$XPZ                DATA
 0002:00000198 00000004H .CRT$XTA                DATA
 0002:0000019c 00000004H .CRT$XTZ                DATA
 0002:000001a0 00030f88H .rdata                  DATA
 0002:00031128 00000050H .rdata$debug            DATA
 0002:00031180 0000000cH .rdata$sxdata           DATA
 0002:0003118c 00000004H .rtc$IAA                DATA
 0002:00031190 00000004H .rtc$IZZ                DATA
 0002:00031194 00000004H .rtc$TAA                DATA
 0002:00031198 00000004H .rtc$TZZ                DATA
 0002:000311a0 00000664H .xdata$x                DATA
 0002:00031804 00000028H .idata$2                DATA
 0002:0003182c 00000014H .idata$3                DATA
 0002:00031840 00000160H .idata$4                DATA
 0002:000319a0 00000606H .idata$6                DATA
 0002:00031fb0 00000fe3H .edata                  DATA
 0003:00000000 0000b6f0H .data                   DATA
 0003:0000b700 000baf00H .bss                    DATA

  Address         Publics by Value              Rva+Base       Lib:Object

 0000:00000000       __except_list              00000000     <absolute>
 0000:00000003       ___safe_se_handler_count   00000003     <absolute>
 0000:00000000       ___ImageBase               10000000     <linker-defined>
 0001:00000000       _ialloc@4                  10001000 f   il_alloc.obj
 0001:00000060       _ifree@4                   10001060 f   il_alloc.obj
 0001:00000080       _icalloc@8                 10001080 f   il_alloc.obj
 0001:00000130       _ilResetMemory@0           10001130 f   il_alloc.obj
 0001:00000150       _ilSetMemory@8             10001150 f   il_alloc.obj
 0001:00000190       ?bfile@@YAPAUBITFILE@@PAX@Z 10001190 f   il_bits.obj
 0001:000001e0       ?bread@@YAHPAXIIPAUBITFILE@@@Z 100011e0 f   il_bits.obj
 0001:00000250       ?iCheckBmp@@YAEQBUBMPHEAD@@@Z 10001250 f   il_bmp.obj
 0001:000002d0       ?iCheckOS2@@YAEQBUOS2_HEAD@@@Z 100012d0 f   il_bmp.obj
 0001:00000320       _iIsValidBmp               10001320 f   il_bmp.obj
 0001:00000400       ?iGetOS2Bmp@@YAEPAUILimage@@PAUOS2_HEAD@@@Z 10001400 f   il_bmp.obj
 0001:00000790       ?ilReadUncompBmp1@@YAEPAUILimage@@PAUBMPHEAD@@@Z 10001790 f   il_bmp.obj
 0001:000008f0       ?ilReadUncompBmp4@@YAEPAUILimage@@PAUBMPHEAD@@@Z 100018f0 f   il_bmp.obj
 0001:00000a60       ?ilReadUncompBmp8@@YAEPAUILimage@@PAUBMPHEAD@@@Z 10001a60 f   il_bmp.obj
 0001:00000ba0       ?ilReadUncompBmp16@@YAEPAUILimage@@PAUBMPHEAD@@@Z 10001ba0 f   il_bmp.obj
 0001:00000df0       ?ilReadUncompBmp24@@YAEPAUILimage@@PAUBMPHEAD@@@Z 10001df0 f   il_bmp.obj
 0001:00000ed0       ?ilReadUncompBmp32@@YAEPAUILimage@@PAUBMPHEAD@@@Z 10001ed0 f   il_bmp.obj
 0001:00000f80       ?ilReadUncompBmp@@YAEPAUILimage@@PAUBMPHEAD@@@Z 10001f80 f   il_bmp.obj
 0001:00001080       ?ilReadRLE8Bmp@@YAEPAUILimage@@PAUBMPHEAD@@@Z 10002080 f   il_bmp.obj
 0001:00001290       ?ilReadRLE4Bmp@@YAEPAUILimage@@PAUBMPHEAD@@@Z 10002290 f   il_bmp.obj
 0001:000014f0       _iLoadBitmapInternal       100024f0 f   il_bmp.obj
 0001:000016b0       _iSaveBitmapInternal       100026b0 f   il_bmp.obj
 0001:00001c40       ?ilFloatToHalf@@YGGI@Z     10002c40 f i il_convbuff.obj
 0001:00001ce0       ?ilHalfToFloat@@YGIG@Z     10002ce0 f i il_convbuff.obj
 0001:00001ce0       ?halfToFloat@@YAIG@Z       10002ce0 f i il_dds.obj
 0001:00001d80       _ilConvertBuffer@28        10002d80 f   il_convbuff.obj
 0001:00006a30       ?iSwitchTypes@@YGPAXIIIPAX@Z 10007a30 f   il_convbuff.obj
 0001:00007d10       ?iConvertPalette@@YAPAUILimage@@PAU1@I@Z 10008d10 f   il_convert.obj
 0001:00008510       _iConvertImage@12          10009510 f   il_convert.obj
 0001:000087e0       _ilConvertImage@8          100097e0 f   il_convert.obj
 0001:00008950       _ilSwapColours             10009950 f   il_convert.obj
 0001:00008bf0       _ilKeyColour@16            10009bf0 f   il_convert.obj
 0001:00008c00       _ilAddAlphaKey             10009c00 f   il_convert.obj
 0001:00009190       _ilFixCur                  1000a190 f   il_convert.obj
 0001:000092c0       _ilFixImage                1000a2c0 f   il_convert.obj
 0001:00009490       ?readScanLine@@YA_NPAUILimage@@PAEGH@Z 1000a490 f   il_cut.obj
 0001:00009580       _iLoadCutInternal          1000a580 f   il_cut.obj
 0001:00009700       _GetLittleUShort           1000a700 f i il_dcx.obj
 0001:00009720       ?GetCubemapInfo@@YAIPAUILimage@@PAH@Z 1000a720 f   il_dds-save.obj
 0001:000098b0       _iSaveDdsInternal          1000a8b0 f   il_dds-save.obj
 0001:00009a30       ?WriteHeader@@YAEPAUILimage@@II@Z 1000aa30 f   il_dds-save.obj
 0001:00009ed0       _ilGetDXTCData@12          1000aed0 f   il_dds-save.obj
 0001:0000a010       ?As16Bit@@YAGHHH@Z         1000b010 f   il_dds-save.obj
 0001:0000a070       ?CompressTo565@@YAPAGPAUILimage@@@Z 1000b070 f   il_dds-save.obj
 0001:0000a500       ?CompressTo88@@YAPAEPAUILimage@@@Z 1000b500 f   il_dds-save.obj
 0001:0000a830       ?CompressToRXGB@@YAXPAUILimage@@PAPAGPAPAE@Z 1000b830 f   il_dds-save.obj
 0001:0000ad10       ?Compress@@YAIPAUILimage@@I@Z 1000bd10 f   il_dds-save.obj
 0001:0000b860       ?GetBlock@@YAEPAG0PAUILimage@@II@Z 1000c860 f   il_dds-save.obj
 0001:0000b910       ?GetAlphaBlock@@YAEPAE0PAUILimage@@II@Z 1000c910 f   il_dds-save.obj
 0001:0000b9b0       ?Get3DcBlock@@YAEPAE0PAUILimage@@IIH@Z 1000c9b0 f   il_dds-save.obj
 0001:0000ba40       ?GenBitMask@@YAIGGIPAGPAEPAUColor888@@@Z 1000ca40 f   il_dds-save.obj
 0001:0000bca0       ?GenAlphaBitMask@@YAXEEPAE00@Z 1000cca0 f   il_dds-save.obj
 0001:0000bf00       ?ChooseEndpoints@@YAXPAG00@Z 1000cf00 f   il_dds-save.obj
 0001:0000c010       ?ChooseAlphaEndpoints@@YAXPAE00@Z 1000d010 f   il_dds-save.obj
 0001:0000c080       _ilCompressDXT@24          1000d080 f   il_dds-save.obj
 0001:0000c1e0       _GetLittleUInt             1000d1e0 f i il_dds.obj
 0001:0000c200       ?iGetDdsHead@@YAEPAUSIO@@PAUDDSHEAD@@@Z 1000d200 f   il_dds.obj
 0001:0000c440       _iIsValidDds               1000d440 f   il_dds.obj
 0001:0000c4d0       ?Check16BitComponents@@YAXPAUDDSHEAD@@@Z 1000d4d0 f   il_dds.obj
 0001:0000c530       ?iCompFormatToBpp@@YAEI@Z  1000d530 f   il_dds.obj
 0001:0000c580       ?iCompFormatToChannelCount@@YAEI@Z 1000d580 f   il_dds.obj
 0001:0000c5c0       ?iLoadDdsCubemapInternal@@YAEPAUILimage@@I@Z 1000d5c0 f   il_dds.obj
 0001:0000c7f0       ?DecodePixelFormat@@YAIPAI@Z 1000d7f0 f   il_dds.obj
 0001:0000ca60       _iLoadDdsInternal          1000da60 f   il_dds.obj
 0001:0000cc50       ?AdjustVolumeTexture@@YAXPAUDDSHEAD@@I@Z 1000dc50 f   il_dds.obj
 0001:0000cd70       ?ReadData@@YAEXZ           1000dd70 f   il_dds.obj
 0001:0000ced0       ?AllocImage@@YAEPAUILimage@@I@Z 1000ded0 f   il_dds.obj
 0001:0000d200       ?DdsDecompress@@YAEI@Z     1000e200 f   il_dds.obj
 0001:0000d320       ?ReadMipmaps@@YAEI@Z       1000e320 f   il_dds.obj
 0001:0000d8d0       ?DxtcReadColors@@YAXPBEPAUColor8888@@@Z 1000e8d0 f   il_dds.obj
 0001:0000d990       ?DecompressDXT1@@YAEPAUILimage@@PAE@Z 1000e990 f   il_dds.obj
 0001:0000ddd0       ?DecompressDXT3@@YAEPAUILimage@@PAE@Z 1000edd0 f   il_dds.obj
 0001:0000e240       ?DecompressDXT5@@YAEPAUILimage@@PAE@Z 1000f240 f   il_dds.obj
 0001:0000eb10       ?Decompress3Dc@@YAEXZ      1000fb10 f   il_dds.obj
 0001:0000ef90       ?DecompressAti1n@@YAEXZ    1000ff90 f   il_dds.obj
 0001:0000f2f0       ?DecompressRXGB@@YAEXZ     100102f0 f   il_dds.obj
 0001:0000fc60       ?iConvFloat16ToFloat32@@YAEPAIPAGI@Z 10010c60 f   il_dds.obj
 0001:0000fd00       ?iConvG16R16ToFloat32@@YAEPAIPAGI@Z 10010d00 f   il_dds.obj
 0001:0000fdb0       ?iConvR16ToFloat32@@YAEPAIPAGI@Z 10010db0 f   il_dds.obj
 0001:0000fe60       ?DecompressFloat@@YAEI@Z   10010e60 f   il_dds.obj
 0001:0000ffb0       ?CorrectPreMult@@YAXXZ     10010fb0 f   il_dds.obj
 0001:00010020       ?DecompressARGB@@YAEI@Z    10011020 f   il_dds.obj
 0001:00010260       ?DecompressARGB16@@YAEI@Z  10011260 f   il_dds.obj
 0001:00010610       ?GetShiftFromMask@@YAXIQAI0@Z 10011610 f   il_bmp.obj
 0001:00010610       ?GetBitsFromMask@@YAXIPAI0@Z 10011610 f   il_dds.obj
 0001:00010650       ?iDxtcDataToSurface@@YGEPAUILimage@@@Z 10011650 f   il_dds.obj
 0001:000107a0       ?iDxtcDataToImage@@YGEPAUILimage@@@Z 100117a0 f   il_dds.obj
 0001:00010860       ?iSurfaceToDxtcData@@YGEPAUILimage@@I@Z 10011860 f   il_dds.obj
 0001:00010940       _ilImageToDxtcData@4       10011940 f   il_dds.obj
 0001:00010a10       ?ilTexImageDxtc@@YGEPAUILimage@@HHHIPBE@Z 10011a10 f   il_dds.obj
 0001:00010b70       ?iFlipComplexAlphaBlock@@YAXPAE@Z 10011b70 f   il_dds.obj
 0001:00010c50       ?iFlipDxt1@@YAXPAEI@Z      10011c50 f   il_dds.obj
 0001:00010c90       ?iFlipDxt3@@YAXPAEI@Z      10011c90 f   il_dds.obj
 0001:00010cf0       ?iFlipDxt5@@YAXPAEI@Z      10011cf0 f   il_dds.obj
 0001:00010d30       ?iFlip3dc@@YAXPAEI@Z       10011d30 f   il_dds.obj
 0001:00010e40       ?ilFlipSurfaceDxtcData@@YGXPAUILimage@@@Z 10011e40 f   il_dds.obj
 0001:00011010       ?iInvertDxt3Alpha@@YAXPAE@Z 10012010 f   il_dds.obj
 0001:00011060       ?iInvertDxt5Alpha@@YAXPAE@Z 10012060 f   il_dds.obj
 0001:00011130       ?ilInvertSurfaceDxtcDataAlpha@@YGEPAUILimage@@@Z 10012130 f   il_dds.obj
 0001:000111f0       _ilInitImage@32            100121f0 f   il_devil.obj
 0001:00011260       _ilNewImage@20             10012260 f   il_devil.obj
 0001:000112e0       _ilNewImageFull@28         100122e0 f   il_devil.obj
 0001:00011350       _ilTexImage@28             10012350 f   il_devil.obj
 0001:00011380       _ilTexImage_@32            10012380 f   il_devil.obj
 0001:00011550       _ilSetData@4               10012550 f   il_devil.obj
 0001:000115b0       _ilTexSubImage_@8          100125b0 f   il_devil.obj
 0001:00011630       _ilGetData@0               10012630 f   il_devil.obj
 0001:00011680       _ilGetPalette@0            10012680 f   il_devil.obj
 0001:000116d0       _ilClearColour@16          100126d0 f   il_devil.obj
 0001:00011860       _ilGetClear@12             10012860 f   il_devil.obj
 0001:00012580       _ilClearImage@0            10013580 f   il_devil.obj
 0001:000125d0       _ilClearImage_@4           100135d0 f   il_devil.obj
 0001:00012840       _ilOverlayImage@16         10013840 f   il_devil.obj
 0001:000128c0       _ilBlit@40                 100138c0 f   il_devil.obj
 0001:00012e60       _ilCopyImageAttr@8         10013e60 f   il_devil.obj
 0001:00013060       _ilCopyImage@4             10014060 f   il_devil.obj
 0001:00013130       _ilCopyImage_@4            10014130 f   il_devil.obj
 0001:000131d0       _ilCloneCurImage@0         100141d0 f   il_devil.obj
 0001:00013280       _ilResizeImage@24          10014280 f   il_devil.obj
 0001:00013330       _iSwapUInt                 10014330 f i il_dicom.obj
 0001:00013360       ?iGetDicomHead@@YAEPAUSIO@@PAUDICOMHEAD@@@Z 10014360 f   il_dicom.obj
 0001:00013650       ?iCheckDicom@@YAEPAUDICOMHEAD@@@Z 10014650 f   il_dicom.obj
 0001:000136a0       _iIsValidDicom             100146a0 f   il_dicom.obj
 0001:00013760       ?SkipElement@@YAEPAUDICOMHEAD@@GG@Z 10014760 f   il_dicom.obj
 0001:00013820       ?GetShort@@YAIPAUDICOMHEAD@@G@Z 10014820 f   il_dicom.obj
 0001:00013880       ?GetInt@@YAIPAUDICOMHEAD@@G@Z 10014880 f   il_dicom.obj
 0001:000138f0       ?GetFloat@@YAMPAUDICOMHEAD@@G@Z 100148f0 f   il_dicom.obj
 0001:00013930       ?GetNumericValue@@YAEPAUDICOMHEAD@@GPAI@Z 10014930 f   il_dicom.obj
 0001:000139c0       ?GetUID@@YAEPAE@Z          100149c0 f   il_dicom.obj
 0001:00013a50       _iLoadDicomInternal        10014a50 f   il_dicom.obj
 0001:00013cd0       _GetBigUShort              10014cd0 f i il_dpx.obj
 0001:00013cd0       _GetBigShort               10014cd0 f i il_fits.obj
 0001:00013d00       ?DpxGetFileInfo@@YAEPAUDPX_FILE_INFO@@@Z 10014d00 f   il_dpx.obj
 0001:00014030       ?GetImageElement@@YAEPAUDPX_IMAGE_ELEMENT@@@Z 10015030 f   il_dpx.obj
 0001:00014300       ?DpxGetImageInfo@@YAEPAUDPX_IMAGE_INFO@@@Z 10015300 f   il_dpx.obj
 0001:00014430       ?DpxGetImageOrient@@YAEPAUDPX_IMAGE_ORIENT@@@Z 10015430 f   il_dpx.obj
 0001:00014790       _iLoadDpxInternal          10015790 f   il_dpx.obj
 0001:00014c50       _ilSetError@4              10015c50 f   il_error.obj
 0001:00014ca0       _ilGetError@0              10015ca0 f   il_error.obj
 0001:00014cc0       _iFastConvert              10015cc0 f   il_fastconv.obj
 0001:000150d0       ?iDefaultOpenR@@YGPAXPB_W@Z 100160d0 f   il_files.obj
 0001:000150f0       ?iDefaultCloseR@@YGXPAX@Z  100160f0 f   il_files.obj
 0001:000150f0       ?iDefaultCloseW@@YGXPAX@Z  100160f0 f   il_files.obj
 0001:00015110       ?iDefaultEof@@YGEPAX@Z     10016110 f   il_files.obj
 0001:00015190       _iDefaultGetc@4            10016190 f   il_files.obj
 0001:000151d0       ?iDefaultRead@@YGIPAX0II@Z 100161d0 f   il_files.obj
 0001:000151f0       ?iDefaultSeek@@YGHPAX_JI@Z 100161f0 f   il_files.obj
 0001:00015210       ?iDefaultTell@@YGIPAX@Z    10016210 f   il_files.obj
 0001:00015230       ?iDefaultOpenW@@YGPAXPB_W@Z 10016230 f   il_files.obj
 0001:00015250       _iDefaultPutc@8            10016250 f   il_files.obj
 0001:00015270       _iDefaultWrite@16          10016270 f   il_files.obj
 0001:00015290       _ilResetRead@0             10016290 f   il_files.obj
 0001:00015300       _ilResetWrite@0            10016300 f   il_files.obj
 0001:00015360       _ilSetRead@28              10016360 f   il_files.obj
 0001:000153c0       _ilSetWrite@24             100163c0 f   il_files.obj
 0001:00015420       _iSetInputFile             10016420 f   il_files.obj
 0001:00015490       _iSetInputLump             10016490 f   il_files.obj
 0001:00015510       _iSetOutputFile            10016510 f   il_files.obj
 0001:00015570       _iSetOutputLump            10016570 f   il_files.obj
 0001:000155d0       _ilGetLumpPos@0            100165d0 f   il_files.obj
 0001:00015600       _ilprintf                  10016600 f   il_files.obj
 0001:00015670       _ipad                      10016670 f   il_files.obj
 0001:000156a0       ?iEofLump@@YGEPAX@Z        100166a0 f   il_files.obj
 0001:000156e0       ?iGetcLump@@YGHPAX@Z       100166e0 f   il_files.obj
 0001:00015770       ?iReadLump@@YGIPAX0II@Z    10016770 f   il_files.obj
 0001:00015870       ?iSeekLump@@YGHPAX_JI@Z    10016870 f   il_files.obj
 0001:00015980       ?iPutcLump@@YGHEPAX@Z      10016980 f   il_files.obj
 0001:000159e0       ?iWriteLump@@YGHPBXIIPAX@Z 100169e0 f   il_files.obj
 0001:00015ab0       ?iTellLump@@YGIPAX@Z       10016ab0 f   il_files.obj
 0001:00015ac0       _GetBigUInt                10016ac0 f i il_dpx.obj
 0001:00015ac0       _GetBigInt                 10016ac0 f i il_fits.obj
 0001:00015b00       _GetBigFloat               10016b00 f i il_fits.obj
 0001:00015b50       _GetBigDouble              10016b50 f i il_fits.obj
 0001:00015b90       ?iGetFitsHead@@YAEPAUFITSHEAD@@@Z 10016b90 f   il_fits.obj
 0001:00015d30       ?iCheckFits@@YAEPAUFITSHEAD@@@Z 10016d30 f   il_fits.obj
 0001:00015de0       _iLoadFitsInternal         10016de0 f   il_fits.obj
 0001:000161a0       ?GetCardImage@@YAIPAUFITSHEAD@@@Z 100171a0 f   il_fits.obj
 0001:00016440       ?GetCardInt@@YAEPADPAH@Z   10017440 f   il_fits.obj
 0001:00016500       ?setMinSizes@@YAEIIPAUILimage@@@Z 10017500 f   il_gif.obj
 0001:00016650       _iIsValidGif               10017650 f   il_gif.obj
 0001:00016700       ?iGetPalette@@YAEEPAUILpal@@PAUILimage@@@Z 10017700 f   il_gif.obj
 0001:000167b0       ?get_next_code@@YAHPAVGifLoadState@@@Z 100177b0 f   il_gif.obj
 0001:00016920       ?GifGetData@@YAEPAUILimage@@PAEIIIIIIPAUGFXCONTROL@@@Z 10017920 f   il_gif.obj
 0001:00016d70       ?GetImages@@YAEPAUILimage@@PAUILpal@@PAUGIFHEAD@@@Z 10017d70 f   il_gif.obj
 0001:00017200       _iLoadGifInternal          10018200 f   il_gif.obj
 0001:00017360       ?SkipExtensions@@YAEPAUGFXCONTROL@@@Z 10018360 f   il_gif.obj
 0001:00017510       ?RemoveInterlace@@YAEPAUILimage@@@Z 10018510 f   il_gif.obj
 0001:000176b0       ?ConvertTransparent@@YAEPAUILimage@@E@Z 100186b0 f   il_gif.obj
 0001:00017780       ?strnstr@@YAPBDPBD0I@Z     10018780 f   il_hdr.obj
 0001:000177c0       _iIsValidHdr               100187c0 f   il_hdr.obj
 0001:00017850       ?ReadScanline@@YAXPAUILimage@@PAEI@Z 10018850 f   il_hdr.obj
 0001:00017a40       _iLoadHdrInternal          10018a40 f   il_hdr.obj
 0001:00017ed0       ?RGBE_WriteHeader@@YAEIIPAUrgbe_header_info@@@Z 10018ed0 f   il_hdr.obj
 0001:00017f60       ?RGBE_WritePixels@@YAHPAUILimage@@PAMH@Z 10018f60 f   il_hdr.obj
 0001:000180e0       ?RGBE_WriteBytes_RLE@@YAEPAUILimage@@PAEI@Z 100190e0 f   il_hdr.obj
 0001:00018240       _iSaveHdrInternal          10019240 f   il_hdr.obj
 0001:00018630       _ilSaveCHeader             10019630 f   il_header.obj
 0001:00018910       _iIsValidIcns              10019910 f   il_icns.obj
 0001:00018990       _iLoadIcnsInternal         10019990 f   il_icns.obj
 0001:00018d30       ?iIcnsReadData@@YAEPAUILimage@@PAEEHPAUICNSDATA@@PAPAU1@@Z 10019d30 f   il_icns.obj
 0001:000190f0       _iIsValidIcon              1001a0f0 f   il_icon.obj
 0001:000191c0       _iLoadIconInternal         1001a1c0 f   il_icon.obj
 0001:0001a090       ?ico_readpng_init@@YAHPAUIconData@@@Z 1001b090 f   il_icon.obj
 0001:0001a1a0       ?ico_readpng_get_image@@YAEPAUIconData@@PAUICOIMAGE@@N@Z 1001b1a0 f   il_icon.obj
 0001:0001a5b0       _iLoadIffInternal          1001b5b0 f   il_iff.obj
 0001:0001aba0       ?iff_begin_read_chunk@@YA?AU_iff_chunk@@XZ 1001bba0 f   il_iff.obj
 0001:0001ad80       ?iff_end_read_chunk@@YAXXZ 1001bd80 f   il_iff.obj
 0001:0001ade0       ?iff_read_data@@YAPADH@Z   1001bde0 f   il_iff.obj
 0001:0001ae60       ?iffReadUncompressedTile@@YAPADGGC@Z 1001be60 f   il_iff.obj
 0001:0001af30       ?iff_decompress_tile_rle@@YAPADGGGPADI@Z 1001bf30 f   il_iff.obj
 0001:0001b0b0       ?iff_decompress_rle@@YAPADIPADIPAI@Z 1001c0b0 f   il_iff.obj
 0001:0001b1a0       _iLoadIlbmInternal         1001c1a0 f   il_ilbm.obj
 0001:0001be20       _ilStrDup                  1001ce20 f   il_internal.obj
 0001:0001beb0       _ilStrLen                  1001ceb0 f   il_internal.obj
 0001:0001bed0       _ilCharStrLen              1001ced0 f   il_internal.obj
 0001:0001bef0       _iCheckExtension           1001cef0 f   il_internal.obj
 0001:0001bf60       _iGetExtension             1001cf60 f   il_internal.obj
 0001:0001bfa0       _iFgets                    1001cfa0 f   il_internal.obj
 0001:0001c010       _iSqrt                     1001d010 f   il_internal.obj
 0001:0001c130       _ilDxtcDataToSurface@0     1001d130 f   il_internal.obj
 0001:0001c140       _ilSurfaceToDxtcData@4     1001d140 f   il_internal.obj
 0001:0001c160       _ilTypeFromExt@4           1001d160 f   il_io.obj
 0001:0001c9d0       _ilDetermineType@4         1001d9d0 f   il_io.obj
 0001:0001ca40       _ilDetermineTypeFuncs@0    1001da40 f   il_io.obj
 0001:0001d280       _ilDetermineTypeF@4        1001e280 f   il_io.obj
 0001:0001d2a0       _ilDetermineTypeL@8        1001e2a0 f   il_io.obj
 0001:0001d2c0       ?iIsValid@@YGEIPAUSIO@@@Z  1001e2c0 f   il_io.obj
 0001:0001d510       _ilIsValid@8               1001e510 f   il_io.obj
 0001:0001d560       _ilIsValidF@8              1001e560 f   il_io.obj
 0001:0001d590       _ilIsValidL@12             1001e590 f   il_io.obj
 0001:0001d5c0       _ilLoad@8                  1001e5c0 f   il_io.obj
 0001:0001d770       _ilLoadF@8                 1001e770 f   il_io.obj
 0001:0001d800       ?ilLoadFuncs2@@YGEPAUILimage@@I@Z 1001e800 f   il_io.obj
 0001:0001da10       _ilLoadFuncs@4             1001ea10 f   il_io.obj
 0001:0001da30       _ilLoadL@12                1001ea30 f   il_io.obj
 0001:0001dab0       _ilLoadImage@4             1001eab0 f   il_io.obj
 0001:0001db10       ?ilSaveFuncs2@@YGEPAUILimage@@I@Z 1001eb10 f   il_io.obj
 0001:0001dc80       _ilSaveFuncs@4             1001ec80 f   il_io.obj
 0001:0001dc90       _ilSave@8                  1001ec90 f   il_io.obj
 0001:0001dd70       _ilSaveImage@4             1001ed70 f   il_io.obj
 0001:0001de60       _ilSaveF@8                 1001ee60 f   il_io.obj
 0001:0001de80       _ilSaveL@12                1001ee80 f   il_io.obj
 0001:0001df00       _iIsValidJp2               1001ef00 f   il_jp2.obj
 0001:0001df70       _ilLoadJp2LInternal        1001ef70 f   il_jp2.obj
 0001:0001e020       ?iLoadJp2Internal@@YAEPAUILimage@@PAUjas_stream_t@@@Z 1001f020 f   il_jp2.obj
 0001:0001e420       ?iJp2WriteStream@@YAPAUjas_stream_t@@XZ 1001f420 f   il_jp2.obj
 0001:0001e4f0       ?Jp2ConvertData@@YAHPAUjas_stream_t@@PAUjas_image_t@@@Z 1001f4f0 f   il_jp2.obj
 0001:0001e7e0       _iSaveJp2Internal          1001f7e0 f   il_jp2.obj
 0001:0001eb80       _iIsValidJpeg              1001fb80 f   il_jpeg.obj
 0001:0001ed00       ?devil_jpeg_read_init@@YAXPAUjpeg_decompress_struct@@@Z 1001fd00 f   il_jpeg.obj
 0001:0001ede0       _iLoadJpegInternal         1001fde0 f   il_jpeg.obj
 0001:0001efe0       _iSaveJpegInternal         1001ffe0 f   il_jpeg.obj
 0001:0001f350       ?ilLoadFromJpegStruct@@YAEPAUILimage@@PAX@Z 10020350 f   il_jpeg.obj
 0001:0001f410       _DllMain@12                10020410 f   il_main.obj
 0001:0001f420       _iFlipBuffer@16            10020420 f   il_manip.obj
 0001:0001f570       _iFlipNewBuffer            10020570 f   il_manip.obj
 0001:0001f630       ?ilFlipImage@@YAEXZ        10020630 f   il_manip.obj
 0001:0001f6b0       _iGetFlipped@4             100206b0 f   il_manip.obj
 0001:0001f720       _iMirror@0                 10020720 f   il_manip.obj
 0001:0001fa00       ?ilCopyPixels1D@@YAEIIPAX@Z 10020a00 f   il_manip.obj
 0001:0001faf0       ?ilCopyPixels2D@@YAEIIIIPAX@Z 10020af0 f   il_manip.obj
 0001:0001fc30       ?ilCopyPixels3D@@YAEIIIIIIPAX@Z 10020c30 f   il_manip.obj
 0001:0001fdd0       _ilCopyPixels@36           10020dd0 f   il_manip.obj
 0001:00020000       ?ilSetPixels1D@@YAEHIPAX@Z 10021000 f   il_manip.obj
 0001:000200f0       ?ilSetPixels2D@@YAEHHIIPAX@Z 100210f0 f   il_manip.obj
 0001:00020280       ?ilSetPixels3D@@YAEHHHIIIPAX@Z 10021280 f   il_manip.obj
 0001:000204a0       _ilSetPixels@36            100214a0 f   il_manip.obj
 0001:000205d0       _ilDefaultImage@0          100215d0 f   il_manip.obj
 0001:00020760       _ilGetAlpha@4              10021760 f   il_manip.obj
 0001:000209e0       _ilSetAlpha@8              100219e0 f   il_manip.obj
 0001:00020cb0       _ilModAlpha@8              10021cb0 f   il_manip.obj
 0001:00020f10       _ilClampNTSC@0             10021f10 f   il_manip.obj
 0001:00021000       ?mymngalloc@@YAPAXI@Z      10022000 f   il_mng.obj
 0001:00021010       ?mymngfree@@YAXPAXI@Z      10022010 f   il_mng.obj
 0001:00021030       ?mymngsettimer@@YACPAUmng_data_struct@@I@Z 10022030 f   il_mng.obj
 0001:00021030       ?mymngopenstream@@YACPAUmng_data_struct@@@Z 10022030 f   il_mng.obj
 0001:00021030       ?mymngclosestream@@YACPAUmng_data_struct@@@Z 10022030 f   il_mng.obj
 0001:00021030       ?mymngrefresh@@YACPAUmng_data_struct@@IIII@Z 10022030 f   il_mng.obj
 0001:00021040       ?mymngreadstream@@YACPAUmng_data_struct@@PAXIPAI@Z 10022040 f   il_mng.obj
 0001:00021070       ?mymngprocessheader@@YACPAUmng_data_struct@@II@Z 10022070 f   il_mng.obj
 0001:00021130       ?mymnggetcanvasline@@YAPAXPAUmng_data_struct@@I@Z 10022130 f   il_mng.obj
 0001:00021150       _mng_fill_input_buffer     10022150 f   libmng:libmng_jpeg.obj
 0001:00021150       ?mymngerror@@YACPAUmng_data_struct@@HCHIHHPAD@Z 10022150 f   il_mng.obj
 0001:00021160       _iLoadMngInternal          10022160 f   il_mng.obj
 0001:00021240       _iSaveMngInternal          10022240 f   il_mng.obj
 0001:00021280       ?GetSynchInt@@YAIPAUSIO@@@Z 10022280 f   il_mp3.obj
 0001:000212f0       _iIsValidMp3               100222f0 f   il_mp3.obj
 0001:000213b0       ?iFindMp3Pic@@YAIPAUSIO@@PAUMP3HEAD@@@Z 100223b0 f   il_mp3.obj
 0001:000215d0       _iLoadMp3Internal          100225d0 f   il_mp3.obj
 0001:00021700       ?initnet@@YAXPAEHH@Z       10022700 f   il_neuquant.obj
 0001:00021780       ?unbiasnet@@YAXXZ          10022780 f   il_neuquant.obj
 0001:000217c0       ?inxbuild@@YAXXZ           100227c0 f   il_neuquant.obj
 0001:000218f0       ?contest@@YAHHHH@Z         100228f0 f   il_neuquant.obj
 0001:000219c0       ?alterneigh@@YAXHHHHH@Z    100229c0 f   il_neuquant.obj
 0001:00021b20       ?learn@@YAXXZ              10022b20 f   il_neuquant.obj
 0001:00021d90       ?iNeuQuant@@YAPAUILimage@@PAU1@I@Z 10022d90 f   il_neuquant.obj
 0001:00022040       _ilNVidiaCompressDXT@24    10023040 f   il_nvidia.obj
 0001:00022040       _ilSquishCompressDXT@24    10023040 f   il_squish.obj
 0001:00022050       _ilLoadPal@4               10023050 f   il_pal.obj
 0001:000221e0       ?ilLoadJascPal@@YAEPB_W@Z  100231e0 f   il_pal.obj
 0001:00022430       ?iFgetw@@YAPADPAEHPAU_iobuf@@@Z 10023430 f   il_pal.obj
 0001:00022530       _ilSavePal@4               10023530 f   il_pal.obj
 0001:00022680       ?ilSaveJascPal@@YAEPB_W@Z  10023680 f   il_pal.obj
 0001:000228e0       ?ilLoadHaloPal@@YAEPB_W@Z  100238e0 f   il_pal.obj
 0001:00022b20       ?ilLoadColPal@@YAEPB_W@Z   10023b20 f   il_pal.obj
 0001:00022db0       ?ilLoadActPal@@YAEPB_W@Z   10023db0 f   il_pal.obj
 0001:00022ee0       ?ilLoadPltPal@@YAEPB_W@Z   10023ee0 f   il_pal.obj
 0001:00023060       _iCopyPalette              10024060 f   il_pal.obj
 0001:000230a0       _iCopyPal@0                100240a0 f   il_pal.obj
 0001:00023130       _iConvertPal@8             10024130 f   il_pal.obj
 0001:00023940       _ilConvertPal@4            10024940 f   il_pal.obj
 0001:00023a30       _ilSetPal@4                10024a30 f   il_pal.obj
 0001:00023ac0       _ilApplyPal@4              10024ac0 f   il_pal.obj
 0001:00023b10       ?YCbCr2RGB@@YAXEEEPAE00@Z  10024b10 f   il_pcd.obj
 0001:00023bf0       _iLoadPcdInternal          10024bf0 f   il_pcd.obj
 0001:00023fc0       _iIsValidPcx               10024fc0 f   il_pcx.obj
 0001:00024060       _iLoadPcxInternal          10025060 f   il_pcx.obj
 0001:00024170       ?iUncompressPcx@@YAEPAUILimage@@PAUPCXHEAD@@@Z 10025170 f   il_pcx.obj
 0001:00024480       ?iUncompressSmall@@YAEPAUILimage@@PAUPCXHEAD@@@Z 10025480 f   il_pcx.obj
 0001:00024870       ?encLine@@YAIPAUSIO@@PAEHE@Z 10025870 f   il_pcx.obj
 0001:00024a10       _iSavePcxInternal          10025a10 f   il_pcx.obj
 0001:00024f00       ?iGetPicHead@@YAHPAUSIO@@PAUPIC_HEAD@@@Z 10025f00 f   il_pic.obj
 0001:00024fc0       _iIsValidPic               10025fc0 f   il_pic.obj
 0001:00025040       ?channelReadMixed@@YAEPAUSIO@@PAEHHPAHH@Z 10026040 f   il_pic.obj
 0001:00025200       ?channelReadRaw@@YAEPAUSIO@@PAEHHPAHH@Z 10026200 f   il_pic.obj
 0001:00025270       ?channelReadPure@@YAEPAUSIO@@PAEHHPAHH@Z 10026270 f   il_pic.obj
 0001:00025340       ?readScanline@@YAIPAUSIO@@PAEHPAUCHANNEL@@H@Z 10026340 f   il_pic.obj
 0001:00025450       ?readScanlines@@YAEPAUSIO@@PAIHHPAUCHANNEL@@I@Z 10026450 f   il_pic.obj
 0001:000254f0       _iLoadPicInternal          100264f0 f   il_pic.obj
 0001:000257c0       _iIsValidPix               100267c0 f   il_pix.obj
 0001:00025870       _iLoadPixInternal          10026870 f   il_pix.obj
 0001:00025a20       _iIsValidPng               10026a20 f   il_png.obj
 0001:00025a80       _iLoadPngInternal          10026a80 f   il_png.obj
 0001:00025b90       ?readpng_init@@YAHPAUPNGData@@@Z 10026b90 f   il_png.obj
 0001:00025cc0       ?readpng_get_image@@YAEPAUILimage@@PAUPNGData@@N@Z 10026cc0 f   il_png.obj
 0001:00026110       ?readpng_cleanup@@YAXPAUPNGData@@@Z 10027110 f   il_png.obj
 0001:00026160       _iSavePngInternal          10027160 f   il_png.obj
 0001:000266b0       _iIsValidPnm               100276b0 f   il_pnm.obj
 0001:00026720       _iLoadPnmInternal          10027720 f   il_pnm.obj
 0001:000269c0       ?ilReadAsciiPpm@@YAPAUILimage@@PAUPPMINFO@@@Z 100279c0 f   il_pnm.obj
 0001:00026b80       ?ilReadBinaryPpm@@YAPAUILimage@@PAUPPMINFO@@@Z 10027b80 f   il_pnm.obj
 0001:00026c00       ?ilReadBitPbm@@YAPAUILimage@@PAUPPMINFO@@@Z 10027c00 f   il_pnm.obj
 0001:00026cc0       ?iGetWord@@YAEE@Z          10027cc0 f   il_pnm.obj
 0001:00026e30       _iSavePnmInternal          10027e30 f   il_pnm.obj
 0001:000273f0       _ilApplyProfile@8          100283f0 f   il_profiles.obj
 0001:000276c0       _SaveBigShort              100286c0 f i il_psd.obj
 0001:000276f0       _SaveBigInt                100286f0 f i il_psd.obj
 0001:00027740       ?iGetPsdHead@@YAEPAUPSDHEAD@@@Z 10028740 f   il_psd.obj
 0001:000278d0       _iIsValidPsd               100288d0 f   il_psd.obj
 0001:00027920       ?iCheckPsd@@YAEPAUPSDHEAD@@@Z 10028920 f   il_psd.obj
 0001:00027980       _iLoadPsdInternal          10028980 f   il_psd.obj
 0001:00027a40       ?ReadPsd@@YAEPAUILimage@@PAUPSDHEAD@@@Z 10028a40 f   il_psd.obj
 0001:00027ae0       ?ReadGrey@@YAEPAUILimage@@PAUPSDHEAD@@@Z 10028ae0 f   il_psd.obj
 0001:00027d40       ?ReadIndexed@@YAEPAUILimage@@PAUPSDHEAD@@@Z 10028d40 f   il_psd.obj
 0001:00028000       ?ReadRGB@@YAEPAUILimage@@PAUPSDHEAD@@@Z 10029000 f   il_psd.obj
 0001:00028280       ?ReadCMYK@@YAEPAUILimage@@PAUPSDHEAD@@@Z 10029280 f   il_psd.obj
 0001:00028650       ?GetCompChanLen@@YAPAIPAUPSDHEAD@@@Z 10029650 f   il_psd.obj
 0001:000288c0       ?PsdGetData@@YAEPAUILimage@@PAUPSDHEAD@@PAXE@Z 100298c0 f   il_psd.obj
 0001:00028f60       ?ParseResources@@YAEPAUILimage@@IPAE@Z 10029f60 f   il_psd.obj
 0001:000290e0       ?GetSingleChannel@@YAEPAUILimage@@PAUPSDHEAD@@PAEE@Z 1002a0e0 f   il_psd.obj
 0001:00029220       _iSavePsdInternal          1002a220 f   il_psd.obj
 0001:000296a0       ?iGetPspHead@@YAEXZ        1002a6a0 f   il_psp.obj
 0001:00029720       _iIsValidPsp               1002a720 f   il_psp.obj
 0001:00029780       _iLoadPspInternal          1002a780 f   il_psp.obj
 0001:00029850       ?ReadGenAttributes@@YAEXZ  1002a850 f   il_psp.obj
 0001:000299d0       ?ParseChunks@@YAEXZ        1002a9d0 f   il_psp.obj
 0001:00029b10       ?ReadLayerBlock@@YAEI@Z    1002ab10 f   il_psp.obj
 0001:00029db0       ?ReadAlphaBlock@@YAEI@Z    1002adb0 f   il_psp.obj
 0001:0002a040       ?GetChannel@@YAPAEXZ       1002b040 f   il_psp.obj
 0001:0002a2e0       ?UncompRLE@@YAEPAE0I@Z     1002b2e0 f   il_psp.obj
 0001:0002a340       ?ReadPalette@@YAEI@Z       1002b340 f   il_psp.obj
 0001:0002a460       ?AssembleImage@@YAEXZ      1002b460 f   il_psp.obj
 0001:0002a6e0       ?Cleanup@@YAEXZ            1002b6e0 f   il_psp.obj
 0001:0002a750       _iLoadPxrInternal          1002b750 f   il_pxr.obj
 0001:0002a890       ?Hist3d@@YAEPAE00PAH111PAM@Z 1002b890 f   il_quantizer.obj
 0001:0002ade0       ?M3d@@YAXPAH000PAM@Z       1002bde0 f   il_quantizer.obj
 0001:0002b350       ?Vol@@YAHPAUBox@@QAY1CB@CB@H@Z 1002c350 f   il_quantizer.obj
 0001:0002b3f0       ?Bottom@@YAHPAUBox@@EQAY1CB@CB@H@Z 1002c3f0 f   il_quantizer.obj
 0001:0002b520       ?Top@@YAHPAUBox@@EHQAY1CB@CB@H@Z 1002c520 f   il_quantizer.obj
 0001:0002b650       ?Var@@YAMPAUBox@@@Z        1002c650 f   il_quantizer.obj
 0001:0002b770       ?Maximize@@YAMPAUBox@@EHHPAHHHHH@Z 1002c770 f   il_quantizer.obj
 0001:0002b8d0       ?Cut@@YAHPAUBox@@0@Z       1002c8d0 f   il_quantizer.obj
 0001:0002ba70       ?Mark@@YAXPAUBox@@HPAE@Z   1002ca70 f   il_quantizer.obj
 0001:0002baf0       ?iQuantizeImage@@YAPAUILimage@@PAU1@I@Z 1002caf0 f   il_quantizer.obj
 0001:0002c370       _iLoadRawInternal          1002d370 f   il_raw.obj
 0001:0002c570       _iSaveRawInternal          1002d570 f   il_raw.obj
 0001:0002c680       _ilLoadData@20             1002d680 f   il_rawdata.obj
 0001:0002c750       _ilLoadDataF@20            1002d750 f   il_rawdata.obj
 0001:0002c7c0       _ilLoadDataL@24            1002d7c0 f   il_rawdata.obj
 0001:0002c7f0       ?iLoadDataInternal@@YAEIIIE@Z 1002d7f0 f   il_rawdata.obj
 0001:0002c8f0       _ilSaveData@4              1002d8f0 f   il_rawdata.obj
 0001:0002c990       _ilRegisterLoad@8          1002d990 f   il_register.obj
 0001:0002ca50       _ilRegisterSave@8          1002da50 f   il_register.obj
 0001:0002cb10       _ilRemoveLoad@4            1002db10 f   il_register.obj
 0001:0002cb80       _ilRemoveSave@4            1002db80 f   il_register.obj
 0001:0002cbf0       _ilRegisterOrigin@4        1002dbf0 f   il_register.obj
 0001:0002cc50       _ilRegisterFormat@4        1002dc50 f   il_register.obj
 0001:0002ccd0       _ilRegisterNumFaces@4      1002dcd0 f   il_register.obj
 0001:0002ce80       _ilRegisterMipNum@4        1002de80 f   il_register.obj
 0001:0002d030       _ilRegisterNumImages@4     1002e030 f   il_register.obj
 0001:0002d1e0       _ilRegisterType@4          1002e1e0 f   il_register.obj
 0001:0002d250       _ilRegisterPal@12          1002e250 f   il_register.obj
 0001:0002d310       _ilSetDuration@4           1002e310 f   il_register.obj
 0001:0002d370       ?CountDiffPixels@@YAHPAEII@Z 1002e370 f   il_rle.obj
 0001:0002d410       ?CountSamePixels@@YAHPAEII@Z 1002e410 f   il_rle.obj
 0001:0002d490       _ilRleCompress             1002e490 f   il_rle.obj
 0001:0002d770       ?iGetSgiHead@@YAHPAUiSgiHeader@@@Z 1002e770 f   il_sgi.obj
 0001:0002d880       _iIsValidSgi               1002e880 f   il_sgi.obj
 0001:0002d940       ?iCheckSgi@@YAEPAUiSgiHeader@@@Z 1002e940 f   il_sgi.obj
 0001:0002d980       _iLoadSgiInternal          1002e980 f   il_sgi.obj
 0001:0002da70       ?iReadRleSgi@@YAEPAUiSgiHeader@@@Z 1002ea70 f   il_sgi.obj
 0001:0002de00       ?iGetScanLine@@YAHPAEPAUiSgiHeader@@I@Z 1002ee00 f   il_sgi.obj
 0001:0002df40       ?iReadNonRleSgi@@YAEPAUiSgiHeader@@@Z 1002ef40 f   il_sgi.obj
 0001:0002dfc0       ?iNewSgi@@YAEPAUiSgiHeader@@@Z 1002efc0 f   il_sgi.obj
 0001:0002e080       ?DetermineSgiType@@YAII@Z  1002f080 f   il_sgi.obj
 0001:0002e0a0       _iSaveSgiInternal          1002f0a0 f   il_sgi.obj
 0001:0002e7b0       ?iSaveRleSgi@@YAEPAEIIII@Z 1002f7b0 f   il_sgi.obj
 0001:0002ec00       ?iSizeSeek@@YGHPAX_JI@Z    1002fc00 f   il_size.obj
 0001:0002ecc0       ?iSizeTell@@YGIPAX@Z       1002fcc0 f   il_size.obj
 0001:0002ecd0       ?iSizePutc@@YGHEPAX@Z      1002fcd0 f   il_size.obj
 0001:0002ed20       ?iSizeWrite@@YGHPBXIIPAX@Z 1002fd20 f   il_size.obj
 0001:0002ed70       _ilDetermineSize@4         1002fd70 f   il_size.obj
 0001:0002ede0       _ilGenImages@8             1002fde0 f   il_stack.obj
 0001:0002ef90       _ilGenImage@0              1002ff90 f   il_stack.obj
 0001:0002efb0       _ilBindImage@4             1002ffb0 f   il_stack.obj
 0001:0002f0d0       _ilDeleteImages@8          100300d0 f   il_stack.obj
 0001:0002f170       _ilDeleteImage@4           10030170 f   il_stack.obj
 0001:0002f190       _ilIsImage@4               10030190 f   il_stack.obj
 0001:0002f1c0       _ilCloseImage@4            100301c0 f   il_stack.obj
 0001:0002f2b0       _ilIsValidPal@4            100302b0 f   il_stack.obj
 0001:0002f2e0       _ilClosePal@4              100302e0 f   il_stack.obj
 0001:0002f320       _ilActiveMipmap@4          10030320 f   il_stack.obj
 0001:0002f410       _ilActiveImage@4           10030410 f   il_stack.obj
 0001:0002f4d0       _ilActiveFace@4            100304d0 f   il_stack.obj
 0001:0002f590       _ilActiveLayer@4           10030590 f   il_stack.obj
 0001:0002f650       _ilCreateSubImage@8        10030650 f   il_stack.obj
 0001:0002f880       _ilGetCurName@0            10030880 f   il_stack.obj
 0001:0002f8b0       _ilGetCurImage@0           100308b0 f   il_stack.obj
 0001:0002f8c0       _ilSetCurImage@4           100308c0 f   il_stack.obj
 0001:0002f8d0       _ilReplaceCurImage@4       100308d0 f   il_stack.obj
 0001:0002f930       ?ilRecalloc@@YGPAXPAXII@Z  10030930 f   il_stack.obj
 0001:0002f9e0       ?iEnlargeStack@@YAEXZ      100309e0 f   il_stack.obj
 0001:0002fa20       _ilInit@0                  10030a20 f   il_stack.obj
 0001:0002fa90       _ilShutDown@0              10030a90 f   il_stack.obj
 0001:0002fb20       _iSetImage0                10030b20 f   il_stack.obj
 0001:0002fbe0       _iBindImageTemp@0          10030be0 f   il_stack.obj
 0001:0002fcb0       _ilDefaultStates           10030cb0 f   il_states.obj
 0001:0002fe20       _ilGetString@4             10030e20 f   il_states.obj
 0001:0002ff90       ?iClipString@@YAPADPADI@Z  10030f90 f   il_states.obj
 0001:0002ffe0       _ilEnable@4                10030fe0 f   il_states.obj
 0001:00030000       _ilDisable@4               10031000 f   il_states.obj
 0001:00030020       ?ilAble@@YAEIE@Z           10031020 f   il_states.obj
 0001:00030210       _ilIsEnabled@4             10031210 f   il_states.obj
 0001:00030410       _ilIsDisabled@4            10031410 f   il_states.obj
 0001:00030430       _ilGetBooleanv@8           10031430 f   il_states.obj
 0001:000304a0       _ilGetBoolean@4            100314a0 f   il_states.obj
 0001:000304c0       ?iGetActiveNum@@YAII@Z     100314c0 f   il_states.obj
 0001:000305d0       _ilGetIntegerv@8           100315d0 f   il_states.obj
 0001:00030ab0       _iGetIntegervImage@12      10031ab0 f   il_states.obj
 0001:00030dc0       _ilGetInteger@4            10031dc0 f   il_states.obj
 0001:00030df0       _ilOriginFunc@4            10031df0 f   il_states.obj
 0001:00030e60       _ilFormatFunc@4            10031e60 f   il_states.obj
 0001:00030ee0       _ilTypeFunc@4              10031ee0 f   il_states.obj
 0001:00030f50       _ilCompressFunc@4          10031f50 f   il_states.obj
 0001:00030fc0       _ilPushAttrib@4            10031fc0 f   il_states.obj
 0001:000313e0       _ilPopAttrib@0             100323e0 f   il_states.obj
 0001:00031440       _ilHint@8                  10032440 f   il_states.obj
 0001:000314d0       _ilSetString@8             100324d0 f   il_states.obj
 0001:000317d0       _ilSetInteger@8            100327d0 f   il_states.obj
 0001:00031c30       _iGetInt                   10032c30 f   il_states.obj
 0001:00031cc0       ?iGetSunHead@@YAIPAUSIO@@PAUSUNHEAD@@@Z 10032cc0 f   il_sun.obj
 0001:00031e20       ?iCheckSun@@YAEPAUSUNHEAD@@@Z 10032e20 f   il_sun.obj
 0001:00031e80       _iIsValidSun               10032e80 f   il_sun.obj
 0001:00031ee0       ?iSunDecodeRle@@YAXPAUILimage@@@Z 10032ee0 f   il_sun.obj
 0001:00031fb0       ?iSunPrepareImageBuffer@@YAXPAUILimage@@PAUSUNHEAD@@@Z 10032fb0 f   il_sun.obj
 0001:00032000       _iLoadSunInternal          10033000 f   il_sun.obj
 0001:000325d0       _iIsValidTarga             100335d0 f   il_targa.obj
 0001:00032640       ?iCheckTarga@@YAEPAUTARGAHEAD@@@Z 10033640 f   il_targa.obj
 0001:000326a0       _iLoadTargaInternal        100336a0 f   il_targa.obj
 0001:000328a0       ?iReadColMapTga@@YAEPAUILimage@@PAUTARGAHEAD@@@Z 100338a0 f   il_targa.obj
 0001:00032ad0       ?iReadUnmapTga@@YAEPAUILimage@@PAUTARGAHEAD@@@Z 10033ad0 f   il_targa.obj
 0001:00032c20       ?iReadBwTga@@YAEPAUILimage@@PAUTARGAHEAD@@@Z 10033c20 f   il_targa.obj
 0001:00032cf0       ?iUncompressTgaData@@YAEPAUILimage@@@Z 10033cf0 f   il_targa.obj
 0001:00032e30       ?i16BitTarga@@YAEPAUILimage@@@Z 10033e30 f   il_targa.obj
 0001:00032f20       _iSaveTargaInternal        10033f20 f   il_targa.obj
 0001:00033830       _ilIsValidTiffFunc         10034830 f   il_tiff.obj
 0001:000338e0       _iLoadTiffInternal         100348e0 f   il_tiff.obj
 0001:00034430       ?png_write@@YAXPAUpng_struct_def@@PAEI@Z 10035430 f   il_png.obj
 0001:00034540       _iSaveTiffInternal         10035540 f   il_tiff.obj
 0001:00034b80       _ilGetBppFormat@4          10035b80 f   il_utility.obj
 0001:00034bf0       _ilGetFormatBpp@4          10035bf0 f   il_utility.obj
 0001:00034c40       _ilGetBpcType@4            10035c40 f   il_utility.obj
 0001:00034ca0       _ilGetTypeBpc@4            10035ca0 f   il_utility.obj
 0001:00034d00       _ilGetBppPal@4             10035d00 f   il_utility.obj
 0001:00034d50       _ilGetPalBaseType@4        10035d50 f   il_utility.obj
 0001:00034db0       _ilNextPower2@4            10035db0 f   il_utility.obj
 0001:00034dd0       _iMemSwap@12               10035dd0 f   il_utility.obj
 0001:00034ec0       _iIsValidVtf               10035ec0 f   il_vtf.obj
 0001:00034f50       ?iCheckVtf@@YAEPAUVTFHEAD@@@Z 10035f50 f   il_vtf.obj
 0001:00035030       _iLoadVtfInternal          10036030 f   il_vtf.obj
 0001:00035a70       ?VtfInitFacesMipmaps@@YAEPAUILimage@@IPAUVTFHEAD@@@Z 10036a70 f   il_vtf.obj
 0001:00035c20       ?VtfInitMipmaps@@YAEPAUILimage@@PAUVTFHEAD@@@Z 10036c20 f   il_vtf.obj
 0001:00035da0       _iSaveVtfInternal          10036da0 f   il_vtf.obj
 0001:000365b0       ?WbmpGetMultibyte@@YAIPAUSIO@@@Z 100375b0 f   il_wbmp.obj
 0001:000365e0       _iLoadWbmpInternal         100375e0 f   il_wbmp.obj
 0001:00036760       ?WbmpPutMultibyte@@YAEPAUSIO@@I@Z 10037760 f   il_wbmp.obj
 0001:000367b0       _iSaveWbmpInternal         100377b0 f   il_wbmp.obj
 0001:000369b0       ?XpmGetsInternal@@YAHPAUSIO@@PAEH@Z 100379b0 f   il_xpm.obj
 0001:00036a30       _iIsValidXpm               10037a30 f   il_xpm.obj
 0001:00036aa0       ?XpmCreateHashTable@@YAPAPAUXPMHASHENTRY@@XZ 10037aa0 f   il_xpm.obj
 0001:00036b10       ?XpmDestroyHashTable@@YAXPAPAUXPMHASHENTRY@@@Z 10037b10 f   il_xpm.obj
 0001:00036b60       ?XpmGets@@YAHPAUSIO@@PAEH@Z 10037b60 f   il_xpm.obj
 0001:00036c40       ?XpmGetInt@@YAHPAEHPAH@Z   10037c40 f   il_xpm.obj
 0001:00036cf0       ?XpmPredefCol@@YAEPADPAY03E@Z 10037cf0 f   il_xpm.obj
 0001:00036ed0       ?XpmGetColour@@YAEPAEHHPAPAUXPMHASHENTRY@@@Z 10037ed0 f   il_xpm.obj
 0001:000372c0       _iLoadXpmInternal          100382c0 f   il_xpm.obj
 0001:00037620       _jas_image_create          10038620 f   libjasper:jas_image.obj
 0001:000377a0       _jas_image_destroy         100387a0 f   libjasper:jas_image.obj
 0001:000379b0       _jas_image_decode          100389b0 f   libjasper:jas_image.obj
 0001:00037a30       _jas_image_encode          10038a30 f   libjasper:jas_image.obj
 0001:00037a70       _jas_image_readcmpt        10038a70 f   libjasper:jas_image.obj
 0001:00037c30       _jas_image_writecmpt       10038c30 f   libjasper:jas_image.obj
 0001:00037e10       _jas_image_clearfmts       10038e10 f   libjasper:jas_image.obj
 0001:00037e70       _jas_image_addfmt          10038e70 f   libjasper:jas_image.obj
 0001:00037f40       _jas_image_getfmt          10038f40 f   libjasper:jas_image.obj
 0001:00037f80       _jas_image_rawsize         10038f80 f   libjasper:jas_image.obj
 0001:00038030       _jas_image_addcmpt         10039030 f   libjasper:jas_image.obj
 0001:000380e0       _jas_image_lookupfmtbyname 100390e0 f   libjasper:jas_image.obj
 0001:00038280       _jas_image_depalettize     10039280 f   libjasper:jas_image.obj
 0001:00038360       _jas_image_readcmptsample  10039360 f   libjasper:jas_image.obj
 0001:00038460       _jas_image_writecmptsample 10039460 f   libjasper:jas_image.obj
 0001:00038590       _jas_image_getcmptbytype   10039590 f   libjasper:jas_image.obj
 0001:000385c0       _jas_seq2d_create          100395c0 f   libjasper:jas_seq.obj
 0001:00038600       _jas_matrix_create         10039600 f   libjasper:jas_seq.obj
 0001:000386d0       _jas_matrix_destroy        100396d0 f   libjasper:jas_seq.obj
 0001:00038710       _jas_matrix_bindsub        10039710 f   libjasper:jas_seq.obj
 0001:000387e0       _jas_matrix_divpow2        100397e0 f   libjasper:jas_seq.obj
 0001:00038850       _jas_matrix_clip           10039850 f   libjasper:jas_seq.obj
 0001:000388c0       _jas_matrix_resize         100398c0 f   libjasper:jas_seq.obj
 0001:00038920       _jas_stream_memopen        10039920 f   libjasper:jas_stream.obj
 0001:00038a70       _jas_stream_tmpfile        10039a70 f   libjasper:jas_stream.obj
 0001:00038b20       _jas_stream_close          10039b20 f   libjasper:jas_stream.obj
 0001:00038b70       _jas_stream_read           10039b70 f   libjasper:jas_stream.obj
 0001:00038c40       _jas_stream_write          10039c40 f   libjasper:jas_stream.obj
 0001:00038d40       _jas_stream_printf         10039d40 f   libjasper:jas_stream.obj
 0001:00038da0       _jas_stream_puts           10039da0 f   libjasper:jas_stream.obj
 0001:00038e90       _jas_stream_gobble         10039e90 f   libjasper:jas_stream.obj
 0001:00038ef0       _jas_stream_pad            10039ef0 f   libjasper:jas_stream.obj
 0001:00038f60       _jas_stream_rewind         10039f60 f   libjasper:jas_stream.obj
 0001:00038fb0       _jas_stream_seek           10039fb0 f   libjasper:jas_stream.obj
 0001:00039000       _jas_stream_tell           1003a000 f   libjasper:jas_stream.obj
 0001:00039090       _jas_stream_flush          1003a090 f   libjasper:jas_stream.obj
 0001:000390f0       _jas_stream_fillbuf        1003a0f0 f   libjasper:jas_stream.obj
 0001:00039180       _jas_stream_flushbuf       1003a180 f   libjasper:jas_stream.obj
 0001:00039220       _jas_stream_copy           1003a220 f   libjasper:jas_stream.obj
 0001:000394d0       ?OutputMsg@@YAXPAUjpeg_common_struct@@@Z 1003a4d0 f   il_jpeg.obj
 0001:000394d0       _mng_init_source           1003a4d0 f   libmng:libmng_jpeg.obj
 0001:000394d0       _mng_term_source           1003a4d0 f   libmng:libmng_jpeg.obj
 0001:000394d0       __TIFFNoPostDecode         1003a4d0 f   libTIFF:tif_read.obj
 0001:000394d0       _mng_output_message        1003a4d0 f   libmng:libmng_jpeg.obj
 0001:000394d0       ?flush_data@@YAXPAUpng_struct_def@@@Z 1003a4d0 f   il_png.obj
 0001:00039540       _jas_init                  1003a540 f   libjasper:jas_init.obj
 0001:00039710       _jas_cleanup               1003a710 f   libjasper:jas_init.obj
 0001:00039720       _jas_cmprof_createfromclrspc 1003a720 f   libjasper:jas_cm.obj
 0001:00039960       _jas_cmprof_createfromiccprof 1003a960 f   libjasper:jas_cm.obj
 0001:00039b90       _jas_cmprof_destroy        1003ab90 f   libjasper:jas_cm.obj
 0001:0003abc0       _jas_strdup                1003bbc0 f   libjasper:jas_string.obj
 0001:0003ac70       _jpc_encode                1003bc70 f   libjasper:jpc_enc.obj
 0001:0003b890       _ratestrtosize             1003c890 f   libjasper:jpc_enc.obj
 0001:0003b930       _jpc_enc_create            1003c930 f   libjasper:jpc_enc.obj
 0001:0003b9a0       _jpc_enc_destroy           1003c9a0 f   libjasper:jpc_enc.obj
 0001:0003d130       _jpc_quantize              1003e130 f   libjasper:jpc_enc.obj
 0001:0003d1c0       _calcrdslopes              1003e1c0 f   libjasper:jpc_enc.obj
 0001:0003d2a0       _dump_layeringinfo         1003e2a0 f   libjasper:jpc_enc.obj
 0001:0003d430       _rateallocate              1003e430 f   libjasper:jpc_enc.obj
 0001:0003dd50       _jpc_enc_tile_create       1003ed50 f   libjasper:jpc_enc.obj
 0001:0003e020       _jpc_enc_tile_destroy      1003f020 f   libjasper:jpc_enc.obj
 0001:0003f080       _jpc_enc_dump              10040080 f   libjasper:jpc_enc.obj
 0001:0003f220       _jpc_decode                10040220 f   libjasper:jpc_dec.obj
 0001:00041df0       _jpc_seg_alloc             10042df0 f   libjasper:jpc_dec.obj
 0001:00042060       _jpc_streamlist_create     10043060 f   libjasper:jpc_dec.obj
 0001:000420c0       _jpc_streamlist_insert     100430c0 f   libjasper:jpc_dec.obj
 0001:00042130       _jpc_streamlist_remove     10043130 f   libjasper:jpc_dec.obj
 0001:00042170       _jpc_streamlist_destroy    10043170 f   libjasper:jpc_dec.obj
 0001:00042240       _jpc_ppxstab_destroy       10043240 f   libjasper:jpc_dec.obj
 0001:00042290       _jpc_ppxstab_insert        10043290 f   libjasper:jpc_dec.obj
 0001:00042330       _jpc_ppmstabtostreams      10043330 f   libjasper:jpc_dec.obj
 0001:000424c0       _jpc_pptstabwrite          100434c0 f   libjasper:jpc_dec.obj
 0001:00042580       _bmp_encode                10043580 f   libjasper:bmp_enc.obj
 0001:00043170       _ras_encode                10044170 f   libjasper:ras_enc.obj
 0001:00043c30       _jpg_encode                10044c30 f   libjasper:jpg_enc.obj
 0001:000441a0       _mif_decode                100451a0 f   libjasper:mif_cod.obj
 0001:000444e0       _mif_encode                100454e0 f   libjasper:mif_cod.obj
 0001:00044780       _mif_validate              10045780 f   libjasper:mif_cod.obj
 0001:000451a0       _pnm_decode                100461a0 f   libjasper:pnm_dec.obj
 0001:000452e0       _pnm_validate              100462e0 f   libjasper:pnm_dec.obj
 0001:00046160       _pgx_decode                10047160 f   libjasper:pgx_dec.obj
 0001:00046240       _pgx_validate              10047240 f   libjasper:pgx_dec.obj
 0001:00046be0       _pnm_encode                10047be0 f   libjasper:pnm_enc.obj
 0001:00047510       _bmp_decode                10048510 f   libjasper:bmp_dec.obj
 0001:00047780       _bmp_validate              10048780 f   libjasper:bmp_dec.obj
 0001:00048480       _jpg_decode                10049480 f   libjasper:jpg_dec.obj
 0001:00048a60       _jpg_validate              10049a60 f   libjasper:jpg_val.obj
 0001:00048ad0       _ras_decode                10049ad0 f   libjasper:ras_dec.obj
 0001:00048ca0       _ras_validate              10049ca0 f   libjasper:ras_dec.obj
 0001:00049410       _jpc_getms                 1004a410 f   libjasper:jpc_cs.obj
 0001:00049630       _jpc_putms                 1004a630 f   libjasper:jpc_cs.obj
 0001:00049730       _jpc_ms_create             1004a730 f   libjasper:jpc_cs.obj
 0001:00049790       _jpc_ms_destroy            1004a790 f   libjasper:jpc_cs.obj
 0001:000497b0       _jpc_ms_dump               1004a7b0 f   libjasper:jpc_cs.obj
 0001:0004b140       _jpc_getuint8              1004c140 f   libjasper:jpc_cs.obj
 0001:0004b190       _jpc_getuint16             1004c190 f   libjasper:jpc_cs.obj
 0001:0004b230       _jpc_putuint16             1004c230 f   libjasper:jpc_cs.obj
 0001:0004b2e0       _jpc_putuint32             1004c2e0 f   libjasper:jpc_cs.obj
 0001:0004b450       _jpc_validate              1004c450 f   libjasper:jpc_cs.obj
 0001:0004b4c0       _jp2_decode                1004c4c0 f   libjasper:jp2_dec.obj
 0001:0004bd50       _jp2_validate              1004cd50 f   libjasper:jp2_dec.obj
 0001:0004bf80       _jp2_encode                1004cf80 f   libjasper:jp2_enc.obj
 0001:0004c680       _pgx_encode                1004d680 f   libjasper:pgx_enc.obj
 0001:0004cad0       _jas_iccprof_copy          1004dad0 f   libjasper:jas_icc.obj
 0001:0004cb40       _jas_iccprof_destroy       1004db40 f   libjasper:jas_icc.obj
 0001:0004cb70       _jas_iccprof_load          1004db70 f   libjasper:jas_icc.obj
 0001:0004cda0       _jas_iccprof_save          1004dda0 f   libjasper:jas_icc.obj
 0001:0004d550       _jas_iccprof_getattr       1004e550 f   libjasper:jas_icc.obj
 0001:0004d580       _jas_iccprof_setattr       1004e580 f   libjasper:jas_icc.obj
 0001:0004da60       _jas_iccattrval_create     1004ea60 f   libjasper:jas_icc.obj
 0001:0004dad0       _jas_iccattrval_destroy    1004ead0 f   libjasper:jas_icc.obj
 0001:0004f760       _jas_iccprof_createfrombuf 10050760 f   libjasper:jas_icc.obj
 0001:0004f7a0       _jas_iccprof_createfromclrspc 100507a0 f   libjasper:jas_icc.obj
 0001:0004f800       _jpc_atoaf                 10050800 f   libjasper:jpc_util.obj
 0001:0004f950       _jas_eprintf               10050950 f   libjasper:jas_debug.obj
 0001:0004f970       _jas_memdump               10050970 f   libjasper:jas_debug.obj
 0001:0004f9e0       _jas_tvparser_create       100509e0 f   libjasper:jas_tvp.obj
 0001:0004fa50       _jas_tvparser_next         10050a50 f   libjasper:jas_tvp.obj
 0001:0004fba0       _jas_taginfos_lookup       10050ba0 f   libjasper:jas_tvp.obj
 0001:0004fbf0       _jpc_pi_next               10050bf0 f   libjasper:jpc_t2cod.obj
 0001:00050770       _jpc_pi_destroy            10051770 f   libjasper:jpc_t2cod.obj
 0001:00050830       _jpc_pchglist_insert       10051830 f   libjasper:jpc_t2cod.obj
 0001:000508a0       _jpc_pchglist_copy         100518a0 f   libjasper:jpc_t2cod.obj
 0001:00050950       _jpc_pchglist_destroy      10051950 f   libjasper:jpc_t2cod.obj
 0001:00050990       _jpc_pi_init               10051990 f   libjasper:jpc_t2cod.obj
 0001:00050a00       _JPC_PASSTYPE              10051a00 f   libjasper:jpc_t1cod.obj
 0001:00050a40       _JPC_SEGTYPE               10051a40 f   libjasper:jpc_t1cod.obj
 0001:00050a80       _JPC_SEGPASSCNT            10051a80 f   libjasper:jpc_t1cod.obj
 0001:00050ae0       _jpc_initluts              10051ae0 f   libjasper:jpc_t1cod.obj
 0001:00050d10       _jpc_getzcctxno            10051d10 f   libjasper:jpc_t1cod.obj
 0001:00050e60       _jpc_getspb                10051e60 f   libjasper:jpc_t1cod.obj
 0001:00050f20       _jpc_getscctxno            10051f20 f   libjasper:jpc_t1cod.obj
 0001:00051020       _jpc_initctxs              10052020 f   libjasper:jpc_t1cod.obj
 0001:00051070       _jpc_pow2i                 10052070 f   libjasper:jpc_t1cod.obj
 0001:000513a0       _jpc_enc_encpkts           100523a0 f   libjasper:jpc_t2enc.obj
 0001:00051420       _jpc_enc_encpkt            10052420 f   libjasper:jpc_t2enc.obj
 0001:00051bd0       _jpc_save_t2state          10052bd0 f   libjasper:jpc_t2enc.obj
 0001:00051d50       _jpc_restore_t2state       10052d50 f   libjasper:jpc_t2enc.obj
 0001:00051ed0       _jpc_init_t2state          10052ed0 f   libjasper:jpc_t2enc.obj
 0001:00052140       _jpc_enc_pi_create         10053140 f   libjasper:jpc_t2enc.obj
 0001:000523f0       _jpc_enc_enccblks          100533f0 f   libjasper:jpc_t1enc.obj
 0001:00052610       _getthebyte                10053610 f   libjasper:jpc_t1enc.obj
 0001:00052750       _jpc_enc_enccblk           10053750 f   libjasper:jpc_t1enc.obj
 0001:000559e0       _jpc_tsfb_analyze2         100569e0 f   libjasper:jpc_tsfb.obj
 0001:00055a70       _jpc_tsfb_synthesize2      10056a70 f   libjasper:jpc_tsfb.obj
 0001:00055b00       _jpc_tsfb_getbands         10056b00 f   libjasper:jpc_tsfb.obj
 0001:00055ba0       _jpc_tsfb_getbands2        10056ba0 f   libjasper:jpc_tsfb.obj
 0001:00055dc0       _jpc_rct                   10056dc0 f   libjasper:jpc_mct.obj
 0001:00055e50       _jpc_irct                  10056e50 f   libjasper:jpc_mct.obj
 0001:00055ee0       _jpc_ict                   10056ee0 f   libjasper:jpc_mct.obj
 0001:00056090       _jpc_iict                  10057090 f   libjasper:jpc_mct.obj
 0001:000561b0       _jpc_tagtree_create        100571b0 f   libjasper:jpc_tagtree.obj
 0001:00056390       _jpc_tagtree_encode        10057390 f   libjasper:jpc_tagtree.obj
 0001:000565a0       _jpc_tagtree_decode        100575a0 f   libjasper:jpc_tagtree.obj
 0001:000567d0       _jpc_mqenc_create          100577d0 f   libjasper:jpc_mqenc.obj
 0001:00056850       _jpc_mqenc_setctxs         10057850 f   libjasper:jpc_mqenc.obj
 0001:000568b0       _jpc_mqenc_codemps2        100578b0 f   libjasper:jpc_mqenc.obj
 0001:00056b50       _jpc_mqenc_codelps         10057b50 f   libjasper:jpc_mqenc.obj
 0001:00056df0       _jpc_mqenc_flush           10057df0 f   libjasper:jpc_mqenc.obj
 0001:00058060       _jpc_dec_decodepkts        10059060 f   libjasper:jpc_t2dec.obj
 0001:000581b0       _jpc_dec_pi_create         100591b0 f   libjasper:jpc_t2dec.obj
 0001:00058450       _jpc_dec_lookahead         10059450 f   libjasper:jpc_t2dec.obj
 0001:000584e0       _jpc_mqdec_create          100594e0 f   libjasper:jpc_mqdec.obj
 0001:00058540       _jpc_mqdec_init            10059540 f   libjasper:jpc_mqdec.obj
 0001:000585d0       _jpc_mqdec_setctxs         100595d0 f   libjasper:jpc_mqdec.obj
 0001:00058630       _jpc_mqdec_mpsexchrenormd  10059630 f   libjasper:jpc_mqdec.obj
 0001:00058710       _jpc_mqdec_lpsexchrenormd  10059710 f   libjasper:jpc_mqdec.obj
 0001:000588a0       _jpc_bitstream_close       100598a0 f   libjasper:jpc_bs.obj
 0001:00058910       _jpc_bitstream_getbits     10059910 f   libjasper:jpc_bs.obj
 0001:00058a30       _jpc_bitstream_putbits     10059a30 f   libjasper:jpc_bs.obj
 0001:00058b40       _jpc_bitstream_fillbuf     10059b40 f   libjasper:jpc_bs.obj
 0001:00058c10       _jpc_bitstream_inalign     10059c10 f   libjasper:jpc_bs.obj
 0001:00058cc0       _jpc_bitstream_outalign    10059cc0 f   libjasper:jpc_bs.obj
 0001:00058d80       _jpc_dec_decodecblks       10059d80 f   libjasper:jpc_t1dec.obj
 0001:0005b020       _bmp_info_destroy          1005c020 f   libjasper:bmp_cod.obj
 0001:0005b040       _bmp_numcmpts              1005c040 f   libjasper:bmp_cod.obj
 0001:0005b0b0       _pnm_type                  1005c0b0 f   libjasper:pnm_cod.obj
 0001:0005b110       _pnm_maxvaltodepth         1005c110 f   libjasper:pnm_cod.obj
 0001:0005b120       _jp2_box_create            1005c120 f   libjasper:jp2_cod.obj
 0001:0005b180       _jp2_box_destroy           1005c180 f   libjasper:jp2_cod.obj
 0001:0005b1d0       _jp2_box_get               1005c1d0 f   libjasper:jp2_cod.obj
 0001:0005b380       _jp2_box_dump              1005c380 f   libjasper:jp2_cod.obj
 0001:0005b8a0       _jp2_box_put               1005c8a0 f   libjasper:jp2_cod.obj
 0001:0005be80       _jpc_getuint32             1005ce80 f   libjasper:jpc_cs.obj
 0001:0005c030       _jpc_putuint8              1005d030 f   libjasper:jpc_cs.obj
 0001:0005c090       _jp2_boxinfolookup         1005d090 f   libjasper:jp2_cod.obj
 0001:0005c4e0       _jpc_qmfb_split_row        1005d4e0 f   libjasper:jpc_qmfb.obj
 0001:0005c630       _jpc_qmfb_split_colgrp     1005d630 f   libjasper:jpc_qmfb.obj
 0001:0005c860       _jpc_qmfb_split_colres     1005d860 f   libjasper:jpc_qmfb.obj
 0001:0005cab0       _jpc_qmfb_join_row         1005dab0 f   libjasper:jpc_qmfb.obj
 0001:0005cbc0       _jpc_qmfb_join_colgrp      1005dbc0 f   libjasper:jpc_qmfb.obj
 0001:0005cda0       _jpc_qmfb_join_colres      1005dda0 f   libjasper:jpc_qmfb.obj
 0001:0005cfb0       _jpc_ft_fwdlift_row        1005dfb0 f   libjasper:jpc_qmfb.obj
 0001:0005d080       _jpc_ft_fwdlift_colgrp     1005e080 f   libjasper:jpc_qmfb.obj
 0001:0005d3d0       _jpc_ft_fwdlift_colres     1005e3d0 f   libjasper:jpc_qmfb.obj
 0001:0005d590       _jpc_ft_invlift_row        1005e590 f   libjasper:jpc_qmfb.obj
 0001:0005d670       _jpc_ft_invlift_colgrp     1005e670 f   libjasper:jpc_qmfb.obj
 0001:0005d9d0       _jpc_ft_invlift_colres     1005e9d0 f   libjasper:jpc_qmfb.obj
 0001:0005dba0       _jpc_ft_analyze            1005eba0 f   libjasper:jpc_qmfb.obj
 0001:0005dc70       _jpc_ft_synthesize         1005ec70 f   libjasper:jpc_qmfb.obj
 0001:0005dd40       _jpc_ns_fwdlift_row        1005ed40 f   libjasper:jpc_qmfb.obj
 0001:0005dff0       _jpc_ns_fwdlift_colgrp     1005eff0 f   libjasper:jpc_qmfb.obj
 0001:0005eac0       _jpc_ns_fwdlift_colres     1005fac0 f   libjasper:jpc_qmfb.obj
 0001:0005ef80       _jpc_ns_invlift_row        1005ff80 f   libjasper:jpc_qmfb.obj
 0001:0005f230       _jpc_ns_invlift_colgrp     10060230 f   libjasper:jpc_qmfb.obj
 0001:0005fd00       _jpc_ns_invlift_colres     10060d00 f   libjasper:jpc_qmfb.obj
 0001:000601a0       _jpc_ns_analyze            100611a0 f   libjasper:jpc_qmfb.obj
 0001:00060270       _jpc_ns_synthesize         10061270 f   libjasper:jpc_qmfb.obj
 0001:00060780       _mng_initialize            10061780 f   libmng:libmng_hlapi.obj
 0001:000609e0       _mng_reset                 100619e0 f   libmng:libmng_hlapi.obj
 0001:000610b0       _mng_read                  100620b0 f   libmng:libmng_hlapi.obj
 0001:000611d0       _mng_display               100621d0 f   libmng:libmng_hlapi.obj
 0001:00061310       _mnglcms_createsrgbprofile 10062310 f   libmng:libmng_cms.obj
 0001:000613e0       _mng_clear_cms             100623e0 f   libmng:libmng_cms.obj
 0001:00061420       _mng_init_full_cms         10062420 f   libmng:libmng_cms.obj
 0001:00061920       _mng_correct_full_cms      10062920 f   libmng:libmng_cms.obj
 0001:00061950       _mng_init_gamma_only       10062950 f   libmng:libmng_cms.obj
 0001:00061ac0       _mng_correct_gamma_only    10062ac0 f   libmng:libmng_cms.obj
 0001:00061b80       _mng_process_eof           10062b80 f   libmng:libmng_read.obj
 0001:00061bc0       _mng_release_pushdata      10062bc0 f   libmng:libmng_read.obj
 0001:00061c40       _mng_release_pushchunk     10062c40 f   libmng:libmng_read.obj
 0001:000638b0       _mng_read_graphic          100648b0 f   libmng:libmng_read.obj
 0001:00063aa0       _mng_drop_chunks           10064aa0 f   libmng:libmng_write.obj
 0001:00063ae0       _mngzlib_alloc             10064ae0 f   libmng:libmng_zlib.obj
 0001:00063b10       _mngzlib_free              10064b10 f   libmng:libmng_zlib.obj
 0001:00063b30       _mngzlib_inflateinit       10064b30 f   libmng:libmng_zlib.obj
 0001:00063b70       _mngzlib_inflaterows       10064b70 f   libmng:libmng_zlib.obj
 0001:00063da0       _mngzlib_inflatefree       10064da0 f   libmng:libmng_zlib.obj
 0001:00063e90       _mng_display_progressive_refresh 10064e90 f   libmng:libmng_display.obj
 0001:000651f0       _mng_display_image         100661f0 f   libmng:libmng_display.obj
 0001:000655a0       _mng_execute_delta_image   100665a0 f   libmng:libmng_display.obj
 0001:00066320       _mng_reset_objzero         10067320 f   libmng:libmng_display.obj
 0001:00066770       _mng_process_display       10067770 f   libmng:libmng_display.obj
 0001:000669e0       _mng_process_display_ihdr  100679e0 f   libmng:libmng_display.obj
 0001:00066f70       _mng_process_display_idat  10067f70 f   libmng:libmng_display.obj
 0001:00066fe0       _mng_process_display_iend  10067fe0 f   libmng:libmng_display.obj
 0001:00067210       _mng_process_display_mend  10068210 f   libmng:libmng_display.obj
 0001:00067460       _mng_process_display_defi  10068460 f   libmng:libmng_display.obj
 0001:00067600       _mng_process_display_basi  10068600 f   libmng:libmng_display.obj
 0001:00067df0       _mng_process_display_clon  10068df0 f   libmng:libmng_display.obj
 0001:00067f40       _mng_process_display_clon2 10068f40 f   libmng:libmng_display.obj
 0001:00067f60       _mng_process_display_disc  10068f60 f   libmng:libmng_display.obj
 0001:000680a0       _mng_process_display_fram2 100690a0 f   libmng:libmng_display.obj
 0001:00068190       _mng_process_display_move  10069190 f   libmng:libmng_display.obj
 0001:00068200       _mng_process_display_clip  10069200 f   libmng:libmng_display.obj
 0001:00068280       _mng_process_display_show  10069280 f   libmng:libmng_display.obj
 0001:00068570       _mng_process_display_seek  10069570 f   libmng:libmng_display.obj
 0001:000685c0       _mng_process_display_jhdr  100695c0 f   libmng:libmng_display.obj
 0001:00068b50       _mng_process_display_jdaa  10069b50 f   libmng:libmng_display.obj
 0001:00068ba0       _mng_process_display_jdat  10069ba0 f   libmng:libmng_display.obj
 0001:00068c10       _mng_process_display_dhdr  10069c10 f   libmng:libmng_display.obj
 0001:00069430       _mng_process_display_prom  1006a430 f   libmng:libmng_display.obj
 0001:00069520       _mng_process_display_pplt  1006a520 f   libmng:libmng_display.obj
 0001:00069740       _mng_process_display_magn  1006a740 f   libmng:libmng_display.obj
 0001:000698d0       _mng_process_display_magn2 1006a8d0 f   libmng:libmng_display.obj
 0001:00069960       _mng_process_display_past  1006a960 f   libmng:libmng_display.obj
 0001:0006a340       _mng_process_display_past2 1006b340 f   libmng:libmng_display.obj
 0001:0006a390       _mng_create_imagedataobject 1006b390 f   libmng:libmng_object_prc.obj
 0001:0006a580       _mng_free_imagedataobject  1006b580 f   libmng:libmng_object_prc.obj
 0001:0006a600       _mng_clone_imagedataobject 1006b600 f   libmng:libmng_object_prc.obj
 0001:0006a6f0       _mng_create_imageobject    1006b6f0 f   libmng:libmng_object_prc.obj
 0001:0006a850       _mng_free_imageobject      1006b850 f   libmng:libmng_object_prc.obj
 0001:0006a8b0       _mng_find_imageobject      1006b8b0 f   libmng:libmng_object_prc.obj
 0001:0006a8d0       _mng_clone_imageobject     1006b8d0 f   libmng:libmng_object_prc.obj
 0001:0006aa60       _mng_renum_imageobject     1006ba60 f   libmng:libmng_object_prc.obj
 0001:0006ab20       _mng_reset_object_details  1006bb20 f   libmng:libmng_object_prc.obj
 0001:0006aeb0       _mng_promote_imageobject   1006beb0 f   libmng:libmng_object_prc.obj
 0001:0006b600       _mng_magnify_imageobject   1006c600 f   libmng:libmng_object_prc.obj
 0001:0006bf10       _mng_colorcorrect_object   1006cf10 f   libmng:libmng_object_prc.obj
 0001:0006c150       _mng_add_ani_object        1006d150 f   libmng:libmng_object_prc.obj
 0001:0006c1c0       _mng_create_ani_image      1006d1c0 f   libmng:libmng_object_prc.obj
 0001:0006c300       _mng_free_ani_image        1006d300 f   libmng:libmng_object_prc.obj
 0001:0006c330       _mng_process_ani_image     1006d330 f   libmng:libmng_object_prc.obj
 0001:0006c650       _mng_create_ani_plte       1006d650 f   libmng:libmng_object_prc.obj
 0001:0006c6c0       _mng_free_ani_plte         1006d6c0 f   libmng:libmng_object_prc.obj
 0001:0006c6f0       _mng_process_ani_plte      1006d6f0 f   libmng:libmng_object_prc.obj
 0001:0006c730       _mng_create_ani_trns       1006d730 f   libmng:libmng_object_prc.obj
 0001:0006c7a0       _mng_free_ani_trns         1006d7a0 f   libmng:libmng_object_prc.obj
 0001:0006c7d0       _mng_process_ani_trns      1006d7d0 f   libmng:libmng_object_prc.obj
 0001:0006c810       _mng_create_ani_gama       1006d810 f   libmng:libmng_object_prc.obj
 0001:0006c870       _mng_process_ani_gama      1006d870 f   libmng:libmng_object_prc.obj
 0001:0006c8b0       _mng_create_ani_chrm       1006d8b0 f   libmng:libmng_object_prc.obj
 0001:0006c930       _mng_process_ani_chrm      1006d930 f   libmng:libmng_object_prc.obj
 0001:0006c9d0       _mng_create_ani_srgb       1006d9d0 f   libmng:libmng_object_prc.obj
 0001:0006ca30       _mng_process_ani_srgb      1006da30 f   libmng:libmng_object_prc.obj
 0001:0006ca70       _mng_create_ani_iccp       1006da70 f   libmng:libmng_object_prc.obj
 0001:0006caf0       _mng_free_unknown          1006daf0 f   libmng:libmng_chunk_prc.obj
 0001:0006caf0       _mng_free_ani_iccp         1006daf0 f   libmng:libmng_object_prc.obj
 0001:0006cb30       _mng_process_ani_iccp      1006db30 f   libmng:libmng_object_prc.obj
 0001:0006cbe0       _mng_create_ani_bkgd       1006dbe0 f   libmng:libmng_object_prc.obj
 0001:0006cc40       _mng_process_ani_bkgd      1006dc40 f   libmng:libmng_object_prc.obj
 0001:0006cc80       _mng_create_ani_loop       1006dc80 f   libmng:libmng_object_prc.obj
 0001:0006ccf0       _mng_free_ani_loop         1006dcf0 f   libmng:libmng_object_prc.obj
 0001:0006cd30       _mng_process_ani_loop      1006dd30 f   libmng:libmng_object_prc.obj
 0001:0006cd60       _mng_create_ani_endl       1006dd60 f   libmng:libmng_object_prc.obj
 0001:0006cdc0       _mng_process_ani_endl      1006ddc0 f   libmng:libmng_object_prc.obj
 0001:0006cec0       _mng_create_ani_defi       1006dec0 f   libmng:libmng_object_prc.obj
 0001:0006cf90       _mng_process_ani_defi      1006df90 f   libmng:libmng_object_prc.obj
 0001:0006d020       _mng_create_ani_basi       1006e020 f   libmng:libmng_object_prc.obj
 0001:0006d0b0       _mng_process_ani_basi      1006e0b0 f   libmng:libmng_object_prc.obj
 0001:0006d0f0       _mng_create_ani_clon       1006e0f0 f   libmng:libmng_object_prc.obj
 0001:0006d1a0       _mng_free_phys             1006e1a0 f   libmng:libmng_chunk_prc.obj
 0001:0006d1a0       _mng_free_ihdr             1006e1a0 f   libmng:libmng_chunk_prc.obj
 0001:0006d1a0       _mng_free_move             1006e1a0 f   libmng:libmng_chunk_prc.obj
 0001:0006d1a0       _mng_free_jhdr             1006e1a0 f   libmng:libmng_chunk_prc.obj
 0001:0006d1a0       _mng_free_ani_clon         1006e1a0 f   libmng:libmng_object_prc.obj
 0001:0006d1a0       _mng_free_phyg             1006e1a0 f   libmng:libmng_chunk_prc.obj
 0001:0006d1a0       _mng_free_ani_magn         1006e1a0 f   libmng:libmng_object_prc.obj
 0001:0006d1a0       _mng_free_ani_dhdr         1006e1a0 f   libmng:libmng_object_prc.obj
 0001:0006d1c0       _mng_process_ani_clon      1006e1c0 f   libmng:libmng_object_prc.obj
 0001:0006d210       _mng_create_ani_back       1006e210 f   libmng:libmng_object_prc.obj
 0001:0006d290       _mng_process_ani_back      1006e290 f   libmng:libmng_object_prc.obj
 0001:0006d2e0       _mng_create_ani_fram       1006e2e0 f   libmng:libmng_object_prc.obj
 0001:0006d3b0       _mng_free_ani_defi         1006e3b0 f   libmng:libmng_object_prc.obj
 0001:0006d3b0       _mng_free_ani_chrm         1006e3b0 f   libmng:libmng_object_prc.obj
 0001:0006d3b0       _mng_free_ani_fram         1006e3b0 f   libmng:libmng_object_prc.obj
 0001:0006d3d0       _mng_process_ani_fram      1006e3d0 f   libmng:libmng_object_prc.obj
 0001:0006d480       _mng_create_ani_move       1006e480 f   libmng:libmng_object_prc.obj
 0001:0006d510       _mng_process_ani_move      1006e510 f   libmng:libmng_object_prc.obj
 0001:0006d540       _mng_create_ani_clip       1006e540 f   libmng:libmng_object_prc.obj
 0001:0006d5e0       _mng_process_ani_clip      1006e5e0 f   libmng:libmng_object_prc.obj
 0001:0006d620       _mng_create_ani_show       1006e620 f   libmng:libmng_object_prc.obj
 0001:0006d680       _mng_process_ani_show      1006e680 f   libmng:libmng_object_prc.obj
 0001:0006d6c0       _mng_create_ani_term       1006e6c0 f   libmng:libmng_object_prc.obj
 0001:0006d720       _mng_create_ani_save       1006e720 f   libmng:libmng_object_prc.obj
 0001:0006d770       _mng_free_ani_ijng         1006e770 f   libmng:libmng_object_prc.obj
 0001:0006d770       _mng_free_ani_save         1006e770 f   libmng:libmng_object_prc.obj
 0001:0006d770       _mng_free_ani_ipng         1006e770 f   libmng:libmng_object_prc.obj
 0001:0006d790       _mng_process_ani_save      1006e790 f   libmng:libmng_object_prc.obj
 0001:0006d7a0       _mng_create_ani_seek       1006e7a0 f   libmng:libmng_object_prc.obj
 0001:0006d820       _mng_free_ani_seek         1006e820 f   libmng:libmng_object_prc.obj
 0001:0006d860       _mng_process_ani_seek      1006e860 f   libmng:libmng_object_prc.obj
 0001:0006d950       _mng_create_ani_dhdr       1006e950 f   libmng:libmng_object_prc.obj
 0001:0006d9f0       _mng_process_ani_dhdr      1006e9f0 f   libmng:libmng_object_prc.obj
 0001:0006da30       _mng_create_ani_prom       1006ea30 f   libmng:libmng_object_prc.obj
 0001:0006daa0       _mng_process_ani_prom      1006eaa0 f   libmng:libmng_object_prc.obj
 0001:0006dac0       _mng_create_ani_ipng       1006eac0 f   libmng:libmng_object_prc.obj
 0001:0006db10       _mng_process_ani_ipng      1006eb10 f   libmng:libmng_object_prc.obj
 0001:0006db30       _mng_create_ani_ijng       1006eb30 f   libmng:libmng_object_prc.obj
 0001:0006db80       _mng_process_ani_ijng      1006eb80 f   libmng:libmng_object_prc.obj
 0001:0006dba0       _mng_create_ani_pplt       1006eba0 f   libmng:libmng_object_prc.obj
 0001:0006dc50       _mng_free_ani_pplt         1006ec50 f   libmng:libmng_object_prc.obj
 0001:0006dc80       _mng_process_ani_pplt      1006ec80 f   libmng:libmng_object_prc.obj
 0001:0006dcb0       _mng_create_ani_magn       1006ecb0 f   libmng:libmng_object_prc.obj
 0001:0006dd90       _mng_process_ani_magn      1006ed90 f   libmng:libmng_object_prc.obj
 0001:0006dde0       _mng_create_ani_past       1006ede0 f   libmng:libmng_object_prc.obj
 0001:0006deb0       _mng_free_ani_past         1006eeb0 f   libmng:libmng_object_prc.obj
 0001:0006df00       _mng_process_ani_past      1006ef00 f   libmng:libmng_object_prc.obj
 0001:0006df30       _mng_create_ani_disc       1006ef30 f   libmng:libmng_object_prc.obj
 0001:0006dfd0       _mng_free_ani_disc         1006efd0 f   libmng:libmng_object_prc.obj
 0001:0006e010       _mng_process_ani_disc      1006f010 f   libmng:libmng_object_prc.obj
 0001:0006e030       _mng_create_event          1006f030 f   libmng:libmng_object_prc.obj
 0001:0006e110       _mng_free_event            1006f110 f   libmng:libmng_object_prc.obj
 0001:0006e150       _mng_process_event         1006f150 f   libmng:libmng_object_prc.obj
 0001:0006e240       _mng_display_progressive_check 1006f240 f   libmng:libmng_pixels.obj
 0001:0006e320       _mng_display_rgb8          1006f320 f   libmng:libmng_pixels.obj
 0001:0006e6e0       _mng_display_rgba8         1006f6e0 f   libmng:libmng_pixels.obj
 0001:0006ecb0       _mng_display_rgba8_pm      1006fcb0 f   libmng:libmng_pixels.obj
 0001:0006f0b0       _mng_display_argb8         100700b0 f   libmng:libmng_pixels.obj
 0001:0006f5f0       _mng_display_argb8_pm      100705f0 f   libmng:libmng_pixels.obj
 0001:0006fa00       _mng_display_rgb8_a8       10070a00 f   libmng:libmng_pixels.obj
 0001:00070040       _mng_display_bgr8          10071040 f   libmng:libmng_pixels.obj
 0001:00070400       _mng_display_bgrx8         10071400 f   libmng:libmng_pixels.obj
 0001:000707d0       _mng_display_bgra8         100717d0 f   libmng:libmng_pixels.obj
 0001:00070da0       _mng_display_bgra8_pm      10071da0 f   libmng:libmng_pixels.obj
 0001:000711a0       _mng_display_abgr8         100721a0 f   libmng:libmng_pixels.obj
 0001:00071770       _mng_display_abgr8_pm      10072770 f   libmng:libmng_pixels.obj
 0001:00071b80       _mng_display_bgr565        10072b80 f   libmng:libmng_pixels.obj
 0001:00072000       _mng_display_rgb565        10073000 f   libmng:libmng_pixels.obj
 0001:00072470       _mng_display_bgra565       10073470 f   libmng:libmng_pixels.obj
 0001:00072b90       _mng_display_rgba565       10073b90 f   libmng:libmng_pixels.obj
 0001:000732b0       _mng_display_bgr565_a8     100742b0 f   libmng:libmng_pixels.obj
 0001:00073a30       _mng_display_rgb555        10074a30 f   libmng:libmng_pixels.obj
 0001:00073ea0       _mng_display_bgr555        10074ea0 f   libmng:libmng_pixels.obj
 0001:00074310       _mng_restore_bkgd_backimage 10075310 f   libmng:libmng_pixels.obj
 0001:00074450       _mng_restore_bkgd_backcolor 10075450 f   libmng:libmng_pixels.obj
 0001:000744a0       _mng_restore_bkgd_bkgd     100754a0 f   libmng:libmng_pixels.obj
 0001:000745c0       _mng_restore_bkgd_bgcolor  100755c0 f   libmng:libmng_pixels.obj
 0001:00074600       _mng_restore_bkgd_rgb8     10075600 f   libmng:libmng_pixels.obj
 0001:00074680       _mng_restore_bkgd_bgr8     10075680 f   libmng:libmng_pixels.obj
 0001:00074700       _mng_restore_bkgd_bgrx8    10075700 f   libmng:libmng_pixels.obj
 0001:00074780       _mng_restore_bkgd_bgr565   10075780 f   libmng:libmng_pixels.obj
 0001:00074820       _mng_restore_bkgd_rgb565   10075820 f   libmng:libmng_pixels.obj
 0001:000748c0       _mng_retrieve_g8           100758c0 f   libmng:libmng_pixels.obj
 0001:000749d0       _mng_retrieve_g16          100759d0 f   libmng:libmng_pixels.obj
 0001:00074b10       _mng_retrieve_rgb8         10075b10 f   libmng:libmng_pixels.obj
 0001:00074c10       _mng_retrieve_rgb16        10075c10 f   libmng:libmng_pixels.obj
 0001:00074e00       _mng_retrieve_idx8         10075e00 f   libmng:libmng_pixels.obj
 0001:00074fb0       _mng_retrieve_ga8          10075fb0 f   libmng:libmng_pixels.obj
 0001:00075010       _mng_retrieve_ga16         10076010 f   libmng:libmng_pixels.obj
 0001:000750d0       _mng_retrieve_rgba16       100760d0 f   libmng:libmng_pixels.obj
 0001:000750d0       _mng_retrieve_rgba8        100760d0 f   libmng:libmng_pixels.obj
 0001:00075110       _mng_store_idx4            10076110 f   libmng:libmng_pixels.obj
 0001:00075110       _mng_store_g4              10076110 f   libmng:libmng_pixels.obj
 0001:000751b0       _mng_store_g16             100761b0 f   libmng:libmng_pixels.obj
 0001:00075240       _mng_store_rgb8            10076240 f   libmng:libmng_pixels.obj
 0001:000752c0       _mng_store_rgb16           100762c0 f   libmng:libmng_pixels.obj
 0001:00075330       _mng_store_idx1            10076330 f   libmng:libmng_pixels.obj
 0001:00075330       _mng_store_g1              10076330 f   libmng:libmng_pixels.obj
 0001:000753b0       _mng_store_idx2            100763b0 f   libmng:libmng_pixels.obj
 0001:000753b0       _mng_store_g2              100763b0 f   libmng:libmng_pixels.obj
 0001:00075450       _mng_store_idx8            10076450 f   libmng:libmng_pixels.obj
 0001:00075450       _mng_store_g8              10076450 f   libmng:libmng_pixels.obj
 0001:000754b0       _mng_store_ga8             100764b0 f   libmng:libmng_pixels.obj
 0001:00075520       _mng_store_ga16            10076520 f   libmng:libmng_pixels.obj
 0001:00075590       _mng_store_rgba8           10076590 f   libmng:libmng_pixels.obj
 0001:00075610       _mng_store_rgba16          10076610 f   libmng:libmng_pixels.obj
 0001:00075680       _mng_store_jpeg_g8         10076680 f   libmng:libmng_pixels.obj
 0001:000756c0       _mng_store_jpeg_rgb8       100766c0 f   libmng:libmng_pixels.obj
 0001:00075710       _mng_store_jpeg_ga8        10076710 f   libmng:libmng_pixels.obj
 0001:000757e0       _mng_store_jpeg_rgba8      100767e0 f   libmng:libmng_pixels.obj
 0001:000758c0       _mng_store_jpeg_g8_alpha   100768c0 f   libmng:libmng_pixels.obj
 0001:00075930       _mng_store_jpeg_rgb8_alpha 10076930 f   libmng:libmng_pixels.obj
 0001:000759a0       _mng_store_jpeg_g8_a1      100769a0 f   libmng:libmng_pixels.obj
 0001:00075a40       _mng_store_jpeg_g8_a2      10076a40 f   libmng:libmng_pixels.obj
 0001:00075b20       _mng_store_jpeg_g8_a4      10076b20 f   libmng:libmng_pixels.obj
 0001:00075bf0       _mng_store_jpeg_g8_a8      10076bf0 f   libmng:libmng_pixels.obj
 0001:00075c70       _mng_store_jpeg_g8_a16     10076c70 f   libmng:libmng_pixels.obj
 0001:00075d00       _mng_store_jpeg_rgb8_a1    10076d00 f   libmng:libmng_pixels.obj
 0001:00075da0       _mng_store_jpeg_rgb8_a2    10076da0 f   libmng:libmng_pixels.obj
 0001:00075e80       _mng_store_jpeg_rgb8_a4    10076e80 f   libmng:libmng_pixels.obj
 0001:00075f50       _mng_store_jpeg_rgb8_a8    10076f50 f   libmng:libmng_pixels.obj
 0001:00075fd0       _mng_store_jpeg_rgb8_a16   10076fd0 f   libmng:libmng_pixels.obj
 0001:00076060       _mng_delta_g1              10077060 f   libmng:libmng_pixels.obj
 0001:00076160       _mng_delta_g2              10077160 f   libmng:libmng_pixels.obj
 0001:000762e0       _mng_delta_g4              100772e0 f   libmng:libmng_pixels.obj
 0001:00076420       _mng_delta_idx8            10077420 f   libmng:libmng_pixels.obj
 0001:00076420       _mng_delta_g8              10077420 f   libmng:libmng_pixels.obj
 0001:00076520       _mng_delta_g16             10077520 f   libmng:libmng_pixels.obj
 0001:00076620       _mng_delta_rgb8            10077620 f   libmng:libmng_pixels.obj
 0001:00076710       _mng_delta_rgb16           10077710 f   libmng:libmng_pixels.obj
 0001:00076900       _mng_delta_idx1            10077900 f   libmng:libmng_pixels.obj
 0001:000769f0       _mng_delta_idx2            100779f0 f   libmng:libmng_pixels.obj
 0001:00076b30       _mng_delta_idx4            10077b30 f   libmng:libmng_pixels.obj
 0001:00076c70       _mng_delta_ga8             10077c70 f   libmng:libmng_pixels.obj
 0001:00076da0       _mng_delta_ga16            10077da0 f   libmng:libmng_pixels.obj
 0001:00076f20       _mng_delta_rgba8           10077f20 f   libmng:libmng_pixels.obj
 0001:00077020       _mng_delta_rgba16          10078020 f   libmng:libmng_pixels.obj
 0001:00077220       _mng_delta_g1_g1           10078220 f   libmng:libmng_pixels.obj
 0001:000772b0       _mng_delta_g2_g2           100782b0 f   libmng:libmng_pixels.obj
 0001:00077340       _mng_delta_g4_g4           10078340 f   libmng:libmng_pixels.obj
 0001:000773d0       _mng_delta_g8_g8           100783d0 f   libmng:libmng_pixels.obj
[...]
 0001:000ee2c0       _consume_markers           100ef2c0 f    CIL library: CIL module
 0001:000ee3c0       _reset_input_controller    100ef3c0 f    CIL library: CIL module
 0001:000ee410       _alloc_small               100ef410 f    CIL library: CIL module
 0001:000ee560       _alloc_large               100ef560 f    CIL library: CIL module
 0001:000ee620       _alloc_sarray              100ef620 f    CIL library: CIL module
 0001:000ee6d0       _alloc_barray              100ef6d0 f    CIL library: CIL module
 0001:000ee780       _request_virt_sarray       100ef780 f    CIL library: CIL module
 0001:000ee7f0       _request_virt_barray       100ef7f0 f    CIL library: CIL module
 0001:000ee860       _realize_virt_arrays       100ef860 f    CIL library: CIL module
 0001:000ee9e0       _do_sarray_io              100ef9e0 f    CIL library: CIL module
 0001:000eea80       _do_barray_io              100efa80 f    CIL library: CIL module
 0001:000eeb20       _access_virt_sarray        100efb20 f    CIL library: CIL module
 0001:000eec70       _access_virt_barray        100efc70 f    CIL library: CIL module
 0001:000eedc0       _free_pool                 100efdc0 f    CIL library: CIL module
 0001:000eeed0       _self_destruct             100efed0 f    CIL library: CIL module
 0001:000ef120       _emit_marker               100f0120 f    CIL library: CIL module
 0001:000ef190       _emit_2bytes               100f0190 f    CIL library: CIL module
 0001:000ef1f0       _emit_dqt                  100f01f0 f    CIL library: CIL module
 0001:000ef420       _emit_dht                  100f0420 f    CIL library: CIL module
 0001:000ef5f0       _emit_dac                  100f05f0 f    CIL library: CIL module
 0001:000ef850       _emit_lse_ict              100f0850 f    CIL library: CIL module
 0001:000efa50       _emit_sof                  100f0a50 f    CIL library: CIL module
 0001:000efbc0       _emit_sos                  100f0bc0 f    CIL library: CIL module
 0001:000efd90       _emit_pseudo_sos           100f0d90 f    CIL library: CIL module
 0001:000efe70       _emit_jfif_app0            100f0e70 f    CIL library: CIL module
 0001:000f0080       _emit_adobe_app14          100f1080 f    CIL library: CIL module
 0001:000f01f0       _write_marker_header       100f11f0 f    CIL library: CIL module
 0001:000f0230       _write_marker_byte         100f1230 f    CIL library: CIL module
 0001:000f0270       _write_file_header         100f1270 f    CIL library: CIL module
 0001:000f02c0       _write_frame_header        100f12c0 f    CIL library: CIL module
 0001:000f03e0       _write_scan_header         100f13e0 f    CIL library: CIL module
 0001:000f04c0       _write_file_trailer        100f14c0 f    CIL library: CIL module
 0001:000f04e0       _write_tables_only         100f14e0 f    CIL library: CIL module
 0001:000f06e0       _jpeg_make_d_derived_tbl   100f16e0 f    CIL library: CIL module
 0001:000f0a30       _jpeg_fill_bit_buffer      100f1a30 f    CIL library: CIL module
 0001:000f0b40       _jpeg_huff_decode          100f1b40 f    CIL library: CIL module
 0001:000f0c10       _finish_pass_huff          100f1c10 f    CIL library: CIL module
 0001:000f0c40       _process_restart           100f1c40 f    CIL library: CIL module
 0001:000f0cc0       _decode_mcu_DC_first       100f1cc0 f    CIL library: CIL module
 0001:000f0ef0       _decode_mcu_AC_first       100f1ef0 f    CIL library: CIL module
 0001:000f1110       _decode_mcu_DC_refine      100f2110 f    CIL library: CIL module
 0001:000f11f0       _decode_mcu_AC_refine      100f21f0 f    CIL library: CIL module
 0001:000f16d0       _decode_mcu_sub            100f26d0 f    CIL library: CIL module
 0001:000f1b20       _decode_mcu                100f2b20 f    CIL library: CIL module
 0001:000f1f50       _start_pass_huff_decoder   100f2f50 f    CIL library: CIL module
 0001:000f25a0       _select_ncolors            100f35a0 f    CIL library: CIL module
 0001:000f2680       _create_colormap           100f3680 f    CIL library: CIL module
 0001:000f27e0       _create_colorindex         100f37e0 f    CIL library: CIL module
 0001:000f2930       _create_odither_tables     100f3930 f    CIL library: CIL module
 0001:000f2a20       _color_quantize            100f3a20 f    CIL library: CIL module
 0001:000f2ac0       _color_quantize3           100f3ac0 f    CIL library: CIL module
 0001:000f2b60       _quantize_ord_dither       100f3b60 f    CIL library: CIL module
 0001:000f2c40       _quantize3_ord_dither      100f3c40 f    CIL library: CIL module
 0001:000f2d40       _quantize_fs_dither        100f3d40 f    CIL library: CIL module
 0001:000f2ec0       _alloc_fs_workspace        100f3ec0 f    CIL library: CIL module
 0001:000f2f10       _start_pass_1_quant        100f3f10 f    CIL library: CIL module
 0001:000f3000       _new_color_map_1_quant     100f4000 f    CIL library: CIL module
 0001:000f3100       _start_pass                100f4100 f    CIL library: CIL module
 0001:000f36c0       _start_pass_upsample       100f46c0 f    CIL library: CIL module
 0001:000f36e0       _sep_upsample              100f46e0 f    CIL library: CIL module
 0001:000f37b0       _fullsize_upsample         100f47b0 f    CIL library: CIL module
 0001:000f37c0       _noop_upsample             100f47c0 f    CIL library: CIL module
 0001:000f37d0       _int_upsample              100f47d0 f    CIL library: CIL module
 0001:000f38d0       _h2v1_upsample             100f48d0 f    CIL library: CIL module
 0001:000f3930       _h2v2_upsample             100f4930 f    CIL library: CIL module
 0001:000f3b50       _arith_decode              100f4b50 f    CIL library: CIL module
 0001:000f3cf0       _process_restart           100f4cf0 f    CIL library: CIL module
 0001:000f3e10       _decode_mcu_DC_first       100f4e10 f    CIL library: CIL module
 0001:000f4010       _decode_mcu_AC_first       100f5010 f    CIL library: CIL module
 0001:000f4230       _decode_mcu_DC_refine      100f5230 f    CIL library: CIL module
 0001:000f42b0       _decode_mcu_AC_refine      100f52b0 f    CIL library: CIL module
 0001:000f4450       _decode_mcu                100f5450 f    CIL library: CIL module
 0001:000f4830       _start_pass                100f5830 f    CIL library: CIL module
 0001:000f4c30       _build_ycc_rgb_table       100f5c30 f    CIL library: CIL module
 0001:000f4d10       _build_bg_ycc_rgb_table    100f5d10 f    CIL library: CIL module
 0001:000f4e30       _ycc_rgb_convert           100f5e30 f    CIL library: CIL module
 0001:000f4f50       _build_rgb_y_table         100f5f50 f    CIL library: CIL module
 0001:000f4fb0       _rgb_gray_convert          100f5fb0 f    CIL library: CIL module
 0001:000f5060       _rgb1_rgb_convert          100f6060 f    CIL library: CIL module
 0001:000f5100       _rgb1_gray_convert         100f6100 f    CIL library: CIL module
 0001:000f51e0       _rgb_convert               100f61e0 f    CIL library: CIL module
 0001:000f5260       _null_convert              100f6260 f    CIL library: CIL module
 0001:000f52e0       _grayscale_convert         100f62e0 f    CIL library: CIL module
 0001:000f5330       _gray_rgb_convert          100f6330 f    CIL library: CIL module
 0001:000f5390       _ycck_cmyk_convert         100f6390 f    CIL library: CIL module
 0001:000f5770       _start_input_pass          100f6770 f    CIL library: CIL module
 0001:000f57d0       _start_output_pass         100f67d0 f    CIL library: CIL module
 0001:000f5820       _decompress_onepass        100f6820 f    CIL library: CIL module
 0001:000f5a70       _consume_data              100f6a70 f    CIL library: CIL module
 0001:000f5c80       _decompress_data           100f6c80 f    CIL library: CIL module
 0001:000f5e00       _smoothing_ok              100f6e00 f    CIL library: CIL module
 0001:000f5f60       _decompress_smooth_data    100f6f60 f    CIL library: CIL module
 0001:000f67d0       _prescan_quantize          100f77d0 f    CIL library: CIL module
 0001:000f6840       _update_box                100f7840 f    CIL library: CIL module
 0001:000f6bb0       _median_cut                100f7bb0 f    CIL library: CIL module
 0001:000f6d20       _compute_color             100f7d20 f    CIL library: CIL module
 0001:000f6e70       _select_colors             100f7e70 f    CIL library: CIL module
 0001:000f6f00       _find_nearby_colors        100f7f00 f    CIL library: CIL module
 0001:000f7100       _find_best_colors          100f8100 f    CIL library: CIL module
 0001:000f73c0       _fill_inverse_cmap         100f83c0 f    CIL library: CIL module
 0001:000f75b0       _pass2_no_dither           100f85b0 f    CIL library: CIL module
 0001:000f7890       _pass2_fs_dither           100f8890 f    CIL library: CIL module
 0001:000f7b10       _init_error_limit          100f8b10 f    CIL library: CIL module
 0001:000f7bb0       _finish_pass1              100f8bb0 f    CIL library: CIL module
 0001:000f7be0       _start_pass_2_quant        100f8be0 f    CIL library: CIL module
 0001:000f7d00       _new_color_map_2_quant     100f8d00 f    CIL library: CIL module
 0001:000f7e60       _build_ycc_rgb_table       100f8e60 f    CIL library: CIL module
 0001:000f7f30       _start_pass_merged_upsample 100f8f30 f    CIL library: CIL module
 0001:000f7f50       _merged_2v_upsample        100f8f50 f    CIL library: CIL module
 0001:000f8010       _merged_1v_upsample        100f9010 f    CIL library: CIL module
 0001:000f8050       _h2v1_merged_upsample      100f9050 f    CIL library: CIL module
 0001:000f81a0       _h2v2_merged_upsample      100f91a0 f    CIL library: CIL module
 0001:000f8400       _alloc_funny_pointers      100f9400 f    CIL library: CIL module
 0001:000f84b0       _make_funny_pointers       100f94b0 f    CIL library: CIL module
 0001:000f85e0       _set_wraparound_pointers   100f95e0 f    CIL library: CIL module
 0001:000f86c0       _set_bottom_pointers       100f96c0 f    CIL library: CIL module
 0001:000f8770       _start_pass_main           100f9770 f    CIL library: CIL module
 0001:000f87f0       _process_data_simple_main  100f97f0 f    CIL library: CIL module
 0001:000f8870       _process_data_context_main 100f9870 f    CIL library: CIL module
 0001:000f89a0       _process_data_crank_post   100f99a0 f    CIL library: CIL module
 0001:000f8ab0       _start_pass_dpost          100f9ab0 f    CIL library: CIL module
 0001:000f8bc0       _post_process_1pass        100f9bc0 f    CIL library: CIL module
 0001:000f8c40       _post_process_prepass      100f9c40 f    CIL library: CIL module
 0001:000f8cf0       _post_process_2pass        100f9cf0 f    CIL library: CIL module
 0001:000f8e30       _rgb_ycc_start             100f9e30 f    CIL library: CIL module
 0001:000f8f00       _rgb_ycc_convert           100f9f00 f    CIL library: CIL module
 0001:000f9010       _rgb_gray_convert          100fa010 f    CIL library: CIL module
 0001:000f90a0       _cmyk_ycck_convert         100fa0a0 f    CIL library: CIL module
 0001:000f91f0       _rgb_rgb1_convert          100fa1f0 f    CIL library: CIL module
 0001:000f9290       _grayscale_convert         100fa290 f    CIL library: CIL module
 0001:000f92f0       _rgb_convert               100fa2f0 f    CIL library: CIL module
 0001:000f9380       _null_convert              100fa380 f    CIL library: CIL module
 0001:000f9710       _emit_byte                 100fa710 f    CIL library: CIL module
 0001:000f9750       _finish_pass               100fa750 f    CIL library: CIL module
 0001:000f9a50       _arith_encode              100faa50 f    CIL library: CIL module
 0001:000f9d10       _emit_restart              100fad10 f    CIL library: CIL module
 0001:000f9e50       _encode_mcu_DC_first       100fae50 f    CIL library: CIL module
 0001:000fa040       _encode_mcu_AC_first       100fb040 f    CIL library: CIL module
 0001:000fa260       _encode_mcu_DC_refine      100fb260 f    CIL library: CIL module
 0001:000fa2f0       _encode_mcu_AC_refine      100fb2f0 f    CIL library: CIL module
 0001:000fa4c0       _encode_mcu                100fb4c0 f    CIL library: CIL module
 0001:000fa860       _start_pass                100fb860 f    CIL library: CIL module
 0001:000faa90       _start_pass_main           100fba90 f    CIL library: CIL module
 0001:000faae0       _process_data_simple_main  100fbae0 f    CIL library: CIL module
 0001:000fb160       _initial_setup             100fc160 f    CIL library: CIL module
 0001:000fb520       _validate_script           100fc520 f    CIL library: CIL module
 0001:000fb960       _reduce_script             100fc960 f    CIL library: CIL module
 0001:000fb9d0       _select_scan_parameters    100fc9d0 f    CIL library: CIL module
 0001:000fbad0       _per_scan_setup            100fcad0 f    CIL library: CIL module
 0001:000fbc90       _prepare_for_pass          100fcc90 f    CIL library: CIL module
 0001:000fbe30       _pass_startup              100fce30 f    CIL library: CIL module
 0001:000fbe60       _finish_pass_master        100fce60 f    CIL library: CIL module
 0001:000fbfa0       _start_pass_coef           100fcfa0 f    CIL library: CIL module
 0001:000fc090       _compress_data             100fd090 f    CIL library: CIL module
 0001:000fc320       _compress_first_pass       100fd320 f    CIL library: CIL module
 0001:000fc520       _compress_output           100fd520 f    CIL library: CIL module
 0001:000fc820       _start_pass_prep           100fd820 f    CIL library: CIL module
 0001:000fc870       _pre_process_data          100fd870 f    CIL library: CIL module
 0001:000fca50       _pre_process_context       100fda50 f    CIL library: CIL module
 0001:000fcc30       _create_context_buffer     100fdc30 f    CIL library: CIL module
 0001:000fcdf0       _forward_DCT               100fddf0 f    CIL library: CIL module
 0001:000fcfc0       _forward_DCT_float         100fdfc0 f    CIL library: CIL module
 0001:000fd0a0       _start_pass_fdctmgr        100fe0a0 f    CIL library: CIL module
 0001:000fd820       _sep_downsample            100fe820 f    CIL library: CIL module
 0001:000fd8b0       _int_downsample            100fe8b0 f    CIL library: CIL module
 0001:000fda40       _fullsize_downsample       100fea40 f    CIL library: CIL module
 0001:000fdad0       _h2v1_downsample           100fead0 f    CIL library: CIL module
 0001:000fdba0       _h2v2_downsample           100feba0 f    CIL library: CIL module
 0001:000fdc90       _h2v2_smooth_downsample    100fec90 f    CIL library: CIL module
 0001:000fdf40       _fullsize_smooth_downsample 100fef40 f    CIL library: CIL module
 0001:000fe290       _jpeg_make_c_derived_tbl   100ff290 f    CIL library: CIL module
 0001:000fe500       _emit_bits_s               100ff500 f    CIL library: CIL module
 0001:000fe5f0       _emit_bits_e               100ff5f0 f    CIL library: CIL module
 0001:000fe730       _emit_buffered_bits        100ff730 f    CIL library: CIL module
 0001:000fe870       _emit_eobrun               100ff870 f    CIL library: CIL module
 0001:000fe920       _emit_restart_s            100ff920 f    CIL library: CIL module
 0001:000fe9e0       _emit_restart_e            100ff9e0 f    CIL library: CIL module
 0001:000feae0       _encode_mcu_DC_first       100ffae0 f    CIL library: CIL module
 0001:000fec40       _encode_mcu_AC_first       100ffc40 f    CIL library: CIL module
 0001:000fee40       _encode_mcu_DC_refine      100ffe40 f    CIL library: CIL module
 0001:000fef00       _encode_mcu_AC_refine      100fff00 f    CIL library: CIL module
 0001:000ff220       _encode_one_block          10100220 f    CIL library: CIL module
 0001:000ff3d0       _encode_mcu_huff           101003d0 f    CIL library: CIL module
 0001:000ff550       _finish_pass_huff          10100550 f    CIL library: CIL module
 0001:000ff660       _encode_mcu_gather         10100660 f    CIL library: CIL module
 0001:000ff830       _jpeg_gen_optimal_table    10100830 f    CIL library: CIL module
 0001:000ffaa0       _finish_pass_gather        10100aa0 f    CIL library: CIL module
 0001:000ffbd0       _start_pass_huff           10100bd0 f    CIL library: CIL module
 0001:00116719       ?_store_str@@YAXPADPAPADPAI@Z 10117719 f   libcmt:strftime.obj
 0001:00116739       ?_store_num@@YAXHHPAPADPAII@Z 10117739 f   libcmt:strftime.obj
 0001:001167b4       ?_expandtime@@YAHPAUlocaleinfo_struct@@DPBUtm@@PAPADPAIPAU__lc_time_data@@I@Z 101177b4 f   libcmt:strftime.obj
 0001:00116b6c       ?_store_winword@@YAHPAUlocaleinfo_struct@@HPBUtm@@PAPADPAIPAU__lc_time_data@@@Z 10117b6c f   libcmt:strftime.obj
 0001:00117171       __tzset_nolock             10118171 f   libcmt:tzset.obj
 0001:00117484       _cvtdate                   10118484 f   libcmt:tzset.obj
 0001:0011767b       __isindst_nolock           1011867b f   libcmt:tzset.obj
 0001:00117c1a       ?strtoxl@@YAKPAUlocaleinfo_struct@@PBDPAPBDHH@Z 10118c1a f   libcmt:strtol.obj
 0001:00118000       ___DllMainCRTStartup       10119000 f   libcmt:dllcrt0.obj
 0001:0011841f       _doexit                    1011941f f   libcmt:crt0dat.obj
 0001:0011915f       _write_char                1011a15f f   libcmt:output.obj
 0001:00119192       _write_string              1011a192 f   libcmt:output.obj
 0001:0011a280       __unwind_handler4          1011b280 f   libcmt:exsup4.obj
 0001:0011b48b       _flsall                    1011c48b f   libcmt:fflush.obj
 0001:0011bc0b       ?CPtoLCID@@YAHH@Z          1011cc0b f   libcmt:mbctype.obj
 0001:0011bc3a       ?setSBCS@@YAXPAUthreadmbcinfostruct@@@Z 1011cc3a f   libcmt:mbctype.obj
 0001:0011bc9e       ?setSBUpLow@@YAXPAUthreadmbcinfostruct@@@Z 1011cc9e f   libcmt:mbctype.obj
 0001:0011bed2       ?getSystemCP@@YAHH@Z       1011ced2 f   libcmt:mbctype.obj
 0001:0011d8c0       __unwind_handler           1011e8c0 f   libcmt:exsup.obj
 0001:0011e814       _parse_cmdline             1011f814 f   libcmt:stdargv.obj
 0001:0011edc1       _siglookup                 1011fdc1 f   libcmt:winsig.obj
 0001:0011efc6       __onexit_nolock            1011ffc6 f   libcmt:onexit.obj
 0001:0011fab5       __tsopen_nolock            10120ab5 f   libcmt:wopen.obj
 0001:00120ce4       ?__crtLCMapStringA_stat@@YAHPAUlocaleinfo_struct@@KKPBDHPADHHH@Z 10121ce4 f   libcmt:a_map.obj
 0001:00120f11       ?__crtGetStringTypeA_stat@@YAHPAUlocaleinfo_struct@@KPBDHPAGHHH@Z 10121f11 f   libcmt:a_str.obj
 0001:00121791       __shift                    10122791 f   libcmt:cvt.obj
 0001:001217d6       __cftoe2_l                 101227d6 f   libcmt:cvt.obj
 0001:00121d94       __cftof2_l                 10122d94 f   libcmt:cvt.obj
 0001:001224e5       ?x_ismbbtype_l@@YAHPAUlocaleinfo_struct@@IHH@Z 101234e5 f   libcmt:ismbbyte.obj
 0001:00122893       _xtoa_s@20                 10123893 f   libcmt:xtoas.obj
 0001:001231ce       ?__crtCompareStringA_stat@@YAHPAUlocaleinfo_struct@@KKPBDH1HH@Z 101241ce f   libcmt:a_cmp.obj
 0001:00123568       _findenv                   10124568 f   libcmt:setenv.obj
 0001:001235ba       _copy_environ              101245ba f   libcmt:setenv.obj
 0001:001252d2       __hw_cw                    101262d2 f   libcmt:_ieee87_.obj
 0001:00125360       ___hw_cw_sse2              10126360 f   libcmt:_ieee87_.obj
 0001:00125a94       _init_namebuf              10126a94 f   libcmt:tmpfile.obj
 0001:00125b3e       _genfname                  10126b3e f   libcmt:tmpfile.obj
 0001:0012612b       _vscan_fn                  1012712b f   libcmt:sscanf.obj
 0001:00126280       _shortsort                 10127280 f   libcmt:qsort.obj
 0001:00126b76       ___check_float_string      10127b76 f   libcmt:input.obj
 0001:00126bcd       __hextodec                 10127bcd f   libcmt:input.obj
 0001:00126bed       __inc                      10127bed f   libcmt:input.obj
 0001:00126c03       __whiteout                 10127c03 f   libcmt:input.obj
 0001:00127e20       __tsopen_nolock            10128e20 f   libcmt:open.obj
