 ILU

 Timestamp is 53738cd9 (Wed May 14 17:33:45 2014)

 Preferred load address is 0000000180000000

 Start         Length     Name                   Class
 0001:00000000 0000b746H .text                   CODE
 0001:0000b750 00000092H .text$x                 CODE
 0002:00000000 00000250H .idata$5                DATA
 0002:00000250 00000008H .CRT$XCA                DATA
 0002:00000258 00000008H .CRT$XCZ                DATA
 0002:00000260 00000008H .CRT$XIA                DATA
 0002:00000268 00000008H .CRT$XIAA               DATA
 0002:00000270 00000008H .CRT$XIZ                DATA
 0002:00000280 000027f4H .rdata                  DATA
 0002:00002a74 00000052H .rdata$debug            DATA
 0002:00002ac8 00000008H .rtc$IAA                DATA
 0002:00002ad0 00000008H .rtc$IZZ                DATA
 0002:00002ad8 00000008H .rtc$TAA                DATA
 0002:00002ae0 00000008H .rtc$TZZ                DATA
 0002:00002ae8 00000c08H .xdata                  DATA
 0002:000036f0 0000003cH .idata$2                DATA
 0002:0000372c 00000014H .idata$3                DATA
 0002:00003740 00000250H .idata$4                DATA
 0002:00003990 0000046aH .idata$6                DATA
 0002:00003e00 000004baH .edata                  DATA
 0003:00000000 000006d0H .data                   DATA
 0003:000006d0 00000758H .bss                    DATA
 0004:00000000 00000804H .pdata                  DATA

  Address         Publics by Value              Rva+Base               Lib:Object

 0000:00000000       ___safe_se_handler_table   0000000000000000     <absolute>
 0000:00000000       ___safe_se_handler_count   0000000000000000     <absolute>
 0000:00000000       __ImageBase                0000000180000000     <linker-defined>
 0001:00000000       iluErrorString             0000000180001000 f   ilu_error.obj
 0001:00000060       iluSetLanguage             0000000180001060 f   ilu_error.obj
 0001:000000d0       iluPixelize                00000001800010d0 f   ilu_filter.obj
 0001:00000cb0       ?Filter@@YAPEAEPEAUILimage@@PEBHHH@Z 0000000180001cb0 f   ilu_filter.obj
 0001:000018d0       iluEdgeDetectP             00000001800028d0 f   ilu_filter.obj
 0001:00001ac0       iluEdgeDetectS             0000000180002ac0 f   ilu_filter.obj
 0001:00001cb0       iluBlurAvg                 0000000180002cb0 f   ilu_filter.obj
 0001:00001de0       iluBlurGaussian            0000000180002de0 f   ilu_filter.obj
 0001:00001f10       iluEmboss                  0000000180002f10 f   ilu_filter.obj
 0001:00002020       iluEdgeDetectE             0000000180003020 f   ilu_filter.obj
 0001:00002130       iluScaleAlpha              0000000180003130 f   ilu_filter.obj
 0001:000022a0       iluScaleColours            00000001800032a0 f   ilu_filter.obj
 0001:00002880       iluGammaCorrect            0000000180003880 f   ilu_filter.obj
 0001:00002bb0       ?iApplyMatrix@@YAXPEAUILimage@@QEAY03M@Z 0000000180003bb0 f   ilu_filter.obj
 0001:00002e70       iluSaturate1f              0000000180003e70 f   ilu_filter.obj
 0001:00002e90       iluSaturate4f              0000000180003e90 f   ilu_filter.obj
 0001:00002fb0       iluAlienify                0000000180003fb0 f   ilu_filter.obj
 0001:000031e0       iluContrast                00000001800041e0 f   ilu_filter.obj
 0001:000032f0       iluSharpen                 00000001800042f0 f   ilu_filter.obj
 0001:00003470       iluConvolution             0000000180004470 f   ilu_filter.obj
 0001:00003560       ?filter@@YANN@Z            0000000180004560 f   ilu_filter_rcg.obj
 0001:000035b0       ?box_filter@@YANN@Z        00000001800045b0 f   ilu_filter_rcg.obj
 0001:000035e0       ?triangle_filter@@YANN@Z   00000001800045e0 f   ilu_filter_rcg.obj
 0001:00003610       ?bell_filter@@YANN@Z       0000000180004610 f   ilu_filter_rcg.obj
 0001:00003670       ?B_spline_filter@@YANN@Z   0000000180004670 f   ilu_filter_rcg.obj
 0001:000036f0       ?Lanczos3_filter@@YANN@Z   00000001800046f0 f   ilu_filter_rcg.obj
 0001:000037e0       ?Mitchell_filter@@YANN@Z   00000001800047e0 f   ilu_filter_rcg.obj
 0001:00003890       ?calc_x_contrib@@YAHPEAUCLIST@@NNHHP6ANN@ZH@Z 0000000180004890 f   ilu_filter_rcg.obj
 0001:00003af0       ?zoom@@YAHPEAUILimage@@0P6ANN@ZN@Z 0000000180004af0 f   ilu_filter_rcg.obj
 0001:000042d0       ?iluScaleAdvanced@@YAIIII@Z 00000001800052d0 f   ilu_filter_rcg.obj
 0001:000044c0       DllMain                    00000001800054c0 f   ilu_main.obj
 0001:000044d0       iluInit                    00000001800054d0 f   ilu_main.obj
 0001:00004500       iluLoadImage               0000000180005500 f   ilu_main.obj
 0001:00004550       ?iluCrop2D@@YAEIIII@Z      0000000180005550 f   ilu_manip.obj
 0001:00004700       ?iluCrop3D@@YAEIIIIII@Z    0000000180005700 f   ilu_manip.obj
 0001:00004950       iluCrop                    0000000180005950 f   ilu_manip.obj
 0001:00004990       iluEnlargeCanvas           0000000180005990 f   ilu_manip.obj
 0001:00004c10       iluFlipImage               0000000180005c10 f   ilu_manip.obj
 0001:00004c50       iluMirror                  0000000180005c50 f   ilu_manip.obj
 0001:00004c60       iluInvertAlpha             0000000180005c60 f   ilu_manip.obj
 0001:00004f30       iluNegative                0000000180005f30 f   ilu_manip.obj
 0001:00005180       iluWave                    0000000180006180 f   ilu_manip.obj
 0001:00005400       iluSwapColours             0000000180006400 f   ilu_manip.obj
 0001:00005580       iluColoursUsed             0000000180006580 f   ilu_manip.obj
 0001:00005890       iluCompareImage            0000000180006890 f   ilu_manip.obj
 0001:00005a00       iluReplaceColour           0000000180006a00 f   ilu_manip.obj
 0001:00005ce0       iluEqualize                0000000180006ce0 f   ilu_manip.obj
 0001:00006020       ?iBuildMipmaps@@YAEPEAUILimage@@III@Z 0000000180007020 f   ilu_mipmap.obj
 0001:00006090       iluBuildMipmaps            0000000180007090 f   ilu_mipmap.obj
 0001:00006160       iluNoisify                 0000000180007160 f   ilu_noise.obj
 0001:00006450       iluRegionfv                0000000180007450 f   ilu_region.obj
 0001:00006520       iluRegioniv                0000000180007520 f   ilu_region.obj
 0001:000065f0       ?BuildEdgeList@@YAXIPEAUILpointi@@PEAPEAUEdge@@@Z 00000001800075f0 f   ilu_region.obj
 0001:00006820       ?iScanFill@@YAPEAEXZ       0000000180007820 f   ilu_region.obj
 0001:00006bf0       iluRotate                  0000000180007bf0 f   ilu_rotate.obj
 0001:00006d80       iluRotate3D                0000000180007d80 f   ilu_rotate.obj
 0001:00006da0       iluRotate_                 0000000180007da0 f   ilu_rotate.obj
 0001:00007cb0       iluRotate3D_               0000000180008cb0 f   ilu_rotate.obj
 0001:00007cc0       iluEnlargeImage            0000000180008cc0 f   ilu_scale.obj
 0001:00007d70       iluScale                   0000000180008d70 f   ilu_scale.obj
 0001:00008000       iluScale_                  0000000180009000 f   ilu_scale.obj
 0001:00008170       ?iluScale1D_@@YAPEAUILimage@@PEAU1@0I@Z 0000000180009170 f   ilu_scale.obj
 0001:000087b0       ?iluScale2D_@@YAPEAUILimage@@PEAU1@0II@Z 00000001800097b0 f   ilu_scale2d.obj
 0001:00008850       ?iluScale2DNear_@@YAPEAUILimage@@PEAU1@0II@Z 0000000180009850 f   ilu_scale2d.obj
 0001:00008ca0       ?iluScale2DLinear_@@YAPEAUILimage@@PEAU1@0II@Z 0000000180009ca0 f   ilu_scale2d.obj
 0001:00009430       ?iluScale2DBilinear_@@YAPEAUILimage@@PEAU1@0II@Z 000000018000a430 f   ilu_scale2d.obj
 0001:0000a490       ?iluScale3D_@@YAPEAUILimage@@PEAU1@0III@Z 000000018000b490 f   ilu_scale3d.obj
 0001:0000a540       ?iluScale3DNear_@@YAPEAUILimage@@PEAU1@0III@Z 000000018000b540 f   ilu_scale3d.obj
 0001:0000ab40       iluGetString               000000018000bb40 f   ilu_states.obj
 0001:0000ab80       iluGetIntegerv             000000018000bb80 f   ilu_states.obj
 0001:0000abb0       iluGetInteger              000000018000bbb0 f   ilu_states.obj
 0001:0000abf0       iluImageParameter          000000018000bbf0 f   ilu_states.obj
 0001:0000ac40       iluDeleteImage             000000018000bc40 f   ilu_utilities.obj
 0001:0000ac60       iluGenImage                000000018000bc60 f   ilu_utilities.obj
 0001:0000ac90       iluGetImageInfo            000000018000bc90 f   ilu_utilities.obj
 0001:0000ad80       __security_check_cookie    000000018000bd80 f   msvcrt:amdsecgs.obj
 0001:0000ae00       _CRT_INIT                  000000018000be00 f   msvcrt:crtdll.obj
 0001:0000b198       _DllMainCRTStartup         000000018000c198 f   msvcrt:crtdll.obj
 0001:0000b1d8       __report_gsfailure         000000018000c1d8 f   msvcrt:gs_report.obj
 0001:0000b324       __clean_type_info_names    000000018000c324 f   msvcrt:tncleanup.obj
 0001:0000b330       _onexit                    000000018000c330 f   msvcrt:atonexit.obj
 0001:0000b3e0       atexit                     000000018000c3e0 f   msvcrt:atonexit.obj
 0001:0000b3f8       _RTC_Initialize            000000018000c3f8 f   msvcrt:_initsect_.obj
 0001:0000b430       _RTC_Terminate             000000018000c430 f   msvcrt:_initsect_.obj
 0001:0000b470       _ValidateImageBase         000000018000c470 f   msvcrt:pesect.obj
 0001:0000b4a0       _FindPESection             000000018000c4a0 f   msvcrt:pesect.obj
 0001:0000b4f0       _IsNonwritableInCurrentImage 000000018000c4f0 f   msvcrt:pesect.obj
 0001:0000b532       _initterm                  000000018000c532 f   msvcrt:MSVCR100.dll
 0001:0000b538       _initterm_e                000000018000c538 f   msvcrt:MSVCR100.dll
 0001:0000b53e       _amsg_exit                 000000018000c53e f   msvcrt:MSVCR100.dll
 0001:0000b544       __C_specific_handler       000000018000c544 f   msvcrt:MSVCR100.dll
 0001:0000b54a       __CppXcptFilter            000000018000c54a f   msvcrt:MSVCR100.dll
 0001:0000b550       __security_init_cookie     000000018000c550 f   msvcrt:gs_support.obj
 0001:0000b604       __crt_debugger_hook        000000018000c604 f   msvcrt:MSVCR100.dll
 0001:0000b60a       __clean_type_info_names_internal 000000018000c60a f   msvcrt:MSVCR100.dll
 0001:0000b610       _unlock                    000000018000c610 f   msvcrt:MSVCR100.dll
 0001:0000b616       __dllonexit                000000018000c616 f   msvcrt:MSVCR100.dll
 0001:0000b61c       _lock                      000000018000c61c f   msvcrt:MSVCR100.dll
 0001:0000b622       RtlVirtualUnwind           000000018000c622 f   kernel32:KERNEL32.dll
 0001:0000b628       RtlLookupFunctionEntry     000000018000c628 f   kernel32:KERNEL32.dll
 0001:0000b62e       cos                        000000018000c62e f   msvcrt:MSVCR100.dll
 0001:0000b634       fmod                       000000018000c634 f   msvcrt:MSVCR100.dll
 0001:0000b63a       sin                        000000018000c63a f   msvcrt:MSVCR100.dll
 0001:0000b640       memcpy                     000000018000c640 f   msvcrt:MSVCR100.dll
 0001:0000b648       __GSHandlerCheckCommon     000000018000c648 f   msvcrt:gshandler.obj
 0001:0000b6ac       __GSHandlerCheck           000000018000c6ac f   msvcrt:gshandler.obj
 0001:0000b6ca       memset                     000000018000c6ca f   msvcrt:MSVCR100.dll
 0001:0000b6e0       _alloca_probe              000000018000c6e0     msvcrt:chkstk.obj
 0001:0000b6e0       __chkstk                   000000018000c6e0 f   msvcrt:chkstk.obj
 0001:0000b72e       pow                        000000018000c72e f   msvcrt:MSVCR100.dll
 0001:0000b734       sqrtf                      000000018000c734 f   msvcrt:MSVCR100.dll
 0001:0000b73a       floor                      000000018000c73a f   msvcrt:MSVCR100.dll
 0001:0000b740       ceil                       000000018000c740 f   msvcrt:MSVCR100.dll
 0002:00000000       __imp_GetTickCount         000000018000d000     kernel32:KERNEL32.dll
 0002:00000008       __imp_DecodePointer        000000018000d008     kernel32:KERNEL32.dll
 0002:00000010       __imp_Sleep                000000018000d010     kernel32:KERNEL32.dll
 0002:00000018       __imp_TerminateProcess     000000018000d018     kernel32:KERNEL32.dll
 0002:00000020       __imp_GetCurrentProcess    000000018000d020     kernel32:KERNEL32.dll
 0002:00000028       __imp_UnhandledExceptionFilter 000000018000d028     kernel32:KERNEL32.dll
 0002:00000030       __imp_SetUnhandledExceptionFilter 000000018000d030     kernel32:KERNEL32.dll
 0002:00000038       __imp_IsDebuggerPresent    000000018000d038     kernel32:KERNEL32.dll
 0002:00000040       __imp_RtlVirtualUnwind     000000018000d040     kernel32:KERNEL32.dll
 0002:00000048       __imp_GetSystemTimeAsFileTime 000000018000d048     kernel32:KERNEL32.dll
 0002:00000050       __imp_GetCurrentProcessId  000000018000d050     kernel32:KERNEL32.dll
 0002:00000058       __imp_GetCurrentThreadId   000000018000d058     kernel32:KERNEL32.dll
 0002:00000060       __imp_EncodePointer        000000018000d060     kernel32:KERNEL32.dll
 0002:00000068       __imp_QueryPerformanceCounter 000000018000d068     kernel32:KERNEL32.dll
 0002:00000070       __imp_RtlCaptureContext    000000018000d070     kernel32:KERNEL32.dll
 0002:00000078       __imp_RtlLookupFunctionEntry 000000018000d078     kernel32:KERNEL32.dll
 0002:00000080       \177KERNEL32_NULL_THUNK_DATA 000000018000d080     kernel32:KERNEL32.dll
 0002:00000088       __imp_cos                  000000018000d088     msvcrt:MSVCR100.dll
 0002:00000090       __imp_fmod                 000000018000d090     msvcrt:MSVCR100.dll
 0002:00000098       __imp_sin                  000000018000d098     msvcrt:MSVCR100.dll
 0002:000000a0       __imp_memcpy               000000018000d0a0     msvcrt:MSVCR100.dll
 0002:000000a8       __imp_memset               000000018000d0a8     msvcrt:MSVCR100.dll
 0002:000000b0       __imp_pow                  000000018000d0b0     msvcrt:MSVCR100.dll
 0002:000000b8       __imp_sqrtf                000000018000d0b8     msvcrt:MSVCR100.dll
 0002:000000c0       __imp_floor                000000018000d0c0     msvcrt:MSVCR100.dll
 0002:000000c8       __imp__initterm_e          000000018000d0c8     msvcrt:MSVCR100.dll
 0002:000000d0       __imp__onexit              000000018000d0d0     msvcrt:MSVCR100.dll
 0002:000000d8       __imp__lock                000000018000d0d8     msvcrt:MSVCR100.dll
 0002:000000e0       __imp___dllonexit          000000018000d0e0     msvcrt:MSVCR100.dll
 0002:000000e8       __imp__unlock              000000018000d0e8     msvcrt:MSVCR100.dll
 0002:000000f0       __imp___clean_type_info_names_internal 000000018000d0f0     msvcrt:MSVCR100.dll
 0002:000000f8       __imp___crt_debugger_hook  000000018000d0f8     msvcrt:MSVCR100.dll
 0002:00000100       __imp_free                 000000018000d100     msvcrt:MSVCR100.dll
 0002:00000108       __imp_rand                 000000018000d108     msvcrt:MSVCR100.dll
 0002:00000110       __imp__malloc_crt          000000018000d110     msvcrt:MSVCR100.dll
 0002:00000118       __imp__initterm            000000018000d118     msvcrt:MSVCR100.dll
 0002:00000120       __imp_ceil                 000000018000d120     msvcrt:MSVCR100.dll
 0002:00000128       __imp__encoded_null        000000018000d128     msvcrt:MSVCR100.dll
 0002:00000130       __imp__amsg_exit           000000018000d130     msvcrt:MSVCR100.dll
 0002:00000138       __imp___C_specific_handler 000000018000d138     msvcrt:MSVCR100.dll
 0002:00000140       __imp___CppXcptFilter      000000018000d140     msvcrt:MSVCR100.dll
 0002:00000148       \177MSVCR100_NULL_THUNK_DATA 000000018000d148     msvcrt:MSVCR100.dll
 0002:00000150       __imp_ilGetData            000000018000d150     resil:ResIL.dll
 0002:00000158       __imp_iGetIntegervImage    000000018000d158     resil:ResIL.dll
 0002:00000160       __imp_ilResizeImage        000000018000d160     resil:ResIL.dll
 0002:00000168       __imp_ilClearImage_        000000018000d168     resil:ResIL.dll
 0002:00000170       __imp_ilGetClear           000000018000d170     resil:ResIL.dll
 0002:00000178       __imp_iFlipBuffer          000000018000d178     resil:ResIL.dll
 0002:00000180       __imp_ilIsImage            000000018000d180     resil:ResIL.dll
 0002:00000188       __imp_ilGetBppPal          000000018000d188     resil:ResIL.dll
 0002:00000190       __imp_iConvertImage        000000018000d190     resil:ResIL.dll
 0002:00000198       __imp_ilConvertPal         000000018000d198     resil:ResIL.dll
 0002:000001a0       __imp_ilClearImage         000000018000d1a0     resil:ResIL.dll
 0002:000001a8       __imp_ilGetCurName         000000018000d1a8     resil:ResIL.dll
 0002:000001b0       __imp_ilBindImage          000000018000d1b0     resil:ResIL.dll
 0002:000001b8       __imp_iMirror              000000018000d1b8     resil:ResIL.dll
 0002:000001c0       __imp_ilDeleteImages       000000018000d1c0     resil:ResIL.dll
 0002:000001c8       __imp_ilLoadImage          000000018000d1c8     resil:ResIL.dll
 0002:000001d0       __imp_ilGenImages          000000018000d1d0     resil:ResIL.dll
 0002:000001d8       __imp_ilTexImage           000000018000d1d8     resil:ResIL.dll
 0002:000001e0       __imp_icalloc              000000018000d1e0     resil:ResIL.dll
 0002:000001e8       __imp_ilGetInteger         000000018000d1e8     resil:ResIL.dll
 0002:000001f0       __imp_ilSetCurImage        000000018000d1f0     resil:ResIL.dll
 0002:000001f8       __imp_ilCopyImageAttr      000000018000d1f8     resil:ResIL.dll
 0002:00000200       __imp_ialloc               000000018000d200     resil:ResIL.dll
 0002:00000208       __imp_ilCopyPixels         000000018000d208     resil:ResIL.dll
 0002:00000210       __imp_ilNewImage           000000018000d210     resil:ResIL.dll
 0002:00000218       __imp_ilCloseImage         000000018000d218     resil:ResIL.dll
 0002:00000220       __imp_ifree                000000018000d220     resil:ResIL.dll
 0002:00000228       __imp_ilGetCurImage        000000018000d228     resil:ResIL.dll
 0002:00000230       __imp_ilConvertImage       000000018000d230     resil:ResIL.dll
 0002:00000238       __imp_ilGetPalBaseType     000000018000d238     resil:ResIL.dll
 0002:00000240       __imp_ilSetError           000000018000d240     resil:ResIL.dll
 0002:00000248       \177ResIL_NULL_THUNK_DATA  000000018000d248     resil:ResIL.dll
 0002:00000250       __xc_a                     000000018000d250     msvcrt:cinitexe.obj
 0002:00000258       __xc_z                     000000018000d258     msvcrt:cinitexe.obj
 0002:00000260       __xi_a                     000000018000d260     msvcrt:cinitexe.obj
 0002:00000270       __xi_z                     000000018000d270     msvcrt:cinitexe.obj
 0002:000002a0       _pRawDllMain               000000018000d2a0     msvcrt:crtdll.obj
 0002:000002a0       _pDefaultRawDllMain        000000018000d2a0     msvcrt:crtdll.obj
 0002:000002b8       ??_C@_1CA@HMNFICHN@?$AAe?$AAr?$AAr?$AAe?$AAu?$AAr?$AA?5?$AAi?$AAn?$AAc?$AAo?$AAn?$AAn?$AAu?$AAe?$AA?$AA@ 000000018000d2b8     ilu_error.obj
 0002:000002d8       ??_C@_1BK@BGAHMHKP@?$AAp?$AAa?$AAs?$AA?5?$AAd?$AA?8?$AAe?$AAr?$AAr?$AAe?$AAu?$AAr?$AA?$AA@ 000000018000d2d8     ilu_error.obj
 0002:000002f8       ??_C@_1DO@ONPCADDD@?$AAe?$AAx?$AAr?$AA?5?$AA?3?$AA?5?$AAe?$AAr?$AAr?$AAe?$AAu?$AAr?$AA?5?$AAd?$AAa?$AAn?$AAs?$AA?5?$AAl?$AAa?$AA?5?$AAl?$AAi?$AAb?$AAr?$AAa?$AAi?$AAr?$AAi?$AAe?$AA?$AA@ 000000018000d2f8     ilu_error.obj
 0002:00000338       ??_C@_1DO@PNIGBAC@?$AAj?$AAp?$AA2?$AA?5?$AA?3?$AA?5?$AAe?$AAr?$AAr?$AAe?$AAu?$AAr?$AA?5?$AAd?$AAa?$AAn?$AAs?$AA?5?$AAl?$AAa?$AA?5?$AAl?$AAi?$AAb?$AAr?$AAa?$AAi?$AAr?$AAi?$AAe?$AA?$AA@ 000000018000d338     ilu_error.obj
 0002:00000378       ??_C@_1DO@FINPDFIG@?$AAm?$AAn?$AAg?$AA?5?$AA?3?$AA?5?$AAe?$AAr?$AAr?$AAe?$AAu?$AAr?$AA?5?$AAd?$AAa?$AAn?$AAs?$AA?5?$AAl?$AAa?$AA?5?$AAl?$AAi?$AAb?$AAr?$AAa?$AAi?$AAr?$AAi?$AAe?$AA?$AA@ 000000018000d378     ilu_error.obj
 0002:000003c0       ??_C@_1EA@BDIOGCDK@?$AAt?$AAi?$AAf?$AAf?$AA?5?$AA?3?$AA?5?$AAe?$AAr?$AAr?$AAe?$AAu?$AAr?$AA?5?$AAd?$AAa?$AAn?$AAs?$AA?5?$AAl?$AAa?$AA?5?$AAl?$AAi?$AAb?$AAr?$AAa?$AAi?$AAr?$AAi?$AAe?$AA?$AA@ 000000018000d3c0     ilu_error.obj
 0002:00000400       ??_C@_1DO@FBNBGIHN@?$AAp?$AAn?$AAg?$AA?5?$AA?3?$AA?5?$AAe?$AAr?$AAr?$AAe?$AAu?$AAr?$AA?5?$AAd?$AAa?$AAn?$AAs?$AA?5?$AAl?$AAa?$AA?5?$AAl?$AAi?$AAb?$AAr?$AAa?$AAi?$AAr?$AAi?$AAe?$AA?$AA@ 000000018000d400     ilu_error.obj
 0002:00000440       ??_C@_1EA@MJACECEO@?$AAj?$AAp?$AAe?$AAg?$AA?5?$AA?3?$AA?5?$AAe?$AAr?$AAr?$AAe?$AAu?$AAr?$AA?5?$AAd?$AAa?$AAn?$AAs?$AA?5?$AAl?$AAa?$AA?5?$AAl?$AAi?$AAb?$AAr?$AAa?$AAi?$AAr?$AAi?$AAe?$AA?$AA@ 000000018000d440     ilu_error.obj
 0002:00000480       ??_C@_1DO@MHPEPJN@?$AAg?$AAi?$AAf?$AA?5?$AA?3?$AA?5?$AAe?$AAr?$AAr?$AAe?$AAu?$AAr?$AA?5?$AAd?$AAa?$AAn?$AAs?$AA?5?$AAl?$AAa?$AA?5?$AAl?$AAi?$AAb?$AAr?$AAa?$AAi?$AAr?$AAi?$AAe?$AA?$AA@ 000000018000d480     ilu_error.obj
 0002:000004c0       ??_C@_1EK@KJFAALIO@?$AAe?$AAr?$AAr?$AAe?$AAu?$AAr?$AA?5?$AAl?$AAo?$AAr?$AAs?$AA?5?$AAd?$AAe?$AA?5?$AAl?$AAa?$AA?5?$AAl?$AAe?$AAc?$AAt?$AAu?$AAr?$AAe?$AA?5?$AAd?$AAu?$AA?5?$AAf?$AAi?$AAc@ 000000018000d4c0     ilu_error.obj
 0002:00000510       ??_C@_1CK@JPEODEBM@?$AAm?$AAa?$AAu?$AAv?$AAa?$AAi?$AAs?$AAe?$AAs?$AA?5?$AAd?$AAi?$AAm?$AAe?$AAn?$AAs?$AAi?$AAo?$AAn?$AAs?$AA?$AA@ 000000018000d510     ilu_error.obj
 0002:00000540       ??_C@_1CI@GAJKGMML@?$AAc?$AAo?$AAn?$AAv?$AAe?$AAr?$AAs?$AAi?$AAo?$AAn?$AA?5?$AAi?$AAn?$AAv?$AAa?$AAl?$AAi?$AAd?$AAe?$AA?$AA@ 000000018000d540     ilu_error.obj
 0002:00000568       ??_C@_1CO@KKPEJJLG@?$AA?i?$AAq?$AAu?$AAi?$AAv?$AAa?$AAl?$AAe?$AAn?$AAt?$AA?5?$AAh?$AAo?$AAr?$AAs?$AA?9?$AAf?$AAo?$AAr?$AAm?$AAa?$AAt?$AA?$AA@ 000000018000d568     ilu_error.obj
 0002:00000598       ??_C@_1CM@LKLKDFAK@?$AAf?$AAi?$AAc?$AAh?$AAi?$AAe?$AAr?$AA?5?$AAd?$AA?i?$AAj?$AA?$OA?$AA?5?$AAe?$AAx?$AAi?$AAs?$AAt?$AAa?$AAn?$AAt?$AA?$AA@ 000000018000d598     ilu_error.obj
 0002:000005c8       ??_C@_1CG@MDGPOGHK@?$AAe?$AAx?$AAt?$AAe?$AAn?$AAs?$AAi?$AAo?$AAn?$AA?5?$AAi?$AAn?$AAv?$AAa?$AAl?$AAi?$AAd?$AAe?$AA?$AA@ 000000018000d5c8     ilu_error.obj
 0002:000005f0       ??_C@_1DM@PNFDLHBH@?$AAn?$AAe?$AA?5?$AAp?$AAe?$AAu?$AAt?$AA?5?$AAp?$AAa?$AAs?$AA?5?$AAo?$AAu?$AAv?$AAr?$AAi?$AAr?$AA?5?$AAl?$AAe?$AA?5?$AAf?$AAi?$AAc?$AAh?$AAi?$AAe?$AAr?$AA?$AA@ 000000018000d5f0     ilu_error.obj
 0002:00000630       ??_C@_1CG@HDAOAOHG@?$AAp?$AAa?$AAr?$AAa?$AAm?$AA?h?$AAt?$AAr?$AAe?$AA?5?$AAi?$AAn?$AAv?$AAa?$AAl?$AAi?$AAd?$AAe?$AA?$AA@ 000000018000d630     ilu_error.obj
 0002:00000658       ??_C@_1DI@OFDPAFNA@?$AAe?$AAn?$AA?9?$AAt?$AA?j?$AAt?$AAe?$AA?5?$AAd?$AAe?$AA?5?$AAf?$AAi?$AAc?$AAh?$AAi?$AAe?$AAr?$AA?5?$AAi?$AAn?$AAv?$AAa?$AAl?$AAi?$AAd?$AAe?$AA?$AA@ 000000018000d658     ilu_error.obj
 0002:00000690       ??_C@_1DG@CBNKDHNN@?$AAv?$AAa?$AAl?$AAe?$AAu?$AAr?$AA?5?$AAd?$AAe?$AA?5?$AAf?$AAi?$AAc?$AAh?$AAi?$AAe?$AAr?$AA?5?$AAi?$AAl?$AAl?$AA?i?$AAg?$AAa?$AAl?$AAe?$AA?$AA@ 000000018000d690     ilu_error.obj
 0002:000006c8       ??_C@_1CG@OAHIJIBB@?$AAo?$AAp?$AA?i?$AAr?$AAa?$AAt?$AAi?$AAo?$AAn?$AA?5?$AAi?$AAl?$AAl?$AA?i?$AAg?$AAa?$AAl?$AAe?$AA?$AA@ 000000018000d6c8     ilu_error.obj
 0002:000006f0       ??_C@_1CA@NALAPLOH@?$AAv?$AAa?$AAl?$AAe?$AAu?$AAr?$AA?5?$AAi?$AAl?$AAl?$AA?i?$AAg?$AAa?$AAl?$AAe?$AA?$AA@ 000000018000d6f0     ilu_error.obj
 0002:00000710       ??_C@_1BO@NHKDJNKP@?$AAe?$AAr?$AAr?$AAe?$AAu?$AAr?$AA?5?$AAi?$AAn?$AAt?$AAe?$AAr?$AAn?$AAe?$AA?$AA@ 000000018000d710     ilu_error.obj
 0002:00000730       ??_C@_1CI@NEFCBCMC@?$AAf?$AAo?$AAr?$AAm?$AAa?$AAt?$AA?5?$AAn?$AAo?$AAn?$AA?5?$AAs?$AAu?$AAp?$AAp?$AAo?$AAr?$AAt?$AA?i?$AA?$AA@ 000000018000d730     ilu_error.obj
 0002:00000758       ??_C@_1CO@KFPCDAPJ@?$AAd?$AA?i?$AAp?$AAa?$AAs?$AAs?$AAe?$AAm?$AAe?$AAn?$AAt?$AA?5?$AAd?$AAe?$AA?5?$AAm?$AA?i?$AAm?$AAo?$AAi?$AAr?$AAe?$AA?$AA@ 000000018000d758     ilu_error.obj
 0002:00000788       ??_C@_1CK@NDELFGJH@?$AA?i?$AAn?$AAu?$AAm?$AA?i?$AAr?$AAa?$AAt?$AAi?$AAo?$AAn?$AA?5?$AAi?$AAn?$AAv?$AAa?$AAl?$AAi?$AAd?$AAe?$AA?$AA@ 000000018000d788     ilu_error.obj
 0002:000007b8       ??_C@_1CG@IOJFFCEB@?$AAU?$AAn?$AAb?$AAe?$AAk?$AAa?$AAn?$AAn?$AAt?$AAe?$AAr?$AA?5?$AAF?$AAe?$AAh?$AAl?$AAe?$AAr?$AA?$AA@ 000000018000d7b8     ilu_error.obj
 0002:000007e0       ??_C@_1BI@BCDJAAKE@?$AAK?$AAe?$AAi?$AAn?$AA?5?$AAF?$AAe?$AAh?$AAl?$AAe?$AAr?$AA?$AA@ 000000018000d7e0     ilu_error.obj
 0002:000007f8       ??_C@_1DK@EPDNFEGH@?$AAF?$AAe?$AAh?$AAl?$AAe?$AAr?$AA?5?$AAi?$AAn?$AA?5?$AAd?$AAe?$AAr?$AA?5?$AAe?$AAx?$AAr?$AA?5?$AAB?$AAi?$AAb?$AAl?$AAi?$AAo?$AAt?$AAh?$AAe?$AAk?$AA?$AA@ 000000018000d7f8     ilu_error.obj
 0002:00000838       ??_C@_1DK@LBMGMJF@?$AAF?$AAe?$AAh?$AAl?$AAe?$AAr?$AA?5?$AAi?$AAn?$AA?5?$AAd?$AAe?$AAr?$AA?5?$AAj?$AAp?$AA2?$AA?5?$AAB?$AAi?$AAb?$AAl?$AAi?$AAo?$AAt?$AAh?$AAe?$AAk?$AA?$AA@ 000000018000d838     ilu_error.obj
 0002:00000878       ??_C@_1DK@OHDPOMJ@?$AAF?$AAe?$AAh?$AAl?$AAe?$AAr?$AA?5?$AAi?$AAn?$AA?5?$AAd?$AAe?$AAr?$AA?5?$AAm?$AAn?$AAg?$AA?5?$AAB?$AAi?$AAb?$AAl?$AAi?$AAo?$AAt?$AAh?$AAe?$AAk?$AA?$AA@ 000000018000d878     ilu_error.obj
 0002:000008b8       ??_C@_1DM@KNFIOOOK@?$AAF?$AAe?$AAh?$AAl?$AAe?$AAr?$AA?5?$AAi?$AAn?$AA?5?$AAd?$AAe?$AAr?$AA?5?$AAt?$AAi?$AAf?$AAf?$AA?5?$AAB?$AAi?$AAb?$AAl?$AAi?$AAo?$AAt?$AAh?$AAe?$AAk?$AA?$AA@ 000000018000d8b8     ilu_error.obj
 0002:000008f8       ??_C@_1DK@ILAKLDOC@?$AAF?$AAe?$AAh?$AAl?$AAe?$AAr?$AA?5?$AAi?$AAn?$AA?5?$AAd?$AAe?$AAr?$AA?5?$AAp?$AAn?$AAg?$AA?5?$AAB?$AAi?$AAb?$AAl?$AAi?$AAo?$AAt?$AAh?$AAe?$AAk?$AA?$AA@ 000000018000d8f8     ilu_error.obj
 0002:00000938       ??_C@_1DM@ILGDMDND@?$AAF?$AAe?$AAh?$AAl?$AAe?$AAr?$AA?5?$AAi?$AAn?$AA?5?$AAd?$AAe?$AAr?$AA?5?$AAj?$AAp?$AAe?$AAg?$AA?5?$AAB?$AAi?$AAb?$AAl?$AAi?$AAo?$AAt?$AAh?$AAe?$AAk?$AA?$AA@ 000000018000d938     ilu_error.obj
 0002:00000978       ??_C@_1DK@KNNAHDBM@?$AAF?$AAe?$AAh?$AAl?$AAe?$AAr?$AA?5?$AAi?$AAn?$AA?5?$AAd?$AAe?$AAr?$AA?5?$AAg?$AAi?$AAf?$AA?5?$AAB?$AAi?$AAb?$AAl?$AAi?$AAo?$AAt?$AAh?$AAe?$AAk?$AA?$AA@ 000000018000d978     ilu_error.obj
 0002:000009b8       ??_C@_1DI@GMKKLKGH@?$AAF?$AAe?$AAh?$AAl?$AAe?$AAr?$AA?5?$AAb?$AAe?$AAi?$AAm?$AA?5?$AAL?$AAe?$AAs?$AAe?$AAn?$AA?5?$AAd?$AAe?$AAr?$AA?5?$AAD?$AAa?$AAt?$AAe?$AAi?$AA?$AA@ 000000018000d9b8     ilu_error.obj
 0002:000009f0       ??_C@_1DA@IJILAKCO@?$AAU?$AAn?$AAz?$AAu?$AAl?$AA?d?$AAs?$AAs?$AAi?$AAg?$AAe?$AA?5?$AAA?$AAb?$AAm?$AAe?$AAs?$AAs?$AAu?$AAn?$AAg?$AAe?$AAn?$AA?$AA@ 000000018000d9f0     ilu_error.obj
 0002:00000a20       ??_C@_1DA@BDALIJHE@?$AAU?$AAn?$AAg?$AA?$PM?$AAl?$AAt?$AAi?$AAg?$AAe?$AA?5?$AAK?$AAo?$AAn?$AAv?$AAe?$AAr?$AAt?$AAi?$AAe?$AAr?$AAu?$AAn?$AAg?$AA?$AA@ 000000018000da20     ilu_error.obj
 0002:00000a50       ??_C@_1CA@FPDJBJPA@?$AAS?$AAt?$AAa?$AAc?$AAk?$AA?5?$AAU?$AAn?$AAt?$AAe?$AAr?$AAl?$AAa?$AAu?$AAf?$AA?$AA@ 000000018000da50     ilu_error.obj
 0002:00000a70       ??_C@_1BO@KLEFMMLO@?$AAS?$AAt?$AAa?$AAc?$AAk?$AA?5?$AA?$NM?$AAb?$AAe?$AAr?$AAl?$AAa?$AAu?$AAf?$AA?$AA@ 000000018000da70     ilu_error.obj
 0002:00000a90       ??_C@_1DI@NCGFKKOJ@?$AAD?$AAi?$AAe?$AA?5?$AAD?$AAa?$AAt?$AAe?$AAi?$AA?5?$AAe?$AAx?$AAi?$AAs?$AAt?$AAi?$AAe?$AAr?$AAt?$AA?5?$AAb?$AAe?$AAr?$AAe?$AAi?$AAt?$AAs?$AA?$AA@ 000000018000da90     ilu_error.obj
 0002:00000ac8       ??_C@_1CO@MBCEOOLD@?$AAU?$AAn?$AAg?$AA?$PM?$AAl?$AAt?$AAi?$AAg?$AAe?$AAr?$AA?5?$AAE?$AAr?$AAw?$AAe?$AAi?$AAt?$AAe?$AAr?$AAu?$AAn?$AAg?$AA?$AA@ 000000018000dac8     ilu_error.obj
 0002:00000b00       ??_C@_1EG@GLCHFCHI@?$AAD?$AAa?$AAt?$AAe?$AAi?$AA?5?$AAk?$AAo?$AAn?$AAn?$AAt?$AAe?$AA?5?$AAn?$AAi?$AAc?$AAh?$AAt?$AA?5?$AAg?$AAe?$AA?v?$AAf?$AAf?$AAn?$AAe?$AAt?$AA?5?$AAw?$AAe?$AAr?$AAd@ 000000018000db00     ilu_error.obj
 0002:00000b48       ??_C@_1CO@HIHMMEBB@?$AAU?$AAn?$AAz?$AAu?$AAl?$AA?d?$AAs?$AAs?$AAi?$AAg?$AAe?$AAr?$AA?5?$AAP?$AAa?$AAr?$AAa?$AAm?$AAe?$AAt?$AAe?$AAr?$AA?$AA@ 000000018000db48     ilu_error.obj
 0002:00000b78       ??_C@_1DE@MFBPMMOI@?$AAU?$AAn?$AAz?$AAu?$AAl?$AA?d?$AAs?$AAs?$AAi?$AAg?$AAe?$AAr?$AA?5?$AAD?$AAa?$AAt?$AAe?$AAi?$AA?9?$AAH?$AAe?$AAa?$AAd?$AAe?$AAr?$AA?$AA@ 000000018000db78     ilu_error.obj
 0002:00000bb0       ??_C@_1DA@IPDPLFIL@?$AAU?$AAn?$AAz?$AAu?$AAl?$AA?d?$AAs?$AAs?$AAi?$AAg?$AAe?$AAr?$AA?5?$AAD?$AAa?$AAt?$AAe?$AAi?$AA?9?$AAW?$AAe?$AAr?$AAt?$AA?$AA@ 000000018000dbb0     ilu_error.obj
 0002:00000be0       ??_C@_1CM@EJAODAH@?$AAU?$AAn?$AAz?$AAu?$AAl?$AA?d?$AAs?$AAs?$AAi?$AAg?$AAe?$AA?5?$AAO?$AAp?$AAe?$AAr?$AAa?$AAt?$AAi?$AAo?$AAn?$AA?$AA@ 000000018000dbe0     ilu_error.obj
 0002:00000c10       ??_C@_1CA@OBNPBHAH@?$AAU?$AAn?$AAg?$AA?$PM?$AAl?$AAt?$AAi?$AAg?$AAe?$AAr?$AA?5?$AAW?$AAe?$AAr?$AAt?$AA?$AA@ 000000018000dc10     ilu_error.obj
 0002:00000c30       ??_C@_1CA@PEHIKCPH@?$AAI?$AAn?$AAt?$AAe?$AAr?$AAn?$AAe?$AAr?$AA?5?$AAF?$AAe?$AAh?$AAl?$AAe?$AAr?$AA?$AA@ 000000018000dc30     ilu_error.obj
 0002:00000c50       ??_C@_1EO@HGBJJHBF@?$AAD?$AAa?$AAs?$AA?5?$AAF?$AAo?$AAr?$AAm?$AAa?$AAt?$AA?5?$AAw?$AAi?$AAr?$AAd?$AA?5?$AAn?$AAo?$AAc?$AAh?$AA?5?$AAn?$AAi?$AAc?$AAh?$AAt?$AA?5?$AAu?$AAn?$AAt?$AAe?$AAr@ 000000018000dc50     ilu_error.obj
 0002:00000ca0       ??_C@_1DA@HGGGFNED@?$AAK?$AAe?$AAi?$AAn?$AA?5?$AAS?$AAp?$AAe?$AAi?$AAc?$AAh?$AAe?$AAr?$AA?5?$AAv?$AAe?$AAr?$AAf?$AA?$PM?$AAg?$AAb?$AAa?$AAr?$AA?$AA@ 000000018000dca0     ilu_error.obj
 0002:00000cd0       ??_C@_1CM@PBABIAKF@?$AAU?$AAn?$AAg?$AA?$PM?$AAl?$AAt?$AAi?$AAg?$AAe?$AAr?$AA?5?$AAE?$AAn?$AAu?$AAm?$AAe?$AAr?$AAa?$AAt?$AAo?$AAr?$AA?$AA@ 000000018000dcd0     ilu_error.obj
 0002:00000d00       ??_C@_1DC@POGNHGDF@?$AAe?$AAr?$AAr?$AAo?$AAr?$AA?5?$AAe?$AAn?$AA?5?$AAl?$AAa?$AA?5?$AAl?$AAi?$AAb?$AAr?$AAe?$AAr?$AA?m?$AAa?$AA?5?$AAe?$AAx?$AAr?$AA?$AA@ 000000018000dd00     ilu_error.obj
 0002:00000d38       ??_C@_1DC@FAAKLOMJ@?$AAe?$AAr?$AAr?$AAo?$AAr?$AA?5?$AAe?$AAn?$AA?5?$AAl?$AAa?$AA?5?$AAl?$AAi?$AAb?$AAr?$AAe?$AAr?$AA?m?$AAa?$AA?5?$AAj?$AAp?$AA2?$AA?$AA@ 000000018000dd38     ilu_error.obj
 0002:00000d70       ??_C@_1DC@JPMACLKL@?$AAe?$AAr?$AAr?$AAo?$AAr?$AA?5?$AAe?$AAn?$AA?5?$AAl?$AAa?$AA?5?$AAl?$AAi?$AAb?$AAr?$AAe?$AAr?$AA?m?$AAa?$AA?5?$AAm?$AAn?$AAg?$AA?$AA@ 000000018000dd70     ilu_error.obj
 0002:00000da8       ??_C@_1DE@OFCANLOD@?$AAe?$AAr?$AAr?$AAo?$AAr?$AA?5?$AAe?$AAn?$AA?5?$AAl?$AAa?$AA?5?$AAl?$AAi?$AAb?$AAr?$AAe?$AAr?$AA?m?$AAa?$AA?5?$AAt?$AAi?$AAf?$AAf?$AA?$AA@ 000000018000dda8     ilu_error.obj
 0002:00000de0       ??_C@_1DC@HIHOAPFB@?$AAe?$AAr?$AAr?$AAo?$AAr?$AA?5?$AAe?$AAn?$AA?5?$AAl?$AAa?$AA?5?$AAl?$AAi?$AAb?$AAr?$AAe?$AAr?$AA?m?$AAa?$AA?5?$AAp?$AAn?$AAg?$AA?$AA@ 000000018000dde0     ilu_error.obj
 0002:00000e18       ??_C@_1DE@IBJLFFHD@?$AAe?$AAr?$AAr?$AAo?$AAr?$AA?5?$AAe?$AAn?$AA?5?$AAl?$AAa?$AA?5?$AAl?$AAi?$AAb?$AAr?$AAe?$AAr?$AA?m?$AAa?$AA?5?$AAj?$AAp?$AAe?$AAg?$AA?$AA@ 000000018000de18     ilu_error.obj
 0002:00000e50       ??_C@_1DC@KLLJGALO@?$AAe?$AAr?$AAr?$AAo?$AAr?$AA?5?$AAe?$AAn?$AA?5?$AAl?$AAa?$AA?5?$AAl?$AAi?$AAb?$AAr?$AAe?$AAr?$AA?m?$AAa?$AA?5?$AAg?$AAi?$AAf?$AA?$AA@ 000000018000de50     ilu_error.obj
 0002:00000e88       ??_C@_1DO@OPNGPCHO@?$AAe?$AAr?$AAr?$AAo?$AAr?$AA?5?$AAd?$AAe?$AA?5?$AAl?$AAe?$AAc?$AAt?$AAu?$AAr?$AAa?$AA?5?$AAe?$AAn?$AA?5?$AAe?$AAl?$AA?5?$AAf?$AAi?$AAc?$AAh?$AAe?$AAr?$AAo?$AA?$AA@ 000000018000de88     ilu_error.obj
 0002:00000ed0       ??_C@_1EC@FFNPLEMJ@?$AAn?$AA?z?$AAm?$AAe?$AAr?$AAo?$AA?5?$AAd?$AAe?$AA?5?$AAd?$AAi?$AAm?$AAe?$AAn?$AAs?$AAi?$AAo?$AAn?$AAe?$AAs?$AA?5?$AAi?$AAn?$AAc?$AAo?$AAr?$AAr?$AAe?$AAc?$AAt?$AAo@ 000000018000ded0     ilu_error.obj
 0002:00000f18       ??_C@_1CM@OMLIENAF@?$AAc?$AAo?$AAn?$AAv?$AAe?$AAr?$AAs?$AAi?$AA?s?$AAn?$AA?5?$AAi?$AAn?$AAc?$AAo?$AAr?$AAr?$AAe?$AAc?$AAt?$AAa?$AA?$AA@ 000000018000df18     ilu_error.obj
 0002:00000f50       ??_C@_1EA@NBAJPDEI@?$AAd?$AAe?$AAs?$AAb?$AAo?$AAr?$AAd?$AAa?$AAm?$AAi?$AAe?$AAn?$AAt?$AAo?$AA?5?$AAi?$AAn?$AAf?$AAe?$AAr?$AAi?$AAo?$AAr?$AA?5?$AAd?$AAe?$AA?5?$AAp?$AAi?$AAl?$AAa?$AA?$AA@ 000000018000df50     ilu_error.obj
 0002:00000f90       ??_C@_1EA@IMCEODEG@?$AAd?$AAe?$AAs?$AAb?$AAo?$AAr?$AAd?$AAa?$AAm?$AAi?$AAe?$AAn?$AAt?$AAo?$AA?5?$AAs?$AAu?$AAp?$AAe?$AAr?$AAi?$AAo?$AAr?$AA?5?$AAd?$AAe?$AA?5?$AAp?$AAi?$AAl?$AAa?$AA?$AA@ 000000018000df90     ilu_error.obj
 0002:00000fd0       ??_C@_1DM@OFODONCM@?$AAf?$AAo?$AAr?$AAm?$AAa?$AAt?$AAo?$AA?5?$AAd?$AAe?$AA?5?$AAs?$AAa?$AAl?$AAi?$AAd?$AAa?$AA?5?$AAe?$AAq?$AAu?$AAi?$AAv?$AAa?$AAl?$AAe?$AAn?$AAt?$AAe?$AA?$AA@ 000000018000dfd0     ilu_error.obj
 0002:00001010       ??_C@_1CK@FMNLDLFO@?$AAe?$AAl?$AA?5?$AAf?$AAi?$AAc?$AAh?$AAe?$AAr?$AAo?$AA?5?$AAy?$AAa?$AA?5?$AAe?$AAx?$AAi?$AAs?$AAt?$AAe?$AA?$AA@ 000000018000e010     ilu_error.obj
 0002:00001040       ??_C@_1CM@OICMKPO@?$AAe?$AAx?$AAt?$AAe?$AAn?$AAs?$AAi?$AA?s?$AAn?$AA?5?$AAd?$AAe?$AAs?$AAc?$AAo?$AAn?$AAo?$AAc?$AAi?$AAd?$AAa?$AA?$AA@ 000000018000e040     ilu_error.obj
 0002:00001070       ??_C@_1DK@OBJNJFBI@?$AAn?$AAo?$AA?5?$AAs?$AAe?$AA?5?$AAp?$AAu?$AAe?$AAd?$AAe?$AA?5?$AAa?$AAb?$AAr?$AAi?$AAr?$AA?5?$AAe?$AAl?$AA?5?$AAf?$AAi?$AAc?$AAh?$AAe?$AAr?$AAo?$AA?$AA@ 000000018000e070     ilu_error.obj
 0002:000010b0       ??_C@_1CK@FNEFMPJI@?$AAp?$AAa?$AAr?$AA?a?$AAm?$AAe?$AAt?$AAr?$AAo?$AA?5?$AAi?$AAn?$AAc?$AAo?$AAr?$AAr?$AAe?$AAc?$AAt?$AAo?$AA?$AA@ 000000018000e0b0     ilu_error.obj
 0002:000010e0       ??_C@_1CI@CHEAKFPN@?$AAc?$AAa?$AAb?$AAe?$AAc?$AAe?$AAr?$AAa?$AA?5?$AAi?$AAn?$AAc?$AAo?$AAr?$AAr?$AAe?$AAc?$AAt?$AAa?$AA?$AA@ 000000018000e0e0     ilu_error.obj
 0002:00001108       ??_C@_1DO@DKFFDHIG@?$AAv?$AAa?$AAl?$AAo?$AAr?$AA?5?$AAd?$AAe?$AA?5?$AAf?$AAi?$AAc?$AAh?$AAe?$AAr?$AAo?$AA?5?$AAi?$AAl?$AAe?$AAg?$AAa?$AAI?$AAL?$AA_?$AAT?$AAE?$AAX?$AAT?$AA?$CI?$AA?$AA@ 000000018000e108     ilu_error.obj
 0002:00001148       ??_C@_1DA@HAELOPGN@?$AAo?$AAp?$AAe?$AAr?$AAa?$AAc?$AAi?$AA?s?$AAn?$AA?5?$AAi?$AAl?$AAe?$AAg?$AAa?$AAI?$AAL?$AA_?$AAT?$AAE?$AAX?$AAT?$AA?$CI?$AA?$AA@ 000000018000e148     ilu_error.obj
 0002:00001178       ??_C@_1CC@HCELJPEA@?$AAv?$AAa?$AAl?$AAo?$AAr?$AA?5?$AAi?$AAn?$AAc?$AAo?$AAr?$AAr?$AAe?$AAc?$AAt?$AAo?$AA?$AA@ 000000018000e178     ilu_error.obj
 0002:000011a0       ??_C@_1BM@GDFBBKPK@?$AAe?$AAr?$AAr?$AAo?$AAr?$AA?5?$AAi?$AAn?$AAt?$AAe?$AAr?$AAn?$AAo?$AA?$AA@ 000000018000e1a0     ilu_error.obj
 0002:000011c0       ??_C@_1DK@CBIAJMI@?$AAf?$AAo?$AAr?$AAm?$AAa?$AAt?$AAo?$AA?5?$AAn?$AAo?$AA?5?$AAs?$AAo?$AAp?$AAo?$AAr?$AAt?$AAa?$AAd?$AAo?$AA?5?$AAt?$AAo?$AAd?$AAa?$AAv?$AA?m?$AAa?$AA?$AA@ 000000018000e1c0     ilu_error.obj
 0002:00001200       ??_C@_1DI@LBBCEEKH@?$AAn?$AAo?$AA?5?$AAq?$AAu?$AAe?$AAd?$AAa?$AA?5?$AAm?$AAe?$AAm?$AAo?$AAr?$AAi?$AAa?$AA?5?$AAd?$AAi?$AAs?$AAp?$AAo?$AAn?$AAi?$AAb?$AAl?$AAe?$AA?$AA@ 000000018000e200     ilu_error.obj
 0002:00001238       ??_C@_1CM@HFICKFIC@?$AAe?$AAn?$AAu?$AAm?$AAe?$AAr?$AAa?$AAd?$AAo?$AAr?$AA?5?$AAi?$AAn?$AAc?$AAo?$AAr?$AAr?$AAe?$AAc?$AAt?$AAo?$AA?$AA@ 000000018000e238     ilu_error.obj
 0002:00001268       ??_C@_1CG@LCKCFJMA@?$AA?d?$AA?$LI?$AA?$IN?$AA?f?$AC?$NM?$AB?$HN?$AA?c?$AA?$IB?$AA?$KK?$AA?c?5?$BK?$AA?$KI?$AA?c?$AB?$JC?$AA?$KJ?$AA?c?$AB?$JC?$AA?$LM?$AA?$AA@ 000000018000e268     ilu_error.obj
 0002:00001290       ??_C@_1CA@OMFFKEBF@?$AA?c?5?$BK?$AA?$KI?$AA?c?$AB?$JC?$AA?$KJ?$AA?c?$AB?$JC?$AA?$LM?$AA?g?5?$BO?$AA?$KB?$AA?c?$AA?$IB?5?$BE?$AA?$AA@ 000000018000e290     ilu_error.obj
 0002:000012b0       ??_C@_1DI@LLHNDEOK@?$AAe?$AAx?$AAr?$AA?c?$AB?$JC?$AA?$KJ?$AA?c?5?$BK?$AA?$KE?$AA?c?$AB?$JC?5?$BD?$AA?c?$AB?$JC?$AA?$KJ?$AA?c?$AB?$JC?$AA?$KK?$AA?c?5?$BK?$AA?$KI?$AA?c?$AB?$JC?$AA?$KJ?$AA?c?$AB?$JC?$AA?$LM?$AA?$AA@ 000000018000e2b0     ilu_error.obj
 0002:000012e8       ??_C@_1DI@KDPIOCJD@?$AAj?$AAp?$AA2?$AA?c?$AB?$JC?$AA?$KJ?$AA?c?5?$BK?$AA?$KE?$AA?c?$AB?$JC?5?$BD?$AA?c?$AB?$JC?$AA?$KJ?$AA?c?$AB?$JC?$AA?$KK?$AA?c?5?$BK?$AA?$KI?$AA?c?$AB?$JC?$AA?$KJ?$AA?c?$AB?$JC?$AA?$LM?$AA?$AA@ 000000018000e2e8     ilu_error.obj
 0002:00001320       ??_C@_1DI@HHKGBBGL@?$AAm?$AAn?$AAg?$AA?c?$AB?$JC?$AA?$KJ?$AA?c?5?$BK?$AA?$KE?$AA?c?$AB?$JC?5?$BD?$AA?c?$AB?$JC?$AA?$KJ?$AA?c?$AB?$JC?$AA?$KK?$AA?c?5?$BK?$AA?$KI?$AA?c?$AB?$JC?$AA?$KJ?$AA?c?$AB?$JC?$AA?$LM?$AA?$AA@ 000000018000e320     ilu_error.obj
 0002:00001358       ??_C@_1DK@BPLJJBJB@?$AAt?$AAi?$AAf?$AAf?$AA?c?$AB?$JC?$AA?$KJ?$AA?c?5?$BK?$AA?$KE?$AA?c?$AB?$JC?5?$BD?$AA?c?$AB?$JC?$AA?$KJ?$AA?c?$AB?$JC?$AA?$KK?$AA?c?5?$BK?$AA?$KI?$AA?c?$AB?$JC?$AA?$KJ?$AA?c?$AB?$JC?$AA?$LM?$AA?$AA@ 000000018000e358     ilu_error.obj
 0002:00001398       ??_C@_1DI@PCOPOIGJ@?$AAp?$AAn?$AAg?$AA?c?$AB?$JC?$AA?$KJ?$AA?c?5?$BK?$AA?$KE?$AA?c?$AB?$JC?5?$BD?$AA?c?$AB?$JC?$AA?$KJ?$AA?c?$AB?$JC?$AA?$KK?$AA?c?5?$BK?$AA?$KI?$AA?c?$AB?$JC?$AA?$KJ?$AA?c?$AB?$JC?$AA?$LM?$AA?$AA@ 000000018000e398     ilu_error.obj
 0002:000013d0       ??_C@_1DK@KOJIJMNO@?$AAj?$AAp?$AAe?$AAg?$AA?c?$AB?$JC?$AA?$KJ?$AA?c?5?$BK?$AA?$KE?$AA?c?$AB?$JC?5?$BD?$AA?c?$AB?$JC?$AA?$KJ?$AA?c?$AB?$JC?$AA?$KK?$AA?c?5?$BK?$AA?$KI?$AA?c?$AB?$JC?$AA?$KJ?$AA?c?$AB?$JC?$AA?$LM?$AA?$AA@ 000000018000e3d0     ilu_error.obj
 0002:00001410       ??_C@_1DI@MNJAAIHC@?$AAg?$AAi?$AAf?$AA?c?$AB?$JC?$AA?$KJ?$AA?c?5?$BK?$AA?$KE?$AA?c?$AB?$JC?5?$BD?$AA?c?$AB?$JC?$AA?$KJ?$AA?c?$AB?$JC?$AA?$KK?$AA?c?5?$BK?$AA?$KI?$AA?c?$AB?$JC?$AA?$KJ?$AA?c?$AB?$JC?$AA?$LM?$AA?$AA@ 000000018000e410     ilu_error.obj
 0002:00001450       ??_C@_1EE@EKCBBPOD@?$AA?c?$AB?$JC?5?$CC?$AA?c?5?$BK?$AA?$KB?$AA?c?5?$BK?$AA?$KE?$AA?c?$AB?$JC?$AA?$KL?$AA?h?$AA?$KK?$AA?$KN?$AA?c?$AA?$IB?$AA?$LP?$AA?h?$AA?$LO?$AA?$LM?$AA?c?$AA?$IB?$AA?$LP?$AA?c?5?$BK?$AA?$KI?$AA?c?$AB?$JC?$AA?$KJ?$AA?c?$AB?$JC@ 000000018000e450     ilu_error.obj
 0002:00001498       ??_C@_1CG@BLBKCOJL@?$AA?d?$AA?$LI?$AA?$IN?$AA?f?$AA?$KN?$AA?$KD?$AA?c?$AA?$IB?$AA?$KK?$AA?c?5?$BK?$AA?$LF?$AA?c?5?$BK?$AA?$KE?$AA?c?5?$BK?$AA?$LK?$AA?$AA@ 000000018000e498     ilu_error.obj
 0002:000014c0       ??_C@_1CA@FEANMDFM@?$AA?g?5?$BO?$AA?$KB?$AA?e?$AB?$GA?$AA?$LJ?$AA?c?$AA?$IB?$AA?$KK?$AA?e?$AA?$KE?50?$AA?f?$AA?$IP?5?3?$AA?$AA@ 000000018000e4c0     ilu_error.obj
 0002:000014e0       ??_C@_1EE@LPMPICCB@?$AA?c?5?$BK?$AA?$LJ?$AA?c?5?$BK?$AA?$LP?$AA?c?$AB?$JC?$AB?$JC?$AA?c?5?$BK?$AA?$KP?$AA?c?5?$BK?$AA?$KC?$AA?c?$AB?$JC?$AA?$LD?$AA?c?$AB?$JC?5?$KM?$AA?c?$AB?$JC?$AA?$LM?$AA?c?$AB?$JC?5?$CC?$AA?c?$AB?$JC?$AA?$KN?$AA?c?$AB?$JC@ 000000018000e4e0     ilu_error.obj
 0002:00001530       ??_C@_1EE@FPCBADOL@?$AA?c?5?$BK?$AA?$LJ?$AA?c?5?$BK?$AA?$LP?$AA?c?$AB?$JC?$AB?$JC?$AA?c?5?$BK?$AA?$KP?$AA?c?5?$BK?$AA?$KK?$AA?c?$AB?$JC?$AA?$LM?$AA?c?$AB?$JC?$AA?$JA?$AA?c?$AB?$JC?$AA?$LM?$AA?c?$AB?$JC?5?$CC?$AA?c?$AB?$JC?$AA?$KN?$AA?c?$AB?$JC@ 000000018000e530     ilu_error.obj
 0002:00001578       ??_C@_1DI@BHNMGBLJ@?$AA?g?$AA?$KN?50?$AA?d?$AA?$LO?$AA?$KB?$AA?c?$AB?$JC?5?$CC?$AA?c?5?$BK?$AA?$KJ?$AA?c?$AB?$JC?$AA?$LM?$AA?c?$AB?$JC?$AB?$HO?$AA?c?$AB?$JC?$AB?$JC?$AA?c?$AB?$JC?$AC?F?$AA?e?$AA?$KE?5?$BD?$AA?$AA@ 000000018000e578     ilu_error.obj
 0002:000015b0       ??_C@_1FG@EECEGNDK@?$AA?c?$AB?$JC?5?$CC?$AA?c?5?$BK?$AA?$KB?$AA?c?5?$BK?$AA?$KE?$AA?c?$AB?$JC?$AA?$KL?$AA?c?$AA?$IB?$AA?$KP?$AA?f?5?$BE?$AA?$KC?$AA?c?$AA?$IB?$AA?$KL?$AA?e?$AA?$KN?$AC?$NM?$AA?e?$ABS?$AA?$KI?$AA?c?$AA?$IB?5?$BE?$AA?c?$AA?$IB@ 000000018000e5b0     ilu_error.obj
 0002:00001608       ??_C@_1CG@HLODKLIA@?$AA?g?5?$BO?$AA?$KB?$AA?e?$AB?$GA?$AA?$LJ?$AA?c?$AA?$IB?$AA?$KK?$AA?f?59?$AA?$KB?$AA?e?$AA?$LM?$AA?$LF?$AA?e?$AA?$KN?$AA?$JA?$AA?$AA@ 000000018000e608     ilu_error.obj
 0002:00001630       ??_C@_1DO@BPLLCEAF@?$AA?c?$AB?$JC?5?$CC?$AA?c?5?$BK?$AA?$KB?$AA?c?5?$BK?$AA?$KE?$AA?c?$AB?$JC?$AA?$KL?$AA?c?$AA?$IB?$ABR?$AA?i?5?$BD?59?$AA?c?$AA?$IB?5?$BI?$AA?c?$AA?$IB?$AA?$LO?$AA?c?$AA?$IB?5?3?$AA?c?5?$BK?5?$BM?$AA?$AA@ 000000018000e630     ilu_error.obj
 0002:00001670       ??_C@_1CM@EKIFNCCF@?$AA?g?5?$BO?$AA?$KB?$AA?e?$AB?$GA?$AA?$LJ?$AA?c?$AA?$IB?$AA?$KK?$AA?c?$AB?$JC?5?$BI?$AA?c?$AB?$JC?$AA?$KJ?$AA?c?$AB?$JC?$AA?$KB?$AA?c?5?$BK?$AA?$LP?$AA?$AA@ 000000018000e670     ilu_error.obj
 0002:000016a0       ??_C@_1DO@BCPNLNCK@?$AA?g?5?$BO?$AA?$KB?$AA?e?$AB?$GA?$AA?$LJ?$AA?c?$AA?$IB?$AA?$KK?$AA?c?$AB?$JC?5?$CC?$AA?c?5?$BK?$AA?$KB?$AA?c?5?$BK?$AA?$KE?$AA?c?$AB?$JC?$AA?$KL?$AA?c?$AB?$JC?$AC?$NM?$AA?c?$AB?$JC?$AB?$JC?$AA?c?$AB?$JC?5?$KM?$AA?$AA@ 000000018000e6a0     ilu_error.obj
 0002:000016e0       ??_C@_1DI@JNECJNFE@?$AA?d?$AA?$LI?$AA?$IN?$AA?f?$AA?$KN?$AA?$KD?$AA?c?$AA?$IB?$AA?$KK?$AA?c?$AB?$JC?5?$CC?$AA?c?5?$BK?$AA?$KB?$AA?c?5?$BK?$AA?$KE?$AA?c?$AB?$JC?$AA?$KL?$AA?c?$AA?$IB?$AA?$KO?$AA?e?5?$KM?$AA?$KE?$AA?$AA@ 000000018000e6e0     ilu_error.obj
 0002:00001718       ??_C@_1DO@KCFEDEHI@?$AA?d?$AA?$LI?$AA?$IN?$AA?f?$AA?$KN?$AA?$KD?$AA?c?$AA?$IB?$AA?$KK?$AA?c?5?$BK?$AA?$KK?$AA?c?$AB?$JC?$ABa?$AA?c?$AB?$JC?$AA?$KM?$AA?c?$AB?$JC?$AA?$LM?$AA?c?5?$BK?$AA?$LH?$AA?c?$AB?$JC?$AA?$KH?$AA?c?$AB?$JC?$AA?$LD?$AA?$AA@ 000000018000e718     ilu_error.obj
 0002:00001758       ??_C@_1BK@LBIDONEM@?$AA?g?5?$BO?$AA?$KB?$AA?e?$AB?$GA?$AA?$LJ?$AA?c?$AA?$IB?$AA?$KK?$AA?e?5?$KM?$AA?$KE?$AA?$AA@ 000000018000e758     ilu_error.obj
 0002:00001778       ??_C@_1CA@EPOLEDJJ@?$AA?e?5?5?5?$CG?$AA?i?$AB?$JC?$AA?$KI?$AA?c?5?$BK?$AA?$KI?$AA?c?$AB?$JC?$AA?$KJ?$AA?c?$AB?$JC?$AA?$LM?$AA?$AA@ 000000018000e778     ilu_error.obj
 0002:000017a0       ??_C@_1GO@FMPNMKGJ@?$AA?c?$AA?$IB?$AA?$LO?$AA?c?$AA?$IB?$AA?$KA?$AA?c?5?$BK?$AA?$LF?$AA?c?$AB?$JC?$AA?$JN?$AA?c?$AB?$JC?$AA?$LM?$AA?c?$AB?$JC?$AC?F?$AA?c?$AA?$IB?5?$CC?$AA?c?5?$BK?$ABR?$AA?c?$AA?$IB?$AA?$KG?$AA?c?$AA?$IB?5?$BO?$AA?c?$AA?$IB@ 000000018000e7a0     ilu_error.obj
 0002:00001810       ??_C@_1CA@PNGDEOJD@?$AA?c?$AB?$JC?$AA?$KB?$AA?c?$AB?$JC?$AA?$KC?$AA?c?$AB?$JC?$AA?$KK?$AA?d?$AA?$LI?$AA?$IN?$AA?h?$AA?$LG?$AA?$LD?$AA?$AA@ 000000018000e810     ilu_error.obj
 0002:00001830       ??_C@_1CG@DPLCGFID@?$AA?g?5?$BO?$AA?$KB?$AA?e?$AB?$GA?$AA?$LJ?$AA?c?$AA?$IB?$AA?$KK?$AA?e?$AC?F?5?$BE?$AA?f?$ABR?$CB?$CC?$AA?e?5?$KM?$AA?$KE?$AA?$AA@ 000000018000e830     ilu_error.obj
 0002:00001858       ??_C@_1BM@PJCGNPCB@?$AAu?$AAn?$AAk?$AAn?$AAo?$AAw?$AAn?$AA?5?$AAe?$AAr?$AAr?$AAo?$AAr?$AA?$AA@ 000000018000e858     ilu_error.obj
 0002:00001878       ??_C@_1BC@IIGBHFMG@?$AAn?$AAo?$AA?5?$AAe?$AAr?$AAr?$AAo?$AAr?$AA?$AA@ 000000018000e878     ilu_error.obj
 0002:00001890       ??_C@_1CE@COEBJKLC@?$AAe?$AAx?$AAr?$AA?5?$AAl?$AAi?$AAb?$AAr?$AAa?$AAr?$AAy?$AA?5?$AAe?$AAr?$AAr?$AAo?$AAr?$AA?$AA@ 000000018000e890     ilu_error.obj
 0002:000018b8       ??_C@_1CE@IIFHDMKA@?$AAj?$AAp?$AA2?$AA?5?$AAl?$AAi?$AAb?$AAr?$AAa?$AAr?$AAy?$AA?5?$AAe?$AAr?$AAr?$AAo?$AAr?$AA?$AA@ 000000018000e8b8     ilu_error.obj
 0002:000018e0       ??_C@_1CE@DNFDKFOC@?$AAm?$AAn?$AAg?$AA?5?$AAl?$AAi?$AAb?$AAr?$AAa?$AAr?$AAy?$AA?5?$AAe?$AAr?$AAr?$AAo?$AAr?$AA?$AA@ 000000018000e8e0     ilu_error.obj
 0002:00001908       ??_C@_1CG@BMLLHHIC@?$AAt?$AAi?$AAf?$AAf?$AA?5?$AAl?$AAi?$AAb?$AAr?$AAa?$AAr?$AAy?$AA?5?$AAe?$AAr?$AAr?$AAo?$AAr?$AA?$AA@ 000000018000e908     ilu_error.obj
 0002:00001930       ??_C@_1CE@BJCPKJC@?$AAp?$AAn?$AAg?$AA?5?$AAl?$AAi?$AAb?$AAr?$AAa?$AAr?$AAy?$AA?5?$AAe?$AAr?$AAr?$AAo?$AAr?$AA?$AA@ 000000018000e930     ilu_error.obj
 0002:00001958       ??_C@_1CG@BNHFIPKA@?$AAj?$AAp?$AAe?$AAg?$AA?5?$AAl?$AAi?$AAb?$AAr?$AAa?$AAr?$AAy?$AA?5?$AAe?$AAr?$AAr?$AAo?$AAr?$AA?$AA@ 000000018000e958     ilu_error.obj
 0002:00001980       ??_C@_1CE@LCDGAJIP@?$AAg?$AAi?$AAf?$AA?5?$AAl?$AAi?$AAb?$AAr?$AAa?$AAr?$AAy?$AA?5?$AAe?$AAr?$AAr?$AAo?$AAr?$AA?$AA@ 000000018000e980     ilu_error.obj
 0002:000019a8       ??_C@_1CA@EIFDJBOE@?$AAf?$AAi?$AAl?$AAe?$AA?5?$AAr?$AAe?$AAa?$AAd?$AA?5?$AAe?$AAr?$AAr?$AAo?$AAr?$AA?$AA@ 000000018000e9a8     ilu_error.obj
 0002:000019c8       ??_C@_1BO@FOHEDCED@?$AAb?$AAa?$AAd?$AA?5?$AAd?$AAi?$AAm?$AAe?$AAn?$AAs?$AAi?$AAo?$AAn?$AAs?$AA?$AA@ 000000018000e9c8     ilu_error.obj
 0002:000019e8       ??_C@_1CG@MKADAEIE@?$AAi?$AAn?$AAv?$AAa?$AAl?$AAi?$AAd?$AA?5?$AAc?$AAo?$AAn?$AAv?$AAe?$AAr?$AAs?$AAi?$AAo?$AAn?$AA?$AA@ 000000018000e9e8     ilu_error.obj
 0002:00001a10       ??_C@_1CA@FPJPDOKI@?$AAs?$AAt?$AAa?$AAc?$AAk?$AA?5?$AAu?$AAn?$AAd?$AAe?$AAr?$AAf?$AAl?$AAo?$AAw?$AA?$AA@ 000000018000ea10     ilu_error.obj
 0002:00001a30       ??_C@_1BO@IJEMINHH@?$AAs?$AAt?$AAa?$AAc?$AAk?$AA?5?$AAo?$AAv?$AAe?$AAr?$AAf?$AAl?$AAo?$AAw?$AA?$AA@ 000000018000ea30     ilu_error.obj
 0002:00001a50       ??_C@_1CI@JJPAMJDE@?$AAf?$AAi?$AAl?$AAe?$AA?5?$AAa?$AAl?$AAr?$AAe?$AAa?$AAd?$AAy?$AA?5?$AAe?$AAx?$AAi?$AAs?$AAt?$AAs?$AA?$AA@ 000000018000ea50     ilu_error.obj
 0002:00001a78       ??_C@_1CE@FIDIOFI@?$AAi?$AAn?$AAv?$AAa?$AAl?$AAi?$AAd?$AA?5?$AAe?$AAx?$AAt?$AAe?$AAn?$AAs?$AAi?$AAo?$AAn?$AA?$AA@ 000000018000ea78     ilu_error.obj
 0002:00001aa0       ??_C@_1CI@PNPENFJK@?$AAc?$AAo?$AAu?$AAl?$AAd?$AA?5?$AAn?$AAo?$AAt?$AA?5?$AAo?$AAp?$AAe?$AAn?$AA?5?$AAf?$AAi?$AAl?$AAe?$AA?$AA@ 000000018000eaa0     ilu_error.obj
 0002:00001ac8       ??_C@_1CE@FDJGJLIM@?$AAi?$AAn?$AAv?$AAa?$AAl?$AAi?$AAd?$AA?5?$AAp?$AAa?$AAr?$AAa?$AAm?$AAe?$AAt?$AAe?$AAr?$AA?$AA@ 000000018000eac8     ilu_error.obj
 0002:00001af0       ??_C@_1CI@CKHAEECK@?$AAi?$AAn?$AAv?$AAa?$AAl?$AAi?$AAd?$AA?5?$AAf?$AAi?$AAl?$AAe?$AA?5?$AAh?$AAe?$AAa?$AAd?$AAe?$AAr?$AA?$AA@ 000000018000eaf0     ilu_error.obj
 0002:00001b18       ??_C@_1CG@CAODKLOC@?$AAi?$AAl?$AAl?$AAe?$AAg?$AAa?$AAl?$AA?5?$AAf?$AAi?$AAl?$AAe?$AA?5?$AAv?$AAa?$AAl?$AAu?$AAe?$AA?$AA@ 000000018000eb18     ilu_error.obj
 0002:00001b40       ??_C@_1CE@GIOFLKOI@?$AAi?$AAl?$AAl?$AAe?$AAg?$AAa?$AAl?$AA?5?$AAo?$AAp?$AAe?$AAr?$AAa?$AAt?$AAi?$AAo?$AAn?$AA?$AA@ 000000018000eb40     ilu_error.obj
 0002:00001b68       ??_C@_1BM@KNOHGDIE@?$AAi?$AAn?$AAv?$AAa?$AAl?$AAi?$AAd?$AA?5?$AAv?$AAa?$AAl?$AAu?$AAe?$AA?$AA@ 000000018000eb68     ilu_error.obj
 0002:00001b88       ??_C@_1BO@JGHPIJJK@?$AAi?$AAn?$AAt?$AAe?$AAr?$AAn?$AAa?$AAl?$AA?5?$AAe?$AAr?$AAr?$AAo?$AAr?$AA?$AA@ 000000018000eb88     ilu_error.obj
 0002:00001ba8       ??_C@_1DC@LCIPDJNP@?$AAf?$AAo?$AAr?$AAm?$AAa?$AAt?$AA?5?$AAn?$AAo?$AAt?$AA?5?$AAs?$AAu?$AAp?$AAp?$AAo?$AAr?$AAt?$AAe?$AAd?$AA?5?$AAy?$AAe?$AAt?$AA?$AA@ 000000018000eba8     ilu_error.obj
 0002:00001be0       ??_C@_1BM@BMAPKJHF@?$AAo?$AAu?$AAt?$AA?5?$AAo?$AAf?$AA?5?$AAm?$AAe?$AAm?$AAo?$AAr?$AAy?$AA?$AA@ 000000018000ebe0     ilu_error.obj
 0002:00001c00       ??_C@_1CE@BCAFBLJ@?$AAi?$AAn?$AAv?$AAa?$AAl?$AAi?$AAd?$AA?5?$AAe?$AAn?$AAu?$AAm?$AAe?$AAr?$AAa?$AAn?$AAt?$AA?$AA@ 000000018000ec00     ilu_error.obj
 0002:00001c28       ??_C@_1BO@BJDEMPII@?$AAo?$AAn?$AAb?$AAe?$AAk?$AAe?$AAn?$AAd?$AAe?$AA?5?$AAf?$AAo?$AAu?$AAt?$AA?$AA@ 000000018000ec28     ilu_error.obj
 0002:00001c48       ??_C@_1BE@ELLEKHBC@?$AAg?$AAe?$AAe?$AAn?$AA?5?$AAf?$AAo?$AAu?$AAt?$AA?$AA@ 000000018000ec48     ilu_error.obj
 0002:00001c60       ??_C@_1DA@HFPELOMN@?$AAf?$AAo?$AAu?$AAt?$AA?5?$AAi?$AAn?$AA?5?$AAe?$AAx?$AAr?$AA?5?$AAb?$AAi?$AAb?$AAl?$AAi?$AAo?$AAt?$AAh?$AAe?$AAe?$AAk?$AA?$AA@ 000000018000ec60     ilu_error.obj
 0002:00001c90       ??_C@_1DA@HLHMMBEN@?$AAf?$AAo?$AAu?$AAt?$AA?5?$AAi?$AAn?$AA?5?$AAj?$AAp?$AA2?$AA?5?$AAb?$AAi?$AAb?$AAl?$AAi?$AAo?$AAt?$AAh?$AAe?$AAe?$AAk?$AA?$AA@ 000000018000ec90     ilu_error.obj
 0002:00001cc0       ??_C@_1DA@HDHDCEBC@?$AAf?$AAo?$AAu?$AAt?$AA?5?$AAi?$AAn?$AA?5?$AAm?$AAn?$AAg?$AA?5?$AAb?$AAi?$AAb?$AAl?$AAi?$AAo?$AAt?$AAh?$AAe?$AAe?$AAk?$AA?$AA@ 000000018000ecc0     ilu_error.obj
 0002:00001cf0       ??_C@_1DC@CAPGNEEG@?$AAf?$AAo?$AAu?$AAt?$AA?5?$AAi?$AAn?$AA?5?$AAt?$AAi?$AAf?$AAf?$AA?5?$AAb?$AAi?$AAb?$AAl?$AAi?$AAo?$AAt?$AAh?$AAe?$AAe?$AAk?$AA?$AA@ 000000018000ecf0     ilu_error.obj
 0002:00001d28       ??_C@_1DA@NGOGBCP@?$AAf?$AAo?$AAu?$AAt?$AA?5?$AAi?$AAn?$AA?5?$AAp?$AAn?$AAg?$AA?5?$AAb?$AAi?$AAb?$AAl?$AAi?$AAo?$AAt?$AAh?$AAe?$AAe?$AAk?$AA?$AA@ 000000018000ed28     ilu_error.obj
 0002:00001d58       ??_C@_1DC@GLKNCDLC@?$AAf?$AAo?$AAu?$AAt?$AA?5?$AAi?$AAn?$AA?5?$AAj?$AAp?$AAe?$AAg?$AA?5?$AAb?$AAi?$AAb?$AAl?$AAi?$AAo?$AAt?$AAh?$AAe?$AAe?$AAk?$AA?$AA@ 000000018000ed58     ilu_error.obj
 0002:00001d90       ??_C@_1DA@BMDFEJHG@?$AAf?$AAo?$AAu?$AAt?$AA?5?$AAi?$AAn?$AA?5?$AAg?$AAi?$AAf?$AA?5?$AAb?$AAi?$AAb?$AAl?$AAi?$AAo?$AAt?$AAh?$AAe?$AAe?$AAk?$AA?$AA@ 000000018000ed90     ilu_error.obj
 0002:00001dc0       ??_C@_1CI@BBHOKBNC@?$AAL?$AAe?$AAe?$AAs?$AAf?$AAo?$AAu?$AAt?$AA?5?$AAi?$AAn?$AA?5?$AAb?$AAe?$AAs?$AAt?$AAa?$AAn?$AAd?$AA?$AA@ 000000018000edc0     ilu_error.obj
 0002:00001de8       ??_C@_1CG@JNCKHOAF@?$AAs?$AAl?$AAe?$AAc?$AAh?$AAt?$AAe?$AA?5?$AAa?$AAf?$AAm?$AAe?$AAt?$AAi?$AAn?$AAg?$AAe?$AAn?$AA?$AA@ 000000018000ede8     ilu_error.obj
 0002:00001e10       ??_C@_1CI@LFJMNLPM@?$AAo?$AAn?$AAg?$AAe?$AAl?$AAd?$AAi?$AAg?$AAe?$AA?5?$AAo?$AAm?$AAz?$AAe?$AAt?$AAt?$AAi?$AAn?$AAg?$AA?$AA@ 000000018000ee10     ilu_error.obj
 0002:00001e38       ??_C@_1CK@PLLKABCL@?$AAs?$AAt?$AAa?$AAp?$AAe?$AAl?$AA?5?$AAo?$AAn?$AAd?$AAe?$AAr?$AAs?$AAt?$AAr?$AAo?$AAm?$AAi?$AAn?$AAg?$AA?$AA@ 000000018000ee38     ilu_error.obj
 0002:00001e68       ??_C@_1CI@CPFECHMH@?$AAs?$AAt?$AAa?$AAp?$AAe?$AAl?$AA?5?$AAo?$AAv?$AAe?$AAr?$AAs?$AAt?$AAr?$AAo?$AAm?$AAi?$AAn?$AAg?$AA?$AA@ 000000018000ee68     ilu_error.obj
 0002:00001e90       ??_C@_1DI@LOPIGHEA@?$AAu?$AAi?$AAt?$AAg?$AAa?$AAa?$AAn?$AAd?$AA?5?$AAf?$AAo?$AAr?$AAm?$AAa?$AAa?$AAt?$AA?5?$AAe?$AAq?$AAu?$AAi?$AAv?$AAa?$AAl?$AAe?$AAn?$AAt?$AA?$AA@ 000000018000ee90     ilu_error.obj
 0002:00001ec8       ??_C@_1CM@OKHKECGG@?$AAB?$AAe?$AAs?$AAt?$AAa?$AAn?$AAd?$AA?5?$AAb?$AAe?$AAs?$AAt?$AAa?$AAa?$AAt?$AA?5?$AAr?$AAe?$AAe?$AAd?$AAs?$AA?$AA@ 000000018000eec8     ilu_error.obj
 0002:00001ef8       ??_C@_1BE@LCGIKMOB@?$AAo?$AAn?$AAg?$AAe?$AAl?$AAd?$AAi?$AAg?$AAe?$AA?$AA@ 000000018000eef8     ilu_error.obj
 0002:00001f10       ??_C@_1DI@CHFHPILJ@?$AAK?$AAa?$AAn?$AA?5?$AAh?$AAe?$AAt?$AA?5?$AAb?$AAe?$AAs?$AAt?$AAa?$AAn?$AAd?$AA?5?$AAn?$AAi?$AAe?$AAt?$AA?5?$AAo?$AAp?$AAe?$AAn?$AAe?$AAn?$AA?$AA@ 000000018000ef10     ilu_error.obj
 0002:00001f48       ??_C@_1CI@NOFPCGDE@?$AAO?$AAn?$AAg?$AAe?$AAl?$AAd?$AAi?$AAg?$AAe?$AA?5?$AAp?$AAa?$AAr?$AAa?$AAm?$AAe?$AAt?$AAe?$AAr?$AA?$AA@ 000000018000ef48     ilu_error.obj
 0002:00001f70       ??_C@_1CI@CKOFGPEF@?$AAF?$AAo?$AAu?$AAt?$AAe?$AA?5?$AAb?$AAe?$AAs?$AAt?$AAa?$AAn?$AAd?$AAs?$AAb?$AAe?$AAg?$AAi?$AAn?$AA?$AA@ 000000018000ef70     ilu_error.obj
 0002:00001f98       ??_C@_1CK@DALIPNHP@?$AAF?$AAo?$AAu?$AAt?$AAe?$AA?5?$AAb?$AAe?$AAs?$AAt?$AAa?$AAn?$AAd?$AAs?$AAw?$AAa?$AAa?$AAr?$AAd?$AAe?$AA?$AA@ 000000018000ef98     ilu_error.obj
 0002:00001fc8       ??_C@_1CA@OMNHALEG@?$AAF?$AAo?$AAu?$AAt?$AAe?$AA?5?$AAb?$AAe?$AAw?$AAe?$AAr?$AAk?$AAi?$AAn?$AAg?$AA?$AA@ 000000018000efc8     ilu_error.obj
 0002:00001fe8       ??_C@_1CC@BNHNEJBH@?$AAO?$AAn?$AAg?$AAe?$AAl?$AAd?$AAi?$AAg?$AAe?$AA?5?$AAw?$AAa?$AAa?$AAr?$AAd?$AAe?$AA?$AA@ 000000018000efe8     ilu_error.obj
 0002:00002010       ??_C@_1BK@IAHOFMGB@?$AAI?$AAn?$AAt?$AAe?$AAr?$AAn?$AAe?$AA?5?$AAf?$AAo?$AAu?$AAt?$AA?$AA@ 000000018000f010     ilu_error.obj
 0002:00002030       ??_C@_1EE@MMILIJIF@?$AAF?$AAo?$AAr?$AAm?$AAa?$AAt?$AA?5?$AAw?$AAo?$AAr?$AAd?$AAt?$AA?5?$AAn?$AAo?$AAg?$AA?5?$AAn?$AAi?$AAe?$AAt?$AA?5?$AAo?$AAn?$AAd?$AAe?$AAr?$AAs?$AAt?$AAe?$AAu?$AAn@ 000000018000f030     ilu_error.obj
 0002:00002078       ??_C@_1DA@FKGAOINK@?$AAG?$AAe?$AAe?$AAn?$AA?5?$AAv?$AAr?$AAi?$AAj?$AA?5?$AAg?$AAe?$AAh?$AAe?$AAu?$AAg?$AAe?$AAn?$AA?5?$AAm?$AAe?$AAe?$AAr?$AA?$AA@ 000000018000f078     ilu_error.obj
 0002:000020a8       ??_C@_1CI@IMOJOMAB@?$AAO?$AAn?$AAg?$AAe?$AAl?$AAd?$AAi?$AAg?$AAe?$AA?5?$AAe?$AAn?$AAu?$AAm?$AAe?$AAr?$AAa?$AAn?$AAt?$AA?$AA@ 000000018000f0a8     ilu_error.obj
 0002:000020d0       ??_C@_1DC@NJMLPFEF@?$AA?X?$AA?$KO?$AA?X?$AA?$LH?$AA?X?$AA?$KD?$AA?5?$AA?X?$AA?$LK?$AA?Y?$AB?$GA?$AA?X?$AA?$LB?$AA?5?$AA?Y?5?$CG?$AA?X?$AA?$LJ?$AA?X?$AA?$LB?$AA?Y?$AC?F?$AA?Y?$AA?$IB?$AA?$AA@ 000000018000f0d0     ilu_error.obj
 0002:00002108       ??_C@_1CI@DDNPLLDD@?$AA?Y?5?$BO?$AA?X?$AA?$KH?$AA?Y?$AB?$GA?$AA?Y?$AC?F?$AA?X?$AA?$KM?$AA?X?$AA?$KP?$AA?5?$AA?X?$AA?$KO?$AA?X?$AA?$LH?$AA?X?$AA?$KD?$AA?$AA@ 000000018000f108     ilu_error.obj
 0002:00002130       ??_C@_1DG@KBECJPIG@?$AA?X?$AA?$KO?$AA?X?$AA?$LH?$AA?X?$AA?$KD?$AA?5?$AA?Y?$AA?$IB?$AA?Y?$AB?$GA?$AA?5?$AA?Y?5?$CG?$AA?Y?$AB?$JC?$AA?X?$AA?$KK?$AA?X?$AA?$KI?$AA?X?$AA?$KJ?$AA?5?$AAe?$AAx?$AAr?$AA?$AA@ 000000018000f130     ilu_error.obj
 0002:00002168       ??_C@_1DG@PCFFHHK@?$AA?X?$AA?$KO?$AA?X?$AA?$LH?$AA?X?$AA?$KD?$AA?5?$AA?Y?$AA?$IB?$AA?Y?$AB?$GA?$AA?5?$AA?Y?5?$CG?$AA?Y?$AB?$JC?$AA?X?$AA?$KK?$AA?X?$AA?$KI?$AA?X?$AA?$KJ?$AA?5?$AAj?$AAp?$AA2?$AA?$AA@ 000000018000f168     ilu_error.obj
 0002:000021a0       ??_C@_1DG@MAOPMCBI@?$AA?X?$AA?$KO?$AA?X?$AA?$LH?$AA?X?$AA?$KD?$AA?5?$AA?Y?$AA?$IB?$AA?Y?$AB?$GA?$AA?5?$AA?Y?5?$CG?$AA?Y?$AB?$JC?$AA?X?$AA?$KK?$AA?X?$AA?$KI?$AA?X?$AA?$KJ?$AA?5?$AAm?$AAn?$AAg?$AA?$AA@ 000000018000f1a0     ilu_error.obj
 0002:000021d8       ??_C@_1DI@PDBOCDGL@?$AA?X?$AA?$KO?$AA?X?$AA?$LH?$AA?X?$AA?$KD?$AA?5?$AA?Y?$AA?$IB?$AA?Y?$AB?$GA?$AA?5?$AA?Y?5?$CG?$AA?Y?$AB?$JC?$AA?X?$AA?$KK?$AA?X?$AA?$KI?$AA?X?$AA?$KJ?$AA?5?$AAt?$AAi?$AAf?$AAf?$AA?$AA@ 000000018000f1d8     ilu_error.obj
 0002:00002210       ??_C@_1DG@CHFBOGOC@?$AA?X?$AA?$KO?$AA?X?$AA?$LH?$AA?X?$AA?$KD?$AA?5?$AA?Y?$AA?$IB?$AA?Y?$AB?$GA?$AA?5?$AA?Y?5?$CG?$AA?Y?$AB?$JC?$AA?X?$AA?$KK?$AA?X?$AA?$KI?$AA?X?$AA?$KJ?$AA?5?$AAp?$AAn?$AAg?$AA?$AA@ 000000018000f210     ilu_error.obj
 0002:00002248       ??_C@_1DI@JHKFKNPL@?$AA?X?$AA?$KO?$AA?X?$AA?$LH?$AA?X?$AA?$KD?$AA?5?$AA?Y?$AA?$IB?$AA?Y?$AB?$GA?$AA?5?$AA?Y?5?$CG?$AA?Y?$AB?$JC?$AA?X?$AA?$KK?$AA?X?$AA?$KI?$AA?X?$AA?$KJ?$AA?5?$AAj?$AAp?$AAe?$AAg?$AA?$AA@ 000000018000f248     ilu_error.obj
 0002:00002280       ??_C@_1DG@PEJGIJAN@?$AA?X?$AA?$KO?$AA?X?$AA?$LH?$AA?X?$AA?$KD?$AA?5?$AA?Y?$AA?$IB?$AA?Y?$AB?$GA?$AA?5?$AA?Y?5?$CG?$AA?Y?$AB?$JC?$AA?X?$AA?$KK?$AA?X?$AA?$KI?$AA?X?$AA?$KJ?$AA?5?$AAg?$AAi?$AAf?$AA?$AA@ 000000018000f280     ilu_error.obj
 0002:000022c0       ??_C@_1FO@JKALNGNB@?$AA?X?$AA?$KN?$AA?X?$AA?$KP?$AA?X?$AA?$KL?$AA?5?$AA?X?$AA?$KO?$AA?X?$AA?$LH?$AA?X?$AA?$KD?$AA?5?$AA?X?$AA?$KD?$AA?X?$AA?$KL?$AA?Y?5?5?$AA?X?$AA?$KH?$AA?X?$AA?$KB?$AA?5?$AA?Y?5?$BK?$AA?X?$AA?$LB?$AA?X?$AA?$KH?$AA?X@ 000000018000f2c0     ilu_error.obj
 0002:00002320       ??_C@_1CM@ODKJEFOH@?$AA?X?$AA?$KD?$AA?X?$AA?$KI?$AA?X?$AA?$LJ?$AA?X?$AA?$KH?$AA?X?$AA?$KP?$AA?5?$AA?X?$AA?$KO?$AA?X?$AA?$KH?$AA?X?$AA?$LH?$AA?X?$AA?$KG?$AA?X?$AA?$KJ?$AA?$AA@ 000000018000f320     ilu_error.obj
 0002:00002350       ??_C@_1CI@KHPOOPFL@?$AA?X?$AA?$KK?$AA?X?$AA?$KN?$AA?Y?$AC?F?$AA?Y?$AB?$GA?$AA?Y?5?$BO?$AA?5?$AA?X?$AA?$KO?$AA?X?$AA?$KH?$AA?X?$AA?$LH?$AA?X?$AA?$KG?$AA?$AA@ 000000018000f350     ilu_error.obj
 0002:00002380       ??_C@_1EK@OOCHNAMJ@?$AA?X?$AA?$KH?$AA?Y?5?$BO?$AA?Y?5?$CG?$AA?Y?$AB?$JC?$AA?X?$AA?$KP?$AA?X?$AA?$LD?$AA?5?$AA?$CI?$AA?X?$AA?$KH?$AA?Y?5?$BO?$AA?X?$AA?$LD?$AA?X?$AA?$KK?$AA?X?$AA?$KH?$AA?Y?$AB?$JC?$AA?$CJ?$AA?5?$AA?Y?$AA?$IB?$AA?X?$AA?$KH@ 000000018000f380     ilu_error.obj
 0002:000023d0       ??_C@_1EM@FEDOAPDH@?$AA?X?$AA?$KH?$AA?Y?5?$BO?$AA?Y?5?$CG?$AA?Y?$AB?$JC?$AA?X?$AA?$KP?$AA?X?$AA?$LD?$AA?$CI?$AA?X?$AA?$KH?$AA?Y?5?$BO?$AA?X?$AA?$LD?$AA?X?$AA?$KK?$AA?X?$AA?$KH?$AA?Y?$AB?$JC?$AA?$CJ?$AA?5?$AA?Y?5?$CG?$AA?Y?5?$CG?$AA?X@ 000000018000f3d0     ilu_error.obj
 0002:00002420       ??_C@_1CM@GEOCLFPM@?$AAo?$AAu?$AAt?$AA?5?$AAf?$AAo?$AAr?$AAm?$AAa?$AAt?$AA?5?$AAe?$AAq?$AAu?$AAi?$AAv?$AAa?$AAl?$AAe?$AAn?$AAt?$AA?$AA@ 000000018000f420     ilu_error.obj
 0002:00002450       ??_C@_1CM@PMHKHBHM@?$AA?X?$AA?$KH?$AA?Y?5?$BO?$AA?Y?5?$CG?$AA?Y?5?$BO?$AA?Y?$AA?$IB?$AA?5?$AA?Y?5?$CG?$AA?Y?$AC?F?$AA?X?$AA?$KM?$AA?Y?$AC?F?$AA?X?$AA?$KP?$AA?$AA@ 000000018000f450     ilu_error.obj
 0002:00002480       ??_C@_1EC@ELNGHLII@?$AA?X?$AA?$KH?$AA?Y?5?$CG?$AA?X?$AA?$KK?$AA?X?$AA?$KP?$AA?X?$AA?$KH?$AA?X?$AA?$KP?$AA?5?$AA?X?$AA?$KH?$AA?Y?5?$BO?$AA?Y?5?$CG?$AA?Y?5?$BO?$AA?Y?$AA?$IB?$AA?5?$AA?X?$AA?$KO?$AA?X?$AA?$KH?$AA?X?$AA?$LH?$AA?X?$AA?$KG@ 000000018000f480     ilu_error.obj
 0002:000024c8       ??_C@_1DO@BCOLGLII@?$AA?Y?5?$BO?$AA?X?$AA?$KH?$AA?Y?$AB?$GA?$AA?Y?5?$CG?$AA?Y?$AB?$JC?$AA?Y?5?5?$AA?5?$AA?Y?$AA?$IB?$AA?X?$AA?$KK?$AA?X?$AA?$KN?$AA?5?$AA?X?$AA?$KH?$AA?Y?5?$BO?$AA?Y?5?$CG?$AA?Y?5?$BO?$AA?Y?$AA?$IB?$AA?$AA@ 000000018000f4c8     ilu_error.obj
 0002:00002510       ??_C@_1FE@FFAJOFFI@?$AA?X?$AA?$KH?$AA?Y?5?$BO?$AA?X?$AA?$KI?$AA?X?$AA?$KH?$AA?X?$AA?$LB?$AA?Y?5?$CG?$AA?X?$AA?$KK?$AA?X?$AA?$LB?$AA?$CI?$AA?X?$AA?$KH?$AA?Y?5?$BO?$AA?Y?5?$CG?$AA?X?$AA?$LJ?$AA?X?$AA?$KH?$AA?Y?5?$CG?$AA?Y?5?$BO?$AA?$CJ@ 000000018000f510     ilu_error.obj
 0002:00002568       ??_C@_1DG@PEEOMHCO@?$AA?X?$AA?$LB?$AA?X?$AA?$KD?$AA?X?$AA?$LD?$AA?5?$AA?X?$AA?$KH?$AA?Y?5?$BO?$AA?Y?5?$CG?$AA?Y?5?$BO?$AA?Y?$AA?$IB?$AA?5?$AA?X?$AA?$KO?$AA?X?$AA?$KH?$AA?X?$AA?$LH?$AA?X?$AA?$KG?$AA?$AA@ 000000018000f568     ilu_error.obj
 0002:000025a0       ??_C@_1FK@DBCJCMKH@?$AA?X?$AA?$LB?$AA?Y?5?$BK?$AA?Y?5?$CG?$AA?5?$AA?$CI?$AA?Y?5?$BK?$AA?Y?$AB?$GA?$AA?Y?5?$CG?$AA?X?$AA?$KJ?$AA?$CJ?$AA?5?$AA?X?$AA?$KH?$AA?Y?5?$BO?$AA?Y?5?$CG?$AA?Y?5?$BO?$AA?Y?$AA?$IB?$AA?5?$AA?X?$AA?$LK?$AA?Y@ 000000018000f5a0     ilu_error.obj
 0002:00002600       ??_C@_1DK@BIMPKKKL@?$AA?X?$AA?$LJ?$AA?Y?5?$CG?$AA?Y?5?$BO?$AA?Y?$AB?$GA?$AA?X?$AA?$KJ?$AA?5?$AA?X?$AA?$LK?$AA?Y?$AB?$GA?$AA?X?$AA?$LB?$AA?5?$AA?X?$AA?$LE?$AA?X?$AA?$LB?$AA?X?$AA?$LJ?$AA?Y?$AB?$GA?$AA?X?$AA?$KJ?$AA?$AA@ 000000018000f600     ilu_error.obj
 0002:00002640       ??_C@_1CI@CEMFKKII@?$AA?Y?5?$BK?$AA?Y?$AB?$GA?$AA?Y?5?$CG?$AA?X?$AA?$KJ?$AA?5?$AA?X?$AA?$KO?$AA?X?$AA?$KH?$AA?X?$AA?$LH?$AA?X?$AA?$KG?$AA?X?$AA?$KJ?$AA?$AA@ 000000018000f640     ilu_error.obj
 0002:00002668       ??_C@_1CE@MCMENKPJ@?$AA?X?$AA?$KO?$AA?X?$AA?$LH?$AA?X?$AA?$KD?$AA?5?$AA?X?$AA?$KP?$AA?X?$AA?$KH?$AA?X?$AA?$KO?$AA?Y?5?$BO?$AA?Y?$AB?$GA?$AA?$AA@ 000000018000f668     ilu_error.obj
 0002:00002690       ??_C@_1EM@PFABACPB@?$AA?Y?5?5?$AA?X?$AA?$LD?$AA?Y?5?$BK?$AA?5?$AA?X?$AA?$KH?$AA?Y?5?$BO?$AA?X?$AA?$LF?$AA?Y?$AC?F?$AA?X?$AA?$LB?$AA?X?$AA?$KJ?$AA?5?$AA?X?$AA?$LK?$AA?Y?$AB?$GA?$AA?X?$AA?$LB?$AA?5?$AA?Y?5?$CG?$AA?X?$AA?$KP?$AA?X@ 000000018000f690     ilu_error.obj
 0002:000026e0       ??_C@_1EC@EDNINNFE@?$AA?X?$AA?$KO?$AA?X?$AA?$KH?$AA?X?$AA?$LB?$AA?X?$AA?$KM?$AA?5?$AA?X?$AA?$KN?$AA?X?$AA?$KP?$AA?Y?$AC?F?$AA?X?$AA?$KP?$AA?5?$AA?X?$AA?$KH?$AA?Y?5?$BO?$AA?X?$AA?$LA?$AA?X?$AA?$KH?$AA?Y?$AB?$JC?$AA?X?$AA?$LB?$AA?X?$AA?$KJ@ 000000018000f6e0     ilu_error.obj
 0002:00002728       ??_C@_1CG@FMMCPAGB@?$AAe?$AAn?$AAu?$AAm?$AAe?$AAr?$AAa?$AAn?$AAt?$AA?5?$AA?X?$AA?$KO?$AA?X?$AA?$KH?$AA?X?$AA?$LH?$AA?X?$AA?$KG?$AA?$AA@ 000000018000f728     ilu_error.obj
 0002:00002750       ?IL_PI@@3NB                000000018000f750     ilu_internal.obj
 0002:00002758       ?IL_DEGCONV@@3NB           000000018000f758     ilu_internal.obj
 0002:000028b0       ??_C@_1GA@KHDKGBOD@?$AAD?$AAe?$AAv?$AAe?$AAl?$AAo?$AAp?$AAe?$AAr?$AA?8?$AAs?$AA?5?$AAI?$AAm?$AAa?$AAg?$AAe?$AA?5?$AAL?$AAi?$AAb?$AAr?$AAa?$AAr?$AAy?$AA?5?$AAU?$AAt?$AAi?$AAl?$AAi?$AAt@ 000000018000f8b0     ilu_states.obj
 0002:00002910       ??_C@_1CC@FLLNLNFB@?$AAA?$AAb?$AAy?$AAs?$AAm?$AAa?$AAl?$AA?5?$AAS?$AAo?$AAf?$AAt?$AAw?$AAa?$AAr?$AAe?$AA?$AA@ 000000018000f910     ilu_states.obj
 0002:00002934       __real@3f800000            000000018000f934      CIL library: CIL module
 0002:00002938       __real@3f000000            000000018000f938      CIL library: CIL module
 0002:00002940       __real@3fe0000000000000    000000018000f940      CIL library: CIL module
 0002:00002948       __real@3ff0000000000000    000000018000f948      CIL library: CIL module
 0002:00002950       __real@43870000            000000018000f950      CIL library: CIL module
 0002:00002954       __real@43340000            000000018000f954      CIL library: CIL module
 0002:00002958       __real@42b40000            000000018000f958      CIL library: CIL module
 0002:00002960       __real@4066800000000000    000000018000f960      CIL library: CIL module
 0002:00002968       __real@43b40000            000000018000f968      CIL library: CIL module
 0002:00002970       __real@4076800000000000    000000018000f970      CIL library: CIL module
 0002:00002978       __real@40e00000            000000018000f978      CIL library: CIL module
 0002:00002980       __real@403e000000000000    000000018000f980      CIL library: CIL module
 0002:00002988       __real@402e000000000000    000000018000f988      CIL library: CIL module
 0002:00002990       __real@41200000            000000018000f990      CIL library: CIL module
 0002:000029a0       __mask@@AbsDouble@         000000018000f9a0      CIL library: CIL module
 0002:000029b0       __mask@@NegDouble@         000000018000f9b0      CIL library: CIL module
 0002:000029c0       __real@4025555555555555    000000018000f9c0      CIL library: CIL module
 0002:000029c8       __real@c002aaaaaaaaaaab    000000018000f9c8      CIL library: CIL module
 0002:000029d0       __real@c034000000000000    000000018000f9d0      CIL library: CIL module
 0002:000029d8       __real@4028000000000000    000000018000f9d8      CIL library: CIL module
 0002:000029e0       __real@4000000000000000    000000018000f9e0      CIL library: CIL module
 0002:000029e8       __real@4018000000000000    000000018000f9e8      CIL library: CIL module
 0002:000029f0       __real@4015555555555555    000000018000f9f0      CIL library: CIL module
 0002:000029f8       __real@401c000000000000    000000018000f9f8      CIL library: CIL module
 0002:00002a00       __real@c028000000000000    000000018000fa00      CIL library: CIL module
 0002:00002a08       __real@3fc5555555555555    000000018000fa08      CIL library: CIL module
 0002:00002a10       __real@3fe5555555555555    000000018000fa10      CIL library: CIL module
 0002:00002a18       __real@3ff8000000000000    000000018000fa18      CIL library: CIL module
 0002:00002a20       __real@3fe8000000000000    000000018000fa20      CIL library: CIL module
 0002:00002a28       __real@bfe0000000000000    000000018000fa28      CIL library: CIL module
 0002:00002a30       __real@4008000000000000    000000018000fa30      CIL library: CIL module
 0002:00002a38       __real@477fff00            000000018000fa38      CIL library: CIL module
 0002:00002a3c       __real@4f800000            000000018000fa3c      CIL library: CIL module
 0002:00002a40       __real@437f0000            000000018000fa40      CIL library: CIL module
 0002:00002a48       __real@406fe00000000000    000000018000fa48      CIL library: CIL module
 0002:00002a50       __real@3e9e00d2            000000018000fa50      CIL library: CIL module
 0002:00002a54       __real@3f1c01a3            000000018000fa54      CIL library: CIL module
 0002:00002a58       __real@3da7ef9e            000000018000fa58      CIL library: CIL module
 0002:00002a5c       __real@34000000            000000018000fa5c      CIL library: CIL module
 0002:00002a60       __real@bf800000            000000018000fa60      CIL library: CIL module
 0002:00002a64       __real@00000000            000000018000fa64      CIL library: CIL module
 0002:00002a68       __real@42fe0000            000000018000fa68      CIL library: CIL module
 0002:00002a6c       __real@46fffe00            000000018000fa6c      CIL library: CIL module
 0002:00002a70       __real@4f000000            000000018000fa70      CIL library: CIL module
 0002:00002ac8       __rtc_iaa                  000000018000fac8     msvcrt:_initsect_.obj
 0002:00002ad0       __rtc_izz                  000000018000fad0     msvcrt:_initsect_.obj
 0002:00002ad8       __rtc_taa                  000000018000fad8     msvcrt:_initsect_.obj
 0002:00002ae0       __rtc_tzz                  000000018000fae0     msvcrt:_initsect_.obj
 0002:000036f0       __IMPORT_DESCRIPTOR_ResIL  00000001800106f0     resil:ResIL.dll
 0002:00003704       __IMPORT_DESCRIPTOR_MSVCR100 0000000180010704     msvcrt:MSVCR100.dll
 0002:00003718       __IMPORT_DESCRIPTOR_KERNEL32 0000000180010718     kernel32:KERNEL32.dll
 0002:0000372c       __NULL_IMPORT_DESCRIPTOR   000000018001072c     resil:ResIL.dll
 0003:00000000       __security_cookie          0000000180012000     msvcrt:gs_cookie.obj
 0003:00000008       __security_cookie_complement 0000000180012008     msvcrt:gs_cookie.obj
 0003:00000010       __native_dllmain_reason    0000000180012010     msvcrt:natstart.obj
 0003:00000014       __native_vcclrit_reason    0000000180012014     msvcrt:natstart.obj
 0003:00000020       ?_iluVendor@@3PEB_WEB      0000000180012020     ilu_states.obj
 0003:00000028       ?_iluVersion@@3PEB_WEB     0000000180012028     ilu_states.obj
 0003:00000030       ?iluFilter@@3IA            0000000180012030     ilu_states.obj
 0003:00000034       ?iluPlacement@@3IA         0000000180012034     ilu_states.obj
 0003:00000038       ?iluLibErrorStringsArabic@@3PAPEB_WA 0000000180012038     ilu_error.obj
 0003:00000070       ?iluErrorStringsArabic@@3PAPEB_WA 0000000180012070     ilu_error.obj
 0003:00000100       ?iluMiscErrorStringsArabic@@3PAPEB_WA 0000000180012100     ilu_error.obj
 0003:00000110       ?iluErrorStringsDutch@@3PAPEB_WA 0000000180012110     ilu_error.obj
 0003:000001a0       ?iluLibErrorStringsDutch@@3PAPEB_WA 00000001800121a0     ilu_error.obj
 0003:000001d8       ?iluMiscErrorStringsDutch@@3PAPEB_WA 00000001800121d8     ilu_error.obj
 0003:000001e8       ?iluLibErrorStringsEnglish@@3PAPEB_WA 00000001800121e8     ilu_error.obj
 0003:00000220       ?iluErrorStringsEnglish@@3PAPEB_WA 0000000180012220     ilu_error.obj
 0003:000002b0       ?iluMiscErrorStringsEnglish@@3PAPEB_WA 00000001800122b0     ilu_error.obj
 0003:000002c0       ?iluErrorStringsJapanese@@3PAPEB_WA 00000001800122c0     ilu_error.obj
 0003:00000350       ?iluLibErrorStringsJapanese@@3PAPEB_WA 0000000180012350     ilu_error.obj
 0003:00000388       ?iluMiscErrorStringsJapanese@@3PAPEB_WA 0000000180012388     ilu_error.obj
 0003:00000398       ?iluLibErrorStringsSpanish@@3PAPEB_WA 0000000180012398     ilu_error.obj
 0003:000003d0       ?iluErrorStringsSpanish@@3PAPEB_WA 00000001800123d0     ilu_error.obj
 0003:00000460       ?iluMiscErrorStringsSpanish@@3PAPEB_WA 0000000180012460     ilu_error.obj
 0003:00000470       ?iluErrorStringsGerman@@3PAPEB_WA 0000000180012470     ilu_error.obj
 0003:00000500       ?iluLibErrorStringsGerman@@3PAPEB_WA 0000000180012500     ilu_error.obj
 0003:00000538       ?iluMiscErrorStringsGerman@@3PAPEB_WA 0000000180012538     ilu_error.obj
 0003:00000548       ?iluLibErrorStringsFrench@@3PAPEB_WA 0000000180012548     ilu_error.obj
 0003:00000580       ?iluErrorStringsFrench@@3PAPEB_WA 0000000180012580     ilu_error.obj
 0003:00000610       ?iluMiscErrorStringsFrench@@3PAPEB_WA 0000000180012610     ilu_error.obj
 0003:00000620       ?iluErrorStrings@@3PAPEAPEB_WA 0000000180012620     ilu_error.obj
 0003:00000658       ?iluLibErrorStrings@@3PAPEAPEB_WA 0000000180012658     ilu_error.obj
 0003:00000690       ?iluMiscErrorStrings@@3PAPEAPEB_WA 0000000180012690     ilu_error.obj
 0003:000006c8       _fltused                   00000001800126c8     msvcrt:dllsupp.obj
 0003:00000c50       ?__type_info_root_node@@3U__type_info_node@@A 0000000180012c50     msvcrt:tncleanup.obj
 0003:00000c60       ?iluMiscErrors@@3PEAPEB_WEA 0000000180012c60     ilu_error.obj
 0003:00000c68       ?iluLibErrors@@3PEAPEB_WEA 0000000180012c68     ilu_error.obj
 0003:00000c70       ?iluErrors@@3PEAPEB_WEA    0000000180012c70     ilu_error.obj
 0003:00000dd8       ?iluCurImage@@3PEAUILimage@@EA 0000000180012dd8     ilu_internal.obj
 0003:00000de0       ?RegionPointsi@@3PEAUILpointi@@EA 0000000180012de0     ilu_region.obj
 0003:00000de8       ?RegionPointsf@@3PEAUILpointf@@EA 0000000180012de8     ilu_region.obj
 0003:00000df0       ?PointNum@@3IA             0000000180012df0     ilu_region.obj
 0003:00000df8       ?iRegionMask@@3PEAEEA      0000000180012df8     ilu_region.obj
 0003:00000e00       __native_startup_state     0000000180012e00     <common>
 0003:00000e08       __native_startup_lock      0000000180012e08     <common>
 0003:00000e10       __onexitend                0000000180012e10     <common>
 0003:00000e18       __onexitbegin              0000000180012e18     <common>
 0003:00000e20       __dyn_tls_init_callback    0000000180012e20     <common>

 entry point at        0001:0000b198

 Static symbols

 0001:0000ada0       pre_c_init                 000000018000bda0 f   msvcrt:crtdll.obj
 0001:0000b05c       __DllMainCRTStartup        000000018000c05c f   msvcrt:crtdll.obj
 0001:0000b750       __DllMainCRTStartup$filt$0 000000018000c750 f   msvcrt:crtdll.obj
 0001:0000b780       __DllMainCRTStartup$fin$1  000000018000c780 f   msvcrt:crtdll.obj
 0001:0000b79a       _onexit$fin$0              000000018000c79a f   msvcrt:atonexit.obj
 0001:0000b7c0       _IsNonwritableInCurrentImage$filt$0 000000018000c7c0 f   msvcrt:pesect.obj
