 ResIL

 Timestamp is 53738cd5 (Wed May 14 17:33:41 2014)

 Preferred load address is 0000000180000000

 Start         Length     Name                   Class
 0001:00000000 00142a2eH .text                   CODE
 0001:00142a30 00000092H .text$x                 CODE
 0002:00000000 000003a0H .idata$5                DATA
 0002:000003a0 00000008H .CRT$XCA                DATA
 0002:000003a8 00000008H .CRT$XCZ                DATA
 0002:000003b0 00000008H .CRT$XIA                DATA
 0002:000003b8 00000008H .CRT$XIAA               DATA
 0002:000003c0 00000008H .CRT$XIZ                DATA
 0002:000003d0 0002ace8H .rdata                  DATA
 0002:0002b0b8 00000054H .rdata$debug            DATA
 0002:0002b110 00000008H .rtc$IAA                DATA
 0002:0002b118 00000008H .rtc$IZZ                DATA
 0002:0002b120 00000008H .rtc$TAA                DATA
 0002:0002b128 00000008H .rtc$TZZ                DATA
 0002:0002b130 000140e8H .xdata                  DATA
 0002:0003f218 0000003cH .idata$2                DATA
 0002:0003f254 00000014H .idata$3                DATA
 0002:0003f268 000003a0H .idata$4                DATA
 0002:0003f608 000005a2H .idata$6                DATA
 0002:0003fbb0 00000e4bH .edata                  DATA
 0003:00000000 0000c170H .data                   DATA
 0003:0000c180 000ba080H .bss                    DATA
 0004:00000000 0000fd44H .pdata                  DATA

  Address         Publics by Value              Rva+Base               Lib:Object

 0000:00000000       ___safe_se_handler_table   0000000000000000     <absolute>
 0000:00000000       ___safe_se_handler_count   0000000000000000     <absolute>
 0000:00000000       __ImageBase                0000000180000000     <linker-defined>
 0001:00000000       ialloc                     0000000180001000 f   il_alloc.obj
 0001:00000070       icalloc                    0000000180001070 f   il_alloc.obj
 0001:000000f0       ilResetMemory              00000001800010f0 f   il_alloc.obj
 0001:00000110       ilSetMemory                0000000180001110 f   il_alloc.obj
 0001:00000140       ?bfile@@YAPEAUBITFILE@@PEAX@Z 0000000180001140 f   il_bits.obj
 0001:000001b0       ?bread@@YAHPEAXIIPEAUBITFILE@@@Z 00000001800011b0 f   il_bits.obj
 0001:00000250       iIsValidBmp                0000000180001250 f   il_bmp.obj
 0001:000003c0       ?iGetOS2Bmp@@YAEPEAUILimage@@PEAUOS2_HEAD@@@Z 00000001800013c0 f   il_bmp.obj
 0001:00000790       ?ilReadUncompBmp1@@YAEPEAUILimage@@PEAUBMPHEAD@@@Z 0000000180001790 f   il_bmp.obj
 0001:00000940       ?ilReadUncompBmp4@@YAEPEAUILimage@@PEAUBMPHEAD@@@Z 0000000180001940 f   il_bmp.obj
 0001:00000b10       ?ilReadUncompBmp8@@YAEPEAUILimage@@PEAUBMPHEAD@@@Z 0000000180001b10 f   il_bmp.obj
 0001:00000ca0       ?ilReadUncompBmp16@@YAEPEAUILimage@@PEAUBMPHEAD@@@Z 0000000180001ca0 f   il_bmp.obj
 0001:00001010       ?ilReadUncompBmp24@@YAEPEAUILimage@@PEAUBMPHEAD@@@Z 0000000180002010 f   il_bmp.obj
 0001:00001130       ?ilReadUncompBmp32@@YAEPEAUILimage@@PEAUBMPHEAD@@@Z 0000000180002130 f   il_bmp.obj
 0001:00001220       ?ilReadUncompBmp@@YAEPEAUILimage@@PEAUBMPHEAD@@@Z 0000000180002220 f   il_bmp.obj
 0001:000013a0       ?ilReadRLE8Bmp@@YAEPEAUILimage@@PEAUBMPHEAD@@@Z 00000001800023a0 f   il_bmp.obj
 0001:000015f0       ?ilReadRLE4Bmp@@YAEPEAUILimage@@PEAUBMPHEAD@@@Z 00000001800025f0 f   il_bmp.obj
 0001:00001910       iLoadBitmapInternal        0000000180002910 f   il_bmp.obj
 0001:00001b80       iSaveBitmapInternal        0000000180002b80 f   il_bmp.obj
 0001:00002190       ?ilFloatToHalf@@YAGI@Z     0000000180003190 f i il_convbuff.obj
 0001:00002240       ?ilHalfToFloat@@YAIG@Z     0000000180003240 f i il_convbuff.obj
 0001:000022c0       ilConvertBuffer            00000001800032c0 f   il_convbuff.obj
 0001:00009820       ?iSwitchTypes@@YAPEAXIIIPEAX@Z 000000018000a820 f   il_convbuff.obj
 0001:0000b3a0       ?iConvertPalette@@YAPEAUILimage@@PEAU1@I@Z 000000018000c3a0 f   il_convert.obj
 0001:0000bc70       iConvertImage              000000018000cc70 f   il_convert.obj
 0001:0000bfb0       ilConvertImage             000000018000cfb0 f   il_convert.obj
 0001:0000c180       ilSwapColours              000000018000d180 f   il_convert.obj
 0001:0000c510       ilAddAlphaKey              000000018000d510 f   il_convert.obj
 0001:0000cb90       ilFixCur                   000000018000db90 f   il_convert.obj
 0001:0000ccf0       ilFixImage                 000000018000dcf0 f   il_convert.obj
 0001:0000ced0       ?readScanLine@@YA_NPEAUILimage@@PEAEGH@Z 000000018000ded0 f   il_cut.obj
 0001:0000cfe0       iLoadCutInternal           000000018000dfe0 f   il_cut.obj
 0001:0000d230       GetLittleUShort            000000018000e230 f i il_dcx.obj
 0001:0000d260       ?GetCubemapInfo@@YAIPEAUILimage@@PEAH@Z 000000018000e260 f   il_dds-save.obj
 0001:0000d410       iSaveDdsInternal           000000018000e410 f   il_dds-save.obj
 0001:0000d5d0       ?WriteHeader@@YAEPEAUILimage@@II@Z 000000018000e5d0 f   il_dds-save.obj
 0001:0000db30       ilGetDXTCData              000000018000eb30 f   il_dds-save.obj
 0001:0000dd10       ?CompressTo565@@YAPEAGPEAUILimage@@@Z 000000018000ed10 f   il_dds-save.obj
 0001:0000e340       ?CompressTo88@@YAPEAEPEAUILimage@@@Z 000000018000f340 f   il_dds-save.obj
 0001:0000e700       ?CompressToRXGB@@YAXPEAUILimage@@PEAPEAGPEAPEAE@Z 000000018000f700 f   il_dds-save.obj
 0001:0000ec30       ?Compress@@YAIPEAUILimage@@I@Z 000000018000fc30 f   il_dds-save.obj
 0001:0000fda0       ?GenBitMask@@YAIGGIPEAGPEAEPEAUColor888@@@Z 0000000180010da0 f   il_dds-save.obj
 0001:00010070       ?GenAlphaBitMask@@YAXEEPEAE00@Z 0000000180011070 f   il_dds-save.obj
 0001:00010300       ilCompressDXT              0000000180011300 f   il_dds-save.obj
 0001:000104b0       GetLittleUInt              00000001800114b0 f i il_dds.obj
 0001:000104e0       ?iGetDdsHead@@YAEPEAUSIO@@PEAUDDSHEAD@@@Z 00000001800114e0 f   il_dds.obj
 0001:000107c0       iIsValidDds                00000001800117c0 f   il_dds.obj
 0001:00010860       ?iCompFormatToBpp@@YAEI@Z  0000000180011860 f   il_dds.obj
 0001:000108c0       ?iCompFormatToChannelCount@@YAEI@Z 00000001800118c0 f   il_dds.obj
 0001:00010900       ?iLoadDdsCubemapInternal@@YAEPEAUILimage@@I@Z 0000000180011900 f   il_dds.obj
 0001:00010b70       ?DecodePixelFormat@@YAIPEAI@Z 0000000180011b70 f   il_dds.obj
 0001:00010e40       iLoadDdsInternal           0000000180011e40 f   il_dds.obj
 0001:00011170       ?AdjustVolumeTexture@@YAXPEAUDDSHEAD@@I@Z 0000000180012170 f   il_dds.obj
 0001:000112b0       ?ReadData@@YAEXZ           00000001800122b0 f   il_dds.obj
 0001:00011420       ?AllocImage@@YAEPEAUILimage@@I@Z 0000000180012420 f   il_dds.obj
 0001:000117c0       ?DdsDecompress@@YAEI@Z     00000001800127c0 f   il_dds.obj
 0001:00011920       ?ReadMipmaps@@YAEI@Z       0000000180012920 f   il_dds.obj
 0001:00011d90       ?DecompressDXT1@@YAEPEAUILimage@@PEAE@Z 0000000180012d90 f   il_dds.obj
 0001:00012110       ?DecompressDXT3@@YAEPEAUILimage@@PEAE@Z 0000000180013110 f   il_dds.obj
 0001:000124c0       ?DecompressDXT5@@YAEPEAUILimage@@PEAE@Z 00000001800134c0 f   il_dds.obj
 0001:00012a40       ?Decompress3Dc@@YAEXZ      0000000180013a40 f   il_dds.obj
 0001:00012f50       ?DecompressAti1n@@YAEXZ    0000000180013f50 f   il_dds.obj
 0001:00013260       ?DecompressRXGB@@YAEXZ     0000000180014260 f   il_dds.obj
 0001:000137c0       ?iConvFloat16ToFloat32@@YAEPEAIPEAGI@Z 00000001800147c0 f   il_dds.obj
 0001:00013860       ?iConvG16R16ToFloat32@@YAEPEAIPEAGI@Z 0000000180014860 f   il_dds.obj
 0001:000139a0       ?iConvR16ToFloat32@@YAEPEAIPEAGI@Z 00000001800149a0 f   il_dds.obj
 0001:00013a70       ?DecompressFloat@@YAEI@Z   0000000180014a70 f   il_dds.obj
 0001:00013c30       ?CorrectPreMult@@YAXXZ     0000000180014c30 f   il_dds.obj
 0001:00013ce0       ?DecompressARGB@@YAEI@Z    0000000180014ce0 f   il_dds.obj
 0001:00014030       ?DecompressARGB16@@YAEI@Z  0000000180015030 f   il_dds.obj
 0001:00014490       ?iDxtcDataToSurface@@YAEPEAUILimage@@@Z 0000000180015490 f   il_dds.obj
 0001:00014610       ?iDxtcDataToImage@@YAEPEAUILimage@@@Z 0000000180015610 f   il_dds.obj
 0001:00014720       ?iSurfaceToDxtcData@@YAEPEAUILimage@@I@Z 0000000180015720 f   il_dds.obj
 0001:000147d0       ilImageToDxtcData          00000001800157d0 f   il_dds.obj
 0001:000148e0       ?ilTexImageDxtc@@YAEPEAUILimage@@HHHIPEBE@Z 00000001800158e0 f   il_dds.obj
 0001:00014aa0       ?iFlipComplexAlphaBlock@@YAXPEAE@Z 0000000180015aa0 f   il_dds.obj
 0001:00014b90       ?iFlipDxt1@@YAXPEAEI@Z     0000000180015b90 f   il_dds.obj
 0001:00014bd0       ?iFlipDxt3@@YAXPEAEI@Z     0000000180015bd0 f   il_dds.obj
 0001:00014c40       ?iFlipDxt5@@YAXPEAEI@Z     0000000180015c40 f   il_dds.obj
 0001:00014ca0       ?iFlip3dc@@YAXPEAEI@Z      0000000180015ca0 f   il_dds.obj
 0001:00014dd0       ?ilFlipSurfaceDxtcData@@YAXPEAUILimage@@@Z 0000000180015dd0 f   il_dds.obj
 0001:00015080       ?iInvertDxt3Alpha@@YAXPEAE@Z 0000000180016080 f   il_dds.obj
 0001:000150d0       ?iInvertDxt5Alpha@@YAXPEAE@Z 00000001800160d0 f   il_dds.obj
 0001:000151d0       ?ilInvertSurfaceDxtcDataAlpha@@YAEPEAUILimage@@@Z 00000001800161d0 f   il_dds.obj
 0001:000152e0       ilInitImage                00000001800162e0 f   il_devil.obj
 0001:00015380       ilNewImage                 0000000180016380 f   il_devil.obj
 0001:000154a0       ilNewImageFull             00000001800164a0 f   il_devil.obj
 0001:00015560       ilTexImage                 0000000180016560 f   il_devil.obj
 0001:000155a0       ilTexImage_                00000001800165a0 f   il_devil.obj
 0001:000157b0       ilSetData                  00000001800167b0 f   il_devil.obj
 0001:00015820       ilTexSubImage_             0000000180016820 f   il_devil.obj
 0001:000158d0       ilGetData                  00000001800168d0 f   il_devil.obj
 0001:00015940       ilGetPalette               0000000180016940 f   il_devil.obj
 0001:000159b0       ilClearColour              00000001800169b0 f   il_devil.obj
 0001:00015b00       ilGetClear                 0000000180016b00 f   il_devil.obj
 0001:00016210       ilClearImage               0000000180017210 f   il_devil.obj
 0001:00016280       ilClearImage_              0000000180017280 f   il_devil.obj
 0001:00016540       ilOverlayImage             0000000180017540 f   il_devil.obj
 0001:00016600       ilBlit                     0000000180017600 f   il_devil.obj
 0001:00016e90       ilCopyImageAttr            0000000180017e90 f   il_devil.obj
 0001:00017110       ilCopyImage                0000000180018110 f   il_devil.obj
 0001:00017220       ilCopyImage_               0000000180018220 f   il_devil.obj
 0001:000172f0       ilCloneCurImage            00000001800182f0 f   il_devil.obj
 0001:000173e0       ilResizeImage              00000001800183e0 f   il_devil.obj
 0001:000174c0       ?iGetDicomHead@@YAEPEAUSIO@@PEAUDICOMHEAD@@@Z 00000001800184c0 f   il_dicom.obj
 0001:00017890       iIsValidDicom              0000000180018890 f   il_dicom.obj
 0001:00017970       ?SkipElement@@YAEPEAUDICOMHEAD@@GG@Z 0000000180018970 f   il_dicom.obj
 0001:00017a60       ?GetShort@@YAIPEAUDICOMHEAD@@G@Z 0000000180018a60 f   il_dicom.obj
 0001:00017ad0       ?GetInt@@YAIPEAUDICOMHEAD@@G@Z 0000000180018ad0 f   il_dicom.obj
 0001:00017b70       ?GetNumericValue@@YAEPEAUDICOMHEAD@@GPEAI@Z 0000000180018b70 f   il_dicom.obj
 0001:00017c30       iLoadDicomInternal         0000000180018c30 f   il_dicom.obj
 0001:00018060       ?DpxGetFileInfo@@YAEPEAUDPX_FILE_INFO@@@Z 0000000180019060 f   il_dpx.obj
 0001:00018430       ?GetImageElement@@YAEPEAUDPX_IMAGE_ELEMENT@@@Z 0000000180019430 f   il_dpx.obj
 0001:00018780       ?DpxGetImageInfo@@YAEPEAUDPX_IMAGE_INFO@@@Z 0000000180019780 f   il_dpx.obj
 0001:000188f0       ?DpxGetImageOrient@@YAEPEAUDPX_IMAGE_ORIENT@@@Z 00000001800198f0 f   il_dpx.obj
 0001:00018d00       iLoadDpxInternal           0000000180019d00 f   il_dpx.obj
 0001:000192b0       ilSetError                 000000018001a2b0 f   il_error.obj
 0001:00019300       ilGetError                 000000018001a300 f   il_error.obj
 0001:00019330       iFastConvert               000000018001a330 f   il_fastconv.obj
 0001:00019800       ?iDefaultOpenR@@YAPEAXPEB_W@Z 000000018001a800 f   il_files.obj
 0001:00019810       ?iDefaultEof@@YAEPEAX@Z    000000018001a810 f   il_files.obj
 0001:000198b0       iDefaultGetc               000000018001a8b0 f   il_files.obj
 0001:00019900       ?iDefaultRead@@YAIPEAX0II@Z 000000018001a900 f   il_files.obj
 0001:00019920       ?iDefaultTell@@YAIPEAX@Z   000000018001a920 f   il_files.obj
 0001:00019930       ?iDefaultOpenW@@YAPEAXPEB_W@Z 000000018001a930 f   il_files.obj
 0001:00019940       ?iDefaultCloseR@@YAXPEAX@Z 000000018001a940 f   il_files.obj
 0001:00019940       ?iDefaultCloseW@@YAXPEAX@Z 000000018001a940 f   il_files.obj
 0001:00019950       iDefaultPutc               000000018001a950 f   il_files.obj
 0001:00019960       iDefaultWrite              000000018001a960 f   il_files.obj
 0001:00019970       ilResetRead                000000018001a970 f   il_files.obj
 0001:00019a10       ilResetWrite               000000018001aa10 f   il_files.obj
 0001:00019a90       ilSetRead                  000000018001aa90 f   il_files.obj
 0001:00019b30       ilSetWrite                 000000018001ab30 f   il_files.obj
 0001:00019bd0       iSetInputFile              000000018001abd0 f   il_files.obj
 0001:00019c70       iSetInputLump              000000018001ac70 f   il_files.obj
 0001:00019d10       iSetOutputFile             000000018001ad10 f   il_files.obj
 0001:00019da0       iSetOutputLump             000000018001ada0 f   il_files.obj
 0001:00019e10       ilGetLumpPos               000000018001ae10 f   il_files.obj
 0001:00019e30       ilprintf                   000000018001ae30 f   il_files.obj
 0001:00019ed0       ipad                       000000018001aed0 f   il_files.obj
 0001:00019f10       ?iEofLump@@YAEPEAX@Z       000000018001af10 f   il_files.obj
 0001:00019f30       ?iGetcLump@@YAHPEAX@Z      000000018001af30 f   il_files.obj
 0001:00019fd0       ?iReadLump@@YAIPEAX0II@Z   000000018001afd0 f   il_files.obj
 0001:0001a160       ?iSeekLump@@YAHPEAX_JI@Z   000000018001b160 f   il_files.obj
 0001:0001a200       ?iPutcLump@@YAHEPEAX@Z     000000018001b200 f   il_files.obj
 0001:0001a240       ?iWriteLump@@YAHPEBXIIPEAX@Z 000000018001b240 f   il_files.obj
 0001:0001a310       ?iTellLump@@YAIPEAX@Z      000000018001b310 f   il_files.obj
 0001:0001a320       GetBigUShort               000000018001b320 f i il_dpx.obj
 0001:0001a320       GetBigShort                000000018001b320 f i il_fits.obj
 0001:0001a350       GetBigInt                  000000018001b350 f i il_fits.obj
 0001:0001a350       GetBigUInt                 000000018001b350 f i il_dpx.obj
 0001:0001a3a0       ?iGetFitsHead@@YAEPEAUFITSHEAD@@@Z 000000018001b3a0 f   il_fits.obj
 0001:0001a520       ?iCheckFits@@YAEPEAUFITSHEAD@@@Z 000000018001b520 f   il_fits.obj
 0001:0001a5c0       iLoadFitsInternal          000000018001b5c0 f   il_fits.obj
 0001:0001ab40       ?GetCardImage@@YAIPEAUFITSHEAD@@@Z 000000018001bb40 f   il_fits.obj
 0001:0001ad80       ?GetCardInt@@YAEPEADPEAH@Z 000000018001bd80 f   il_fits.obj
 0001:0001ae30       ?setMinSizes@@YAEIIPEAUILimage@@@Z 000000018001be30 f   il_gif.obj
 0001:0001af90       iIsValidGif                000000018001bf90 f   il_gif.obj
 0001:0001b040       ?iGetPalette@@YAEEPEAUILpal@@PEAUILimage@@@Z 000000018001c040 f   il_gif.obj
 0001:0001b130       ?get_next_code@@YAHPEAVGifLoadState@@@Z 000000018001c130 f   il_gif.obj
 0001:0001b300       ?GifGetData@@YAEPEAUILimage@@PEAEIIIIIIPEAUGFXCONTROL@@@Z 000000018001c300 f   il_gif.obj
 0001:0001b750       ?GetImages@@YAEPEAUILimage@@PEAUILpal@@PEAUGIFHEAD@@@Z 000000018001c750 f   il_gif.obj
 0001:0001bb20       iLoadGifInternal           000000018001cb20 f   il_gif.obj
 0001:0001bce0       ?SkipExtensions@@YAEPEAUGFXCONTROL@@@Z 000000018001cce0 f   il_gif.obj
 0001:0001bec0       ?RemoveInterlace@@YAEPEAUILimage@@@Z 000000018001cec0 f   il_gif.obj
 0001:0001c060       ?ConvertTransparent@@YAEPEAUILimage@@E@Z 000000018001d060 f   il_gif.obj
 0001:0001c170       iIsValidHdr                000000018001d170 f   il_hdr.obj
 0001:0001c1f0       ?ReadScanline@@YAXPEAUILimage@@PEAEI@Z 000000018001d1f0 f   il_hdr.obj
 0001:0001c3e0       iLoadHdrInternal           000000018001d3e0 f   il_hdr.obj
 0001:0001c8a0       ?RGBE_WritePixels@@YAHPEAUILimage@@PEAMH@Z 000000018001d8a0 f   il_hdr.obj
 0001:0001ca30       ?RGBE_WriteBytes_RLE@@YAEPEAUILimage@@PEAEI@Z 000000018001da30 f   il_hdr.obj
 0001:0001cbd0       iSaveHdrInternal           000000018001dbd0 f   il_hdr.obj
 0001:0001d070       ilSaveCHeader              000000018001e070 f   il_header.obj
 0001:0001d430       iIsValidIcns               000000018001e430 f   il_icns.obj
 0001:0001d4c0       iLoadIcnsInternal          000000018001e4c0 f   il_icns.obj
 0001:0001da10       ?iIcnsReadData@@YAEPEAUILimage@@PEAEEHPEAUICNSDATA@@PEAPEAU1@@Z 000000018001ea10 f   il_icns.obj
 0001:0001dd90       iIsValidIcon               000000018001ed90 f   il_icon.obj
 0001:0001de80       iLoadIconInternal          000000018001ee80 f   il_icon.obj
 0001:0001eeb0       ?ico_readpng_init@@YAHPEAUIconData@@@Z 000000018001feb0 f   il_icon.obj
 0001:0001f050       ?ico_readpng_get_image@@YAEPEAUIconData@@PEAUICOIMAGE@@N@Z 0000000180020050 f   il_icon.obj
 0001:0001f510       iLoadIffInternal           0000000180020510 f   il_iff.obj
 0001:0001fba0       ?iff_begin_read_chunk@@YA?AU_iff_chunk@@XZ 0000000180020ba0 f   il_iff.obj
 0001:0001fd90       ?iff_end_read_chunk@@YAXXZ 0000000180020d90 f   il_iff.obj
 0001:0001fe00       ?iffReadUncompressedTile@@YAPEADGGC@Z 0000000180020e00 f   il_iff.obj
 0001:0001fed0       ?iff_decompress_tile_rle@@YAPEADGGGPEADI@Z 0000000180020ed0 f   il_iff.obj
 0001:00020100       ?iff_decompress_rle@@YAPEADIPEADIPEAI@Z 0000000180021100 f   il_iff.obj
 0001:000201f0       iLoadIlbmInternal          00000001800211f0 f   il_ilbm.obj
 0001:00020d80       ilStrDup                   0000000180021d80 f   il_internal.obj
 0001:00020df0       ilCharStrLen               0000000180021df0 f   il_internal.obj
 0001:00020e20       iCheckExtension            0000000180021e20 f   il_internal.obj
 0001:00020ed0       iSqrt                      0000000180021ed0 f   il_internal.obj
 0001:00021000       ilDxtcDataToSurface        0000000180022000 f   il_internal.obj
 0001:00021010       ilSurfaceToDxtcData        0000000180022010 f   il_internal.obj
 0001:00021020       ilTypeFromExt              0000000180022020 f   il_io.obj
 0001:00021ac0       ilDetermineType            0000000180022ac0 f   il_io.obj
 0001:00021b50       ilDetermineTypeFuncs       0000000180022b50 f   il_io.obj
 0001:00022210       ilDetermineTypeF           0000000180023210 f   il_io.obj
 0001:00022230       ilDetermineTypeL           0000000180023230 f   il_io.obj
 0001:00022250       ?iIsValid@@YAEIPEAUSIO@@@Z 0000000180023250 f   il_io.obj
 0001:00022540       ilIsValid                  0000000180023540 f   il_io.obj
 0001:000225b0       ilIsValidF                 00000001800235b0 f   il_io.obj
 0001:000225e0       ilIsValidL                 00000001800235e0 f   il_io.obj
 0001:00022610       ilLoad                     0000000180023610 f   il_io.obj
 0001:00022820       ilLoadF                    0000000180023820 f   il_io.obj
 0001:000228e0       ?ilLoadFuncs2@@YAEPEAUILimage@@I@Z 00000001800238e0 f   il_io.obj
 0001:00022bd0       ilLoadFuncs                0000000180023bd0 f   il_io.obj
 0001:00022bf0       ilLoadL                    0000000180023bf0 f   il_io.obj
 0001:00022c90       ilLoadImage                0000000180023c90 f   il_io.obj
 0001:00022d10       ?ilSaveFuncs2@@YAEPEAUILimage@@I@Z 0000000180023d10 f   il_io.obj
 0001:00022f70       ilSaveFuncs                0000000180023f70 f   il_io.obj
 0001:00022f80       ilSave                     0000000180023f80 f   il_io.obj
 0001:000230c0       ilSaveImage                00000001800240c0 f   il_io.obj
 0001:00023200       ilSaveF                    0000000180024200 f   il_io.obj
 0001:00023220       ilSaveL                    0000000180024220 f   il_io.obj
 0001:000232e0       iIsValidJp2                00000001800242e0 f   il_jp2.obj
 0001:00023360       ilLoadJp2LInternal         0000000180024360 f   il_jp2.obj
 0001:000234d0       ?iLoadJp2Internal@@YAEPEAUILimage@@PEAUjas_stream_t@@@Z 00000001800244d0 f   il_jp2.obj
 0001:00023960       ?png_write@@YAXPEAUpng_struct_def@@PEAE_K@Z 0000000180024960 f   il_png.obj
 0001:00023a20       ?iJp2WriteStream@@YAPEAUjas_stream_t@@XZ 0000000180024a20 f   il_jp2.obj
 0001:00023af0       ?Jp2ConvertData@@YAHPEAUjas_stream_t@@PEAUjas_image_t@@@Z 0000000180024af0 f   il_jp2.obj
 0001:00023e50       iSaveJp2Internal           0000000180024e50 f   il_jp2.obj
 0001:000245d0       iLoadJpegInternal          00000001800255d0 f   il_jpeg.obj
 0001:00024890       iSaveJpegInternal          0000000180025890 f   il_jpeg.obj
 0001:00024e00       ?ilLoadFromJpegStruct@@YAEPEAUILimage@@PEAX@Z 0000000180025e00 f   il_jpeg.obj
 0001:00024fa0       iFlipBuffer                0000000180025fa0 f   il_manip.obj
 0001:00025200       iFlipNewBuffer             0000000180026200 f   il_manip.obj
 0001:000252f0       ?ilFlipImage@@YAEXZ        00000001800262f0 f   il_manip.obj
 0001:00025390       iGetFlipped                0000000180026390 f   il_manip.obj
 0001:00025410       iMirror                    0000000180026410 f   il_manip.obj
 0001:00025730       ?ilCopyPixels1D@@YAEIIPEAX@Z 0000000180026730 f   il_manip.obj
 0001:00025850       ?ilCopyPixels2D@@YAEIIIIPEAX@Z 0000000180026850 f   il_manip.obj
 0001:000259c0       ?ilCopyPixels3D@@YAEIIIIIIPEAX@Z 00000001800269c0 f   il_manip.obj
 0001:00025bd0       ilCopyPixels               0000000180026bd0 f   il_manip.obj
 0001:00025ec0       ?ilSetPixels1D@@YAEHIPEAX@Z 0000000180026ec0 f   il_manip.obj
 0001:00026000       ?ilSetPixels2D@@YAEHHIIPEAX@Z 0000000180027000 f   il_manip.obj
 0001:000261f0       ?ilSetPixels3D@@YAEHHHIIIPEAX@Z 00000001800271f0 f   il_manip.obj
 0001:000264e0       ilSetPixels                00000001800274e0 f   il_manip.obj
 0001:00026760       ilDefaultImage             0000000180027760 f   il_manip.obj
 0001:00026960       ilGetAlpha                 0000000180027960 f   il_manip.obj
 0001:00026cc0       ilSetAlpha                 0000000180027cc0 f   il_manip.obj
 0001:00026f80       ilModAlpha                 0000000180027f80 f   il_manip.obj
 0001:00027230       ilClampNTSC                0000000180028230 f   il_manip.obj
 0001:00027350       ?mymngalloc@@YAPEAX_K@Z    0000000180028350 f   il_mng.obj
 0001:00027390       ifree                      0000000180028390 f   il_alloc.obj
 0001:00027390       ?mymngfree@@YAXPEAX_K@Z    0000000180028390 f   il_mng.obj
 0001:000273b0       ?mymngreadstream@@YACPEAUmng_data_struct@@PEAX_KPEAI@Z 00000001800283b0 f   il_mng.obj
 0001:000273e0       ?mymngprocessheader@@YACPEAUmng_data_struct@@II@Z 00000001800283e0 f   il_mng.obj
 0001:000274d0       ?mymnggetcanvasline@@YAPEAXPEAUmng_data_struct@@I@Z 00000001800284d0 f   il_mng.obj
 0001:000274f0       ?mymngrefresh@@YACPEAUmng_data_struct@@IIII@Z 00000001800284f0 f   il_mng.obj
 0001:000274f0       ?mymngsettimer@@YACPEAUmng_data_struct@@I@Z 00000001800284f0 f   il_mng.obj
 0001:000274f0       ?mymngclosestream@@YACPEAUmng_data_struct@@@Z 00000001800284f0 f   il_mng.obj
 0001:000274f0       ?mymngopenstream@@YACPEAUmng_data_struct@@@Z 00000001800284f0 f   il_mng.obj
 0001:00027500       iLoadMngInternal           0000000180028500 f   il_mng.obj
 0001:00027690       ?GetSynchInt@@YAIPEAUSIO@@@Z 0000000180028690 f   il_mp3.obj
 0001:00027710       iIsValidMp3                0000000180028710 f   il_mp3.obj
 0001:000277e0       ?iFindMp3Pic@@YAIPEAUSIO@@PEAUMP3HEAD@@@Z 00000001800287e0 f   il_mp3.obj
 0001:00027a10       iLoadMp3Internal           0000000180028a10 f   il_mp3.obj
 0001:00027b80       ?initnet@@YAXPEAEHH@Z      0000000180028b80 f   il_neuquant.obj
 0001:00027c50       ?inxbuild@@YAXXZ           0000000180028c50 f   il_neuquant.obj
 0001:00027dc0       ?inxsearch@@YAEHHH@Z       0000000180028dc0 f   il_neuquant.obj
 0001:00027ee0       ?contest@@YAHHHH@Z         0000000180028ee0 f   il_neuquant.obj
 0001:00027ff0       ?alterneigh@@YAXHHHHH@Z    0000000180028ff0 f   il_neuquant.obj
 0001:00028170       ?learn@@YAXXZ              0000000180029170 f   il_neuquant.obj
 0001:00028440       ?iNeuQuant@@YAPEAUILimage@@PEAU1@I@Z 0000000180029440 f   il_neuquant.obj
 0001:00028680       ilLoadPal                  0000000180029680 f   il_pal.obj
 0001:00028820       ?ilLoadJascPal@@YAEPEB_W@Z 0000000180029820 f   il_pal.obj
 0001:00028ab0       ?iFgetw@@YAPEADPEAEHPEAU_iobuf@@@Z 0000000180029ab0 f   il_pal.obj
 0001:00028c00       ilSavePal                  0000000180029c00 f   il_pal.obj
 0001:00028da0       ?ilSaveJascPal@@YAEPEB_W@Z 0000000180029da0 f   il_pal.obj
 0001:00029090       ?ilLoadHaloPal@@YAEPEB_W@Z 000000018002a090 f   il_pal.obj
 0001:00029390       ?ilLoadColPal@@YAEPEB_W@Z  000000018002a390 f   il_pal.obj
 0001:000296d0       ?ilLoadActPal@@YAEPEB_W@Z  000000018002a6d0 f   il_pal.obj
 0001:000298a0       ?ilLoadPltPal@@YAEPEB_W@Z  000000018002a8a0 f   il_pal.obj
 0001:00029ac0       iCopyPalette               000000018002aac0 f   il_pal.obj
 0001:00029b30       iCopyPal                   000000018002ab30 f   il_pal.obj
 0001:00029c10       iConvertPal                000000018002ac10 f   il_pal.obj
 0001:0002a5e0       ilConvertPal               000000018002b5e0 f   il_pal.obj
 0001:0002a710       ilSetPal                   000000018002b710 f   il_pal.obj
 0001:0002a7c0       ilApplyPal                 000000018002b7c0 f   il_pal.obj
 0001:0002a820       iLoadPcdInternal           000000018002b820 f   il_pcd.obj
 0001:0002aeb0       iIsValidPcx                000000018002beb0 f   il_pcx.obj
 0001:0002af60       iLoadPcxInternal           000000018002bf60 f   il_pcx.obj
 0001:0002b060       ?iUncompressPcx@@YAEPEAUILimage@@PEAUPCXHEAD@@@Z 000000018002c060 f   il_pcx.obj
 0001:0002b440       ?iUncompressSmall@@YAEPEAUILimage@@PEAUPCXHEAD@@@Z 000000018002c440 f   il_pcx.obj
 0001:0002b8f0       ?encput@@YAIPEAUSIO@@EE@Z  000000018002c8f0 f   il_pcx.obj
 0001:0002b980       ?encLine@@YAIPEAUSIO@@PEAEHE@Z 000000018002c980 f   il_pcx.obj
 0001:0002ba90       iSavePcxInternal           000000018002ca90 f   il_pcx.obj
 0001:0002bfd0       ?iGetPicHead@@YAHPEAUSIO@@PEAUPIC_HEAD@@@Z 000000018002cfd0 f   il_pic.obj
 0001:0002c0b0       iIsValidPic                000000018002d0b0 f   il_pic.obj
 0001:0002c150       ?channelReadMixed@@YAEPEAUSIO@@PEAEHHPEAHH@Z 000000018002d150 f   il_pic.obj
 0001:0002c480       ?channelReadPure@@YAEPEAUSIO@@PEAEHHPEAHH@Z 000000018002d480 f   il_pic.obj
 0001:0002c590       ?readScanline@@YAIPEAUSIO@@PEAEHPEAUCHANNEL@@H@Z 000000018002d590 f   il_pic.obj
 0001:0002c740       ?readScanlines@@YAEPEAUSIO@@PEAIHHPEAUCHANNEL@@I@Z 000000018002d740 f   il_pic.obj
 0001:0002c840       iLoadPicInternal           000000018002d840 f   il_pic.obj
 0001:0002cb00       iIsValidPix                000000018002db00 f   il_pix.obj
 0001:0002cba0       iLoadPixInternal           000000018002dba0 f   il_pix.obj
 0001:0002cdc0       iIsValidPng                000000018002ddc0 f   il_png.obj
 0001:0002ce40       iLoadPngInternal           000000018002de40 f   il_png.obj
 0001:0002cfc0       ?readpng_init@@YAHPEAUPNGData@@@Z 000000018002dfc0 f   il_png.obj
 0001:0002d150       ?readpng_get_image@@YAEPEAUILimage@@PEAUPNGData@@N@Z 000000018002e150 f   il_png.obj
 0001:0002d670       mng_init_source            000000018002e670 f   libmng:libmng_jpeg.obj
 0001:0002d670       ?flush_data@@YAXPEAUpng_struct_def@@@Z 000000018002e670 f   il_png.obj
 0001:0002d670       ilKeyColour                000000018002e670 f   il_convert.obj
 0001:0002d670       mng_output_message         000000018002e670 f   libmng:libmng_jpeg.obj
 0001:0002d670       ?OutputMsg@@YAXPEAUjpeg_common_struct@@@Z 000000018002e670 f   il_jpeg.obj
 0001:0002d670       _TIFFNoPostDecode          000000018002e670 f   libTIFF:tif_read.obj
 0001:0002d670       mng_term_source            000000018002e670 f   libmng:libmng_jpeg.obj
 0001:0002d680       iSavePngInternal           000000018002e680 f   il_png.obj
 0001:0002de10       iIsValidPnm                000000018002ee10 f   il_pnm.obj
 0001:0002de90       iLoadPnmInternal           000000018002ee90 f   il_pnm.obj
 0001:0002e280       ?ilReadAsciiPpm@@YAPEAUILimage@@PEAUPPMINFO@@@Z 000000018002f280 f   il_pnm.obj
 0001:0002e540       ?ilReadBitPbm@@YAPEAUILimage@@PEAUPPMINFO@@@Z 000000018002f540 f   il_pnm.obj
 0001:0002e630       ?iGetWord@@YAEE@Z          000000018002f630 f   il_pnm.obj
 0001:0002e830       iSavePnmInternal           000000018002f830 f   il_pnm.obj
 0001:0002ef70       ilApplyProfile             000000018002ff70 f   il_profiles.obj
 0001:0002f2b0       SaveBigInt                 00000001800302b0 f i il_psd.obj
 0001:0002f300       ?iGetPsdHead@@YAEPEAUPSDHEAD@@@Z 0000000180030300 f   il_psd.obj
 0001:0002f4f0       iIsValidPsd                00000001800304f0 f   il_psd.obj
 0001:0002f5d0       iLoadPsdInternal           00000001800305d0 f   il_psd.obj
 0001:0002f810       ?ReadGrey@@YAEPEAUILimage@@PEAUPSDHEAD@@@Z 0000000180030810 f   il_psd.obj
 0001:0002fa50       ?ReadIndexed@@YAEPEAUILimage@@PEAUPSDHEAD@@@Z 0000000180030a50 f   il_psd.obj
 0001:0002fdc0       ?ReadRGB@@YAEPEAUILimage@@PEAUPSDHEAD@@@Z 0000000180030dc0 f   il_psd.obj
 0001:00030030       ?ReadCMYK@@YAEPEAUILimage@@PEAUPSDHEAD@@@Z 0000000180031030 f   il_psd.obj
 0001:00030440       ?GetCompChanLen@@YAPEAIPEAUPSDHEAD@@@Z 0000000180031440 f   il_psd.obj
 0001:000306c0       ?PsdGetData@@YAEPEAUILimage@@PEAUPSDHEAD@@PEAXE@Z 00000001800316c0 f   il_psd.obj
 0001:00030cc0       ?ParseResources@@YAEPEAUILimage@@IPEAE@Z 0000000180031cc0 f   il_psd.obj
 0001:00030ed0       ?GetSingleChannel@@YAEPEAUILimage@@PEAUPSDHEAD@@PEAEE@Z 0000000180031ed0 f   il_psd.obj
 0001:00031010       iSavePsdInternal           0000000180032010 f   il_psd.obj
 0001:00031580       ?iGetPspHead@@YAEXZ        0000000180032580 f   il_psp.obj
 0001:00031620       iIsValidPsp                0000000180032620 f   il_psp.obj
 0001:00031690       iLoadPspInternal           0000000180032690 f   il_psp.obj
 0001:00031790       ?ReadGenAttributes@@YAEXZ  0000000180032790 f   il_psp.obj
 0001:00031960       ?ParseChunks@@YAEXZ        0000000180032960 f   il_psp.obj
 0001:00031ad0       ?ReadLayerBlock@@YAEI@Z    0000000180032ad0 f   il_psp.obj
 0001:00031df0       ?ReadAlphaBlock@@YAEI@Z    0000000180032df0 f   il_psp.obj
 0001:000320f0       ?GetChannel@@YAPEAEXZ      00000001800330f0 f   il_psp.obj
 0001:000323e0       ?UncompRLE@@YAEPEAE0I@Z    00000001800333e0 f   il_psp.obj
 0001:00032480       ?ReadPalette@@YAEI@Z       0000000180033480 f   il_psp.obj
 0001:00032590       ?AssembleImage@@YAEXZ      0000000180033590 f   il_psp.obj
 0001:000328e0       ?Cleanup@@YAEXZ            00000001800338e0 f   il_psp.obj
 0001:00032990       iLoadPxrInternal           0000000180033990 f   il_pxr.obj
 0001:00032b70       ?Hist3d@@YAEPEAE00PEAH111PEAM@Z 0000000180033b70 f   il_quantizer.obj
 0001:00032fe0       ?M3d@@YAXPEAH000PEAM@Z     0000000180033fe0 f   il_quantizer.obj
 0001:00033240       ?Bottom@@YAHPEAUBox@@EQEAY1CB@CB@H@Z 0000000180034240 f   il_quantizer.obj
 0001:00033350       ?Top@@YAHPEAUBox@@EHQEAY1CB@CB@H@Z 0000000180034350 f   il_quantizer.obj
 0001:00033470       ?Var@@YAMPEAUBox@@@Z       0000000180034470 f   il_quantizer.obj
 0001:00033680       ?Maximize@@YAMPEAUBox@@EHHPEAHHHHH@Z 0000000180034680 f   il_quantizer.obj
 0001:00033870       ?Cut@@YAHPEAUBox@@0@Z      0000000180034870 f   il_quantizer.obj
 0001:00033bd0       ?Mark@@YAXPEAUBox@@HPEAE@Z 0000000180034bd0 f   il_quantizer.obj
 0001:00033c80       ?iQuantizeImage@@YAPEAUILimage@@PEAU1@I@Z 0000000180034c80 f   il_quantizer.obj
 0001:00034770       iLoadRawInternal           0000000180035770 f   il_raw.obj
 0001:000349d0       iSaveRawInternal           00000001800359d0 f   il_raw.obj
 0001:00034b10       ilLoadData                 0000000180035b10 f   il_rawdata.obj
 0001:00034be0       ilLoadDataF                0000000180035be0 f   il_rawdata.obj
 0001:00034c60       ilLoadDataL                0000000180035c60 f   il_rawdata.obj
 0001:00034ca0       ?iLoadDataInternal@@YAEIIIE@Z 0000000180035ca0 f   il_rawdata.obj
 0001:00034e00       ilSaveData                 0000000180035e00 f   il_rawdata.obj
 0001:00034f20       ilRegisterLoad             0000000180035f20 f   il_register.obj
 0001:00034fe0       ilRegisterSave             0000000180035fe0 f   il_register.obj
 0001:000350a0       ilRemoveLoad               00000001800360a0 f   il_register.obj
 0001:00035130       ilRemoveSave               0000000180036130 f   il_register.obj
 0001:000351c0       ilRegisterOrigin           00000001800361c0 f   il_register.obj
 0001:00035230       ilRegisterFormat           0000000180036230 f   il_register.obj
 0001:000352c0       ilRegisterNumFaces         00000001800362c0 f   il_register.obj
 0001:000353d0       ilRegisterMipNum           00000001800363d0 f   il_register.obj
 0001:000354e0       ilRegisterNumImages        00000001800364e0 f   il_register.obj
 0001:000355f0       ilRegisterType             00000001800365f0 f   il_register.obj
 0001:00035670       ilRegisterPal              0000000180036670 f   il_register.obj
 0001:00035760       ilSetDuration              0000000180036760 f   il_register.obj
 0001:000357d0       ?CountDiffPixels@@YAHPEAEII@Z 00000001800367d0 f   il_rle.obj
 0001:000358a0       ?CountSamePixels@@YAHPEAEII@Z 00000001800368a0 f   il_rle.obj
 0001:00035950       ?iGetSgiHead@@YAHPEAUiSgiHeader@@@Z 0000000180036950 f   il_sgi.obj
 0001:00035a70       iIsValidSgi                0000000180036a70 f   il_sgi.obj
 0001:00035b20       iLoadSgiInternal           0000000180036b20 f   il_sgi.obj
 0001:00035d30       ?iReadRleSgi@@YAEPEAUiSgiHeader@@@Z 0000000180036d30 f   il_sgi.obj
 0001:00036180       ?iGetScanLine@@YAHPEAEPEAUiSgiHeader@@I@Z 0000000180037180 f   il_sgi.obj
 0001:00036300       ?iNewSgi@@YAEPEAUiSgiHeader@@@Z 0000000180037300 f   il_sgi.obj
 0001:000363e0       iSaveSgiInternal           00000001800373e0 f   il_sgi.obj
 0001:00036c40       ?iSaveRleSgi@@YAEPEAEIIII@Z 0000000180037c40 f   il_sgi.obj
 0001:00037090       ?iSizeSeek@@YAHPEAX_JI@Z   0000000180038090 f   il_size.obj
 0001:00037150       ?iSizeTell@@YAIPEAX@Z      0000000180038150 f   il_size.obj
 0001:00037160       ?iSizePutc@@YAHEPEAX@Z     0000000180038160 f   il_size.obj
 0001:00037190       ?iSizeWrite@@YAHPEBXIIPEAX@Z 0000000180038190 f   il_size.obj
 0001:000371c0       ilDetermineSize            00000001800381c0 f   il_size.obj
 0001:00037250       ilGenImages                0000000180038250 f   il_stack.obj
 0001:000373f0       ilGenImage                 00000001800383f0 f   il_stack.obj
 0001:00037410       ilBindImage                0000000180038410 f   il_stack.obj
 0001:000375e0       ilDeleteImages             00000001800385e0 f   il_stack.obj
 0001:000376c0       ilDeleteImage              00000001800386c0 f   il_stack.obj
 0001:000376e0       ilIsImage                  00000001800386e0 f   il_stack.obj
 0001:00037710       ilCloseImage               0000000180038710 f   il_stack.obj
 0001:00037830       ilIsValidPal               0000000180038830 f   il_stack.obj
 0001:00037860       ilClosePal                 0000000180038860 f   il_stack.obj
 0001:000378a0       ilActiveMipmap             00000001800388a0 f   il_stack.obj
 0001:00037a50       ilActiveImage              0000000180038a50 f   il_stack.obj
 0001:00037b80       ilActiveFace               0000000180038b80 f   il_stack.obj
 0001:00037cb0       ilActiveLayer              0000000180038cb0 f   il_stack.obj
 0001:00037de0       ilCreateSubImage           0000000180038de0 f   il_stack.obj
 0001:00037f80       ilGetCurName               0000000180038f80 f   il_stack.obj
 0001:00037fb0       ilGetCurImage              0000000180038fb0 f   il_stack.obj
 0001:00037fc0       ilSetCurImage              0000000180038fc0 f   il_stack.obj
 0001:00037fd0       ilReplaceCurImage          0000000180038fd0 f   il_stack.obj
 0001:00038040       ?ilRecalloc@@YAPEAXPEAXII@Z 0000000180039040 f   il_stack.obj
 0001:000380c0       ?iEnlargeStack@@YAEXZ      00000001800390c0 f   il_stack.obj
 0001:00038100       ilInit                     0000000180039100 f   il_stack.obj
 0001:00038190       ilShutDown                 0000000180039190 f   il_stack.obj
 0001:00038260       iSetImage0                 0000000180039260 f   il_stack.obj
 0001:00038300       iBindImageTemp             0000000180039300 f   il_stack.obj
 0001:000383a0       ilDefaultStates            00000001800393a0 f   il_states.obj
 0001:00038540       ilGetString                0000000180039540 f   il_states.obj
 0001:00038720       ?iClipString@@YAPEADPEADI@Z 0000000180039720 f   il_states.obj
 0001:000387a0       ilEnable                   00000001800397a0 f   il_states.obj
 0001:000387b0       ilDisable                  00000001800397b0 f   il_states.obj
 0001:000387c0       ?ilAble@@YAEIE@Z           00000001800397c0 f   il_states.obj
 0001:00038a30       ilIsEnabled                0000000180039a30 f   il_states.obj
 0001:00038c80       ilIsDisabled               0000000180039c80 f   il_states.obj
 0001:00038ca0       ilGetBooleanv              0000000180039ca0 f   il_states.obj
 0001:00038d30       ilGetBoolean               0000000180039d30 f   il_states.obj
 0001:00038d50       ?iGetActiveNum@@YAII@Z     0000000180039d50 f   il_states.obj
 0001:00038e80       ilGetIntegerv              0000000180039e80 f   il_states.obj
 0001:00039470       iGetIntegervImage          000000018003a470 f   il_states.obj
 0001:00039830       ilGetInteger               000000018003a830 f   il_states.obj
 0001:00039850       ilOriginFunc               000000018003a850 f   il_states.obj
 0001:000398e0       ilFormatFunc               000000018003a8e0 f   il_states.obj
 0001:00039980       ilTypeFunc                 000000018003a980 f   il_states.obj
 0001:00039a20       ilCompressFunc             000000018003aa20 f   il_states.obj
 0001:00039ac0       ilPushAttrib               000000018003aac0 f   il_states.obj
 0001:0003a0e0       ilPopAttrib                000000018003b0e0 f   il_states.obj
 0001:0003a150       ilHint                     000000018003b150 f   il_states.obj
 0001:0003a220       ilSetString                000000018003b220 f   il_states.obj
 0001:0003a670       ilSetInteger               000000018003b670 f   il_states.obj
 0001:0003abc0       iGetInt                    000000018003bbc0 f   il_states.obj
 0001:0003aca0       ?iGetSunHead@@YAIPEAUSIO@@PEAUSUNHEAD@@@Z 000000018003bca0 f   il_sun.obj
 0001:0003ae30       iIsValidSun                000000018003be30 f   il_sun.obj
 0001:0003aef0       ?iSunDecodeRle@@YAXPEAUILimage@@@Z 000000018003bef0 f   il_sun.obj
 0001:0003afe0       iLoadSunInternal           000000018003bfe0 f   il_sun.obj
 0001:0003b700       iIsValidTarga              000000018003c700 f   il_targa.obj
 0001:0003b7c0       iLoadTargaInternal         000000018003c7c0 f   il_targa.obj
 0001:0003ba20       ?iReadColMapTga@@YAEPEAUILimage@@PEAUTARGAHEAD@@@Z 000000018003ca20 f   il_targa.obj
 0001:0003bc60       ?iReadUnmapTga@@YAEPEAUILimage@@PEAUTARGAHEAD@@@Z 000000018003cc60 f   il_targa.obj
 0001:0003bd90       ?iReadBwTga@@YAEPEAUILimage@@PEAUTARGAHEAD@@@Z 000000018003cd90 f   il_targa.obj
 0001:0003be80       ?iUncompressTgaData@@YAEPEAUILimage@@@Z 000000018003ce80 f   il_targa.obj
 0001:0003bff0       ?i16BitTarga@@YAEPEAUILimage@@@Z 000000018003cff0 f   il_targa.obj
 0001:0003c0d0       iSaveTargaInternal         000000018003d0d0 f   il_targa.obj
 0001:0003cd70       ilIsValidTiffFunc          000000018003dd70 f   il_tiff.obj
 0001:0003ce30       iLoadTiffInternal          000000018003de30 f   il_tiff.obj
 0001:0003dbc0       ilNVidiaCompressDXT        000000018003ebc0 f   il_nvidia.obj
 0001:0003dbc0       mng_process_ani_term       000000018003ebc0 f   libmng:libmng_object_prc.obj
 0001:0003dbc0       ilSquishCompressDXT        000000018003ebc0 f   il_squish.obj
 0001:0003dbc0       ?mymnggetticks@@YAIPEAUmng_data_struct@@@Z 000000018003ebc0 f   il_mng.obj
 0001:0003dbd0       iSaveTiffInternal          000000018003ebd0 f   il_tiff.obj
 0001:0003e2e0       ilGetBppFormat             000000018003f2e0 f   il_utility.obj
 0001:0003e320       ilGetFormatBpp             000000018003f320 f   il_utility.obj
 0001:0003e350       ilGetBpcType               000000018003f350 f   il_utility.obj
 0001:0003e3b0       ilGetTypeBpc               000000018003f3b0 f   il_utility.obj
 0001:0003e3e0       ilGetBppPal                000000018003f3e0 f   il_utility.obj
 0001:0003e430       ilGetPalBaseType           000000018003f430 f   il_utility.obj
 0001:0003e490       ilNextPower2               000000018003f490 f   il_utility.obj
 0001:0003e4b0       iMemSwap                   000000018003f4b0 f   il_utility.obj
 0001:0003e5f0       iIsValidVtf                000000018003f5f0 f   il_vtf.obj
 0001:0003e6a0       ?iCheckVtf@@YAEPEAUVTFHEAD@@@Z 000000018003f6a0 f   il_vtf.obj
 0001:0003e7b0       iLoadVtfInternal           000000018003f7b0 f   il_vtf.obj
 0001:0003f3a0       ?VtfInitFacesMipmaps@@YAEPEAUILimage@@IPEAUVTFHEAD@@@Z 00000001800403a0 f   il_vtf.obj
 0001:0003f4c0       ?VtfInitMipmaps@@YAEPEAUILimage@@PEAUVTFHEAD@@@Z 00000001800404c0 f   il_vtf.obj
 0001:0003f6d0       iSaveVtfInternal           00000001800406d0 f   il_vtf.obj
 0001:0003fec0       ?WbmpGetMultibyte@@YAIPEAUSIO@@@Z 0000000180040ec0 f   il_wbmp.obj
 0001:0003ff10       iLoadWbmpInternal          0000000180040f10 f   il_wbmp.obj
 0001:00040160       ?WbmpPutMultibyte@@YAEPEAUSIO@@I@Z 0000000180041160 f   il_wbmp.obj
 0001:000401e0       iSaveWbmpInternal          00000001800411e0 f   il_wbmp.obj
 0001:00040350       ?XpmGetsInternal@@YAHPEAUSIO@@PEAEH@Z 0000000180041350 f   il_xpm.obj
 0001:00040400       iIsValidXpm                0000000180041400 f   il_xpm.obj
 0001:000404e0       ?XpmCreateHashTable@@YAPEAPEAUXPMHASHENTRY@@XZ 00000001800414e0 f   il_xpm.obj
 0001:00040580       ?XpmDestroyHashTable@@YAXPEAPEAUXPMHASHENTRY@@@Z 0000000180041580 f   il_xpm.obj
 0001:00040600       ?XpmGets@@YAHPEAUSIO@@PEAEH@Z 0000000180041600 f   il_xpm.obj
 0001:00040740       ?XpmPredefCol@@YAEPEADPEAY03E@Z 0000000180041740 f   il_xpm.obj
 0001:000409b0       ?XpmGetColour@@YAEPEAEHHPEAPEAUXPMHASHENTRY@@@Z 00000001800419b0 f   il_xpm.obj
 0001:00040e20       iLoadXpmInternal           0000000180041e20 f   il_xpm.obj
 0001:00041420       jas_image_create           0000000180042420 f   libjasper:jas_image.obj
 0001:00041610       jas_image_destroy          0000000180042610 f   libjasper:jas_image.obj
 0001:000418b0       jas_image_decode           00000001800428b0 f   libjasper:jas_image.obj
 0001:000419a0       jas_image_encode           00000001800429a0 f   libjasper:jas_image.obj
 0001:000419e0       jas_image_readcmpt         00000001800429e0 f   libjasper:jas_image.obj
 0001:00041ca0       jas_image_writecmpt        0000000180042ca0 f   libjasper:jas_image.obj
 0001:00041f10       jas_image_clearfmts        0000000180042f10 f   libjasper:jas_image.obj
 0001:00041f90       jas_image_rawsize          0000000180042f90 f   libjasper:jas_image.obj
 0001:00042070       jas_image_addcmpt          0000000180043070 f   libjasper:jas_image.obj
 0001:000422d0       jas_image_depalettize      00000001800432d0 f   libjasper:jas_image.obj
 0001:00042420       jas_image_readcmptsample   0000000180043420 f   libjasper:jas_image.obj
 0001:00042530       jas_image_writecmptsample  0000000180043530 f   libjasper:jas_image.obj
 0001:00042640       jas_seq2d_create           0000000180043640 f   libjasper:jas_seq.obj
 0001:000426a0       jas_matrix_create          00000001800436a0 f   libjasper:jas_seq.obj
 0001:000427b0       jas_matrix_destroy         00000001800437b0 f   libjasper:jas_seq.obj
 0001:00042800       jas_seq2d_bindsub          0000000180043800 f   libjasper:jas_seq.obj
 0001:00042860       jas_matrix_bindsub         0000000180043860 f   libjasper:jas_seq.obj
 0001:00042960       jas_stream_memopen         0000000180043960 f   libjasper:jas_stream.obj
 0001:00042ac0       jas_stream_tmpfile         0000000180043ac0 f   libjasper:jas_stream.obj
 0001:00042ba0       jas_stream_close           0000000180043ba0 f   libjasper:jas_stream.obj
 0001:00042bf0       jas_stream_read            0000000180043bf0 f   libjasper:jas_stream.obj
 0001:00042cf0       jas_stream_write           0000000180043cf0 f   libjasper:jas_stream.obj
 0001:00042e20       jas_stream_printf          0000000180043e20 f   libjasper:jas_stream.obj
 0001:00042ea0       jas_stream_puts            0000000180043ea0 f   libjasper:jas_stream.obj
 0001:00042fc0       jas_stream_gobble          0000000180043fc0 f   libjasper:jas_stream.obj
 0001:00043060       jas_stream_pad             0000000180044060 f   libjasper:jas_stream.obj
 0001:000430f0       jas_stream_seek            00000001800440f0 f   libjasper:jas_stream.obj
 0001:00043170       jas_stream_tell            0000000180044170 f   libjasper:jas_stream.obj
 0001:000431c0       jas_stream_flush           00000001800441c0 f   libjasper:jas_stream.obj
 0001:00043250       jas_stream_fillbuf         0000000180044250 f   libjasper:jas_stream.obj
 0001:00043320       jas_stream_flushbuf        0000000180044320 f   libjasper:jas_stream.obj
 0001:00043400       jas_stream_copy            0000000180044400 f   libjasper:jas_stream.obj
 0001:00043710       ?iDefaultSeek@@YAHPEAX_JI@Z 0000000180044710 f   il_files.obj
 0001:00043720       jas_init                   0000000180044720 f   libjasper:jas_init.obj
 0001:000441b0       jas_cleanup                00000001800451b0 f   libjasper:jas_init.obj
 0001:000441c0       jas_cmprof_createfromclrspc 00000001800451c0 f   libjasper:jas_cm.obj
 0001:00044470       jas_cmprof_createfromiccprof 0000000180045470 f   libjasper:jas_cm.obj
 0001:000446e0       jas_cmprof_destroy         00000001800456e0 f   libjasper:jas_cm.obj
 0001:00045c80       jas_strdup                 0000000180046c80 f   libjasper:jas_string.obj
 0001:00045d80       jpc_encode                 0000000180046d80 f   libjasper:jpc_enc.obj
 0001:00046ad0       ratestrtosize              0000000180047ad0 f   libjasper:jpc_enc.obj
 0001:00046b70       jpc_enc_create             0000000180047b70 f   libjasper:jpc_enc.obj
 0001:00046c10       jpc_enc_destroy            0000000180047c10 f   libjasper:jpc_enc.obj
 0001:000484d0       jpc_quantize               00000001800494d0 f   libjasper:jpc_enc.obj
 0001:00048570       calcrdslopes               0000000180049570 f   libjasper:jpc_enc.obj
 0001:00048650       dump_layeringinfo          0000000180049650 f   libjasper:jpc_enc.obj
 0001:00048850       rateallocate               0000000180049850 f   libjasper:jpc_enc.obj
 0001:000493a0       jpc_enc_tile_create        000000018004a3a0 f   libjasper:jpc_enc.obj
 0001:000496c0       jpc_enc_tile_destroy       000000018004a6c0 f   libjasper:jpc_enc.obj
 0001:0004a840       jpc_enc_dump               000000018004b840 f   libjasper:jpc_enc.obj
 0001:0004aa80       jpc_decode                 000000018004ba80 f   libjasper:jpc_dec.obj
 0001:0004dc90       jpc_streamlist_create      000000018004ec90 f   libjasper:jpc_dec.obj
 0001:0004dd10       jpc_streamlist_insert      000000018004ed10 f   libjasper:jpc_dec.obj
 0001:0004ddb0       jpc_streamlist_destroy     000000018004edb0 f   libjasper:jpc_dec.obj
 0001:0004de70       jpc_ppxstab_destroy        000000018004ee70 f   libjasper:jpc_dec.obj
 0001:0004def0       jpc_ppxstab_insert         000000018004eef0 f   libjasper:jpc_dec.obj
 0001:0004dfd0       jpc_ppmstabtostreams       000000018004efd0 f   libjasper:jpc_dec.obj
 0001:0004e140       jpc_pptstabwrite           000000018004f140 f   libjasper:jpc_dec.obj
 0001:0004e220       bmp_encode                 000000018004f220 f   libjasper:bmp_enc.obj
 0001:0004ef50       ras_encode                 000000018004ff50 f   libjasper:ras_enc.obj
 0001:0004fb80       jpg_encode                 0000000180050b80 f   libjasper:jpg_enc.obj
 0001:00050350       mif_decode                 0000000180051350 f   libjasper:mif_cod.obj
 0001:000506e0       mif_encode                 00000001800516e0 f   libjasper:mif_cod.obj
 0001:00050a10       mif_validate               0000000180051a10 f   libjasper:mif_cod.obj
 0001:000516b0       pnm_decode                 00000001800526b0 f   libjasper:pnm_dec.obj
 0001:00051830       pnm_validate               0000000180052830 f   libjasper:pnm_dec.obj
 0001:00052710       pgx_decode                 0000000180053710 f   libjasper:pgx_dec.obj
 0001:00052810       pgx_validate               0000000180053810 f   libjasper:pgx_dec.obj
 0001:000533d0       pnm_encode                 00000001800543d0 f   libjasper:pnm_enc.obj
 0001:00053e30       bmp_decode                 0000000180054e30 f   libjasper:bmp_dec.obj
 0001:00054130       bmp_validate               0000000180055130 f   libjasper:bmp_dec.obj
 0001:00054f90       jpg_decode                 0000000180055f90 f   libjasper:jpg_dec.obj
 0001:00055860       jpg_validate               0000000180056860 f   libjasper:jpg_val.obj
 0001:000558e0       ras_decode                 00000001800568e0 f   libjasper:ras_dec.obj
 0001:00055bd0       ras_validate               0000000180056bd0 f   libjasper:ras_dec.obj
 0001:00056340       jpc_getms                  0000000180057340 f   libjasper:jpc_cs.obj
 0001:000565b0       jpc_putms                  00000001800575b0 f   libjasper:jpc_cs.obj
 0001:000566d0       jpc_ms_create              00000001800576d0 f   libjasper:jpc_cs.obj
 0001:00056750       jpc_ms_destroy             0000000180057750 f   libjasper:jpc_cs.obj
 0001:00056780       jpc_ms_dump                0000000180057780 f   libjasper:jpc_cs.obj
 0001:00058c20       jpc_getuint8               0000000180059c20 f   libjasper:jpc_cs.obj
 0001:00058c90       jpc_putuint8               0000000180059c90 f   libjasper:jpc_cs.obj
 0001:00058d00       jpc_getuint16              0000000180059d00 f   libjasper:jpc_cs.obj
 0001:00058de0       jpc_putuint16              0000000180059de0 f   libjasper:jpc_cs.obj
 0001:00058eb0       jpc_getuint32              0000000180059eb0 f   libjasper:jpc_cs.obj
 0001:00059030       jpc_putuint32              000000018005a030 f   libjasper:jpc_cs.obj
 0001:00059190       jpc_validate               000000018005a190 f   libjasper:jpc_cs.obj
 0001:00059210       jp2_decode                 000000018005a210 f   libjasper:jp2_dec.obj
 0001:00059b10       jp2_validate               000000018005ab10 f   libjasper:jp2_dec.obj
 0001:00059d50       jp2_encode                 000000018005ad50 f   libjasper:jp2_enc.obj
 0001:0005a480       pgx_encode                 000000018005b480 f   libjasper:pgx_enc.obj
 0001:0005aa00       jas_iccprof_copy           000000018005ba00 f   libjasper:jas_icc.obj
 0001:0005aa90       jas_iccprof_destroy        000000018005ba90 f   libjasper:jas_icc.obj
 0001:0005aad0       jas_iccprof_load           000000018005bad0 f   libjasper:jas_icc.obj
 0001:0005ad90       jas_iccprof_save           000000018005bd90 f   libjasper:jas_icc.obj
 0001:0005b6f0       jas_iccprof_setattr        000000018005c6f0 f   libjasper:jas_icc.obj
 0001:0005bc00       jas_iccattrval_destroy     000000018005cc00 f   libjasper:jas_icc.obj
 0001:0005dd10       jas_iccprof_createfrombuf  000000018005ed10 f   libjasper:jas_icc.obj
 0001:0005dd90       jas_iccprof_createfromclrspc 000000018005ed90 f   libjasper:jas_icc.obj
 0001:0005de50       jpc_atoaf                  000000018005ee50 f   libjasper:jpc_util.obj
 0001:0005dfc0       jas_eprintf                000000018005efc0 f   libjasper:jas_debug.obj
 0001:0005e000       jas_memdump                000000018005f000 f   libjasper:jas_debug.obj
 0001:0005e0b0       jas_tvparser_create        000000018005f0b0 f   libjasper:jas_tvp.obj
 0001:0005e120       jas_tvparser_next          000000018005f120 f   libjasper:jas_tvp.obj
 0001:0005e2c0       jpc_pi_next                000000018005f2c0 f   libjasper:jpc_t2cod.obj
 0001:0005efa0       jpc_pi_destroy             000000018005ffa0 f   libjasper:jpc_t2cod.obj
 0001:0005f090       jpc_pi_create0             0000000180060090 f   libjasper:jpc_t2cod.obj
 0001:0005f100       jpc_pchglist_insert        0000000180060100 f   libjasper:jpc_t2cod.obj
 0001:0005f1a0       jpc_pchglist_copy          00000001800601a0 f   libjasper:jpc_t2cod.obj
 0001:0005f2a0       jpc_pchglist_destroy       00000001800602a0 f   libjasper:jpc_t2cod.obj
 0001:0005f300       jpc_pi_init                0000000180060300 f   libjasper:jpc_t2cod.obj
 0001:0005f380       JPC_SEGPASSCNT             0000000180060380 f   libjasper:jpc_t1cod.obj
 0001:0005f430       jpc_initluts               0000000180060430 f   libjasper:jpc_t1cod.obj
 0001:0005f780       jpc_getzcctxno             0000000180060780 f   libjasper:jpc_t1cod.obj
 0001:0005f8b0       jpc_getspb                 00000001800608b0 f   libjasper:jpc_t1cod.obj
 0001:0005f980       jpc_getscctxno             0000000180060980 f   libjasper:jpc_t1cod.obj
 0001:0005fab0       jpc_pow2i                  0000000180060ab0 f   libjasper:jpc_t1cod.obj
 0001:0005fe90       jpc_enc_encpkts            0000000180060e90 f   libjasper:jpc_t2enc.obj
 0001:0005ff50       jpc_enc_encpkt             0000000180060f50 f   libjasper:jpc_t2enc.obj
 0001:000607f0       jpc_save_t2state           00000001800617f0 f   libjasper:jpc_t2enc.obj
 0001:000609d0       jpc_restore_t2state        00000001800619d0 f   libjasper:jpc_t2enc.obj
 0001:00060bb0       jpc_init_t2state           0000000180061bb0 f   libjasper:jpc_t2enc.obj
 0001:00060ed0       jpc_enc_pi_create          0000000180061ed0 f   libjasper:jpc_t2enc.obj
 0001:000611c0       jpc_enc_enccblks           00000001800621c0 f   libjasper:jpc_t1enc.obj
 0001:00061420       getthebyte                 0000000180062420 f   libjasper:jpc_t1enc.obj
 0001:00061500       jpc_enc_enccblk            0000000180062500 f   libjasper:jpc_t1enc.obj
 0001:00064db0       jpc_cod_gettsfb            0000000180065db0 f   libjasper:jpc_tsfb.obj
 0001:00064e30       jpc_tsfb_analyze2          0000000180065e30 f   libjasper:jpc_tsfb.obj
 0001:00064f10       jpc_tsfb_synthesize2       0000000180065f10 f   libjasper:jpc_tsfb.obj
 0001:00064ff0       jpc_tsfb_getbands          0000000180065ff0 f   libjasper:jpc_tsfb.obj
 0001:00065100       jpc_tsfb_getbands2         0000000180066100 f   libjasper:jpc_tsfb.obj
 0001:00065410       jpc_rct                    0000000180066410 f   libjasper:jpc_mct.obj
 0001:000654d0       jpc_irct                   00000001800664d0 f   libjasper:jpc_mct.obj
 0001:00065590       jpc_ict                    0000000180066590 f   libjasper:jpc_mct.obj
 0001:000656d0       jpc_iict                   00000001800666d0 f   libjasper:jpc_mct.obj
 0001:000657c0       jpc_tagtree_create         00000001800667c0 f   libjasper:jpc_tagtree.obj
 0001:000659c0       jpc_tagtree_encode         00000001800669c0 f   libjasper:jpc_tagtree.obj
 0001:00065c10       jpc_tagtree_decode         0000000180066c10 f   libjasper:jpc_tagtree.obj
 0001:00065dd0       jpc_mqenc_create           0000000180066dd0 f   libjasper:jpc_mqenc.obj
 0001:00065e70       jpc_mqenc_setctxs          0000000180066e70 f   libjasper:jpc_mqenc.obj
 0001:00065ee0       jpc_mqenc_codemps2         0000000180066ee0 f   libjasper:jpc_mqenc.obj
 0001:000660b0       jpc_mqenc_codelps          00000001800670b0 f   libjasper:jpc_mqenc.obj
 0001:00066290       jpc_mqenc_flush            0000000180067290 f   libjasper:jpc_mqenc.obj
 0001:00067330       jpc_dec_decodepkts         0000000180068330 f   libjasper:jpc_t2dec.obj
 0001:000674b0       jpc_dec_pi_create          00000001800684b0 f   libjasper:jpc_t2dec.obj
 0001:00067770       jpc_dec_lookahead          0000000180068770 f   libjasper:jpc_t2dec.obj
 0001:00067800       jpc_mqdec_init             0000000180068800 f   libjasper:jpc_mqdec.obj
 0001:000678a0       jpc_mqdec_setctxs          00000001800688a0 f   libjasper:jpc_mqdec.obj
 0001:00067910       jpc_mqdec_mpsexchrenormd   0000000180068910 f   libjasper:jpc_mqdec.obj
 0001:00067a20       jpc_mqdec_lpsexchrenormd   0000000180068a20 f   libjasper:jpc_mqdec.obj
 0001:00067c20       jpc_bitstream_close        0000000180068c20 f   libjasper:jpc_bs.obj
 0001:00067ce0       jpc_bitstream_getbits      0000000180068ce0 f   libjasper:jpc_bs.obj
 0001:00067e20       jpc_bitstream_putbits      0000000180068e20 f   libjasper:jpc_bs.obj
 0001:00067f50       jpc_bitstream_fillbuf      0000000180068f50 f   libjasper:jpc_bs.obj
 0001:00068050       jpc_bitstream_inalign      0000000180069050 f   libjasper:jpc_bs.obj
 0001:00068120       jpc_bitstream_outalign     0000000180069120 f   libjasper:jpc_bs.obj
 0001:00068200       jpc_dec_decodecblks        0000000180069200 f   libjasper:jpc_t1dec.obj
 0001:0006aad0       bmp_info_destroy           000000018006bad0 f   libjasper:bmp_cod.obj
 0001:0006ab00       bmp_numcmpts               000000018006bb00 f   libjasper:bmp_cod.obj
 0001:0006ab80       pnm_type                   000000018006bb80 f   libjasper:pnm_cod.obj
 0001:0006abf0       pnm_maxvaltodepth          000000018006bbf0 f   libjasper:pnm_cod.obj
 0001:0006ac00       jp2_box_create             000000018006bc00 f   libjasper:jp2_cod.obj
 0001:0006ac90       jp2_box_destroy            000000018006bc90 f   libjasper:jp2_cod.obj
 0001:0006acf0       jp2_box_get                000000018006bcf0 f   libjasper:jp2_cod.obj
 0001:0006af40       jp2_box_dump               000000018006bf40 f   libjasper:jp2_cod.obj
 0001:0006b5e0       jp2_box_put                000000018006c5e0 f   libjasper:jp2_cod.obj
 0001:0006c7a0       jpc_qmfb_split_row         000000018006d7a0 f   libjasper:jpc_qmfb.obj
 0001:0006c900       jpc_qmfb_split_colgrp      000000018006d900 f   libjasper:jpc_qmfb.obj
 0001:0006cb40       jpc_qmfb_split_colres      000000018006db40 f   libjasper:jpc_qmfb.obj
 0001:0006cdc0       jpc_qmfb_join_row          000000018006ddc0 f   libjasper:jpc_qmfb.obj
 0001:0006cee0       jpc_qmfb_join_colgrp       000000018006dee0 f   libjasper:jpc_qmfb.obj
 0001:0006d0e0       jpc_qmfb_join_colres       000000018006e0e0 f   libjasper:jpc_qmfb.obj
 0001:0006d340       jpc_ft_fwdlift_row         000000018006e340 f   libjasper:jpc_qmfb.obj
 0001:0006d450       jpc_ft_fwdlift_colgrp      000000018006e450 f   libjasper:jpc_qmfb.obj
 0001:0006d8c0       jpc_ft_fwdlift_colres      000000018006e8c0 f   libjasper:jpc_qmfb.obj
 0001:0006db10       jpc_ft_invlift_row         000000018006eb10 f   libjasper:jpc_qmfb.obj
 0001:0006dc30       jpc_ft_invlift_colgrp      000000018006ec30 f   libjasper:jpc_qmfb.obj
 0001:0006e080       jpc_ft_invlift_colres      000000018006f080 f   libjasper:jpc_qmfb.obj
 0001:0006e2e0       jpc_ft_analyze             000000018006f2e0 f   libjasper:jpc_qmfb.obj
 0001:0006e400       jpc_ft_synthesize          000000018006f400 f   libjasper:jpc_qmfb.obj
 0001:0006e530       jpc_ns_fwdlift_row         000000018006f530 f   libjasper:jpc_qmfb.obj
 0001:0006e7b0       jpc_ns_fwdlift_colgrp      000000018006f7b0 f   libjasper:jpc_qmfb.obj
 0001:0006f220       jpc_ns_fwdlift_colres      0000000180070220 f   libjasper:jpc_qmfb.obj
 0001:0006f750       jpc_ns_invlift_row         0000000180070750 f   libjasper:jpc_qmfb.obj
 0001:0006f9b0       jpc_ns_invlift_colgrp      00000001800709b0 f   libjasper:jpc_qmfb.obj
 0001:000703f0       jpc_ns_invlift_colres      00000001800713f0 f   libjasper:jpc_qmfb.obj
 0001:000708e0       jpc_ns_analyze             00000001800718e0 f   libjasper:jpc_qmfb.obj
 0001:00070a00       jpc_ns_synthesize          0000000180071a00 f   libjasper:jpc_qmfb.obj
 0001:00070fb0       mng_initialize             0000000180071fb0 f   libmng:libmng_hlapi.obj
 0001:00071310       mng_reset                  0000000180072310 f   libmng:libmng_hlapi.obj
 0001:000719f0       mng_read                   00000001800729f0 f   libmng:libmng_hlapi.obj
 0001:00071b50       mng_display                0000000180072b50 f   libmng:libmng_hlapi.obj
 0001:00071cc0       mnglcms_createsrgbprofile  0000000180072cc0 f   libmng:libmng_cms.obj
 0001:00071db0       mng_clear_cms              0000000180072db0 f   libmng:libmng_cms.obj
 0001:00071df0       mng_init_full_cms          0000000180072df0 f   libmng:libmng_cms.obj
 0001:00072290       mng_correct_full_cms       0000000180073290 f   libmng:libmng_cms.obj
 0001:000722c0       mng_init_gamma_only        00000001800732c0 f   libmng:libmng_cms.obj
 0001:00072450       mng_correct_gamma_only     0000000180073450 f   libmng:libmng_cms.obj
 0001:00072510       mng_process_eof            0000000180073510 f   libmng:libmng_read.obj
 0001:00072560       mng_release_pushdata       0000000180073560 f   libmng:libmng_read.obj
 0001:000725e0       mng_release_pushchunk      00000001800735e0 f   libmng:libmng_read.obj
 0001:00074880       mng_read_graphic           0000000180075880 f   libmng:libmng_read.obj
 0001:00074ab0       mng_drop_chunks            0000000180075ab0 f   libmng:libmng_write.obj
 0001:00074b00       mngzlib_alloc              0000000180075b00 f   libmng:libmng_zlib.obj
 0001:00074b20       mngzlib_free               0000000180075b20 f   libmng:libmng_zlib.obj
 0001:00074b50       mngzlib_inflateinit        0000000180075b50 f   libmng:libmng_zlib.obj
 0001:00074bb0       mngzlib_inflaterows        0000000180075bb0 f   libmng:libmng_zlib.obj
 0001:00074e50       mngzlib_inflatefree        0000000180075e50 f   libmng:libmng_zlib.obj
 0001:00074f10       mng_display_progressive_refresh 0000000180075f10 f   libmng:libmng_display.obj
 0001:000763b0       mng_display_image          00000001800773b0 f   libmng:libmng_display.obj
 0001:00076760       mng_execute_delta_image    0000000180077760 f   libmng:libmng_display.obj
 0001:000773f0       mng_reset_objzero          00000001800783f0 f   libmng:libmng_display.obj
 0001:00077860       mng_process_display        0000000180078860 f   libmng:libmng_display.obj
 0001:00077b40       mng_process_display_ihdr   0000000180078b40 f   libmng:libmng_display.obj
 0001:00077fe0       mng_process_display_idat   0000000180078fe0 f   libmng:libmng_display.obj
 0001:00078070       mng_process_display_iend   0000000180079070 f   libmng:libmng_display.obj
 0001:000782f0       mng_process_display_mend   00000001800792f0 f   libmng:libmng_display.obj
 0001:00078640       mng_process_display_defi   0000000180079640 f   libmng:libmng_display.obj
 0001:00078830       mng_process_display_basi   0000000180079830 f   libmng:libmng_display.obj
 0001:00078ef0       mng_process_display_clon   0000000180079ef0 f   libmng:libmng_display.obj
 0001:000790f0       mng_process_display_disc   000000018007a0f0 f   libmng:libmng_display.obj
 0001:00079250       mng_process_display_fram2  000000018007a250 f   libmng:libmng_display.obj
 0001:00079350       mng_process_display_move   000000018007a350 f   libmng:libmng_display.obj
 0001:000793f0       mng_process_display_clip   000000018007a3f0 f   libmng:libmng_display.obj
 0001:000794a0       mng_process_display_show   000000018007a4a0 f   libmng:libmng_display.obj
 0001:000797f0       mng_process_display_seek   000000018007a7f0 f   libmng:libmng_display.obj
 0001:00079850       mng_process_display_jhdr   000000018007a850 f   libmng:libmng_display.obj
 0001:00079e60       mng_process_display_jdat   000000018007ae60 f   libmng:libmng_display.obj
 0001:00079ef0       mng_process_display_dhdr   000000018007aef0 f   libmng:libmng_display.obj
 0001:0007a5c0       mng_process_display_prom   000000018007b5c0 f   libmng:libmng_display.obj
 0001:0007a6e0       mng_process_display_pplt   000000018007b6e0 f   libmng:libmng_display.obj
 0001:0007a970       mng_process_display_magn   000000018007b970 f   libmng:libmng_display.obj
 0001:0007ab80       mng_process_display_magn2  000000018007bb80 f   libmng:libmng_display.obj
 0001:0007ac30       mng_process_display_past   000000018007bc30 f   libmng:libmng_display.obj
 0001:0007b630       mng_process_display_past2  000000018007c630 f   libmng:libmng_display.obj
 0001:0007b690       mng_create_imagedataobject 000000018007c690 f   libmng:libmng_object_prc.obj
 0001:0007b8b0       mng_free_imagedataobject   000000018007c8b0 f   libmng:libmng_object_prc.obj
 0001:0007b930       mng_clone_imagedataobject  000000018007c930 f   libmng:libmng_object_prc.obj
 0001:0007ba40       mng_create_imageobject     000000018007ca40 f   libmng:libmng_object_prc.obj
 0001:0007bbe0       mng_free_imageobject       000000018007cbe0 f   libmng:libmng_object_prc.obj
 0001:0007bc60       mng_clone_imageobject      000000018007cc60 f   libmng:libmng_object_prc.obj
 0001:0007be40       mng_renum_imageobject      000000018007ce40 f   libmng:libmng_object_prc.obj
 0001:0007bf30       mng_reset_object_details   000000018007cf30 f   libmng:libmng_object_prc.obj
 0001:0007c340       mng_promote_imageobject    000000018007d340 f   libmng:libmng_object_prc.obj
 0001:0007c9f0       mng_magnify_imageobject    000000018007d9f0 f   libmng:libmng_object_prc.obj
 0001:0007d3c0       mng_colorcorrect_object    000000018007e3c0 f   libmng:libmng_object_prc.obj
 0001:0007d680       mng_add_ani_object         000000018007e680 f   libmng:libmng_object_prc.obj
 0001:0007d700       mng_create_ani_image       000000018007e700 f   libmng:libmng_object_prc.obj
 0001:0007d860       mng_free_ani_image         000000018007e860 f   libmng:libmng_object_prc.obj
 0001:0007d8a0       mng_process_ani_image      000000018007e8a0 f   libmng:libmng_object_prc.obj
 0001:0007dba0       mng_create_ani_plte        000000018007eba0 f   libmng:libmng_object_prc.obj
 0001:0007dc40       mng_free_ani_plte          000000018007ec40 f   libmng:libmng_object_prc.obj
 0001:0007dc70       mng_process_ani_plte       000000018007ec70 f   libmng:libmng_object_prc.obj
 0001:0007dca0       mng_create_ani_trns        000000018007eca0 f   libmng:libmng_object_prc.obj
 0001:0007dd40       mng_free_ani_trns          000000018007ed40 f   libmng:libmng_object_prc.obj
 0001:0007dd70       mng_process_ani_trns       000000018007ed70 f   libmng:libmng_object_prc.obj
 0001:0007dda0       mng_create_ani_gama        000000018007eda0 f   libmng:libmng_object_prc.obj
 0001:0007de30       mng_free_ani_bkgd          000000018007ee30 f   libmng:libmng_object_prc.obj
 0001:0007de30       mng_free_ani_gama          000000018007ee30 f   libmng:libmng_object_prc.obj
 0001:0007de30       mng_free_ani_srgb          000000018007ee30 f   libmng:libmng_object_prc.obj
 0001:0007de30       mng_free_ani_show          000000018007ee30 f   libmng:libmng_object_prc.obj
 0001:0007de30       mng_free_ani_prom          000000018007ee30 f   libmng:libmng_object_prc.obj
 0001:0007de60       mng_process_ani_gama       000000018007ee60 f   libmng:libmng_object_prc.obj
 0001:0007de90       mng_create_ani_chrm        000000018007ee90 f   libmng:libmng_object_prc.obj
 0001:0007df50       mng_free_magn              000000018007ef50 f   libmng:libmng_chunk_prc.obj
 0001:0007df50       mng_free_ani_defi          000000018007ef50 f   libmng:libmng_object_prc.obj
 0001:0007df50       mng_free_ani_chrm          000000018007ef50 f   libmng:libmng_object_prc.obj
 0001:0007df50       mng_free_dhdr              000000018007ef50 f   libmng:libmng_chunk_prc.obj
 0001:0007df50       mng_free_clip              000000018007ef50 f   libmng:libmng_chunk_prc.obj
 0001:0007df50       mng_free_basi              000000018007ef50 f   libmng:libmng_chunk_prc.obj
 0001:0007df50       mng_free_ani_fram          000000018007ef50 f   libmng:libmng_object_prc.obj
 0001:0007df50       mng_free_clon              000000018007ef50 f   libmng:libmng_chunk_prc.obj
 0001:0007df80       mng_process_ani_chrm       000000018007ef80 f   libmng:libmng_object_prc.obj
 0001:0007e000       mng_create_ani_srgb        000000018007f000 f   libmng:libmng_object_prc.obj
 0001:0007e090       mng_process_ani_srgb       000000018007f090 f   libmng:libmng_object_prc.obj
 0001:0007e0c0       mng_create_ani_iccp        000000018007f0c0 f   libmng:libmng_object_prc.obj
 0001:0007e1a0       mng_free_ani_iccp          000000018007f1a0 f   libmng:libmng_object_prc.obj
 0001:0007e1f0       mng_process_ani_iccp       000000018007f1f0 f   libmng:libmng_object_prc.obj
 0001:0007e2b0       mng_create_ani_bkgd        000000018007f2b0 f   libmng:libmng_object_prc.obj
 0001:0007e340       mng_process_ani_bkgd       000000018007f340 f   libmng:libmng_object_prc.obj
 0001:0007e370       mng_create_ani_loop        000000018007f370 f   libmng:libmng_object_prc.obj
 0001:0007e420       mng_free_ani_loop          000000018007f420 f   libmng:libmng_object_prc.obj
 0001:0007e470       mng_process_ani_loop       000000018007f470 f   libmng:libmng_object_prc.obj
 0001:0007e4a0       mng_create_ani_endl        000000018007f4a0 f   libmng:libmng_object_prc.obj
 0001:0007e520       mng_process_ani_endl       000000018007f520 f   libmng:libmng_object_prc.obj
 0001:0007e650       mng_create_ani_defi        000000018007f650 f   libmng:libmng_object_prc.obj
 0001:0007e740       mng_process_ani_defi       000000018007f740 f   libmng:libmng_object_prc.obj
 0001:0007e7d0       mng_create_ani_basi        000000018007f7d0 f   libmng:libmng_object_prc.obj
 0001:0007e8c0       mng_process_ani_basi       000000018007f8c0 f   libmng:libmng_object_prc.obj
 0001:0007e900       mng_create_ani_clon        000000018007f900 f   libmng:libmng_object_prc.obj
 0001:0007ea50       mng_process_ani_clon       000000018007fa50 f   libmng:libmng_object_prc.obj
 0001:0007eab0       mng_create_ani_back        000000018007fab0 f   libmng:libmng_object_prc.obj
 0001:0007eb60       mng_free_ipng              000000018007fb60 f   libmng:libmng_chunk_prc.obj
 0001:0007eb60       mng_free_ijng              000000018007fb60 f   libmng:libmng_chunk_prc.obj
 0001:0007eb60       mng_free_mend              000000018007fb60 f   libmng:libmng_chunk_prc.obj
 0001:0007eb60       mng_free_ani_term          000000018007fb60 f   libmng:libmng_object_prc.obj
 0001:0007eb60       mng_free_jsep              000000018007fb60 f   libmng:libmng_chunk_prc.obj
 0001:0007eb60       mng_free_ani_back          000000018007fb60 f   libmng:libmng_object_prc.obj
 0001:0007eb60       mng_free_ani_basi          000000018007fb60 f   libmng:libmng_object_prc.obj
 0001:0007eb60       mng_free_ani_move          000000018007fb60 f   libmng:libmng_object_prc.obj
 0001:0007eb60       mng_free_ani_endl          000000018007fb60 f   libmng:libmng_object_prc.obj
 0001:0007eb60       mng_free_iend              000000018007fb60 f   libmng:libmng_chunk_prc.obj
 0001:0007eb90       mng_process_ani_back       000000018007fb90 f   libmng:libmng_object_prc.obj
 0001:0007ebe0       mng_create_ani_fram        000000018007fbe0 f   libmng:libmng_object_prc.obj
 0001:0007ed50       mng_process_ani_fram       000000018007fd50 f   libmng:libmng_object_prc.obj
 0001:0007ee00       mng_create_ani_move        000000018007fe00 f   libmng:libmng_object_prc.obj
 0001:0007eed0       mng_process_ani_move       000000018007fed0 f   libmng:libmng_object_prc.obj
 0001:0007ef00       mng_create_ani_clip        000000018007ff00 f   libmng:libmng_object_prc.obj
 0001:0007f000       mng_process_ani_clip       0000000180080000 f   libmng:libmng_object_prc.obj
 0001:0007f040       mng_create_ani_show        0000000180080040 f   libmng:libmng_object_prc.obj
 0001:0007f0d0       mng_process_ani_show       00000001800800d0 f   libmng:libmng_object_prc.obj
 0001:0007f100       mng_create_ani_term        0000000180080100 f   libmng:libmng_object_prc.obj
 0001:0007f1a0       mng_free_ani_ipng          00000001800801a0 f   libmng:libmng_object_prc.obj
 0001:0007f1a0       mng_free_ani_ijng          00000001800801a0 f   libmng:libmng_object_prc.obj
 0001:0007f1a0       mng_free_ani_save          00000001800801a0 f   libmng:libmng_object_prc.obj
 0001:0007f1d0       mng_process_ani_save       00000001800801d0 f   libmng:libmng_object_prc.obj
 0001:0007f1e0       mng_create_ani_seek        00000001800801e0 f   libmng:libmng_object_prc.obj
 0001:0007f2b0       mng_free_ani_seek          00000001800802b0 f   libmng:libmng_object_prc.obj
 0001:0007f300       mng_process_ani_seek       0000000180080300 f   libmng:libmng_object_prc.obj
 0001:0007f440       mng_create_ani_dhdr        0000000180080440 f   libmng:libmng_object_prc.obj
 0001:0007f540       mng_process_ani_dhdr       0000000180080540 f   libmng:libmng_object_prc.obj
 0001:0007f580       mng_create_ani_prom        0000000180080580 f   libmng:libmng_object_prc.obj
 0001:0007f630       mng_process_ani_prom       0000000180080630 f   libmng:libmng_object_prc.obj
 0001:0007f650       mng_process_ani_ipng       0000000180080650 f   libmng:libmng_object_prc.obj
 0001:0007f660       mng_process_ani_ijng       0000000180080660 f   libmng:libmng_object_prc.obj
 0001:0007f670       mng_free_ani_pplt          0000000180080670 f   libmng:libmng_object_prc.obj
 0001:0007f6a0       mng_process_ani_pplt       00000001800806a0 f   libmng:libmng_object_prc.obj
 0001:0007f6e0       mng_create_ani_magn        00000001800806e0 f   libmng:libmng_object_prc.obj
 0001:0007f820       mng_process_ani_magn       0000000180080820 f   libmng:libmng_object_prc.obj
 0001:0007f880       mng_create_ani_past        0000000180080880 f   libmng:libmng_object_prc.obj
 0001:0007f9b0       mng_free_ani_past          00000001800809b0 f   libmng:libmng_object_prc.obj
 0001:0007fa00       mng_process_ani_past       0000000180080a00 f   libmng:libmng_object_prc.obj
 0001:0007fa40       mng_create_ani_disc        0000000180080a40 f   libmng:libmng_object_prc.obj
 0001:0007fb20       mng_free_ani_disc          0000000180080b20 f   libmng:libmng_object_prc.obj
 0001:0007fb70       mng_process_ani_disc       0000000180080b70 f   libmng:libmng_object_prc.obj
 0001:0007fb80       mng_create_event           0000000180080b80 f   libmng:libmng_object_prc.obj
 0001:0007fca0       mng_free_event             0000000180080ca0 f   libmng:libmng_object_prc.obj
 0001:0007fcf0       mng_process_event          0000000180080cf0 f   libmng:libmng_object_prc.obj
 0001:0007fdf0       mng_display_progressive_check 0000000180080df0 f   libmng:libmng_pixels.obj
 0001:0007fe60       mng_display_rgb8           0000000180080e60 f   libmng:libmng_pixels.obj
 0001:000802c0       mng_display_rgba8          00000001800812c0 f   libmng:libmng_pixels.obj
 0001:000809a0       mng_display_rgba8_pm       00000001800819a0 f   libmng:libmng_pixels.obj
 0001:00080e80       mng_display_argb8          0000000180081e80 f   libmng:libmng_pixels.obj
 0001:000814b0       mng_display_argb8_pm       00000001800824b0 f   libmng:libmng_pixels.obj
 0001:00081990       mng_display_rgb8_a8        0000000180082990 f   libmng:libmng_pixels.obj
 0001:000820a0       mng_display_bgr8           00000001800830a0 f   libmng:libmng_pixels.obj
 0001:00082500       mng_display_bgrx8          0000000180083500 f   libmng:libmng_pixels.obj
 0001:000829b0       mng_display_bgra8          00000001800839b0 f   libmng:libmng_pixels.obj
 0001:00083080       mng_display_bgra8_pm       0000000180084080 f   libmng:libmng_pixels.obj
 0001:00083560       mng_display_abgr8          0000000180084560 f   libmng:libmng_pixels.obj
 0001:00083c20       mng_display_abgr8_pm       0000000180084c20 f   libmng:libmng_pixels.obj
 0001:00084100       mng_display_bgr565         0000000180085100 f   libmng:libmng_pixels.obj
 0001:00084630       mng_display_rgb565         0000000180085630 f   libmng:libmng_pixels.obj
 0001:00084b60       mng_display_bgra565        0000000180085b60 f   libmng:libmng_pixels.obj
 0001:00085330       mng_display_rgba565        0000000180086330 f   libmng:libmng_pixels.obj
 0001:00085af0       mng_display_bgr565_a8      0000000180086af0 f   libmng:libmng_pixels.obj
 0001:000862f0       mng_display_rgb555         00000001800872f0 f   libmng:libmng_pixels.obj
 0001:00086820       mng_display_bgr555         0000000180087820 f   libmng:libmng_pixels.obj
 0001:00086d60       mng_restore_bkgd_backimage 0000000180087d60 f   libmng:libmng_pixels.obj
 0001:00086ed0       mng_restore_bkgd_backcolor 0000000180087ed0 f   libmng:libmng_pixels.obj
 0001:00086f30       mng_restore_bkgd_bkgd      0000000180087f30 f   libmng:libmng_pixels.obj
 0001:00087060       mng_restore_bkgd_bgcolor   0000000180088060 f   libmng:libmng_pixels.obj
 0001:000870b0       mng_restore_bkgd_rgb8      00000001800880b0 f   libmng:libmng_pixels.obj
 0001:00087140       mng_restore_bkgd_bgr8      0000000180088140 f   libmng:libmng_pixels.obj
 0001:000871d0       mng_restore_bkgd_bgrx8     00000001800881d0 f   libmng:libmng_pixels.obj
 0001:00087270       mng_restore_bkgd_bgr565    0000000180088270 f   libmng:libmng_pixels.obj
 0001:00087320       mng_restore_bkgd_rgb565    0000000180088320 f   libmng:libmng_pixels.obj
 0001:000873d0       mng_retrieve_g8            00000001800883d0 f   libmng:libmng_pixels.obj
 0001:00087500       mng_retrieve_g16           0000000180088500 f   libmng:libmng_pixels.obj
 0001:00087650       mng_retrieve_rgb8          0000000180088650 f   libmng:libmng_pixels.obj
 0001:00087760       mng_retrieve_rgb16         0000000180088760 f   libmng:libmng_pixels.obj
 0001:00087960       mng_retrieve_idx8          0000000180088960 f   libmng:libmng_pixels.obj
 0001:00087c40       mng_retrieve_ga8           0000000180088c40 f   libmng:libmng_pixels.obj
 0001:00087ca0       mng_retrieve_ga16          0000000180088ca0 f   libmng:libmng_pixels.obj
 0001:00087d60       mng_retrieve_rgba16        0000000180088d60 f   libmng:libmng_pixels.obj
 0001:00087d60       mng_retrieve_rgba8         0000000180088d60 f   libmng:libmng_pixels.obj
 0001:00087da0       mng_store_g16              0000000180088da0 f   libmng:libmng_pixels.obj
 0001:00087e30       mng_store_rgb8             0000000180088e30 f   libmng:libmng_pixels.obj
 0001:00087ec0       mng_store_rgb16            0000000180088ec0 f   libmng:libmng_pixels.obj
 0001:00087f50       mng_store_idx1             0000000180088f50 f   libmng:libmng_pixels.obj
 0001:00087f50       mng_store_g1               0000000180088f50 f   libmng:libmng_pixels.obj
 0001:00087fd0       mng_store_idx2             0000000180088fd0 f   libmng:libmng_pixels.obj
 0001:00087fd0       mng_store_g2               0000000180088fd0 f   libmng:libmng_pixels.obj
 0001:00088080       mng_store_idx4             0000000180089080 f   libmng:libmng_pixels.obj
 0001:00088080       mng_store_g4               0000000180089080 f   libmng:libmng_pixels.obj
 0001:00088130       mng_store_g8               0000000180089130 f   libmng:libmng_pixels.obj
 0001:00088130       mng_store_idx8             0000000180089130 f   libmng:libmng_pixels.obj
 0001:000881b0       mng_store_ga8              00000001800891b0 f   libmng:libmng_pixels.obj
 0001:00088230       mng_store_ga16             0000000180089230 f   libmng:libmng_pixels.obj
 0001:000882b0       mng_store_rgba8            00000001800892b0 f   libmng:libmng_pixels.obj
 0001:00088350       mng_store_rgba16           0000000180089350 f   libmng:libmng_pixels.obj
 0001:000883d0       mng_store_jpeg_g8          00000001800893d0 f   libmng:libmng_pixels.obj
 0001:00088420       mng_store_jpeg_rgb8        0000000180089420 f   libmng:libmng_pixels.obj
 0001:00088470       mng_store_jpeg_ga8         0000000180089470 f   libmng:libmng_pixels.obj
 0001:00088560       mng_store_jpeg_rgba8       0000000180089560 f   libmng:libmng_pixels.obj
[...]
 0001:00118ea0       emit_message               0000000180119ea0 f    CIL library: CIL module
 0001:00118ee0       format_message             0000000180119ee0 f    CIL library: CIL module
 0001:00118fc0       reset_error_mgr            0000000180119fc0 f    CIL library: CIL module
 0001:00118fe0       init_destination           0000000180119fe0 f    CIL library: CIL module
 0001:00119010       empty_output_buffer        000000018011a010 f    CIL library: CIL module
 0001:00119070       term_destination           000000018011a070 f    CIL library: CIL module
 0001:00119100       init_source                000000018011a100 f    CIL library: CIL module
 0001:00119110       fill_input_buffer          000000018011a110 f    CIL library: CIL module
 0001:001191b0       skip_input_data            000000018011a1b0 f    CIL library: CIL module
 0001:00119200       use_merged_upsample        000000018011a200 f    CIL library: CIL module
 0001:00119530       prepare_range_limit_table  000000018011a530 f    CIL library: CIL module
 0001:001195e0       master_selection           000000018011a5e0 f    CIL library: CIL module
 0001:00119820       prepare_for_output_pass    000000018011a820 f    CIL library: CIL module
 0001:00119980       finish_output_pass         000000018011a980 f    CIL library: CIL module
 0001:00119e10       initial_setup              000000018011ae10 f    CIL library: CIL module
 0001:0011a380       per_scan_setup             000000018011b380 f    CIL library: CIL module
 0001:0011a570       latch_quant_tables         000000018011b570 f    CIL library: CIL module
 0001:0011a640       start_input_pass           000000018011b640 f    CIL library: CIL module
 0001:0011a690       finish_input_pass          000000018011b690 f    CIL library: CIL module
 0001:0011a6c0       consume_markers            000000018011b6c0 f    CIL library: CIL module
 0001:0011a7e0       reset_input_controller     000000018011b7e0 f    CIL library: CIL module
 0001:0011a830       alloc_small                000000018011b830 f    CIL library: CIL module
 0001:0011a9c0       alloc_large                000000018011b9c0 f    CIL library: CIL module
 0001:0011aab0       alloc_sarray               000000018011bab0 f    CIL library: CIL module
 0001:0011aba0       alloc_barray               000000018011bba0 f    CIL library: CIL module
 0001:0011acb0       request_virt_sarray        000000018011bcb0 f    CIL library: CIL module
 0001:0011ad60       request_virt_barray        000000018011bd60 f    CIL library: CIL module
 0001:0011ae10       realize_virt_arrays        000000018011be10 f    CIL library: CIL module
 0001:0011afc0       access_virt_sarray         000000018011bfc0 f    CIL library: CIL module
 0001:0011b220       access_virt_barray         000000018011c220 f    CIL library: CIL module
 0001:0011b490       free_pool                  000000018011c490 f    CIL library: CIL module
 0001:0011b5d0       self_destruct              000000018011c5d0 f    CIL library: CIL module
 0001:0011b8c0       emit_marker                000000018011c8c0 f    CIL library: CIL module
 0001:0011b940       emit_2bytes                000000018011c940 f    CIL library: CIL module
 0001:0011b9c0       emit_dqt                   000000018011c9c0 f    CIL library: CIL module
 0001:0011bc20       emit_dht                   000000018011cc20 f    CIL library: CIL module
 0001:0011be10       emit_dac                   000000018011ce10 f    CIL library: CIL module
 0001:0011c0c0       emit_lse_ict               000000018011d0c0 f    CIL library: CIL module
 0001:0011c2f0       emit_sof                   000000018011d2f0 f    CIL library: CIL module
 0001:0011c490       emit_sos                   000000018011d490 f    CIL library: CIL module
 0001:0011c670       emit_pseudo_sos            000000018011d670 f    CIL library: CIL module
 0001:0011c760       emit_jfif_app0             000000018011d760 f    CIL library: CIL module
 0001:0011c990       emit_adobe_app14           000000018011d990 f    CIL library: CIL module
 0001:0011cb10       write_marker_header        000000018011db10 f    CIL library: CIL module
 0001:0011cb70       write_marker_byte          000000018011db70 f    CIL library: CIL module
 0001:0011cbb0       write_file_header          000000018011dbb0 f    CIL library: CIL module
 0001:0011cc10       write_frame_header         000000018011dc10 f    CIL library: CIL module
 0001:0011cd60       write_scan_header          000000018011dd60 f    CIL library: CIL module
 0001:0011cf10       write_file_trailer         000000018011df10 f    CIL library: CIL module
 0001:0011cf20       write_tables_only          000000018011df20 f    CIL library: CIL module
 0001:0011d1f0       jpeg_make_d_derived_tbl    000000018011e1f0 f    CIL library: CIL module
 0001:0011d500       jpeg_fill_bit_buffer       000000018011e500 f    CIL library: CIL module
 0001:0011d650       jpeg_huff_decode           000000018011e650 f    CIL library: CIL module
 0001:0011d760       finish_pass_huff           000000018011e760 f    CIL library: CIL module
 0001:0011d790       process_restart            000000018011e790 f    CIL library: CIL module
 0001:0011d840       decode_mcu_DC_first        000000018011e840 f    CIL library: CIL module
 0001:0011dad0       decode_mcu_AC_first        000000018011ead0 f    CIL library: CIL module
 0001:0011dd80       decode_mcu_DC_refine       000000018011ed80 f    CIL library: CIL module
 0001:0011dea0       decode_mcu_AC_refine       000000018011eea0 f    CIL library: CIL module
 0001:0011e330       decode_mcu_sub             000000018011f330 f    CIL library: CIL module
 0001:0011e820       decode_mcu                 000000018011f820 f    CIL library: CIL module
 0001:0011ece0       start_pass_huff_decoder    000000018011fce0 f    CIL library: CIL module
 0001:0011f430       select_ncolors             0000000180120430 f    CIL library: CIL module
 0001:0011f540       create_colormap            0000000180120540 f    CIL library: CIL module
 0001:0011f720       create_colorindex          0000000180120720 f    CIL library: CIL module
 0001:0011f8c0       create_odither_tables      00000001801208c0 f    CIL library: CIL module
 0001:0011f9e0       color_quantize             00000001801209e0 f    CIL library: CIL module
 0001:0011fa90       color_quantize3            0000000180120a90 f    CIL library: CIL module
 0001:0011fb50       quantize_ord_dither        0000000180120b50 f    CIL library: CIL module
 0001:0011fca0       quantize3_ord_dither       0000000180120ca0 f    CIL library: CIL module
 0001:0011fe40       quantize_fs_dither         0000000180120e40 f    CIL library: CIL module
 0001:001200a0       alloc_fs_workspace         00000001801210a0 f    CIL library: CIL module
 0001:00120120       start_pass_1_quant         0000000180121120 f    CIL library: CIL module
 0001:00120260       new_color_map_1_quant      0000000180121260 f    CIL library: CIL module
 0001:00120330       start_pass                 0000000180121330 f    CIL library: CIL module
 0001:00120a10       start_pass_upsample        0000000180121a10 f    CIL library: CIL module
 0001:00120a30       sep_upsample               0000000180121a30 f    CIL library: CIL module
 0001:00120b70       fullsize_upsample          0000000180121b70 f    CIL library: CIL module
 0001:00120b80       noop_upsample              0000000180121b80 f    CIL library: CIL module
 0001:00120b90       int_upsample               0000000180121b90 f    CIL library: CIL module
 0001:00120d00       h2v1_upsample              0000000180121d00 f    CIL library: CIL module
 0001:00120d70       h2v2_upsample              0000000180121d70 f    CIL library: CIL module
 0001:00121010       arith_decode               0000000180122010 f    CIL library: CIL module
 0001:001211e0       process_restart            00000001801221e0 f    CIL library: CIL module
 0001:00121310       decode_mcu_DC_first        0000000180122310 f    CIL library: CIL module
 0001:00121530       decode_mcu_AC_first        0000000180122530 f    CIL library: CIL module
 0001:00121770       decode_mcu_DC_refine       0000000180122770 f    CIL library: CIL module
 0001:00121810       decode_mcu_AC_refine       0000000180122810 f    CIL library: CIL module
 0001:00121a00       decode_mcu                 0000000180122a00 f    CIL library: CIL module
 0001:00121dc0       start_pass                 0000000180122dc0 f    CIL library: CIL module
 0001:00122280       build_ycc_rgb_table        0000000180123280 f    CIL library: CIL module
 0001:00122390       build_bg_ycc_rgb_table     0000000180123390 f    CIL library: CIL module
 0001:00122500       ycc_rgb_convert            0000000180123500 f    CIL library: CIL module
 0001:001226b0       build_rgb_y_table          00000001801236b0 f    CIL library: CIL module
 0001:00122730       rgb_gray_convert           0000000180123730 f    CIL library: CIL module
 0001:00122810       rgb1_rgb_convert           0000000180123810 f    CIL library: CIL module
 0001:001228e0       rgb1_gray_convert          00000001801238e0 f    CIL library: CIL module
 0001:001229e0       rgb_convert                00000001801239e0 f    CIL library: CIL module
 0001:00122a90       null_convert               0000000180123a90 f    CIL library: CIL module
 0001:00122b50       grayscale_convert          0000000180123b50 f    CIL library: CIL module
 0001:00122bc0       gray_rgb_convert           0000000180123bc0 f    CIL library: CIL module
 0001:00122c30       ycck_cmyk_convert          0000000180123c30 f    CIL library: CIL module
 0001:001230e0       start_input_pass           00000001801240e0 f    CIL library: CIL module
 0001:00123130       start_output_pass          0000000180124130 f    CIL library: CIL module
 0001:001231b0       decompress_onepass         00000001801241b0 f    CIL library: CIL module
 0001:001234b0       consume_data               00000001801244b0 f    CIL library: CIL module
 0001:00123750       decompress_data            0000000180124750 f    CIL library: CIL module
 0001:00123970       smoothing_ok               0000000180124970 f    CIL library: CIL module
 0001:00123ae0       decompress_smooth_data     0000000180124ae0 f    CIL library: CIL module
 0001:00124460       prescan_quantize           0000000180125460 f    CIL library: CIL module
 0001:00124500       update_box                 0000000180125500 f    CIL library: CIL module
 0001:001248c0       median_cut                 00000001801258c0 f    CIL library: CIL module
 0001:00124ab0       compute_color              0000000180125ab0 f    CIL library: CIL module
 0001:00124c50       select_colors              0000000180125c50 f    CIL library: CIL module
 0001:00124d20       find_nearby_colors         0000000180125d20 f    CIL library: CIL module
 0001:00124f70       find_best_colors           0000000180125f70 f    CIL library: CIL module
 0001:00125170       fill_inverse_cmap          0000000180126170 f    CIL library: CIL module
 0001:001252d0       pass2_no_dither            00000001801262d0 f    CIL library: CIL module
 0001:001255b0       pass2_fs_dither            00000001801265b0 f    CIL library: CIL module
 0001:00125960       init_error_limit           0000000180126960 f    CIL library: CIL module
 0001:00125a30       finish_pass1               0000000180126a30 f    CIL library: CIL module
 0001:00125a60       start_pass_2_quant         0000000180126a60 f    CIL library: CIL module
 0001:00125bc0       new_color_map_2_quant      0000000180126bc0 f    CIL library: CIL module
 0001:00125d50       build_ycc_rgb_table        0000000180126d50 f    CIL library: CIL module
 0001:00125e50       start_pass_merged_upsample 0000000180126e50 f    CIL library: CIL module
 0001:00125e70       merged_2v_upsample         0000000180126e70 f    CIL library: CIL module
 0001:00125f40       merged_1v_upsample         0000000180126f40 f    CIL library: CIL module
 0001:00125f80       h2v1_merged_upsample       0000000180126f80 f    CIL library: CIL module
 0001:00126110       h2v2_merged_upsample       0000000180127110 f    CIL library: CIL module
 0001:00126410       alloc_funny_pointers       0000000180127410 f    CIL library: CIL module
 0001:00126510       make_funny_pointers        0000000180127510 f    CIL library: CIL module
 0001:001266a0       set_wraparound_pointers    00000001801276a0 f    CIL library: CIL module
 0001:00126800       set_bottom_pointers        0000000180127800 f    CIL library: CIL module
 0001:001268c0       start_pass_main            00000001801278c0 f    CIL library: CIL module
 0001:00126960       process_data_simple_main   0000000180127960 f    CIL library: CIL module
 0001:00126a10       process_data_context_main  0000000180127a10 f    CIL library: CIL module
 0001:00126b90       process_data_crank_post    0000000180127b90 f    CIL library: CIL module
 0001:00126cc0       start_pass_dpost           0000000180127cc0 f    CIL library: CIL module
 0001:00126db0       post_process_1pass         0000000180127db0 f    CIL library: CIL module
 0001:00126e60       post_process_prepass       0000000180127e60 f    CIL library: CIL module
 0001:00126f50       post_process_2pass         0000000180127f50 f    CIL library: CIL module
 0001:001270e0       rgb_ycc_start              00000001801280e0 f    CIL library: CIL module
 0001:001271b0       rgb_ycc_convert            00000001801281b0 f    CIL library: CIL module
 0001:001272e0       rgb_gray_convert           00000001801282e0 f    CIL library: CIL module
 0001:00127390       cmyk_ycck_convert          0000000180128390 f    CIL library: CIL module
 0001:00127520       rgb_rgb1_convert           0000000180128520 f    CIL library: CIL module
 0001:001275f0       grayscale_convert          00000001801285f0 f    CIL library: CIL module
 0001:00127680       rgb_convert                0000000180128680 f    CIL library: CIL module
 0001:00127730       null_convert               0000000180128730 f    CIL library: CIL module
 0001:00127ae0       finish_pass                0000000180128ae0 f    CIL library: CIL module
 0001:00127e80       arith_encode               0000000180128e80 f    CIL library: CIL module
 0001:00128170       emit_restart               0000000180129170 f    CIL library: CIL module
 0001:001282e0       encode_mcu_DC_first        00000001801292e0 f    CIL library: CIL module
 0001:00128510       encode_mcu_AC_first        0000000180129510 f    CIL library: CIL module
 0001:001287d0       encode_mcu_DC_refine       00000001801297d0 f    CIL library: CIL module
 0001:00128890       encode_mcu_AC_refine       0000000180129890 f    CIL library: CIL module
 0001:00128ac0       encode_mcu                 0000000180129ac0 f    CIL library: CIL module
 0001:00128f60       start_pass                 0000000180129f60 f    CIL library: CIL module
 0001:00129160       start_pass_main            000000018012a160 f    CIL library: CIL module
 0001:001291a0       process_data_simple_main   000000018012a1a0 f    CIL library: CIL module
 0001:001298f0       initial_setup              000000018012a8f0 f    CIL library: CIL module
 0001:00129ce0       validate_script            000000018012ace0 f    CIL library: CIL module
 0001:0012a120       reduce_script              000000018012b120 f    CIL library: CIL module
 0001:0012a1c0       select_scan_parameters     000000018012b1c0 f    CIL library: CIL module
 0001:0012a310       per_scan_setup             000000018012b310 f    CIL library: CIL module
 0001:0012a510       prepare_for_pass           000000018012b510 f    CIL library: CIL module
 0001:0012a6d0       pass_startup               000000018012b6d0 f    CIL library: CIL module
 0001:0012a710       finish_pass_master         000000018012b710 f    CIL library: CIL module
 0001:0012a890       start_pass_coef            000000018012b890 f    CIL library: CIL module
 0001:0012a990       compress_data              000000018012b990 f    CIL library: CIL module
 0001:0012ac80       compress_first_pass        000000018012bc80 f    CIL library: CIL module
 0001:0012afa0       compress_output            000000018012bfa0 f    CIL library: CIL module
 0001:0012b370       start_pass_prep            000000018012c370 f    CIL library: CIL module
 0001:0012b3c0       pre_process_data           000000018012c3c0 f    CIL library: CIL module
 0001:0012b650       pre_process_context        000000018012c650 f    CIL library: CIL module
 0001:0012b8a0       create_context_buffer      000000018012c8a0 f    CIL library: CIL module
 0001:0012bb00       forward_DCT                000000018012cb00 f    CIL library: CIL module
 0001:0012bc20       forward_DCT_float          000000018012cc20 f    CIL library: CIL module
 0001:0012bed0       start_pass_fdctmgr         000000018012ced0 f    CIL library: CIL module
 0001:0012c830       expand_right_edge          000000018012d830 f    CIL library: CIL module
 0001:0012c8b0       sep_downsample             000000018012d8b0 f    CIL library: CIL module
 0001:0012c950       int_downsample             000000018012d950 f    CIL library: CIL module
 0001:0012cb10       fullsize_downsample        000000018012db10 f    CIL library: CIL module
 0001:0012cbb0       h2v1_downsample            000000018012dbb0 f    CIL library: CIL module
 0001:0012cc60       h2v2_downsample            000000018012dc60 f    CIL library: CIL module
 0001:0012cd40       h2v2_smooth_downsample     000000018012dd40 f    CIL library: CIL module
 0001:0012cff0       fullsize_smooth_downsample 000000018012dff0 f    CIL library: CIL module
 0001:0012d3a0       jpeg_make_c_derived_tbl    000000018012e3a0 f    CIL library: CIL module
 0001:0012d620       dump_buffer_e              000000018012e620 f    CIL library: CIL module
 0001:0012d680       emit_bits_s                000000018012e680 f    CIL library: CIL module
 0001:0012d7a0       emit_bits_e                000000018012e7a0 f    CIL library: CIL module
 0001:0012d930       emit_buffered_bits         000000018012e930 f    CIL library: CIL module
 0001:0012dad0       emit_eobrun                000000018012ead0 f    CIL library: CIL module
 0001:0012dbb0       emit_restart_s             000000018012ebb0 f    CIL library: CIL module
 0001:0012dca0       emit_restart_e             000000018012eca0 f    CIL library: CIL module
 0001:0012dd80       encode_mcu_DC_first        000000018012ed80 f    CIL library: CIL module
 0001:0012df30       encode_mcu_AC_first        000000018012ef30 f    CIL library: CIL module
 0001:0012e1b0       encode_mcu_DC_refine       000000018012f1b0 f    CIL library: CIL module
 0001:0012e2b0       encode_mcu_AC_refine       000000018012f2b0 f    CIL library: CIL module
 0001:0012e5f0       encode_one_block           000000018012f5f0 f    CIL library: CIL module
 0001:0012e7c0       encode_mcu_huff            000000018012f7c0 f    CIL library: CIL module
 0001:0012e970       finish_pass_huff           000000018012f970 f    CIL library: CIL module
 0001:0012eac0       htest_one_block            000000018012fac0 f    CIL library: CIL module
 0001:0012ec00       encode_mcu_gather          000000018012fc00 f    CIL library: CIL module
 0001:0012ecf0       jpeg_gen_optimal_table     000000018012fcf0 f    CIL library: CIL module
 0001:0012f030       finish_pass_gather         0000000180130030 f    CIL library: CIL module
 0001:0012f170       start_pass_huff            0000000180130170 f    CIL library: CIL module
 0001:00142070       pre_c_init                 0000000180143070 f   msvcrt:crtdll.obj
 0001:0014232c       __DllMainCRTStartup        000000018014332c f   msvcrt:crtdll.obj
 0001:00142a30       __DllMainCRTStartup$filt$0 0000000180143a30 f   msvcrt:crtdll.obj
 0001:00142a60       __DllMainCRTStartup$fin$1  0000000180143a60 f   msvcrt:crtdll.obj
 0001:00142a7a       _onexit$fin$0              0000000180143a7a f   msvcrt:atonexit.obj
 0001:00142aa0       _IsNonwritableInCurrentImage$filt$0 0000000180143aa0 f   msvcrt:pesect.obj
