 ILUT

 Timestamp is 53738a5e (Wed May 14 17:23:10 2014)

 Preferred load address is 10000000

 Start         Length     Name                   Class
 0001:00000000 00002358H .text                   CODE
 0002:00000000 00000154H .idata$5                DATA
 0002:00000154 00000004H .CRT$XCA                DATA
 0002:00000158 00000004H .CRT$XCZ                DATA
 0002:0000015c 00000004H .CRT$XIA                DATA
 0002:00000160 00000004H .CRT$XIAA               DATA
 0002:00000164 00000004H .CRT$XIZ                DATA
 0002:00000170 00000138H .rdata                  DATA
 0002:000002a8 0000004fH .rdata$debug            DATA
 0002:00000300 00000004H .rdata$sxdata           DATA
 0002:00000304 00000004H .rtc$IAA                DATA
 0002:00000308 00000004H .rtc$IZZ                DATA
 0002:0000030c 00000004H .rtc$TAA                DATA
 0002:00000310 00000004H .rtc$TZZ                DATA
 0002:00000318 00000064H .xdata$x                DATA
 0002:0000037c 00000078H .idata$2                DATA
 0002:000003f4 00000014H .idata$3                DATA
 0002:00000408 00000154H .idata$4                DATA
 0002:0000055c 000005aeH .idata$6                DATA
 0002:00000b10 00000369H .edata                  DATA
 0003:00000000 00000020H .data                   DATA
 0003:00000020 000007d4H .bss                    DATA

  Address         Publics by Value              Rva+Base       Lib:Object

 0000:00000001       ___safe_se_handler_count   00000001     <absolute>
 0000:00000000       ___ImageBase               10000000     <linker-defined>
 0001:00000000       _DllMain@12                10001000 f   ilut_main.obj
 0001:00000010       _ilutInit@0                10001010 f   ilut_main.obj
 0001:00000080       _ilutGetString@4           10001080 f   ilut_states.obj
 0001:000000c0       _ilutEnable@4              100010c0 f   ilut_states.obj
 0001:000000e0       _ilutDisable@4             100010e0 f   ilut_states.obj
 0001:00000100       ?ilutAble@@YAEIE@Z         10001100 f   ilut_states.obj
 0001:000001b0       _ilutIsEnabled@4           100011b0 f   ilut_states.obj
 0001:00000270       _ilutIsDisabled@4          10001270 f   ilut_states.obj
 0001:00000290       _ilutGetBooleanv@8         10001290 f   ilut_states.obj
 0001:00000360       _ilutGetBoolean@4          10001360 f   ilut_states.obj
 0001:00000380       _ilutGetIntegerv@8         10001380 f   ilut_states.obj
 0001:00000630       _ilutGetInteger@4          10001630 f   ilut_states.obj
 0001:00000660       _ilutSetInteger@8          10001660 f   ilut_states.obj
 0001:00000820       _ilutPushAttrib@4          10001820 f   ilut_states.obj
 0001:000008b0       _ilutPopAttrib@0           100018b0 f   ilut_states.obj
 0001:000008e0       _ilutRenderer@4            100018e0 f   ilut_states.obj
 0001:00000920       _ilutConvertSliceToHBitmap@8 10001920 f   ilut_win32.obj
 0001:00000ed0       _ilutConvertToHBitmap@4    10001ed0 f   ilut_win32.obj
 0001:00000ef0       ?iGetPaddedData@@YGPAEPAUILimage@@@Z 10001ef0 f   ilut_win32.obj
 0001:00001040       _ilutFreePaddedData@4      10002040 f   ilut_win32.obj
 0001:00001050       _ilutGetPaddedData@0       10002050 f   ilut_win32.obj
 0001:00001060       _ilutGetBmpInfo@4          10002060 f   ilut_win32.obj
 0001:00001100       _ilutWinLoadImage@8        10002100 f   ilut_win32.obj
 0001:00001130       _ilutWinSaveImage@8        10002130 f   ilut_win32.obj
 0001:00001180       _ilutGetHPal@0             10002180 f   ilut_win32.obj
 0001:00001290       _ilutSetHBitmap@4          10002290 f   ilut_win32.obj
 0001:00001460       _ilutSetHPal@4             10002460 f   ilut_win32.obj
 0001:00001540       _ilutSetWinClipboard@0     10002540 f   ilut_win32.obj
 0001:00001670       _ilutGetWinClipboard@0     10002670 f   ilut_win32.obj
 0001:00001770       _ilutWinPrint@20           10002770 f   ilut_win32.obj
 0001:000017c0       _ilutLoadResource@16       100027c0 f   ilut_win32.obj
 0001:00001820       _ilutWinLoadUrl@4          10002820 f   ilut_win32.obj
 0001:00001ab1       @__security_check_cookie@4 10002ab1 f   msvcrt:secchk.obj
 0001:00001b0e       __CRT_INIT@12              10002b0e f   msvcrt:crtdll.obj
 0001:00001e2e       __DllMainCRTStartup@12     10002e2e f   msvcrt:crtdll.obj
 0001:00001e51       ___report_gsfailure        10002e51 f   msvcrt:gs_report.obj
 0001:00001f57       ___clean_type_info_names   10002f57 f   msvcrt:tncleanup.obj
 0001:00001f63       __onexit                   10002f63 f   msvcrt:atonexit.obj
 0001:00002004       _atexit                    10003004 f   msvcrt:atonexit.obj
 0001:0000201b       __RTC_Initialize           1000301b f   msvcrt:_initsect_.obj
 0001:00002041       __RTC_Terminate            10003041 f   msvcrt:_initsect_.obj
 0001:00002070       __ValidateImageBase        10003070 f   msvcrt:pesect.obj
 0001:000020b0       __FindPESection            100030b0 f   msvcrt:pesect.obj
 0001:00002100       __IsNonwritableInCurrentImage 10003100 f   msvcrt:pesect.obj
 0001:000021bc       __initterm                 100031bc f   msvcrt:MSVCR100.dll
 0001:000021c2       __initterm_e               100031c2 f   msvcrt:MSVCR100.dll
 0001:000021c8       __amsg_exit                100031c8 f   msvcrt:MSVCR100.dll
 0001:000021ce       ___CppXcptFilter           100031ce f   msvcrt:MSVCR100.dll
 0001:000021e0       __SEH_prolog4              100031e0 f   msvcrt:sehprolg4.obj
 0001:00002225       __SEH_epilog4              10003225 f   msvcrt:sehprolg4.obj
 0001:00002239       __except_handler4          10003239 f   msvcrt:chandler4gs.obj
 0001:0000225e       ___security_init_cookie    1000325e f   msvcrt:gs_support.obj
 0001:000022fa       __crt_debugger_hook        100032fa f   msvcrt:MSVCR100.dll
 0001:00002300       ___clean_type_info_names_internal 10003300 f   msvcrt:MSVCR100.dll
 0001:00002306       __unlock                   10003306 f   msvcrt:MSVCR100.dll
 0001:0000230c       ___dllonexit               1000330c f   msvcrt:MSVCR100.dll
 0001:00002312       __lock                     10003312 f   msvcrt:MSVCR100.dll
 0001:00002318       __except_handler4_common   10003318 f   msvcrt:MSVCR100.dll
 0001:00002320       __chkstk                   10003320 f   msvcrt:chkstk.obj
 0001:00002320       __alloca_probe             10003320     msvcrt:chkstk.obj
 0001:0000234c       _memcpy                    1000334c f   msvcrt:MSVCR100.dll
 0001:00002352       _memset                    10003352 f   msvcrt:MSVCR100.dll
 0002:00000000       __imp__CreatePalette@4     10004000     Gdi32:GDI32.dll
 0002:00000004       __imp__GetDIBits@28        10004004     Gdi32:GDI32.dll
 0002:00000008       __imp__DeleteObject@4      10004008     Gdi32:GDI32.dll
 0002:0000000c       __imp__SelectObject@8      1000400c     Gdi32:GDI32.dll
 0002:00000010       __imp__GetPaletteEntries@16 10004010     Gdi32:GDI32.dll
 0002:00000014       __imp__CreateCompatibleDC@4 10004014     Gdi32:GDI32.dll
 0002:00000018       __imp__CreateCompatibleBitmap@12 10004018     Gdi32:GDI32.dll
 0002:0000001c       __imp__SetDIBits@28        1000401c     Gdi32:GDI32.dll
 0002:00000020       \177GDI32_NULL_THUNK_DATA  10004020     Gdi32:GDI32.dll
 0002:00000024       __imp__DecodePointer@4     10004024     kernel32:KERNEL32.dll
 0002:00000028       __imp__EncodePointer@4     10004028     kernel32:KERNEL32.dll
 0002:0000002c       __imp__InterlockedExchange@8 1000402c     kernel32:KERNEL32.dll
 0002:00000030       __imp__Sleep@4             10004030     kernel32:KERNEL32.dll
 0002:00000034       __imp__InterlockedCompareExchange@12 10004034     kernel32:KERNEL32.dll
 0002:00000038       __imp__FindResourceW@12    10004038     kernel32:KERNEL32.dll
 0002:0000003c       __imp__LoadResource@8      1000403c     kernel32:KERNEL32.dll
 0002:00000040       __imp__GlobalSize@4        10004040     kernel32:KERNEL32.dll
 0002:00000044       __imp__GlobalLock@4        10004044     kernel32:KERNEL32.dll
 0002:00000048       __imp__SizeofResource@8    10004048     kernel32:KERNEL32.dll
 0002:0000004c       __imp__GlobalUnlock@4      1000404c     kernel32:KERNEL32.dll
 0002:00000050       __imp__LockResource@4      10004050     kernel32:KERNEL32.dll
 0002:00000054       __imp__UnhandledExceptionFilter@4 10004054     kernel32:KERNEL32.dll
 0002:00000058       __imp__SetUnhandledExceptionFilter@4 10004058     kernel32:KERNEL32.dll
 0002:0000005c       __imp__IsDebuggerPresent@0 1000405c     kernel32:KERNEL32.dll
 0002:00000060       __imp__QueryPerformanceCounter@4 10004060     kernel32:KERNEL32.dll
 0002:00000064       __imp__GetTickCount@0      10004064     kernel32:KERNEL32.dll
 0002:00000068       __imp__GetCurrentThreadId@0 10004068     kernel32:KERNEL32.dll
 0002:0000006c       __imp__GetCurrentProcessId@0 1000406c     kernel32:KERNEL32.dll
 0002:00000070       __imp__GetSystemTimeAsFileTime@4 10004070     kernel32:KERNEL32.dll
 0002:00000074       __imp__TerminateProcess@8  10004074     kernel32:KERNEL32.dll
 0002:00000078       __imp__GetCurrentProcess@0 10004078     kernel32:KERNEL32.dll
 0002:0000007c       \177KERNEL32_NULL_THUNK_DATA 1000407c     kernel32:KERNEL32.dll
 0002:00000080       __imp____clean_type_info_names_internal 10004080     msvcrt:MSVCR100.dll
 0002:00000084       __imp___unlock             10004084     msvcrt:MSVCR100.dll
 0002:00000088       __imp____dllonexit         10004088     msvcrt:MSVCR100.dll
 0002:0000008c       __imp___lock               1000408c     msvcrt:MSVCR100.dll
 0002:00000090       __imp___onexit             10004090     msvcrt:MSVCR100.dll
 0002:00000094       __imp___except_handler4_common 10004094     msvcrt:MSVCR100.dll
 0002:00000098       __imp__memcpy              10004098     msvcrt:MSVCR100.dll
 0002:0000009c       __imp___crt_debugger_hook  1000409c     msvcrt:MSVCR100.dll
 0002:000000a0       __imp____CppXcptFilter     100040a0     msvcrt:MSVCR100.dll
 0002:000000a4       __imp___amsg_exit          100040a4     msvcrt:MSVCR100.dll
 0002:000000a8       __imp___initterm_e         100040a8     msvcrt:MSVCR100.dll
 0002:000000ac       __imp___initterm           100040ac     msvcrt:MSVCR100.dll
 0002:000000b0       __imp___encoded_null       100040b0     msvcrt:MSVCR100.dll
 0002:000000b4       __imp__free                100040b4     msvcrt:MSVCR100.dll
 0002:000000b8       __imp___malloc_crt         100040b8     msvcrt:MSVCR100.dll
 0002:000000bc       __imp__tolower             100040bc     msvcrt:MSVCR100.dll
 0002:000000c0       __imp__memset              100040c0     msvcrt:MSVCR100.dll
 0002:000000c4       \177MSVCR100_NULL_THUNK_DATA 100040c4     msvcrt:MSVCR100.dll
 0002:000000c8       __imp__ilTexImage@28       100040c8     resil:ResIL.dll
 0002:000000cc       __imp__iConvertPal@8       100040cc     resil:ResIL.dll
 0002:000000d0       __imp__iBindImageTemp@0    100040d0     resil:ResIL.dll
 0002:000000d4       __imp__ilClosePal@4        100040d4     resil:ResIL.dll
 0002:000000d8       __imp__ilSetCurImage@4     100040d8     resil:ResIL.dll
 0002:000000dc       __imp__ialloc@4            100040dc     resil:ResIL.dll
 0002:000000e0       __imp__ilTypeFromExt@4     100040e0     resil:ResIL.dll
 0002:000000e4       __imp__ilCloseImage@4      100040e4     resil:ResIL.dll
 0002:000000e8       __imp__ifree@4             100040e8     resil:ResIL.dll
 0002:000000ec       __imp__ilGetCurImage@0     100040ec     resil:ResIL.dll
 0002:000000f0       __imp__ilLoadL@12          100040f0     resil:ResIL.dll
 0002:000000f4       __imp__ilLoadImage@4       100040f4     resil:ResIL.dll
 0002:000000f8       __imp__iGetFlipped@4       100040f8     resil:ResIL.dll
 0002:000000fc       __imp__iConvertImage@12    100040fc     resil:ResIL.dll
 0002:00000100       __imp__ilConvertPal@4      10004100     resil:ResIL.dll
 0002:00000104       __imp__ilGetCurName@0      10004104     resil:ResIL.dll
 0002:00000108       __imp__ilBindImage@4       10004108     resil:ResIL.dll
 0002:0000010c       __imp__ilSaveImage@4       1000410c     resil:ResIL.dll
 0002:00000110       __imp__ilSetError@4        10004110     resil:ResIL.dll
 0002:00000114       \177ResIL_NULL_THUNK_DATA  10004114     resil:ResIL.dll
 0002:00000118       __imp__IsClipboardFormatAvailable@4 10004118     User32:USER32.dll
 0002:0000011c       __imp__SetClipboardData@8  1000411c     User32:USER32.dll
 0002:00000120       __imp__EmptyClipboard@0    10004120     User32:USER32.dll
 0002:00000124       __imp__ReleaseDC@8         10004124     User32:USER32.dll
 0002:00000128       __imp__GetClipboardData@4  10004128     User32:USER32.dll
 0002:0000012c       __imp__CloseClipboard@0    1000412c     User32:USER32.dll
 0002:00000130       __imp__OpenClipboard@4     10004130     User32:USER32.dll
 0002:00000134       __imp__GetDC@4             10004134     User32:USER32.dll
 0002:00000138       __imp__GetForegroundWindow@0 10004138     User32:USER32.dll
 0002:0000013c       \177USER32_NULL_THUNK_DATA 1000413c     User32:USER32.dll
 0002:00000140       __imp__InternetOpenUrlW@24 10004140     Wininet:WININET.dll
 0002:00000144       __imp__InternetReadFile@16 10004144     Wininet:WININET.dll
 0002:00000148       __imp__InternetCloseHandle@4 10004148     Wininet:WININET.dll
 0002:0000014c       __imp__InternetOpenW@20    1000414c     Wininet:WININET.dll
 0002:00000150       \177WININET_NULL_THUNK_DATA 10004150     Wininet:WININET.dll
 0002:00000154       ___xc_a                    10004154     msvcrt:cinitexe.obj
 0002:00000158       ___xc_z                    10004158     msvcrt:cinitexe.obj
 0002:0000015c       ___xi_a                    1000415c     msvcrt:cinitexe.obj
 0002:00000164       ___xi_z                    10004164     msvcrt:cinitexe.obj
 0002:0000018c       __pDefaultRawDllMain       1000418c     msvcrt:crtdll.obj
 0002:0000018c       __pRawDllMain              1000418c     msvcrt:crtdll.obj
 0002:00000198       ??_C@_1GO@EKIKNOBL@?$AAD?$AAe?$AAv?$AAe?$AAl?$AAo?$AAp?$AAe?$AAr?$AA?8?$AAs?$AA?5?$AAI?$AAm?$AAa?$AAg?$AAe?$AA?5?$AAL?$AAi?$AAb?$AAr?$AAa?$AAr?$AAy?$AA?5?$AAU?$AAt?$AAi?$AAl?$AAi?$AAt@ 10004198     ilut_states.obj
 0002:00000208       ??_C@_1CC@FLLNLNFB@?$AAA?$AAb?$AAy?$AAs?$AAm?$AAa?$AAl?$AA?5?$AAS?$AAo?$AAf?$AAt?$AAw?$AAa?$AAr?$AAe?$AA?$AA@ 10004208     ilut_states.obj
 0002:0000022c       ??_C@_1DE@LHOEMOEC@?$AAD?$AAe?$AAv?$AAe?$AAl?$AAo?$AAp?$AAe?$AAr?$AA?8?$AAs?$AA?5?$AAI?$AAm?$AAa?$AAg?$AAe?$AA?5?$AAL?$AAi?$AAb?$AAr?$AAa?$AAr?$AAy?$AA?$AA@ 1000422c     ilut_win32.obj
 0002:00000260       __load_config_used         10004260     msvcrt:loadcfg.obj
 0002:00000300       ___safe_se_handler_table   10004300     <linker-defined>
 0002:00000304       ___rtc_iaa                 10004304     msvcrt:_initsect_.obj
 0002:00000308       ___rtc_izz                 10004308     msvcrt:_initsect_.obj
 0002:0000030c       ___rtc_taa                 1000430c     msvcrt:_initsect_.obj
 0002:00000310       ___rtc_tzz                 10004310     msvcrt:_initsect_.obj
 0002:0000037c       __IMPORT_DESCRIPTOR_ResIL  1000437c     resil:ResIL.dll
 0002:00000390       __IMPORT_DESCRIPTOR_KERNEL32 10004390     kernel32:KERNEL32.dll
 0002:000003a4       __IMPORT_DESCRIPTOR_MSVCR100 100043a4     msvcrt:MSVCR100.dll
 0002:000003b8       __IMPORT_DESCRIPTOR_USER32 100043b8     User32:USER32.dll
 0002:000003cc       __IMPORT_DESCRIPTOR_WININET 100043cc     Wininet:WININET.dll
 0002:000003e0       __IMPORT_DESCRIPTOR_GDI32  100043e0     Gdi32:GDI32.dll
 0002:000003f4       __NULL_IMPORT_DESCRIPTOR   100043f4     resil:ResIL.dll
 0003:00000000       ___security_cookie         10005000     msvcrt:gs_cookie.obj
 0003:00000004       ___security_cookie_complement 10005004     msvcrt:gs_cookie.obj
 0003:00000008       ___native_dllmain_reason   10005008     msvcrt:natstart.obj
 0003:0000000c       ___native_vcclrit_reason   1000500c     msvcrt:natstart.obj
 0003:00000010       ?_ilutVendor@@3PB_WB       10005010     ilut_states.obj
 0003:00000014       ?_ilutVersion@@3PB_WB      10005014     ilut_states.obj
 0003:0000034c       ?__type_info_root_node@@3U__type_info_node@@A 1000534c     msvcrt:tncleanup.obj
 0003:00000358       ?ilutStates@@3PAUILUT_STATES@@A 10005358     ilut_states.obj
 0003:000007d8       ?ilutCurImage@@3PAUILimage@@A 100057d8     ilut_internal.obj
 0003:000007dc       ?ilutCurrentPos@@3IA       100057dc     ilut_states.obj
 0003:000007e0       ___native_startup_state    100057e0     <common>
 0003:000007e4       ___native_startup_lock     100057e4     <common>
 0003:000007e8       ___onexitend               100057e8     <common>
 0003:000007ec       ___onexitbegin             100057ec     <common>
 0003:000007f0       ___dyn_tls_init_callback   100057f0     <common>

 entry point at        0001:00001e2e

 Static symbols

 0001:00001ac0       _pre_c_init                10002ac0 f   msvcrt:crtdll.obj
 0001:00001d18       ___DllMainCRTStartup       10002d18 f   msvcrt:crtdll.obj
