 ILUT

 Timestamp is 53738f40 (Wed May 14 17:44:00 2014)

 Preferred load address is 0000000180000000

 Start         Length     Name                   Class
 0001:00000000 00006ffaH .text                   CODE
 0001:00007000 00000156H .text$x                 CODE
 0002:00000000 00000368H .idata$5                DATA
 0002:00000368 00000008H .CRT$XCA                DATA
 0002:00000370 00000008H .CRT$XCZ                DATA
 0002:00000378 00000008H .CRT$XIA                DATA
 0002:00000380 00000010H .CRT$XIC                DATA
 0002:00000390 00000008H .CRT$XIZ                DATA
 0002:00000398 00000008H .CRT$XPA                DATA
 0002:000003a0 00000008H .CRT$XPZ                DATA
 0002:000003a8 00000008H .CRT$XTA                DATA
 0002:000003b0 00000008H .CRT$XTZ                DATA
 0002:000003c0 000019ccH .rdata                  DATA
 0002:00001d8c 00000053H .rdata$debug            DATA
 0002:00001de0 00000008H .rtc$IAA                DATA
 0002:00001de8 00000008H .rtc$IZZ                DATA
 0002:00001df0 00000008H .rtc$TAA                DATA
 0002:00001df8 00000008H .rtc$TZZ                DATA
 0002:00001e00 000008f0H .xdata                  DATA
 0002:000026f0 00000064H .idata$2                DATA
 0002:00002754 00000014H .idata$3                DATA
 0002:00002768 00000368H .idata$4                DATA
 0002:00002ad0 0000074cH .idata$6                DATA
 0002:00003220 00000316H .edata                  DATA
 0003:00000000 00000ed8H .data                   DATA
 0003:00000ee0 00001700H .bss                    DATA
 0004:00000000 0000084cH .pdata                  DATA

  Address         Publics by Value              Rva+Base               Lib:Object

 0000:00000000       ___safe_se_handler_count   0000000000000000     <absolute>
 0000:00000000       ___safe_se_handler_table   0000000000000000     <absolute>
 0000:00000000       __ImageBase                0000000180000000     <linker-defined>
 0001:00000000       DllMain                    0000000180001000 f   ilut_main.obj
 0001:00000010       ilutInit                   0000000180001010 f   ilut_main.obj
 0001:00000070       ilutGetString              0000000180001070 f   ilut_states.obj
 0001:000000b0       ilutEnable                 00000001800010b0 f   ilut_states.obj
 0001:000000c0       ilutDisable                00000001800010c0 f   ilut_states.obj
 0001:000000d0       ?ilutAble@@YAEIE@Z         00000001800010d0 f   ilut_states.obj
 0001:000001c0       ilutIsEnabled              00000001800011c0 f   ilut_states.obj
 0001:000002b0       ilutIsDisabled             00000001800012b0 f   ilut_states.obj
 0001:000002d0       ilutGetBooleanv            00000001800012d0 f   ilut_states.obj
 0001:000003a0       ilutGetBoolean             00000001800013a0 f   ilut_states.obj
 0001:000003c0       ilutGetIntegerv            00000001800013c0 f   ilut_states.obj
 0001:00000660       ilutGetInteger             0000000180001660 f   ilut_states.obj
 0001:00000680       ilutSetInteger             0000000180001680 f   ilut_states.obj
 0001:00000850       ilutPushAttrib             0000000180001850 f   ilut_states.obj
 0001:000008e0       ilutPopAttrib              00000001800018e0 f   ilut_states.obj
 0001:00000910       ilutRenderer               0000000180001910 f   ilut_states.obj
 0001:00000950       ilutConvertSliceToHBitmap  0000000180001950 f   ilut_win32.obj
 0001:00000e90       ilutConvertToHBitmap       0000000180001e90 f   ilut_win32.obj
 0001:00000ea0       ?iGetPaddedData@@YAPEAEPEAUILimage@@@Z 0000000180001ea0 f   ilut_win32.obj
 0001:00001050       ilutFreePaddedData         0000000180002050 f   ilut_win32.obj
 0001:00001060       ilutGetPaddedData          0000000180002060 f   ilut_win32.obj
 0001:00001080       ilutGetBmpInfo             0000000180002080 f   ilut_win32.obj
 0001:00001110       ilutWinLoadImage           0000000180002110 f   ilut_win32.obj
 0001:00001160       ilutWinSaveImage           0000000180002160 f   ilut_win32.obj
 0001:000011d0       ilutGetHPal                00000001800021d0 f   ilut_win32.obj
 0001:00001320       ilutSetHBitmap             0000000180002320 f   ilut_win32.obj
 0001:000015b0       ilutSetHPal                00000001800025b0 f   ilut_win32.obj
 0001:000016f0       ilutSetWinClipboard        00000001800026f0 f   ilut_win32.obj
 0001:00001860       ilutGetWinClipboard        0000000180002860 f   ilut_win32.obj
 0001:000019b0       ilutWinPrint               00000001800029b0 f   ilut_win32.obj
 0001:00001a20       ilutLoadResource           0000000180002a20 f   ilut_win32.obj
 0001:00001ab0       ilutWinLoadUrl             0000000180002ab0 f   ilut_win32.obj
 0001:00001db0       __security_check_cookie    0000000180002db0 f   libcmt:amdsecgs.obj
 0001:00001dd0       ??0_LocaleUpdate@@QEAA@PEAUlocaleinfo_struct@@@Z 0000000180002dd0 f i libcmt:tolower.obj
 0001:00001e74       _tolower_l                 0000000180002e74 f   libcmt:tolower.obj
 0001:00001fc4       tolower                    0000000180002fc4 f   libcmt:tolower.obj
 0001:00001fe4       _CRT_INIT                  0000000180002fe4 f   libcmt:dllcrt0.obj
 0001:00002254       _DllMainCRTStartup         0000000180003254 f   libcmt:dllcrt0.obj
 0001:00002294       __report_gsfailure         0000000180003294 f   libcmt:gs_report.obj
 0001:0000265c       __updatetmbcinfo           000000018000365c f   libcmt:mbctype.obj
 0001:000027a8       _setmbcp_nolock            00000001800037a8 f   libcmt:mbctype.obj
 0001:00002a20       _setmbcp                   0000000180003a20 f   libcmt:mbctype.obj
 0001:00002c00       __initmbctable             0000000180003c00 f   libcmt:mbctype.obj
 0001:00002c28       __addlocaleref             0000000180003c28 f   libcmt:localref.obj
 0001:00002cb4       __removelocaleref          0000000180003cb4 f   libcmt:localref.obj
 0001:00002d58       __freetlocinfo             0000000180003d58 f   libcmt:localref.obj
 0001:00002ed4       _updatetlocinfoEx_nolock   0000000180003ed4 f   libcmt:localref.obj
 0001:00002f2c       __updatetlocinfo           0000000180003f2c f   libcmt:localref.obj
 0001:00002fa4       _encoded_null              0000000180003fa4 f   libcmt:tidtable.obj
 0001:00002fb0       __set_flsgetvalue          0000000180003fb0 f   libcmt:tidtable.obj
 0001:00002fb4       _mtterm                    0000000180003fb4 f   libcmt:tidtable.obj
 0001:00002fdc       _initptd                   0000000180003fdc f   libcmt:tidtable.obj
 0001:00003094       _getptd_noexit             0000000180004094 f   libcmt:tidtable.obj
 0001:00003118       _getptd                    0000000180004118 f   libcmt:tidtable.obj
 0001:0000313c       _freefls                   000000018000413c f   libcmt:tidtable.obj
 0001:00003270       _freeptd                   0000000180004270 f   libcmt:tidtable.obj
 0001:000032b0       _mtinit                    00000001800042b0 f   libcmt:tidtable.obj
 0001:00003600       __crtLCMapStringA          0000000180004600 f   libcmt:a_map.obj
 0001:00003698       _get_errno_from_oserr      0000000180004698 f   libcmt:dosmap.obj
 0001:000036e0       _errno                     00000001800046e0 f   libcmt:dosmap.obj
 0001:00003700       _isleadbyte_l              0000000180004700 f i libcmt:_wctype.obj
 0001:00003748       _isctype_l                 0000000180004748 f   libcmt:isctype.obj
 0001:00003830       __C_specific_handler       0000000180004830 f   libcmt:chandler.obj
 0001:00003a30       free                       0000000180004a30 f   libcmt:free.obj
 0001:00003a70       _malloc_crt                0000000180004a70 f   libcmt:crtheap.obj
 0001:00003af0       _calloc_crt                0000000180004af0 f   libcmt:crtheap.obj
 0001:00003b74       _realloc_crt               0000000180004b74 f   libcmt:crtheap.obj
 0001:00003bfc       __crtCorExitProcess        0000000180004bfc f   libcmt:crt0dat.obj
 0001:00003c38       __crtExitProcess           0000000180004c38 f   libcmt:crt0dat.obj
 0001:00003c50       _lockexit                  0000000180004c50 f   libcmt:crt0dat.obj
 0001:00003c5c       _unlockexit                0000000180004c5c f   libcmt:crt0dat.obj
 0001:00003c68       _init_pointers             0000000180004c68 f   libcmt:crt0dat.obj
 0001:00003ce0       _initterm_e                0000000180004ce0 f   libcmt:crt0dat.obj
 0001:00003d1c       _cinit                     0000000180004d1c f   libcmt:crt0dat.obj
 0001:00003f5c       _exit                      0000000180004f5c f   libcmt:crt0dat.obj
 0001:00003f68       _cexit                     0000000180004f68 f   libcmt:crt0dat.obj
 0001:00003f78       _amsg_exit                 0000000180004f78 f   libcmt:crt0dat.obj
 0001:00003fa0       _ioinit                    0000000180004fa0 f   libcmt:ioinit.obj
 0001:00004274       _ioterm                    0000000180005274 f   libcmt:ioinit.obj
 0001:000042e8       _setenvp                   00000001800052e8 f   libcmt:stdenvp.obj
 0001:000045e8       _setargv                   00000001800055e8 f   libcmt:stdargv.obj
 0001:000046e0       __crtGetEnvironmentStringsA 00000001800056e0 f   libcmt:a_env.obj
 0001:000047d4       _RTC_Initialize            00000001800057d4 f   libcmt:_initsect_.obj
 0001:0000480c       _RTC_Terminate             000000018000580c f   libcmt:_initsect_.obj
 0001:00004844       _heap_init                 0000000180005844 f   libcmt:heapinit.obj
 0001:0000489c       _heap_term                 000000018000589c f   libcmt:heapinit.obj
 0001:000048bc       _XcptFilter                00000001800058bc f   libcmt:winxfltr.obj
 0001:00004a8c       __CppXcptFilter            0000000180005a8c f   libcmt:winxfltr.obj
 0001:00004aa0       __security_init_cookie     0000000180005aa0 f   libcmt:gs_support.obj
 0001:00004b54       __crt_debugger_hook        0000000180005b54 f   libcmt:dbghook.obj
 0001:00004b70       memset                     0000000180005b70 f   libcmt:memset.obj
 0001:00004c5c       __GSHandlerCheckCommon     0000000180005c5c f   libcmt:gshandler.obj
 0001:00004cc0       __GSHandlerCheck           0000000180005cc0 f   libcmt:gshandler.obj
 0001:00004e40       __crtGetStringTypeA        0000000180005e40 f   libcmt:a_str.obj
 0001:00004ec0       _mtinitlocks               0000000180005ec0 f   libcmt:mlock.obj
 0001:00004f44       _mtdeletelocks             0000000180005f44 f   libcmt:mlock.obj
 0001:00004fcc       _unlock                    0000000180005fcc f   libcmt:mlock.obj
 0001:00004fe4       _mtinitlocknum             0000000180005fe4 f   libcmt:mlock.obj
 0001:000050cc       _lock                      00000001800060cc f   libcmt:mlock.obj
 0001:00005120       memmove                    0000000180006120     libcmt:memcpy.obj
 0001:00005120       memcpy                     0000000180006120 f   libcmt:memcpy.obj
 0001:00005454       __free_lc_time             0000000180006454 f   libcmt:inittime.obj
 0001:00005844       __free_lconv_num           0000000180006844 f   libcmt:initnum.obj
 0001:000058b0       __free_lconv_mon           00000001800068b0 f   libcmt:initmon.obj
 0001:000059bc       malloc                     00000001800069bc f   libcmt:malloc.obj
 0001:00005a90       __chkstk                   0000000180006a90 f   libcmt:chkstk.obj
 0001:00005a90       _alloca_probe              0000000180006a90     libcmt:chkstk.obj
 0001:00005ae0       _initp_misc_invarg         0000000180006ae0 f   libcmt:invarg.obj
 0001:00005ae8       _call_reportfault          0000000180006ae8 f   libcmt:invarg.obj
 0001:00005c34       _invoke_watson             0000000180006c34 f   libcmt:invarg.obj
 0001:00005c68       _invalid_parameter         0000000180006c68 f   libcmt:invarg.obj
 0001:00005cd8       _invalid_parameter_noinfo  0000000180006cd8 f   libcmt:invarg.obj
 0001:00005cf8       strcpy_s                   0000000180006cf8 f   libcmt:strcpy_s.obj
 0001:00005d70       strcmp                     0000000180006d70 f   libcmt:strcmp.obj
 0001:00005e30       strlen                     0000000180006e30 f   libcmt:strlen.obj
 0001:00005ef0       memcmp                     0000000180006ef0 f   libcmt:memcmp.obj
 0001:00005fd0       strncmp                    0000000180006fd0 f   libcmt:strncmp.obj
 0001:000060a0       _local_unwind              00000001800070a0 f   libcmt:jmpuwind.obj
 0001:000060d0       _NLG_Notify                00000001800070d0 f   libcmt:jmpuwind.obj
 0001:000060f0       __NLG_Dispatch2            00000001800070f0 f   libcmt:jmpuwind.obj
 0001:00006100       __NLG_Return2              0000000180007100 f   libcmt:jmpuwind.obj
 0001:00006110       _ValidateImageBase         0000000180007110 f   libcmt:pesect.obj
 0001:00006140       _FindPESection             0000000180007140 f   libcmt:pesect.obj
 0001:00006190       _IsNonwritableInCurrentImage 0000000180007190 f   libcmt:pesect.obj
 0001:000061d4       _calloc_impl               00000001800071d4 f   libcmt:calloc_impl.obj
 0001:00006270       realloc                    0000000180007270 f   libcmt:realloc.obj
 0001:00006344       ?terminate@@YAXXZ          0000000180007344 f   libcmt:hooks.obj
 0001:00006368       _initp_eh_hooks            0000000180007368 f   libcmt:hooks.obj
 0001:00006388       _initp_misc_winsig         0000000180007388 f   libcmt:winsig.obj
 0001:000063a8       __get_sigabrt              00000001800073a8 f   libcmt:winsig.obj
 0001:000063b8       raise                      00000001800073b8 f   libcmt:winsig.obj
 0001:000065ec       _initp_misc_rand_s         00000001800075ec f   libcmt:rand_s.obj
 0001:000065f4       _initp_misc_purevirt       00000001800075f4 f   libcmt:inithelp.obj
 0001:000065fc       _initp_heap_handler        00000001800075fc f   libcmt:handler.obj
 0001:00006604       _callnewh                  0000000180007604 f   libcmt:handler.obj
 0001:00006638       __onexitinit               0000000180007638 f   libcmt:onexit.obj
 0001:0000667c       _onexit                    000000018000767c f   libcmt:onexit.obj
 0001:00006788       atexit                     0000000180007788 f   libcmt:onexit.obj
 0001:000067a0       _initp_misc_cfltcvt_tab    00000001800077a0 f   libcmt:cmiscdat.obj
 0001:000067d8       _GET_RTERRMSG              00000001800077d8 f   libcmt:crt0msg.obj
 0001:00006804       _NMSG_WRITE                0000000180007804 f   libcmt:crt0msg.obj
 0001:00006a64       _FF_MSGBANNER              0000000180007a64 f   libcmt:crt0msg.obj
 0001:00006b24       _ismbblead                 0000000180007b24 f   libcmt:ismbbyte.obj
 0001:00006b38       _msize                     0000000180007b38 f   libcmt:msize.obj
 0001:00006b74       abort                      0000000180007b74 f   libcmt:abort.obj
 0001:00006bb4       _fptrap                    0000000180007bb4 f   libcmt:crt0fp.obj
 0001:00006bc0       __crtMessageBoxW           0000000180007bc0 f   libcmt:crtmboxw.obj
 0001:00006dc8       wcscat_s                   0000000180007dc8 f   libcmt:wcscat_s.obj
 0001:00006e50       wcsncpy_s                  0000000180007e50 f   libcmt:wcsncpy_s.obj
 0001:00006f20       wcslen                     0000000180007f20 f   libcmt:wcslen.obj
 0001:00006f3c       wcscpy_s                   0000000180007f3c f   libcmt:wcscpy_s.obj
 0001:00006fa8       _set_error_mode            0000000180007fa8 f   libcmt:errmode.obj
 0001:00006fe8       RtlVirtualUnwind           0000000180007fe8 f   kernel32:KERNEL32.dll
 0001:00006fee       RtlLookupFunctionEntry     0000000180007fee f   kernel32:KERNEL32.dll
 0001:00006ff4       RtlUnwindEx                0000000180007ff4 f   kernel32:KERNEL32.dll
 0002:00000000       __imp_CreateCompatibleDC   0000000180009000     gdi32:GDI32.dll
 0002:00000008       __imp_CreateCompatibleBitmap 0000000180009008     gdi32:GDI32.dll
 0002:00000010       __imp_SetDIBits            0000000180009010     gdi32:GDI32.dll
 0002:00000018       __imp_GetPaletteEntries    0000000180009018     gdi32:GDI32.dll
 0002:00000020       __imp_SelectObject         0000000180009020     gdi32:GDI32.dll
 0002:00000028       __imp_DeleteObject         0000000180009028     gdi32:GDI32.dll
 0002:00000030       __imp_CreatePalette        0000000180009030     gdi32:GDI32.dll
 0002:00000038       __imp_GetDIBits            0000000180009038     gdi32:GDI32.dll
 0002:00000040       \177GDI32_NULL_THUNK_DATA  0000000180009040     gdi32:GDI32.dll
 0002:00000048       __imp_HeapSize             0000000180009048     kernel32:KERNEL32.dll
 0002:00000050       __imp_GetModuleFileNameW   0000000180009050     kernel32:KERNEL32.dll
 0002:00000058       __imp_WriteFile            0000000180009058     kernel32:KERNEL32.dll
 0002:00000060       __imp_LoadLibraryW         0000000180009060     kernel32:KERNEL32.dll
 0002:00000068       __imp_FindResourceW        0000000180009068     kernel32:KERNEL32.dll
 0002:00000070       __imp_LoadResource         0000000180009070     kernel32:KERNEL32.dll
 0002:00000078       __imp_GlobalSize           0000000180009078     kernel32:KERNEL32.dll
 0002:00000080       __imp_GlobalLock           0000000180009080     kernel32:KERNEL32.dll
 0002:00000088       __imp_SizeofResource       0000000180009088     kernel32:KERNEL32.dll
 0002:00000090       __imp_GlobalUnlock         0000000180009090     kernel32:KERNEL32.dll
 0002:00000098       __imp_LockResource         0000000180009098     kernel32:KERNEL32.dll
 0002:000000a0       __imp_GetCurrentThreadId   00000001800090a0     kernel32:KERNEL32.dll
 0002:000000a8       __imp_FlsSetValue          00000001800090a8     kernel32:KERNEL32.dll
 0002:000000b0       __imp_GetCommandLineA      00000001800090b0     kernel32:KERNEL32.dll
 0002:000000b8       __imp_TerminateProcess     00000001800090b8     kernel32:KERNEL32.dll
 0002:000000c0       __imp_GetCurrentProcess    00000001800090c0     kernel32:KERNEL32.dll
 0002:000000c8       __imp_UnhandledExceptionFilter 00000001800090c8     kernel32:KERNEL32.dll
 0002:000000d0       __imp_SetUnhandledExceptionFilter 00000001800090d0     kernel32:KERNEL32.dll
 0002:000000d8       __imp_IsDebuggerPresent    00000001800090d8     kernel32:KERNEL32.dll
 0002:000000e0       __imp_RtlVirtualUnwind     00000001800090e0     kernel32:KERNEL32.dll
 0002:000000e8       __imp_RtlLookupFunctionEntry 00000001800090e8     kernel32:KERNEL32.dll
 0002:000000f0       __imp_RtlCaptureContext    00000001800090f0     kernel32:KERNEL32.dll
 0002:000000f8       __imp_GetCPInfo            00000001800090f8     kernel32:KERNEL32.dll
 0002:00000100       __imp_GetACP               0000000180009100     kernel32:KERNEL32.dll
 0002:00000108       __imp_GetOEMCP             0000000180009108     kernel32:KERNEL32.dll
 0002:00000110       __imp_IsValidCodePage      0000000180009110     kernel32:KERNEL32.dll
 0002:00000118       __imp_EncodePointer        0000000180009118     kernel32:KERNEL32.dll
 0002:00000120       __imp_FlsGetValue          0000000180009120     kernel32:KERNEL32.dll
 0002:00000128       __imp_FlsFree              0000000180009128     kernel32:KERNEL32.dll
 0002:00000130       __imp_SetLastError         0000000180009130     kernel32:KERNEL32.dll
 0002:00000138       __imp_GetLastError         0000000180009138     kernel32:KERNEL32.dll
 0002:00000140       __imp_FlsAlloc             0000000180009140     kernel32:KERNEL32.dll
 0002:00000148       __imp_WideCharToMultiByte  0000000180009148     kernel32:KERNEL32.dll
 0002:00000150       __imp_LCMapStringW         0000000180009150     kernel32:KERNEL32.dll
 0002:00000158       __imp_MultiByteToWideChar  0000000180009158     kernel32:KERNEL32.dll
 0002:00000160       __imp_RtlUnwindEx          0000000180009160     kernel32:KERNEL32.dll
 0002:00000168       __imp_HeapFree             0000000180009168     kernel32:KERNEL32.dll
 0002:00000170       __imp_Sleep                0000000180009170     kernel32:KERNEL32.dll
 0002:00000178       __imp_GetProcAddress       0000000180009178     kernel32:KERNEL32.dll
 0002:00000180       __imp_GetModuleHandleW     0000000180009180     kernel32:KERNEL32.dll
 0002:00000188       __imp_ExitProcess          0000000180009188     kernel32:KERNEL32.dll
 0002:00000190       __imp_DecodePointer        0000000180009190     kernel32:KERNEL32.dll
 0002:00000198       __imp_SetHandleCount       0000000180009198     kernel32:KERNEL32.dll
 0002:000001a0       __imp_GetStdHandle         00000001800091a0     kernel32:KERNEL32.dll
 0002:000001a8       __imp_InitializeCriticalSectionAndSpinCount 00000001800091a8     kernel32:KERNEL32.dll
 0002:000001b0       __imp_GetStartupInfoW      00000001800091b0     kernel32:KERNEL32.dll
 0002:000001b8       __imp_DeleteCriticalSection 00000001800091b8     kernel32:KERNEL32.dll
 0002:000001c0       __imp_GetModuleFileNameA   00000001800091c0     kernel32:KERNEL32.dll
 0002:000001c8       __imp_FreeEnvironmentStringsW 00000001800091c8     kernel32:KERNEL32.dll
 0002:000001d0       __imp_GetEnvironmentStringsW 00000001800091d0     kernel32:KERNEL32.dll
 0002:000001d8       __imp_HeapSetInformation   00000001800091d8     kernel32:KERNEL32.dll
 0002:000001e0       __imp_GetVersion           00000001800091e0     kernel32:KERNEL32.dll
 0002:000001e8       __imp_HeapCreate           00000001800091e8     kernel32:KERNEL32.dll
 0002:000001f0       __imp_HeapDestroy          00000001800091f0     kernel32:KERNEL32.dll
 0002:000001f8       __imp_QueryPerformanceCounter 00000001800091f8     kernel32:KERNEL32.dll
 0002:00000200       __imp_GetTickCount         0000000180009200     kernel32:KERNEL32.dll
 0002:00000208       __imp_GetCurrentProcessId  0000000180009208     kernel32:KERNEL32.dll
 0002:00000210       __imp_GetSystemTimeAsFileTime 0000000180009210     kernel32:KERNEL32.dll
 0002:00000218       __imp_GetStringTypeW       0000000180009218     kernel32:KERNEL32.dll
 0002:00000220       __imp_LeaveCriticalSection 0000000180009220     kernel32:KERNEL32.dll
 0002:00000228       __imp_EnterCriticalSection 0000000180009228     kernel32:KERNEL32.dll
 0002:00000230       __imp_HeapAlloc            0000000180009230     kernel32:KERNEL32.dll
 0002:00000238       __imp_HeapReAlloc          0000000180009238     kernel32:KERNEL32.dll
 0002:00000240       __imp_GetFileType          0000000180009240     kernel32:KERNEL32.dll
 0002:00000248       \177KERNEL32_NULL_THUNK_DATA 0000000180009248     kernel32:KERNEL32.dll
 0002:00000250       __imp_ilTexImage           0000000180009250     resil:ResIL.dll
 0002:00000258       __imp_iConvertPal          0000000180009258     resil:ResIL.dll
 0002:00000260       __imp_iBindImageTemp       0000000180009260     resil:ResIL.dll
 0002:00000268       __imp_ilClosePal           0000000180009268     resil:ResIL.dll
 0002:00000270       __imp_ilSetCurImage        0000000180009270     resil:ResIL.dll
 0002:00000278       __imp_ialloc               0000000180009278     resil:ResIL.dll
 0002:00000280       __imp_ilTypeFromExt        0000000180009280     resil:ResIL.dll
 0002:00000288       __imp_ilCloseImage         0000000180009288     resil:ResIL.dll
 0002:00000290       __imp_ifree                0000000180009290     resil:ResIL.dll
 0002:00000298       __imp_ilGetCurImage        0000000180009298     resil:ResIL.dll
 0002:000002a0       __imp_ilLoadL              00000001800092a0     resil:ResIL.dll
 0002:000002a8       __imp_ilLoadImage          00000001800092a8     resil:ResIL.dll
 0002:000002b0       __imp_iGetFlipped          00000001800092b0     resil:ResIL.dll
 0002:000002b8       __imp_iConvertImage        00000001800092b8     resil:ResIL.dll
 0002:000002c0       __imp_ilConvertPal         00000001800092c0     resil:ResIL.dll
 0002:000002c8       __imp_ilGetCurName         00000001800092c8     resil:ResIL.dll
 0002:000002d0       __imp_ilBindImage          00000001800092d0     resil:ResIL.dll
 0002:000002d8       __imp_ilSaveImage          00000001800092d8     resil:ResIL.dll
 0002:000002e0       __imp_ilSetError           00000001800092e0     resil:ResIL.dll
 0002:000002e8       \177ResIL_NULL_THUNK_DATA  00000001800092e8     resil:ResIL.dll
 0002:000002f0       __imp_CloseClipboard       00000001800092f0     user32:USER32.dll
 0002:000002f8       __imp_IsClipboardFormatAvailable 00000001800092f8     user32:USER32.dll
 0002:00000300       __imp_GetDC                0000000180009300     user32:USER32.dll
 0002:00000308       __imp_GetForegroundWindow  0000000180009308     user32:USER32.dll
 0002:00000310       __imp_GetClipboardData     0000000180009310     user32:USER32.dll
 0002:00000318       __imp_ReleaseDC            0000000180009318     user32:USER32.dll
 0002:00000320       __imp_EmptyClipboard       0000000180009320     user32:USER32.dll
 0002:00000328       __imp_OpenClipboard        0000000180009328     user32:USER32.dll
 0002:00000330       __imp_SetClipboardData     0000000180009330     user32:USER32.dll
 0002:00000338       \177USER32_NULL_THUNK_DATA 0000000180009338     user32:USER32.dll
 0002:00000340       __imp_InternetOpenUrlW     0000000180009340     wininet:WININET.dll
 0002:00000348       __imp_InternetReadFile     0000000180009348     wininet:WININET.dll
 0002:00000350       __imp_InternetCloseHandle  0000000180009350     wininet:WININET.dll
 0002:00000358       __imp_InternetOpenW        0000000180009358     wininet:WININET.dll
 0002:00000360       \177WININET_NULL_THUNK_DATA 0000000180009360     wininet:WININET.dll
 0002:00000368       __xc_a                     0000000180009368     libcmt:crt0init.obj
 0002:00000370       __xc_z                     0000000180009370     libcmt:crt0init.obj
 0002:00000378       __xi_a                     0000000180009378     libcmt:crt0init.obj
 0002:00000390       __xi_z                     0000000180009390     libcmt:crt0init.obj
 0002:00000398       __xp_a                     0000000180009398     libcmt:crt0init.obj
 0002:000003a0       __xp_z                     00000001800093a0     libcmt:crt0init.obj
 0002:000003a8       __xt_a                     00000001800093a8     libcmt:crt0init.obj
 0002:000003b0       __xt_z                     00000001800093b0     libcmt:crt0init.obj
 0002:000003e0       _pRawDllMain               00000001800093e0     libcmt:dllcrt0.obj
 0002:000003e0       _pDefaultRawDllMain        00000001800093e0     libcmt:dllcrt0.obj
 0002:000003f8       ??_C@_1BC@GDGBMEMK@?$AAH?$AAH?$AA?3?$AAm?$AAm?$AA?3?$AAs?$AAs?$AA?$AA@ 00000001800093f8     libcmt:nlsdata2.obj
 0002:00000410       ??_C@_1CI@KNAKOEBC@?$AAd?$AAd?$AAd?$AAd?$AA?0?$AA?5?$AAM?$AAM?$AAM?$AAM?$AA?5?$AAd?$AAd?$AA?0?$AA?5?$AAy?$AAy?$AAy?$AAy?$AA?$AA@ 0000000180009410     libcmt:nlsdata2.obj
 0002:00000438       ??_C@_1BC@IEBCMHCM@?$AAM?$AAM?$AA?1?$AAd?$AAd?$AA?1?$AAy?$AAy?$AA?$AA@ 0000000180009438     libcmt:nlsdata2.obj
 0002:0000044c       ??_C@_15CLMNNGEL@?$AAP?$AAM?$AA?$AA@ 000000018000944c     libcmt:nlsdata2.obj
 0002:00000454       ??_C@_15ODEHAHHF@?$AAA?$AAM?$AA?$AA@ 0000000180009454     libcmt:nlsdata2.obj
 0002:00000460       ??_C@_1BC@FEMKIFH@?$AAD?$AAe?$AAc?$AAe?$AAm?$AAb?$AAe?$AAr?$AA?$AA@ 0000000180009460     libcmt:nlsdata2.obj
 0002:00000478       ??_C@_1BC@BGLIFPF@?$AAN?$AAo?$AAv?$AAe?$AAm?$AAb?$AAe?$AAr?$AA?$AA@ 0000000180009478     libcmt:nlsdata2.obj
 0002:00000490       ??_C@_1BA@EPANDLNG@?$AAO?$AAc?$AAt?$AAo?$AAb?$AAe?$AAr?$AA?$AA@ 0000000180009490     libcmt:nlsdata2.obj
 0002:000004a0       ??_C@_1BE@DKAAMBJL@?$AAS?$AAe?$AAp?$AAt?$AAe?$AAm?$AAb?$AAe?$AAr?$AA?$AA@ 00000001800094a0     libcmt:nlsdata2.obj
 0002:000004b8       ??_C@_1O@PAHLKOAC@?$AAA?$AAu?$AAg?$AAu?$AAs?$AAt?$AA?$AA@ 00000001800094b8     libcmt:nlsdata2.obj
 0002:000004c8       ??_C@_19BIFMLPCD@?$AAJ?$AAu?$AAl?$AAy?$AA?$AA@ 00000001800094c8     libcmt:nlsdata2.obj
 0002:000004d8       ??_C@_19EPFLPGAP@?$AAJ?$AAu?$AAn?$AAe?$AA?$AA@ 00000001800094d8     libcmt:nlsdata2.obj
 0002:000004e8       ??_C@_1M@GJNLMHFD@?$AAA?$AAp?$AAr?$AAi?$AAl?$AA?$AA@ 00000001800094e8     libcmt:nlsdata2.obj
 0002:000004f8       ??_C@_1M@IKEENEDF@?$AAM?$AAa?$AAr?$AAc?$AAh?$AA?$AA@ 00000001800094f8     libcmt:nlsdata2.obj
 0002:00000508       ??_C@_1BC@JGDDFFAM@?$AAF?$AAe?$AAb?$AAr?$AAu?$AAa?$AAr?$AAy?$AA?$AA@ 0000000180009508     libcmt:nlsdata2.obj
 0002:00000520       ??_C@_1BA@EFMEIEBA@?$AAJ?$AAa?$AAn?$AAu?$AAa?$AAr?$AAy?$AA?$AA@ 0000000180009520     libcmt:nlsdata2.obj
 0002:00000530       ??_C@_17EGKACKIF@?$AAD?$AAe?$AAc?$AA?$AA@ 0000000180009530     libcmt:nlsdata2.obj
 0002:00000538       ??_C@_17BBDMLCIG@?$AAN?$AAo?$AAv?$AA?$AA@ 0000000180009538     libcmt:nlsdata2.obj
 0002:00000540       ??_C@_17FNLKOI@?$AAO?$AAc?$AAt?$AA?$AA@ 0000000180009540     libcmt:nlsdata2.obj
 0002:00000548       ??_C@_17HCHCOKMG@?$AAS?$AAe?$AAp?$AA?$AA@ 0000000180009548     libcmt:nlsdata2.obj
 0002:00000550       ??_C@_17ICPELBCN@?$AAA?$AAu?$AAg?$AA?$AA@ 0000000180009550     libcmt:nlsdata2.obj
 0002:00000558       ??_C@_17IJPCKHK@?$AAJ?$AAu?$AAl?$AA?$AA@ 0000000180009558     libcmt:nlsdata2.obj
 0002:00000560       ??_C@_17KCJGOCPB@?$AAJ?$AAu?$AAn?$AA?$AA@ 0000000180009560     libcmt:nlsdata2.obj
 0002:00000568       ??_C@_17PNNKMEED@?$AAM?$AAa?$AAy?$AA?$AA@ 0000000180009568     libcmt:nlsdata2.obj
 0002:00000570       ??_C@_17LFPOIHDD@?$AAA?$AAp?$AAr?$AA?$AA@ 0000000180009570     libcmt:nlsdata2.obj
 0002:00000578       ??_C@_17CKNLEDEC@?$AAM?$AAa?$AAr?$AA?$AA@ 0000000180009578     libcmt:nlsdata2.obj
 0002:00000580       ??_C@_17LMDJEKJN@?$AAF?$AAe?$AAb?$AA?$AA@ 0000000180009580     libcmt:nlsdata2.obj
 0002:00000588       ??_C@_17DKNBKCHM@?$AAJ?$AAa?$AAn?$AA?$AA@ 0000000180009588     libcmt:nlsdata2.obj
 0002:00000590       ??_C@_1BC@ENMNNPAJ@?$AAS?$AAa?$AAt?$AAu?$AAr?$AAd?$AAa?$AAy?$AA?$AA@ 0000000180009590     libcmt:nlsdata2.obj
 0002:000005a8       ??_C@_1O@PDICJHAG@?$AAF?$AAr?$AAi?$AAd?$AAa?$AAy?$AA?$AA@ 00000001800095a8     libcmt:nlsdata2.obj
 0002:000005b8       ??_C@_1BC@HHMNLIHE@?$AAT?$AAh?$AAu?$AAr?$AAs?$AAd?$AAa?$AAy?$AA?$AA@ 00000001800095b8     libcmt:nlsdata2.obj
 0002:000005d0       ??_C@_1BE@EBOGMDOH@?$AAW?$AAe?$AAd?$AAn?$AAe?$AAs?$AAd?$AAa?$AAy?$AA?$AA@ 00000001800095d0     libcmt:nlsdata2.obj
 0002:000005e8       ??_C@_1BA@ENFBFFEK@?$AAT?$AAu?$AAe?$AAs?$AAd?$AAa?$AAy?$AA?$AA@ 00000001800095e8     libcmt:nlsdata2.obj
 0002:000005f8       ??_C@_1O@MMNBFLIA@?$AAM?$AAo?$AAn?$AAd?$AAa?$AAy?$AA?$AA@ 00000001800095f8     libcmt:nlsdata2.obj
 0002:00000608       ??_C@_1O@IHNHDHPB@?$AAS?$AAu?$AAn?$AAd?$AAa?$AAy?$AA?$AA@ 0000000180009608     libcmt:nlsdata2.obj
 0002:00000618       ??_C@_17GGIBDPIH@?$AAS?$AAa?$AAt?$AA?$AA@ 0000000180009618     libcmt:nlsdata2.obj
 0002:00000620       ??_C@_17HFOLPPLP@?$AAF?$AAr?$AAi?$AA?$AA@ 0000000180009620     libcmt:nlsdata2.obj
 0002:00000628       ??_C@_17PDPHAADD@?$AAT?$AAh?$AAu?$AA?$AA@ 0000000180009628     libcmt:nlsdata2.obj
 0002:00000630       ??_C@_17CJEDCEPE@?$AAW?$AAe?$AAd?$AA?$AA@ 0000000180009630     libcmt:nlsdata2.obj
 0002:00000638       ??_C@_17BMKGEGOJ@?$AAT?$AAu?$AAe?$AA?$AA@ 0000000180009638     libcmt:nlsdata2.obj
 0002:00000640       ??_C@_17KBOMKBF@?$AAM?$AAo?$AAn?$AA?$AA@ 0000000180009640     libcmt:nlsdata2.obj
 0002:00000648       ??_C@_17MBGCMIPB@?$AAS?$AAu?$AAn?$AA?$AA@ 0000000180009648     libcmt:nlsdata2.obj
 0002:00000650       ??_C@_08JCCMCCIL@HH?3mm?3ss?$AA@ 0000000180009650     libcmt:nlsdata2.obj
 0002:00000660       ??_C@_0BE@CKGJFCPC@dddd?0?5MMMM?5dd?0?5yyyy?$AA@ 0000000180009660     libcmt:nlsdata2.obj
 0002:00000678       ??_C@_08BPBNCDIB@MM?1dd?1yy?$AA@ 0000000180009678     libcmt:nlsdata2.obj
 0002:00000684       ??_C@_02CJNFDJBF@PM?$AA@   0000000180009684     libcmt:nlsdata2.obj
 0002:00000688       ??_C@_02DEDBPAFC@AM?$AA@   0000000180009688     libcmt:nlsdata2.obj
 0002:00000690       ??_C@_08EDHMEBNP@December?$AA@ 0000000180009690     libcmt:nlsdata2.obj
 0002:000006a0       ??_C@_08HCHEGEOA@November?$AA@ 00000001800096a0     libcmt:nlsdata2.obj
 0002:000006b0       ??_C@_07JJNFCEND@October?$AA@ 00000001800096b0     libcmt:nlsdata2.obj
 0002:000006b8       ??_C@_09BHHEALKD@September?$AA@ 00000001800096b8     libcmt:nlsdata2.obj
 0002:000006c4       ??_C@_06LBBHFDDG@August?$AA@ 00000001800096c4     libcmt:nlsdata2.obj
 0002:000006cc       ??_C@_04MIEPOIFP@July?$AA@ 00000001800096cc     libcmt:nlsdata2.obj
 0002:000006d4       ??_C@_04CNLMGBGM@June?$AA@ 00000001800096d4     libcmt:nlsdata2.obj
 0002:000006dc       ??_C@_05DMJDNLEJ@April?$AA@ 00000001800096dc     libcmt:nlsdata2.obj
 0002:000006e4       ??_C@_05HPCKOFNC@March?$AA@ 00000001800096e4     libcmt:nlsdata2.obj
 0002:000006f0       ??_C@_08GNJGEPFN@February?$AA@ 00000001800096f0     libcmt:nlsdata2.obj
 0002:00000700       ??_C@_07CGJPFGJA@January?$AA@ 0000000180009700     libcmt:nlsdata2.obj
 0002:00000708       ??_C@_03MKABNOCG@Dec?$AA@  0000000180009708     libcmt:nlsdata2.obj
 0002:0000070c       ??_C@_03JPJOFNIA@Nov?$AA@  000000018000970c     libcmt:nlsdata2.obj
 0002:00000710       ??_C@_03BMAOKBAD@Oct?$AA@  0000000180009710     libcmt:nlsdata2.obj
 0002:00000714       ??_C@_03GGCAPAJC@Sep?$AA@  0000000180009714     libcmt:nlsdata2.obj
 0002:00000718       ??_C@_03IFJFEIGA@Aug?$AA@  0000000180009718     libcmt:nlsdata2.obj
 0002:0000071c       ??_C@_03LBGABGKK@Jul?$AA@  000000018000971c     libcmt:nlsdata2.obj
 0002:00000720       ??_C@_03IDFGHECI@Jun?$AA@  0000000180009720     libcmt:nlsdata2.obj
 0002:00000724       ??_C@_03CNMDKL@May?$AA@    0000000180009724     libcmt:nlsdata2.obj
 0002:00000728       ??_C@_03LEOLGMJP@Apr?$AA@  0000000180009728     libcmt:nlsdata2.obj
 0002:0000072c       ??_C@_03ODNJBKGA@Mar?$AA@  000000018000972c     libcmt:nlsdata2.obj
 0002:00000730       ??_C@_03HJBDCHOM@Feb?$AA@  0000000180009730     libcmt:nlsdata2.obj
 0002:00000734       ??_C@_03JIHJHPIE@Jan?$AA@  0000000180009734     libcmt:nlsdata2.obj
 0002:00000738       ??_C@_08INBOOONO@Saturday?$AA@ 0000000180009738     libcmt:nlsdata2.obj
 0002:00000744       ??_C@_06JECMNKMI@Friday?$AA@ 0000000180009744     libcmt:nlsdata2.obj
 0002:00000750       ??_C@_08HACCIKIA@Thursday?$AA@ 0000000180009750     libcmt:nlsdata2.obj
 0002:00000760       ??_C@_09DLIGFAKA@Wednesday?$AA@ 0000000180009760     libcmt:nlsdata2.obj
 0002:00000770       ??_C@_07BAAGCFCM@Tuesday?$AA@ 0000000180009770     libcmt:nlsdata2.obj
 0002:00000778       ??_C@_06JLEDEDGH@Monday?$AA@ 0000000180009778     libcmt:nlsdata2.obj
 0002:00000780       ??_C@_06OOPIFAJ@Sunday?$AA@ 0000000180009780     libcmt:nlsdata2.obj
 0002:00000788       ??_C@_03FEFJNEK@Sat?$AA@   0000000180009788     libcmt:nlsdata2.obj
 0002:0000078c       ??_C@_03IDIOELNC@Fri?$AA@  000000018000978c     libcmt:nlsdata2.obj
 0002:00000790       ??_C@_03IOFIKPDN@Thu?$AA@  0000000180009790     libcmt:nlsdata2.obj
 0002:00000794       ??_C@_03MHOMLAJA@Wed?$AA@  0000000180009794     libcmt:nlsdata2.obj
 0002:00000798       ??_C@_03NAGEINEP@Tue?$AA@  0000000180009798     libcmt:nlsdata2.obj
 0002:0000079c       ??_C@_03PDAGKDH@Mon?$AA@   000000018000979c     libcmt:nlsdata2.obj
 0002:000007a0       ??_C@_03KOEHGMDN@Sun?$AA@  00000001800097a0     libcmt:nlsdata2.obj
 0002:00000830       ??_C@_0P@MIGLKIOC@CorExitProcess?$AA@ 0000000180009830     libcmt:crt0dat.obj
 0002:00000840       ??_C@_1BI@BGOHAHKC@?$AAm?$AAs?$AAc?$AAo?$AAr?$AAe?$AAe?$AA?4?$AAd?$AAl?$AAl?$AA?$AA@ 0000000180009840     libcmt:crt0dat.obj
 0002:00000860       _XcptActTab                0000000180009860     libcmt:winxfltr.obj
 0002:00000920       _First_FPE_Indx            0000000180009920     libcmt:winxfltr.obj
 0002:00000924       _Num_FPE                   0000000180009924     libcmt:winxfltr.obj
 0002:00000928       _XcptActTabSize            0000000180009928     libcmt:winxfltr.obj
 0002:0000092c       _XcptActTabCount           000000018000992c     libcmt:winxfltr.obj
 0002:00000930       __newctype                 0000000180009930     libcmt:ctype.obj
 0002:00000c30       _wctype                    0000000180009c30     libcmt:ctype.obj
 0002:00000e40       __newclmap                 0000000180009e40     libcmt:ctype.obj
 0002:00000fc0       __newcumap                 0000000180009fc0     libcmt:ctype.obj
 0002:00001140       ??_C@_1BO@BKOMIGKJ@?$AAr?$AAu?$AAn?$AAt?$AAi?$AAm?$AAe?$AA?5?$AAe?$AAr?$AAr?$AAo?$AAr?$AA?5?$AA?$AA@ 000000018000a140     libcmt:crt0msg.obj
 0002:00001160       ??_C@_15JNBOKNOG@?$AA?$AN?$AA?6?$AA?$AA@ 000000018000a160     libcmt:crt0msg.obj
 0002:00001168       ??_C@_1BM@JBBEPPHI@?$AAT?$AAL?$AAO?$AAS?$AAS?$AA?5?$AAe?$AAr?$AAr?$AAo?$AAr?$AA?$AN?$AA?6?$AA?$AA@ 000000018000a168     libcmt:crt0msg.obj
 0002:00001188       ??_C@_1BK@KMOMNAAI@?$AAS?$AAI?$AAN?$AAG?$AA?5?$AAe?$AAr?$AAr?$AAo?$AAr?$AA?$AN?$AA?6?$AA?$AA@ 000000018000a188     libcmt:crt0msg.obj
 0002:000011a8       ??_C@_1BO@BFCDCGC@?$AAD?$AAO?$AAM?$AAA?$AAI?$AAN?$AA?5?$AAe?$AAr?$AAr?$AAo?$AAr?$AA?$AN?$AA?6?$AA?$AA@ 000000018000a1a8     libcmt:crt0msg.obj
 0002:000011d0       ??_C@_1BOO@KGEDBGAJ@?$AAR?$AA6?$AA0?$AA3?$AA3?$AA?$AN?$AA?6?$AA?9?$AA?5?$AAA?$AAt?$AAt?$AAe?$AAm?$AAp?$AAt?$AA?5?$AAt?$AAo?$AA?5?$AAu?$AAs?$AAe?$AA?5?$AAM?$AAS?$AAI?$AAL?$AA?5?$AAc?$AAo?$AAd@ 000000018000a1d0     libcmt:crt0msg.obj
 0002:000013c0       ??_C@_1GG@GOPILAJP@?$AAR?$AA6?$AA0?$AA3?$AA2?$AA?$AN?$AA?6?$AA?9?$AA?5?$AAn?$AAo?$AAt?$AA?5?$AAe?$AAn?$AAo?$AAu?$AAg?$AAh?$AA?5?$AAs?$AAp?$AAa?$AAc?$AAe?$AA?5?$AAf?$AAo?$AAr?$AA?5?$AAl?$AAo@ 000000018000a3c0     libcmt:crt0msg.obj
 0002:00001430       ??_C@_1MG@ENCOOIDF@?$AAR?$AA6?$AA0?$AA3?$AA1?$AA?$AN?$AA?6?$AA?9?$AA?5?$AAA?$AAt?$AAt?$AAe?$AAm?$AAp?$AAt?$AA?5?$AAt?$AAo?$AA?5?$AAi?$AAn?$AAi?$AAt?$AAi?$AAa?$AAl?$AAi?$AAz?$AAe?$AA?5?$AAt@ 000000018000a430     libcmt:crt0msg.obj
 0002:000014f8       ??_C@_1DO@BMFCDCD@?$AAR?$AA6?$AA0?$AA3?$AA0?$AA?$AN?$AA?6?$AA?9?$AA?5?$AAC?$AAR?$AAT?$AA?5?$AAn?$AAo?$AAt?$AA?5?$AAi?$AAn?$AAi?$AAt?$AAi?$AAa?$AAl?$AAi?$AAz?$AAe?$AAd?$AA?$AN?$AA?6?$AA?$AA@ 000000018000a4f8     libcmt:crt0msg.obj
 0002:00001540       ??_C@_1EK@HHFLMAOL@?$AAR?$AA6?$AA0?$AA2?$AA8?$AA?$AN?$AA?6?$AA?9?$AA?5?$AAu?$AAn?$AAa?$AAb?$AAl?$AAe?$AA?5?$AAt?$AAo?$AA?5?$AAi?$AAn?$AAi?$AAt?$AAi?$AAa?$AAl?$AAi?$AAz?$AAe?$AA?5?$AAh?$AAe@ 000000018000a540     libcmt:crt0msg.obj
 0002:00001590       ??_C@_1GK@MFGOKLAG@?$AAR?$AA6?$AA0?$AA2?$AA7?$AA?$AN?$AA?6?$AA?9?$AA?5?$AAn?$AAo?$AAt?$AA?5?$AAe?$AAn?$AAo?$AAu?$AAg?$AAh?$AA?5?$AAs?$AAp?$AAa?$AAc?$AAe?$AA?5?$AAf?$AAo?$AAr?$AA?5?$AAl?$AAo@ 000000018000a590     libcmt:crt0msg.obj
 0002:00001600       ??_C@_1GK@MCAAGJMO@?$AAR?$AA6?$AA0?$AA2?$AA6?$AA?$AN?$AA?6?$AA?9?$AA?5?$AAn?$AAo?$AAt?$AA?5?$AAe?$AAn?$AAo?$AAu?$AAg?$AAh?$AA?5?$AAs?$AAp?$AAa?$AAc?$AAe?$AA?5?$AAf?$AAo?$AAr?$AA?5?$AAs?$AAt@ 000000018000a600     libcmt:crt0msg.obj
 0002:00001670       ??_C@_1EM@MAADIHMB@?$AAR?$AA6?$AA0?$AA2?$AA5?$AA?$AN?$AA?6?$AA?9?$AA?5?$AAp?$AAu?$AAr?$AAe?$AA?5?$AAv?$AAi?$AAr?$AAt?$AAu?$AAa?$AAl?$AA?5?$AAf?$AAu?$AAn?$AAc?$AAt?$AAi?$AAo?$AAn?$AA?5?$AAc@ 000000018000a670     libcmt:crt0msg.obj
 0002:000016c0       ??_C@_1GK@FHCKBEFA@?$AAR?$AA6?$AA0?$AA2?$AA4?$AA?$AN?$AA?6?$AA?9?$AA?5?$AAn?$AAo?$AAt?$AA?5?$AAe?$AAn?$AAo?$AAu?$AAg?$AAh?$AA?5?$AAs?$AAp?$AAa?$AAc?$AAe?$AA?5?$AAf?$AAo?$AAr?$AA?5?$AA_?$AAo@ 000000018000a6c0     libcmt:crt0msg.obj
 0002:00001730       ??_C@_1FC@ECHBIFBC@?$AAR?$AA6?$AA0?$AA1?$AA9?$AA?$AN?$AA?6?$AA?9?$AA?5?$AAu?$AAn?$AAa?$AAb?$AAl?$AAe?$AA?5?$AAt?$AAo?$AA?5?$AAo?$AAp?$AAe?$AAn?$AA?5?$AAc?$AAo?$AAn?$AAs?$AAo?$AAl?$AAe?$AA?5@ 000000018000a730     libcmt:crt0msg.obj
 0002:00001790       ??_C@_1EC@JIBHAOPH@?$AAR?$AA6?$AA0?$AA1?$AA8?$AA?$AN?$AA?6?$AA?9?$AA?5?$AAu?$AAn?$AAe?$AAx?$AAp?$AAe?$AAc?$AAt?$AAe?$AAd?$AA?5?$AAh?$AAe?$AAa?$AAp?$AA?5?$AAe?$AAr?$AAr?$AAo?$AAr?$AA?$AN?$AA?6@ 000000018000a790     libcmt:crt0msg.obj
 0002:000017e0       ??_C@_1FK@BEOGODMC@?$AAR?$AA6?$AA0?$AA1?$AA7?$AA?$AN?$AA?6?$AA?9?$AA?5?$AAu?$AAn?$AAe?$AAx?$AAp?$AAe?$AAc?$AAt?$AAe?$AAd?$AA?5?$AAm?$AAu?$AAl?$AAt?$AAi?$AAt?$AAh?$AAr?$AAe?$AAa?$AAd?$AA?5@ 000000018000a7e0     libcmt:crt0msg.obj
 0002:00001840       ??_C@_1FI@LOGNIKDM@?$AAR?$AA6?$AA0?$AA1?$AA6?$AA?$AN?$AA?6?$AA?9?$AA?5?$AAn?$AAo?$AAt?$AA?5?$AAe?$AAn?$AAo?$AAu?$AAg?$AAh?$AA?5?$AAs?$AAp?$AAa?$AAc?$AAe?$AA?5?$AAf?$AAo?$AAr?$AA?5?$AAt?$AAh@ 000000018000a840     libcmt:crt0msg.obj
 0002:000018a0       ??_C@_1EG@BEHAGFJD@?$AAR?$AA6?$AA0?$AA1?$AA0?$AA?$AN?$AA?6?$AA?9?$AA?5?$AAa?$AAb?$AAo?$AAr?$AAt?$AA?$CI?$AA?$CJ?$AA?5?$AAh?$AAa?$AAs?$AA?5?$AAb?$AAe?$AAe?$AAn?$AA?5?$AAc?$AAa?$AAl?$AAl?$AAe?$AAd@ 000000018000a8a0     libcmt:crt0msg.obj
 0002:000018f0       ??_C@_1FI@HONFMGBI@?$AAR?$AA6?$AA0?$AA0?$AA9?$AA?$AN?$AA?6?$AA?9?$AA?5?$AAn?$AAo?$AAt?$AA?5?$AAe?$AAn?$AAo?$AAu?$AAg?$AAh?$AA?5?$AAs?$AAp?$AAa?$AAc?$AAe?$AA?5?$AAf?$AAo?$AAr?$AA?5?$AAe?$AAn@ 000000018000a8f0     libcmt:crt0msg.obj
 0002:00001950       ??_C@_1FE@LLNEDJMD@?$AAR?$AA6?$AA0?$AA0?$AA8?$AA?$AN?$AA?6?$AA?9?$AA?5?$AAn?$AAo?$AAt?$AA?5?$AAe?$AAn?$AAo?$AAu?$AAg?$AAh?$AA?5?$AAs?$AAp?$AAa?$AAc?$AAe?$AA?5?$AAf?$AAo?$AAr?$AA?5?$AAa?$AAr@ 000000018000a950     libcmt:crt0msg.obj
 0002:000019b0       ??_C@_1FK@PGACCAFB@?$AAR?$AA6?$AA0?$AA0?$AA2?$AA?$AN?$AA?6?$AA?9?$AA?5?$AAf?$AAl?$AAo?$AAa?$AAt?$AAi?$AAn?$AAg?$AA?5?$AAp?$AAo?$AAi?$AAn?$AAt?$AA?5?$AAs?$AAu?$AAp?$AAp?$AAo?$AAr?$AAt?$AA?5@ 000000018000a9b0     libcmt:crt0msg.obj
 0002:00001b70       ??_C@_1EK@MBDPDCGA@?$AAM?$AAi?$AAc?$AAr?$AAo?$AAs?$AAo?$AAf?$AAt?$AA?5?$AAV?$AAi?$AAs?$AAu?$AAa?$AAl?$AA?5?$AAC?$AA?$CL?$AA?$CL?$AA?5?$AAR?$AAu?$AAn?$AAt?$AAi?$AAm?$AAe?$AA?5?$AAL?$AAi?$AAb@ 000000018000ab70     libcmt:crt0msg.obj
 0002:00001bbc       ??_C@_15IABLJNFO@?$AA?6?$AA?6?$AA?$AA@ 000000018000abbc     libcmt:crt0msg.obj
 0002:00001bc8       ??_C@_17LGKOMLJ@?$AA?4?$AA?4?$AA?4?$AA?$AA@ 000000018000abc8     libcmt:crt0msg.obj
 0002:00001bd0       ??_C@_1CO@EAEJAADC@?$AA?$DM?$AAp?$AAr?$AAo?$AAg?$AAr?$AAa?$AAm?$AA?5?$AAn?$AAa?$AAm?$AAe?$AA?5?$AAu?$AAn?$AAk?$AAn?$AAo?$AAw?$AAn?$AA?$DO?$AA?$AA@ 000000018000abd0     libcmt:crt0msg.obj
 0002:00001c00       ??_C@_1DE@JNGNBFGO@?$AAR?$AAu?$AAn?$AAt?$AAi?$AAm?$AAe?$AA?5?$AAE?$AAr?$AAr?$AAo?$AAr?$AA?$CB?$AA?6?$AA?6?$AAP?$AAr?$AAo?$AAg?$AAr?$AAa?$AAm?$AA?3?$AA?5?$AA?$AA@ 000000018000ac00     libcmt:crt0msg.obj
 0002:00001c38       ??_C@_0BI@DFKBFLJE@GetProcessWindowStation?$AA@ 000000018000ac38     libcmt:crtmboxw.obj
 0002:00001c50       ??_C@_0BK@DEKFELLI@GetUserObjectInformationW?$AA@ 000000018000ac50     libcmt:crtmboxw.obj
 0002:00001c70       ??_C@_0BD@HHGDFDBJ@GetLastActivePopup?$AA@ 000000018000ac70     libcmt:crtmboxw.obj
 0002:00001c88       ??_C@_0BA@HNOPNCHB@GetActiveWindow?$AA@ 000000018000ac88     libcmt:crtmboxw.obj
 0002:00001c98       ??_C@_0M@DLDCCGNP@MessageBoxW?$AA@ 000000018000ac98     libcmt:crtmboxw.obj
 0002:00001ca8       ??_C@_1BG@GOEBHBDC@?$AAU?$AAS?$AAE?$AAR?$AA3?$AA2?$AA?4?$AAD?$AAL?$AAL?$AA?$AA@ 000000018000aca8     libcmt:crtmboxw.obj
 0002:00001cc0       ??_C@_1GO@EKIKNOBL@?$AAD?$AAe?$AAv?$AAe?$AAl?$AAo?$AAp?$AAe?$AAr?$AA?8?$AAs?$AA?5?$AAI?$AAm?$AAa?$AAg?$AAe?$AA?5?$AAL?$AAi?$AAb?$AAr?$AAa?$AAr?$AAy?$AA?5?$AAU?$AAt?$AAi?$AAl?$AAi?$AAt@ 000000018000acc0     ilut_states.obj
 0002:00001d30       ??_C@_1CC@FLLNLNFB@?$AAA?$AAb?$AAy?$AAs?$AAm?$AAa?$AAl?$AA?5?$AAS?$AAo?$AAf?$AAt?$AAw?$AAa?$AAr?$AAe?$AA?$AA@ 000000018000ad30     ilut_states.obj
 0002:00001d58       ??_C@_1DE@LHOEMOEC@?$AAD?$AAe?$AAv?$AAe?$AAl?$AAo?$AAp?$AAe?$AAr?$AA?8?$AAs?$AA?5?$AAI?$AAm?$AAa?$AAg?$AAe?$AA?5?$AAL?$AAi?$AAb?$AAr?$AAa?$AAr?$AAy?$AA?$AA@ 000000018000ad58     ilut_win32.obj
 0002:00001de0       __rtc_iaa                  000000018000ade0     libcmt:_initsect_.obj
 0002:00001de8       __rtc_izz                  000000018000ade8     libcmt:_initsect_.obj
 0002:00001df0       __rtc_taa                  000000018000adf0     libcmt:_initsect_.obj
 0002:00001df8       __rtc_tzz                  000000018000adf8     libcmt:_initsect_.obj
 0002:000026f0       __IMPORT_DESCRIPTOR_ResIL  000000018000b6f0     resil:ResIL.dll
 0002:00002704       __IMPORT_DESCRIPTOR_KERNEL32 000000018000b704     kernel32:KERNEL32.dll
 0002:00002718       __IMPORT_DESCRIPTOR_USER32 000000018000b718     user32:USER32.dll
 0002:0000272c       __IMPORT_DESCRIPTOR_GDI32  000000018000b72c     gdi32:GDI32.dll
 0002:00002740       __IMPORT_DESCRIPTOR_WININET 000000018000b740     wininet:WININET.dll
 0002:00002754       __NULL_IMPORT_DESCRIPTOR   000000018000b754     resil:ResIL.dll
 0003:00000000       __security_cookie          000000018000d000     libcmt:gs_cookie.obj
 0003:00000008       __security_cookie_complement 000000018000d008     libcmt:gs_cookie.obj
 0003:00000010       __initialmbcinfo           000000018000d010     libcmt:mbctype.obj
 0003:00000230       _mbctype                   000000018000d230     libcmt:mbctype.obj
 0003:00000340       _mbcasemap                 000000018000d340     libcmt:mbctype.obj
 0003:00000440       __ptmbcinfo                000000018000d440     libcmt:mbctype.obj
 0003:00000540       __globallocalestatus       000000018000d540     libcmt:glstatus.obj
 0003:00000544       __clocalestr               000000018000d544     libcmt:nlsdata2.obj
 0003:00000550       __lc_time_c                000000018000d550     libcmt:nlsdata2.obj
 0003:00000810       __initiallocinfo           000000018000d810     libcmt:nlsdata2.obj
 0003:00000970       __ptlocinfo                000000018000d970     libcmt:nlsdata2.obj
 0003:00000978       __flsindex                 000000018000d978     libcmt:tidtable.obj
 0003:00000b00       __badioinfo                000000018000db00     libcmt:ioinit.obj
 0003:00000da0       __lconv_static_decimal     000000018000dda0     libcmt:lconv.obj
 0003:00000da4       __lconv_static_W_decimal   000000018000dda4     libcmt:lconv.obj
 0003:00000da8       __lconv                    000000018000dda8     libcmt:lconv.obj
 0003:00000db0       __lconv_c                  000000018000ddb0     libcmt:lconv.obj
 0003:00000e48       _pctype                    000000018000de48     libcmt:ctype.obj
 0003:00000e50       _pwctype                   000000018000de50     libcmt:ctype.obj
 0003:00000e60       __mb_cur_max               000000018000de60     libcmt:nlsdata1.obj
 0003:00000e64       __decimal_point            000000018000de64     libcmt:nlsdata1.obj
 0003:00000e68       __decimal_point_length     000000018000de68     libcmt:nlsdata1.obj
 0003:00000e70       _cfltcvt_tab               000000018000de70     libcmt:cmiscdat.obj
 0003:00000ec0       __abort_behavior           000000018000dec0     libcmt:abort.obj
 0003:00000ec8       ?_ilutVendor@@3PEB_WEB     000000018000dec8     ilut_states.obj
 0003:00000ed0       ?_ilutVersion@@3PEB_WEB    000000018000ded0     ilut_states.obj
 0003:00000ee4       __error_mode               000000018000dee4     libcmt:dllcrt0.obj
 0003:00000ee8       _aenvptr                   000000018000dee8     libcmt:dllcrt0.obj
 0003:00000ef0       _wenvptr                   000000018000def0     libcmt:dllcrt0.obj
 0003:00000ef8       __app_type                 000000018000def8     libcmt:dllcrt0.obj
 0003:00001478       __mbulinfo                 000000018000e478     libcmt:mbctype.obj
 0003:00001484       __mbcodepage               000000018000e484     libcmt:mbctype.obj
 0003:00001488       __ismbcodepage             000000018000e488     libcmt:mbctype.obj
 0003:0000148c       __mblcid                   000000018000e48c     libcmt:mbctype.obj
 0003:00001490       __locale_changed           000000018000e490     libcmt:setlocal.obj
 0003:00001494       _maxwait                   000000018000e494     libcmt:crtheap.obj
 0003:00001498       _umaskval                  000000018000e498     libcmt:crt0dat.obj
 0003:0000149c       __argc                     000000018000e49c     libcmt:crt0dat.obj
 0003:000014a0       __argv                     000000018000e4a0     libcmt:crt0dat.obj
 0003:000014a8       __wargv                    000000018000e4a8     libcmt:crt0dat.obj
 0003:000014b0       _environ                   000000018000e4b0     libcmt:crt0dat.obj
 0003:000014b8       __initenv                  000000018000e4b8     libcmt:crt0dat.obj
 0003:000014c0       _wenviron                  000000018000e4c0     libcmt:crt0dat.obj
 0003:000014c8       __winitenv                 000000018000e4c8     libcmt:crt0dat.obj
 0003:000014d0       _pgmptr                    000000018000e4d0     libcmt:crt0dat.obj
 0003:000014d8       _wpgmptr                   000000018000e4d8     libcmt:crt0dat.obj
 0003:000014e0       _exitflag                  000000018000e4e0     libcmt:crt0dat.obj
 0003:000014e4       _C_Termination_Done        000000018000e4e4     libcmt:crt0dat.obj
 0003:000014e8       _C_Exit_Done               000000018000e4e8     libcmt:crt0dat.obj
 0003:000015f8       _crtheap                   000000018000e5f8     libcmt:heapinit.obj
 0003:00001830       __lconv_static_null        000000018000e830     libcmt:lconv.obj
 0003:00001834       __lconv_static_W_null      000000018000e834     libcmt:lconv.obj
 0003:00001838       __pInvalidArgHandler       000000018000e838     libcmt:invarg.obj
 0003:00001840       ?__pInconsistency@@3P6AXXZEA 000000018000e840     libcmt:hooks.obj
 0003:00001878       __pPurecall                000000018000e878     libcmt:inithelp.obj
 0003:00001880       ?_pnhHeap@@3P6AH_K@ZEA     000000018000e880     libcmt:handler.obj
 0003:00001eb8       _newmode                   000000018000eeb8     libcmt:_newmode.obj
 0003:00001ef0       ?ilutStates@@3PAUILUT_STATES@@A 000000018000eef0     ilut_states.obj
 0003:00002370       ?ilutCurImage@@3PEAUILimage@@EA 000000018000f370     ilut_internal.obj
 0003:00002378       ?ilutCurrentPos@@3IA       000000018000f378     ilut_states.obj
 0003:0000237c       _debugger_hook_dummy       000000018000f37c     <common>
 0003:00002380       _nhandle                   000000018000f380     <common>
 0003:000023a0       __pioinfo                  000000018000f3a0     <common>
 0003:000025a0       __env_initialized          000000018000f5a0     <common>
 0003:000025a8       __onexitend                000000018000f5a8     <common>
 0003:000025b0       __onexitbegin              000000018000f5b0     <common>
 0003:000025b8       __mbctype_initialized      000000018000f5b8     <common>
 0003:000025c0       _FPinit                    000000018000f5c0     <common>
 0003:000025c8       __dyn_tls_init_callback    000000018000f5c8     <common>
 0003:000025d0       _pDestructExceptionObject  000000018000f5d0     <common>
 0003:000025d8       _acmdln                    000000018000f5d8     <common>

 entry point at        0001:00002254

 Static symbols

 0001:00002138       __DllMainCRTStartup        0000000180003138 f   libcmt:dllcrt0.obj
 0001:000023e0       ?setSBCS@@YAXPEAUthreadmbcinfostruct@@@Z 00000001800033e0 f   libcmt:mbctype.obj
 0001:0000246c       ?setSBUpLow@@YAXPEAUthreadmbcinfostruct@@@Z 000000018000346c f   libcmt:mbctype.obj
 0001:00002718       ?getSystemCP@@YAHH@Z       0000000180003718 f   libcmt:mbctype.obj
 0001:00003334       ?__crtLCMapStringA_stat@@YAHPEAUlocaleinfo_struct@@KKPEBDHPEADHHH@Z 0000000180004334 f   libcmt:a_map.obj
 0001:00003cac       _initterm                  0000000180004cac f   libcmt:crt0dat.obj
 0001:00003dcc       doexit                     0000000180004dcc f   libcmt:crt0dat.obj
 0001:00004418       parse_cmdline              0000000180005418 f   libcmt:stdargv.obj
 0001:00004ce0       ?__crtGetStringTypeA_stat@@YAHPEAUlocaleinfo_struct@@KPEBDHPEAGHHH@Z 0000000180005ce0 f   libcmt:a_str.obj
 0001:00006aa8       ?x_ismbbtype_l@@YAHPEAUlocaleinfo_struct@@IHH@Z 0000000180007aa8 f   libcmt:ismbbyte.obj
 0001:00007000       _CRT_INIT$fin$0            0000000180008000 f   libcmt:dllcrt0.obj
 0001:00007026       __DllMainCRTStartup$filt$0 0000000180008026 f   libcmt:dllcrt0.obj
 0001:00007044       _setmbcp$fin$0             0000000180008044 f   libcmt:mbctype.obj
 0001:00007044       __updatetmbcinfo$fin$0     0000000180008044 f   libcmt:mbctype.obj
 0001:0000705f       __updatetlocinfo$fin$0     000000018000805f f   libcmt:localref.obj
 0001:0000707a       _initptd$fin$1             000000018000807a f   libcmt:tidtable.obj
 0001:0000707a       _freefls$fin$1             000000018000807a f   libcmt:tidtable.obj
 0001:0000709a       _freefls$fin$0             000000018000809a f   libcmt:tidtable.obj
 0001:0000709a       _initptd$fin$0             000000018000809a f   libcmt:tidtable.obj
 0001:000070b5       doexit$fin$0               00000001800080b5 f   libcmt:crt0dat.obj
 0001:000070d9       _mtinitlocknum$fin$0       00000001800080d9 f   libcmt:mlock.obj
 0001:00007100       _IsNonwritableInCurrentImage$filt$0 0000000180008100 f   libcmt:pesect.obj
 0001:00007122       raise$fin$0                0000000180008122 f   libcmt:winsig.obj
 0001:00007140       _onexit$fin$0              0000000180008140 f   libcmt:onexit.obj
